Archive member included to satisfy reference by file (symbol)

./234-t194/tegra/t194/release/lib/libc.a(assert.o)
                              ./234-t194/tegra/t194/release/bl31/bl31_context_mgmt.o (__assert)
./234-t194/tegra/t194/release/lib/libc.a(memcmp.o)
                              ./234-t194/tegra/t194/release/bl31/intf.o (memcmp)
./234-t194/tegra/t194/release/lib/libc.a(memcpy.o)
                              ./234-t194/tegra/t194/release/bl31/context_mgmt.o (memcpy)
./234-t194/tegra/t194/release/lib/libc.a(memmove.o)
                              ./234-t194/tegra/t194/release/bl31/xlat_tables_core.o (memmove)
./234-t194/tegra/t194/release/lib/libc.a(memset.o)
                              ./234-t194/tegra/t194/release/bl31/runtime_svc.o (memset)
./234-t194/tegra/t194/release/lib/libc.a(printf.o)
                              ./234-t194/tegra/t194/release/bl31/tf_log.o (vprintf)
./234-t194/tegra/t194/release/lib/libc.a(putchar.o)
                              ./234-t194/tegra/t194/release/bl31/tf_log.o (putchar)
./234-t194/tegra/t194/release/lib/libc.a(strlen.o)
                              ./234-t194/tegra/t194/release/bl31/profiler.o (strlen)
./234-t194/tegra/t194/release/lib/libc.a(snprintf.o)
                              ./234-t194/tegra/t194/release/bl31/profiler.o (snprintf)
./234-t194/tegra/t194/release/lib/libc.a(setjmp.o)
                              ./234-t194/tegra/t194/release/bl31/sdei_dispatch.o (setjmp)

Discarded input sections

 .text          0x0000000000000000        0x0 ./234-t194/tegra/t194/release/bl31/build_message.o
 .data          0x0000000000000000        0x0 ./234-t194/tegra/t194/release/bl31/build_message.o
 .bss           0x0000000000000000        0x0 ./234-t194/tegra/t194/release/bl31/build_message.o
 .text          0x0000000000000000        0x0 ./234-t194/tegra/t194/release/bl31/bl31_context_mgmt.o
 .data          0x0000000000000000        0x0 ./234-t194/tegra/t194/release/bl31/bl31_context_mgmt.o
 .bss           0x0000000000000000        0x0 ./234-t194/tegra/t194/release/bl31/bl31_context_mgmt.o
 .rodata.get_cpu_context_index.part.0.str1.1
                0x0000000000000000       0x40 ./234-t194/tegra/t194/release/bl31/bl31_context_mgmt.o
 .text.get_cpu_context_index.part.0
                0x0000000000000000       0x20 ./234-t194/tegra/t194/release/bl31/bl31_context_mgmt.o
 .eh_frame      0x0000000000000000       0xb8 ./234-t194/tegra/t194/release/bl31/bl31_context_mgmt.o
 .text          0x0000000000000000        0x0 ./234-t194/tegra/t194/release/bl31/bl31_main.o
 .data          0x0000000000000000        0x0 ./234-t194/tegra/t194/release/bl31/bl31_main.o
 .bss           0x0000000000000000        0x0 ./234-t194/tegra/t194/release/bl31/bl31_main.o
 .text.bl31_lib_init
                0x0000000000000000        0x4 ./234-t194/tegra/t194/release/bl31/bl31_main.o
 .rodata.bl31_set_next_image_type.str1.1
                0x0000000000000000       0x23 ./234-t194/tegra/t194/release/bl31/bl31_main.o
 .text.bl31_set_next_image_type
                0x0000000000000000       0x34 ./234-t194/tegra/t194/release/bl31/bl31_main.o
 .text.bl31_get_next_image_type
                0x0000000000000000        0xc ./234-t194/tegra/t194/release/bl31/bl31_main.o
 .eh_frame      0x0000000000000000      0x100 ./234-t194/tegra/t194/release/bl31/bl31_main.o
 .text          0x0000000000000000        0x0 ./234-t194/tegra/t194/release/bl31/ehf.o
 .data          0x0000000000000000        0x0 ./234-t194/tegra/t194/release/bl31/ehf.o
 .bss           0x0000000000000000        0x0 ./234-t194/tegra/t194/release/bl31/ehf.o
 .rodata.ehf_allow_ns_preemption.str1.1
                0x0000000000000000       0x52 ./234-t194/tegra/t194/release/bl31/ehf.o
 .text.ehf_allow_ns_preemption
                0x0000000000000000       0x8c ./234-t194/tegra/t194/release/bl31/ehf.o
 .text.ehf_is_ns_preemption_allowed
                0x0000000000000000       0x48 ./234-t194/tegra/t194/release/bl31/ehf.o
 .eh_frame      0x0000000000000000      0x190 ./234-t194/tegra/t194/release/bl31/ehf.o
 .text          0x0000000000000000        0x0 ./234-t194/tegra/t194/release/bl31/interrupt_mgmt.o
 .data          0x0000000000000000        0x0 ./234-t194/tegra/t194/release/bl31/interrupt_mgmt.o
 .bss           0x0000000000000000        0x0 ./234-t194/tegra/t194/release/bl31/interrupt_mgmt.o
 .rodata.disable_intr_rm_local.str1.1
                0x0000000000000000       0x26 ./234-t194/tegra/t194/release/bl31/interrupt_mgmt.o
 .text.disable_intr_rm_local
                0x0000000000000000       0x60 ./234-t194/tegra/t194/release/bl31/interrupt_mgmt.o
 .text.enable_intr_rm_local
                0x0000000000000000       0x70 ./234-t194/tegra/t194/release/bl31/interrupt_mgmt.o
 .eh_frame      0x0000000000000000      0x120 ./234-t194/tegra/t194/release/bl31/interrupt_mgmt.o
 .text          0x0000000000000000        0x0 ./234-t194/tegra/t194/release/bl31/runtime_svc.o
[...]
Memory Configuration

Name             Origin             Length             Attributes
RAM              0x0000000040000000 0x0000000000040000 xrw
*default*        0x0000000000000000 0xffffffffffffffff

Linker script and memory map

                0x0000000040000000                . = 0x40000000
                0x0000000000000001                ASSERT ((. == ALIGN (0x1000)), BL31_BASE address is not aligned on a page boundary.)
                0x0000000040000000                __BL31_START__ = .

.text           0x0000000040000000    0x10000
                0x0000000040000000                __TEXT_START__ = .
 *bl31_entrypoint.o(.text*)
 .text.asm.bl31_entrypoint
                0x0000000040000000      0x130 ./234-t194/tegra/t194/release/bl31/bl31_entrypoint.o
                0x0000000040000000                bl31_entrypoint
 .text.asm.bl31_warm_entrypoint
                0x0000000040000130       0x9c ./234-t194/tegra/t194/release/bl31/bl31_entrypoint.o
                0x0000000040000130                bl31_warm_entrypoint
 *(SORT_BY_ALIGNMENT(SORT_BY_NAME(.text*)))
 *fill*         0x00000000400001cc       0x34 
 .text.asm.tegra_secure_entrypoint
                0x0000000040000200       0x10 ./234-t194/tegra/t194/release/bl31/tegra_helpers.o
                0x0000000040000200                tegra_secure_entrypoint
 .text.asm.tegra194_cpu_reset_handler
                0x0000000040000210      0x890 ./234-t194/tegra/t194/release/bl31/plat_trampoline.o
                0x0000000040000210                tegra194_cpu_reset_handler
                0x00000000400002a0                __tegra194_cpu_reset_handler_data
                0x00000000400002b0                __tegra194_system_suspend_state
                0x0000000040000aa0                __tegra194_cpu_reset_handler_end
 .text.CCPMU_err_ctrl
                0x0000000040000aa0        0x8 ./234-t194/tegra/t194/release/bl31/plat_ras.o
 .text.CLUSTER_CLOCKS_err_ctrl
                0x0000000040000aa8        0x8 ./234-t194/tegra/t194/release/bl31/plat_ras.o
 .text.CMU_CLOCKS_err_ctrl
                0x0000000040000ab0        0x8 ./234-t194/tegra/t194/release/bl31/plat_ras.o
 .text.IFU_err_ctrl
                0x0000000040000ab8        0x8 ./234-t194/tegra/t194/release/bl31/plat_ras.o
 .text.JSR_MTS_err_ctrl
                0x0000000040000ac0        0x8 ./234-t194/tegra/t194/release/bl31/plat_ras.o
 .text.JSR_RET_err_ctrl
                0x0000000040000ac8        0x8 ./234-t194/tegra/t194/release/bl31/plat_ras.o
 .text.L2_err_ctrl
                0x0000000040000ad0        0xc ./234-t194/tegra/t194/release/bl31/plat_ras.o
 .text.L3_err_ctrl
                0x0000000040000adc        0x8 ./234-t194/tegra/t194/release/bl31/plat_ras.o
 .text.LSD_DCC_err_ctrl
                0x0000000040000ae4        0x8 ./234-t194/tegra/t194/release/bl31/plat_ras.o
 .text.LSD_L1HPF_err_ctrl
                0x0000000040000aec        0x8 ./234-t194/tegra/t194/release/bl31/plat_ras.o
 .text.LSD_STQ_err_ctrl
                0x0000000040000af4        0x8 ./234-t194/tegra/t194/release/bl31/plat_ras.o
 .text.MMU_err_ctrl
                0x0000000040000afc        0x8 ./234-t194/tegra/t194/release/bl31/plat_ras.o
 .text.SCF_CTU_err_ctrl
                0x0000000040000b04        0x8 ./234-t194/tegra/t194/release/bl31/plat_ras.o
 .text.SCF_IOB_err_ctrl
                0x0000000040000b0c        0x8 ./234-t194/tegra/t194/release/bl31/plat_ras.o
 .text.SCF_SNOC_err_ctrl
                0x0000000040000b14        0x8 ./234-t194/tegra/t194/release/bl31/plat_ras.o
 .text.__assert
                0x0000000040000b1c       0x28 ./234-t194/tegra/t194/release/lib/libc.a(assert.o)
                0x0000000040000b1c                __assert
 .text.__stack_chk_fail
                0x0000000040000b44       0x10 ./234-t194/tegra/t194/release/bl31/stack_protector.o
                0x0000000040000b44                __stack_chk_fail
 .text.arm_arch_svc_smc_handler
                0x0000000040000b54      0x1bc ./234-t194/tegra/t194/release/bl31/arm_arch_svc_setup.o
 .text.asm._cpu_data_by_index
                0x0000000040000d10       0x18 ./234-t194/tegra/t194/release/bl31/cpu_data.o
                0x0000000040000d10                _cpu_data_by_index
 .text.asm.asm_assert
                0x0000000040000d28        0x4 ./234-t194/tegra/t194/release/bl31/debug.o
                0x0000000040000d28                asm_assert
 .text.asm.asm_print_hex
                0x0000000040000d2c       0x30 ./234-t194/tegra/t194/release/bl31/debug.o
                0x0000000040000d2c                asm_print_hex
                0x0000000040000d30                asm_print_hex_bits
 .text.asm.asm_print_newline
                0x0000000040000d5c        0x8 ./234-t194/tegra/t194/release/bl31/debug.o
                0x0000000040000d5c                asm_print_newline
 .text.asm.asm_print_str
                0x0000000040000d64       0x18 ./234-t194/tegra/t194/release/bl31/debug.o
                0x0000000040000d64                asm_print_str
 .text.asm.begin_sdei_synchronous_dispatch
                0x0000000040000d7c       0x18 ./234-t194/tegra/t194/release/bl31/sdei_dispatch.o
                0x0000000040000d7c                begin_sdei_synchronous_dispatch
 .text.asm.bl31_plat_enable_mmu
                0x0000000040000d94        0x4 ./234-t194/tegra/t194/release/bl31/platform_helpers.o
                0x0000000040000d94                bl31_plat_enable_mmu
 .text.asm.check_errata_cve_2017_5715
                0x0000000040000d98       0x1c ./234-t194/tegra/t194/release/bl31/denver.o
 .text.asm.check_smccc_arch_wa3_applies
                0x0000000040000db4       0x48 ./234-t194/tegra/t194/release/bl31/cpu_helpers.o
                0x0000000040000db4                check_smccc_arch_wa3_applies
 .text.asm.check_wa_cve_2017_5715
                0x0000000040000dfc       0x48 ./234-t194/tegra/t194/release/bl31/cpu_helpers.o
                0x0000000040000dfc                check_wa_cve_2017_5715
 .text.asm.clean_dcache_range
                0x0000000040000e44       0x38 ./234-t194/tegra/t194/release/bl31/cache_helpers.o
                0x0000000040000e44                clean_dcache_range
 .text.asm.console_spe_core_flush
                0x0000000040000e7c       0x20 ./234-t194/tegra/t194/release/bl31/shared_console.o
                0x0000000040000e7c                console_spe_core_flush
 .text.asm.console_spe_core_putc
                0x0000000040000e9c       0xa8 ./234-t194/tegra/t194/release/bl31/shared_console.o
                0x0000000040000e9c                console_spe_core_putc
 .text.asm.console_spe_flush
                0x0000000040000f44        0x8 ./234-t194/tegra/t194/release/bl31/shared_console.o
                0x0000000040000f44                console_spe_flush
 .text.asm.console_spe_getc
                0x0000000040000f4c        0x8 ./234-t194/tegra/t194/release/bl31/shared_console.o
                0x0000000040000f4c                console_spe_getc
 .text.asm.console_spe_putc
                0x0000000040000f54        0x8 ./234-t194/tegra/t194/release/bl31/shared_console.o
                0x0000000040000f54                console_spe_putc
 .text.asm.console_spe_register
                0x0000000040000f5c       0x6c ./234-t194/tegra/t194/release/bl31/shared_console.o
                0x0000000040000f5c                console_spe_register
 .text.asm.crash_panic
                0x0000000040000fc8        0x4 ./234-t194/tegra/t194/release/bl31/crash_reporting.o
 .text.asm.delegate_async_ea
                0x0000000040000fcc       0x24 ./234-t194/tegra/t194/release/bl31/ea_delegate.o
 .text.asm.delegate_sync_ea
                0x0000000040000ff0       0x20 ./234-t194/tegra/t194/release/bl31/ea_delegate.o
 .text.asm.denver_cluster_pwr_dwn
                0x0000000040001010        0x4 ./234-t194/tegra/t194/release/bl31/denver.o
 .text.asm.denver_core_pwr_dwn
                0x0000000040001014        0xc ./234-t194/tegra/t194/release/bl31/denver.o
 .text.asm.denver_cpu_reg_dump
                0x0000000040001020        0xc ./234-t194/tegra/t194/release/bl31/denver.o
 .text.asm.denver_disable_dco
                0x000000004000102c       0x4c ./234-t194/tegra/t194/release/bl31/denver.o
                0x000000004000102c                denver_disable_dco
 .text.asm.denver_disable_ext_debug
                0x0000000040001078       0x14 ./234-t194/tegra/t194/release/bl31/denver.o
 .text.asm.denver_enable_dco
                0x000000004000108c       0x30 ./234-t194/tegra/t194/release/bl31/denver.o
 .text.asm.denver_reset_func
                0x00000000400010bc       0x6c ./234-t194/tegra/t194/release/bl31/denver.o
 .text.asm.do_cpu_reg_dump
                0x0000000040001128       0x20 ./234-t194/tegra/t194/release/bl31/cpu_helpers.o
                0x0000000040001128                do_cpu_reg_dump
 .text.asm.do_panic
                0x0000000040001148       0x60 ./234-t194/tegra/t194/release/bl31/debug.o
                0x0000000040001148                do_panic
 .text.asm.ea_proceed
                0x00000000400011a8       0x98 ./234-t194/tegra/t194/release/bl31/ea_delegate.o
 .text.asm.el1_sysregs_context_restore
                0x0000000040001240       0xcc ./234-t194/tegra/t194/release/bl31/context.o
                0x0000000040001240                el1_sysregs_context_restore
 .text.asm.el1_sysregs_context_save
                0x000000004000130c       0xcc ./234-t194/tegra/t194/release/bl31/context.o
                0x000000004000130c                el1_sysregs_context_save
 .text.asm.el3_exit
                0x00000000400013d8       0x6c ./234-t194/tegra/t194/release/bl31/context.o
                0x00000000400013d8                el3_exit
 .text.asm.el3_panic
                0x0000000040001444      0x1f0 ./234-t194/tegra/t194/release/bl31/crash_reporting.o
                0x0000000040001444                el3_panic
 .text.asm.elx_panic
                0x0000000040001634       0xb8 ./234-t194/tegra/t194/release/bl31/crash_reporting.o
                0x0000000040001634                elx_panic
 .text.asm.enable_mmu_direct_el3
                0x00000000400016ec       0x70 ./234-t194/tegra/t194/release/bl31/enable_mmu.o
                0x00000000400016ec                enable_mmu_direct_el3
 .text.asm.enter_lower_el_async_ea
                0x000000004000175c       0x1c ./234-t194/tegra/t194/release/bl31/ea_delegate.o
                0x000000004000175c                enter_lower_el_async_ea
                0x0000000040001760                handle_lower_el_async_ea
 .text.asm.enter_lower_el_sync_ea
                0x0000000040001778       0x78 ./234-t194/tegra/t194/release/bl31/ea_delegate.o
                0x0000000040001778                enter_lower_el_sync_ea
 .text.asm.flush_dcache_range
                0x00000000400017f0       0x38 ./234-t194/tegra/t194/release/bl31/cache_helpers.o
                0x00000000400017f0                flush_dcache_range
 .text.asm.get_cpu_ops_ptr
                0x0000000040001828       0x54 ./234-t194/tegra/t194/release/bl31/cpu_helpers.o
                0x0000000040001828                get_cpu_ops_ptr
 .text.asm.handle_lower_el_ea_esb
                0x000000004000187c        0xc ./234-t194/tegra/t194/release/bl31/ea_delegate.o
                0x000000004000187c                handle_lower_el_ea_esb
 .text.asm.init_cpu_data_ptr
                0x0000000040001888       0x14 ./234-t194/tegra/t194/release/bl31/cpu_data.o
                0x0000000040001888                init_cpu_data_ptr
 .text.asm.init_cpu_ops
                0x000000004000189c       0x34 ./234-t194/tegra/t194/release/bl31/cpu_helpers.o
                0x000000004000189c                init_cpu_ops
 .text.asm.inv_dcache_range
                0x00000000400018d0       0x38 ./234-t194/tegra/t194/release/bl31/cache_helpers.o
                0x00000000400018d0                inv_dcache_range
 .text.asm.longjmp
                0x0000000040001908       0x44 ./234-t194/tegra/t194/release/lib/libc.a(setjmp.o)
                0x0000000040001908                longjmp
 .text.asm.nvg_cache_inval_all
                0x000000004000194c        0x8 ./234-t194/tegra/t194/release/bl31/nvg_helpers.o
                0x000000004000194c                nvg_cache_inval_all
 .text.asm.nvg_get_result
                0x0000000040001954        0x8 ./234-t194/tegra/t194/release/bl31/nvg_helpers.o
                0x0000000040001954                nvg_get_result
 .text.asm.nvg_set_request
                0x000000004000195c        0x8 ./234-t194/tegra/t194/release/bl31/nvg_helpers.o
                0x000000004000195c                nvg_set_request
 .text.asm.nvg_set_request_data
                0x0000000040001964        0xc ./234-t194/tegra/t194/release/bl31/nvg_helpers.o
                0x0000000040001964                nvg_set_request_data
 .text.asm.opteed_enter_sp
                0x0000000040001970       0x28 ./234-t194/tegra/t194/release/bl31/opteed_helpers.o
                0x0000000040001970                opteed_enter_sp
 .text.asm.opteed_exit_sp
                0x0000000040001998       0x24 ./234-t194/tegra/t194/release/bl31/opteed_helpers.o
                0x0000000040001998                opteed_exit_sp
 .text.asm.plat_core_pos_by_mpidr
                0x00000000400019bc       0x34 ./234-t194/tegra/t194/release/bl31/tegra_helpers.o
                0x00000000400019bc                plat_core_pos_by_mpidr
 .text.asm.plat_crash_console_flush
                0x00000000400019f0       0x54 ./234-t194/tegra/t194/release/bl31/crash_console_helpers.o
                0x00000000400019f0                plat_crash_console_flush
 .text.asm.plat_crash_console_init
                0x0000000040001a44       0x48 ./234-t194/tegra/t194/release/bl31/crash_console_helpers.o
                0x0000000040001a44                plat_crash_console_init
 .text.asm.plat_crash_console_putc
                0x0000000040001a8c       0x84 ./234-t194/tegra/t194/release/bl31/crash_console_helpers.o
                0x0000000040001a8c                plat_crash_console_putc
 .text.asm.plat_get_my_entrypoint
                0x0000000040001b10        0xc ./234-t194/tegra/t194/release/bl31/tegra_helpers.o
                0x0000000040001b10                plat_get_my_entrypoint
 .text.asm.plat_get_my_stack
                0x0000000040001b1c       0x1c ./234-t194/tegra/t194/release/bl31/platform_mp_stack.o
                0x0000000040001b1c                plat_get_my_stack
 .text.asm.plat_handle_double_fault
                0x0000000040001b38        0x4 ./234-t194/tegra/t194/release/bl31/platform_helpers.o
                0x0000000040001b38                plat_handle_double_fault
 .text.asm.plat_handle_el3_ea
                0x0000000040001b3c        0x4 ./234-t194/tegra/t194/release/bl31/platform_helpers.o
                0x0000000040001b3c                plat_handle_el3_ea
 .text.asm.plat_handle_uncontainable_ea
                0x0000000040001b40        0x4 ./234-t194/tegra/t194/release/bl31/platform_helpers.o
                0x0000000040001b40                plat_handle_uncontainable_ea
 .text.asm.plat_my_core_pos
                0x0000000040001b44       0x10 ./234-t194/tegra/t194/release/bl31/tegra_helpers.o
                0x0000000040001b44                plat_my_core_pos
 .text.asm.plat_panic_handler
                0x0000000040001b54        0x8 ./234-t194/tegra/t194/release/bl31/platform_helpers.o
                0x0000000040001b54                plat_panic_handler
 .text.asm.plat_reset_handler
                0x0000000040001b5c      0x108 ./234-t194/tegra/t194/release/bl31/tegra_helpers.o
                0x0000000040001b5c                plat_reset_handler
 .text.asm.plat_set_my_stack
                0x0000000040001c64       0x10 ./234-t194/tegra/t194/release/bl31/platform_mp_stack.o
                0x0000000040001c64                plat_set_my_stack
 .text.asm.platform_mem_init
                0x0000000040001c74        0x8 ./234-t194/tegra/t194/release/bl31/tegra_helpers.o
                0x0000000040001c74                platform_mem_init
 .text.asm.prepare_cpu_pwr_dwn
                0x0000000040001c7c       0x4c ./234-t194/tegra/t194/release/bl31/cpu_helpers.o
                0x0000000040001c7c                prepare_cpu_pwr_dwn
 .text.asm.prepare_el3_entry
                0x0000000040001cc8       0x7c ./234-t194/tegra/t194/release/bl31/context.o
                0x0000000040001cc8                prepare_el3_entry
 .text.asm.print_alignment
                0x0000000040001d44        0xc ./234-t194/tegra/t194/release/bl31/crash_reporting.o
 .text.asm.psci_do_pwrdown_cache_maintenance
                0x0000000040001d50       0x3c ./234-t194/tegra/t194/release/bl31/psci_helpers.o
                0x0000000040001d50                psci_do_pwrdown_cache_maintenance
 .text.asm.psci_power_down_wfi
                0x0000000040001d8c        0xc ./234-t194/tegra/t194/release/bl31/psci_helpers.o
                0x0000000040001d8c                psci_power_down_wfi
 .text.asm.report_unhandled_exception
                0x0000000040001d98       0x28 ./234-t194/tegra/t194/release/bl31/crash_reporting.o
                0x0000000040001d98                report_unhandled_exception
 .text.asm.report_unhandled_interrupt
                0x0000000040001dc0       0x28 ./234-t194/tegra/t194/release/bl31/crash_reporting.o
                0x0000000040001dc0                report_unhandled_interrupt
 .text.asm.reset_handler
                0x0000000040001de8       0x34 ./234-t194/tegra/t194/release/bl31/cpu_helpers.o
                0x0000000040001de8                reset_handler
 .text.asm.restore_gp_pmcr_pauth_regs
                0x0000000040001e1c       0x70 ./234-t194/tegra/t194/release/bl31/context.o
                0x0000000040001e1c                restore_gp_pmcr_pauth_regs
 .text.asm.setjmp
                0x0000000040001e8c       0x28 ./234-t194/tegra/t194/release/lib/libc.a(setjmp.o)
                0x0000000040001e8c                setjmp
 .text.asm.size_controlled_print
                0x0000000040001eb4       0x4c ./234-t194/tegra/t194/release/bl31/crash_reporting.o
 .text.asm.smc_handler
                0x0000000040001f00       0x8c ./234-t194/tegra/t194/release/bl31/runtime_exceptions.o
 .text.asm.spin_lock
                0x0000000040001f8c       0x20 ./234-t194/tegra/t194/release/bl31/spinlock.o
                0x0000000040001f8c                spin_lock
 .text.asm.spin_unlock
                0x0000000040001fac        0x8 ./234-t194/tegra/t194/release/bl31/spinlock.o
                0x0000000040001fac                spin_unlock
 .text.asm.str_in_crash_buf_print
                0x0000000040001fb4       0x18 ./234-t194/tegra/t194/release/bl31/crash_reporting.o
 .text.asm.tegra194_get_cpu_reset_handler_base
                0x0000000040001fcc        0x8 ./234-t194/tegra/t194/release/bl31/plat_trampoline.o
                0x0000000040001fcc                tegra194_get_cpu_reset_handler_base
 .text.asm.tegra194_get_cpu_reset_handler_size
                0x0000000040001fd4       0x10 ./234-t194/tegra/t194/release/bl31/plat_trampoline.o
                0x0000000040001fd4                tegra194_get_cpu_reset_handler_size
 .text.asm.tegra194_get_mc_ctx_offset
                0x0000000040001fe4       0x10 ./234-t194/tegra/t194/release/bl31/plat_trampoline.o
                0x0000000040001fe4                tegra194_get_mc_ctx_offset
 .text.asm.tegra194_set_system_suspend_entry
                0x0000000040001ff4       0x40 ./234-t194/tegra/t194/release/bl31/plat_trampoline.o
                0x0000000040001ff4                tegra194_set_system_suspend_entry
 .text.asm.update_stack_protector_canary
                0x0000000040002034       0x14 ./234-t194/tegra/t194/release/bl31/asm_stack_protector.o
                0x0000000040002034                update_stack_protector_canary
 .text.asm.zeromem
                0x0000000040002048        0x8 ./234-t194/tegra/t194/release/bl31/misc_helpers.o
                0x0000000040002048                zeromem
 .text.asm.zeromem_dczva
                0x0000000040002050      0x114 ./234-t194/tegra/t194/release/bl31/misc_helpers.o
                0x0000000040002050                zero_normalmem
 .text.bakery_lock_get
                0x0000000040002164      0x1a8 ./234-t194/tegra/t194/release/bl31/bakery_lock_normal.o
                0x0000000040002164                bakery_lock_get
 .text.bakery_lock_release
                0x000000004000230c       0x98 ./234-t194/tegra/t194/release/bl31/bakery_lock_normal.o
                0x000000004000230c                bakery_lock_release
 .text.bl31_check_ns_address
                0x00000000400023a4       0x80 ./234-t194/tegra/t194/release/bl31/tegra_bl31_setup.o
                0x00000000400023a4                bl31_check_ns_address
 .text.bl31_early_platform_setup2
                0x0000000040002424      0x120 ./234-t194/tegra/t194/release/bl31/tegra_bl31_setup.o
                0x0000000040002424                bl31_early_platform_setup2
 .text.bl31_get_plat_params
                0x0000000040002544        0xc ./234-t194/tegra/t194/release/bl31/tegra_bl31_setup.o
                0x0000000040002544                bl31_get_plat_params
 .text.bl31_main
                0x0000000040002550       0x68 ./234-t194/tegra/t194/release/bl31/bl31_main.o
                0x0000000040002550                bl31_main
 .text.bl31_plat_arch_setup
                0x00000000400025b8       0xcc ./234-t194/tegra/t194/release/bl31/tegra_bl31_setup.o
                0x00000000400025b8                bl31_plat_arch_setup
 .text.bl31_plat_get_next_image_ep_info
                0x0000000040002684       0x38 ./234-t194/tegra/t194/release/bl31/tegra_bl31_setup.o
                0x0000000040002684                bl31_plat_get_next_image_ep_info
 .text.bl31_plat_runtime_setup
                0x00000000400026bc       0x20 ./234-t194/tegra/t194/release/bl31/tegra_bl31_setup.o
                0x00000000400026bc                bl31_plat_runtime_setup
 .text.bl31_platform_setup
                0x00000000400026dc       0x34 ./234-t194/tegra/t194/release/bl31/tegra_bl31_setup.o
                0x00000000400026dc                bl31_platform_setup
 .text.bl31_prepare_next_image_entry
                0x0000000040002710       0xa8 ./234-t194/tegra/t194/release/bl31/bl31_main.o
                0x0000000040002710                bl31_prepare_next_image_entry
 .text.bl31_register_bl32_init
                0x00000000400027b8        0xc ./234-t194/tegra/t194/release/bl31/bl31_main.o
                0x00000000400027b8                bl31_register_bl32_init
 .text.bl31_setup
                0x00000000400027c4       0x14 ./234-t194/tegra/t194/release/bl31/bl31_main.o
                0x00000000400027c4                bl31_setup
 .text.boot_profiler_add_record
                0x00000000400027d8       0xe0 ./234-t194/tegra/t194/release/bl31/profiler.o
                0x00000000400027d8                boot_profiler_add_record
 .text.boot_profiler_deinit
                0x00000000400028b8       0x64 ./234-t194/tegra/t194/release/bl31/profiler.o
                0x00000000400028b8                boot_profiler_deinit
 .text.boot_profiler_init
                0x000000004000291c       0x6c ./234-t194/tegra/t194/release/bl31/profiler.o
                0x000000004000291c                boot_profiler_init
 .text.can_sdei_state_trans
                0x0000000040002988       0x6c ./234-t194/tegra/t194/release/bl31/sdei_state.o
                0x0000000040002988                can_sdei_state_trans
 .text.cm_el1_sysregs_context_restore
                0x00000000400029f4       0x98 ./234-t194/tegra/t194/release/bl31/context_mgmt.o
                0x00000000400029f4                cm_el1_sysregs_context_restore
 .text.cm_el1_sysregs_context_save
                0x0000000040002a8c       0x98 ./234-t194/tegra/t194/release/bl31/context_mgmt.o
                0x0000000040002a8c                cm_el1_sysregs_context_save
 .text.cm_get_context
                0x0000000040002b24       0x34 ./234-t194/tegra/t194/release/bl31/bl31_context_mgmt.o
                0x0000000040002b24                cm_get_context
 .text.cm_get_context_by_index
                0x0000000040002b58       0x44 ./234-t194/tegra/t194/release/bl31/bl31_context_mgmt.o
                0x0000000040002b58                cm_get_context_by_index
 .text.cm_init  0x0000000040002b9c        0x4 ./234-t194/tegra/t194/release/bl31/context_mgmt.o
                0x0000000040002b9c                cm_init
 .text.cm_init_context_by_index
                0x0000000040002ba0       0x30 ./234-t194/tegra/t194/release/bl31/context_mgmt.o
                0x0000000040002ba0                cm_init_context_by_index
 .text.cm_init_my_context
                0x0000000040002bd0       0x30 ./234-t194/tegra/t194/release/bl31/context_mgmt.o
                0x0000000040002bd0                cm_init_my_context
 .text.cm_prepare_el3_exit
                0x0000000040002c00       0xf4 ./234-t194/tegra/t194/release/bl31/context_mgmt.o
                0x0000000040002c00                cm_prepare_el3_exit
 .text.cm_set_context
                0x0000000040002cf4       0x34 ./234-t194/tegra/t194/release/bl31/bl31_context_mgmt.o
                0x0000000040002cf4                cm_set_context
 .text.cm_set_context_by_index
                0x0000000040002d28       0x48 ./234-t194/tegra/t194/release/bl31/bl31_context_mgmt.o
                0x0000000040002d28                cm_set_context_by_index
 .text.cm_set_elr_el3
                0x0000000040002d70       0x40 ./234-t194/tegra/t194/release/bl31/context_mgmt.o
                0x0000000040002d70                cm_set_elr_el3
 .text.cm_set_elr_spsr_el3
                0x0000000040002db0       0x44 ./234-t194/tegra/t194/release/bl31/context_mgmt.o
                0x0000000040002db0                cm_set_elr_spsr_el3
 .text.cm_set_next_eret_context
                0x0000000040002df4       0x5c ./234-t194/tegra/t194/release/bl31/context_mgmt.o
                0x0000000040002df4                cm_set_next_eret_context
 .text.cm_setup_context
                0x0000000040002e50      0x228 ./234-t194/tegra/t194/release/bl31/context_mgmt.o
                0x0000000040002e50                cm_setup_context
 .text.cm_write_scr_el3_bit
                0x0000000040003078       0x94 ./234-t194/tegra/t194/release/bl31/context_mgmt.o
                0x0000000040003078                cm_write_scr_el3_bit
 .text.console_flush
                0x000000004000310c       0x54 ./234-t194/tegra/t194/release/bl31/multi_console.o
                0x000000004000310c                console_flush
 .text.console_is_registered
                0x0000000040003160       0x50 ./234-t194/tegra/t194/release/bl31/multi_console.o
                0x0000000040003160                console_is_registered
 .text.console_putc
                0x00000000400031b0       0x9c ./234-t194/tegra/t194/release/bl31/multi_console.o
                0x00000000400031b0                console_putc
 .text.console_register
                0x000000004000324c       0x78 ./234-t194/tegra/t194/release/bl31/multi_console.o
                0x000000004000324c                console_register
 .text.console_set_scope
                0x00000000400032c4       0x3c ./234-t194/tegra/t194/release/bl31/multi_console.o
                0x00000000400032c4                console_set_scope
 .text.console_switch_state
                0x0000000040003300        0xc ./234-t194/tegra/t194/release/bl31/multi_console.o
                0x0000000040003300                console_switch_state
 .text.ehf_activate_priority
                0x000000004000330c       0xe0 ./234-t194/tegra/t194/release/bl31/ehf.o
                0x000000004000330c                ehf_activate_priority
 .text.ehf_deactivate_priority
                0x00000000400033ec       0xdc ./234-t194/tegra/t194/release/bl31/ehf.o
                0x00000000400033ec                ehf_deactivate_priority
 .text.ehf_el3_interrupt_handler
                0x00000000400034c8      0x108 ./234-t194/tegra/t194/release/bl31/ehf.o
 .text.ehf_entering_normal_world
                0x00000000400035d0       0x6c ./234-t194/tegra/t194/release/bl31/ehf.o
 .text.ehf_exited_normal_world
                0x000000004000363c       0x78 ./234-t194/tegra/t194/release/bl31/ehf.o
 .text.ehf_init
                0x00000000400036b4       0x98 ./234-t194/tegra/t194/release/bl31/ehf.o
                0x00000000400036b4                ehf_init
 .text.ehf_register_priority_handler
                0x000000004000374c       0xd8 ./234-t194/tegra/t194/release/bl31/ehf.o
                0x000000004000374c                ehf_register_priority_handler
 .text.enable_mmu_el3
                0x0000000040003824       0x48 ./234-t194/tegra/t194/release/bl31/xlat_tables_context.o
                0x0000000040003824                enable_mmu_el3
 .text.find_event_map
                0x000000004000386c       0x68 ./234-t194/tegra/t194/release/bl31/sdei_event.o
                0x000000004000386c                find_event_map
 .text.find_event_map_by_intr
                0x00000000400038d4       0x4c ./234-t194/tegra/t194/release/bl31/sdei_event.o
                0x00000000400038d4                find_event_map_by_intr
 .text.get_arm_std_svc_args
                0x0000000040003920       0x38 ./234-t194/tegra/t194/release/bl31/bl31_main.o
                0x0000000040003920                get_arm_std_svc_args
 .text.get_event_entry
                0x0000000040003958       0x7c ./234-t194/tegra/t194/release/bl31/sdei_event.o
                0x0000000040003958                get_event_entry
 .text.get_interrupt_type_handler
                0x00000000400039d4       0x24 ./234-t194/tegra/t194/release/bl31/interrupt_mgmt.o
                0x00000000400039d4                get_interrupt_type_handler
 .text.get_outstanding_dispatch
                0x00000000400039f8       0x6c ./234-t194/tegra/t194/release/bl31/sdei_intr_mgmt.o
 .text.get_scr_el3_from_routing_model
                0x0000000040003a64       0x58 ./234-t194/tegra/t194/release/bl31/interrupt_mgmt.o
                0x0000000040003a64                get_scr_el3_from_routing_model
 .text.gicd_clr_igroupr
                0x0000000040003abc       0x30 ./234-t194/tegra/t194/release/bl31/gicdv2_helpers.o
                0x0000000040003abc                gicd_clr_igroupr
 .text.gicd_get_igroupr
                0x0000000040003aec       0x20 ./234-t194/tegra/t194/release/bl31/gicdv2_helpers.o
                0x0000000040003aec                gicd_get_igroupr
 .text.gicd_get_isactiver
                0x0000000040003b0c       0x20 ./234-t194/tegra/t194/release/bl31/gicdv2_helpers.o
                0x0000000040003b0c                gicd_get_isactiver
 .text.gicd_read_icfgr
                0x0000000040003b2c       0x14 ./234-t194/tegra/t194/release/bl31/gicdv2_helpers.o
                0x0000000040003b2c                gicd_read_icfgr
 .text.gicd_read_igroupr
                0x0000000040003b40       0x14 ./234-t194/tegra/t194/release/bl31/gicdv2_helpers.o
                0x0000000040003b40                gicd_read_igroupr
 .text.gicd_read_isactiver
                0x0000000040003b54       0x14 ./234-t194/tegra/t194/release/bl31/gicdv2_helpers.o
                0x0000000040003b54                gicd_read_isactiver
 .text.gicd_set_icenabler
                0x0000000040003b68        0xc ./234-t194/tegra/t194/release/bl31/gicdv2_helpers.o
                0x0000000040003b68                gicd_set_icenabler
 .text.gicd_set_icfgr
                0x0000000040003b74       0x40 ./234-t194/tegra/t194/release/bl31/gicdv2_helpers.o
                0x0000000040003b74                gicd_set_icfgr
 .text.gicd_set_icpendr
                0x0000000040003bb4        0xc ./234-t194/tegra/t194/release/bl31/gicdv2_helpers.o
                0x0000000040003bb4                gicd_set_icpendr
 .text.gicd_set_igroupr
                0x0000000040003bc0       0x30 ./234-t194/tegra/t194/release/bl31/gicdv2_helpers.o
                0x0000000040003bc0                gicd_set_igroupr
 .text.gicd_set_ipriorityr
                0x0000000040003bf0       0x14 ./234-t194/tegra/t194/release/bl31/gicdv2_helpers.o
                0x0000000040003bf0                gicd_set_ipriorityr
 .text.gicd_set_isenabler
                0x0000000040003c04        0xc ./234-t194/tegra/t194/release/bl31/gicdv2_helpers.o
                0x0000000040003c04                gicd_set_isenabler
 .text.gicd_set_ispendr
                0x0000000040003c10        0xc ./234-t194/tegra/t194/release/bl31/gicdv2_helpers.o
                0x0000000040003c10                gicd_set_ispendr
 .text.gicd_write_icenabler
                0x0000000040003c1c       0x14 ./234-t194/tegra/t194/release/bl31/gicdv2_helpers.o
                0x0000000040003c1c                gicd_write_icenabler
 .text.gicd_write_icfgr
                0x0000000040003c30       0x14 ./234-t194/tegra/t194/release/bl31/gicdv2_helpers.o
                0x0000000040003c30                gicd_write_icfgr
 .text.gicd_write_icpendr
                0x0000000040003c44       0x14 ./234-t194/tegra/t194/release/bl31/gicdv2_helpers.o
                0x0000000040003c44                gicd_write_icpendr
 .text.gicd_write_igroupr
                0x0000000040003c58       0x14 ./234-t194/tegra/t194/release/bl31/gicdv2_helpers.o
                0x0000000040003c58                gicd_write_igroupr
 .text.gicd_write_ipriorityr
                0x0000000040003c6c       0x10 ./234-t194/tegra/t194/release/bl31/gicdv2_helpers.o
                0x0000000040003c6c                gicd_write_ipriorityr
 .text.gicd_write_isenabler
                0x0000000040003c7c       0x14 ./234-t194/tegra/t194/release/bl31/gicdv2_helpers.o
                0x0000000040003c7c                gicd_write_isenabler
 .text.gicd_write_ispendr
                0x0000000040003c90       0x14 ./234-t194/tegra/t194/release/bl31/gicdv2_helpers.o
                0x0000000040003c90                gicd_write_ispendr
 .text.gicv2_acknowledge_interrupt
                0x0000000040003ca4       0x50 ./234-t194/tegra/t194/release/bl31/gicv2_main.o
                0x0000000040003ca4                gicv2_acknowledge_interrupt
 .text.gicv2_clear_interrupt_pending
                0x0000000040003cf4       0x70 ./234-t194/tegra/t194/release/bl31/gicv2_main.o
                0x0000000040003cf4                gicv2_clear_interrupt_pending
 .text.gicv2_cpuif_disable
                0x0000000040003d64       0x5c ./234-t194/tegra/t194/release/bl31/gicv2_main.o
                0x0000000040003d64                gicv2_cpuif_disable
 .text.gicv2_cpuif_enable
                0x0000000040003dc0       0x5c ./234-t194/tegra/t194/release/bl31/gicv2_main.o
                0x0000000040003dc0                gicv2_cpuif_enable
 .text.gicv2_disable_interrupt
                0x0000000040003e1c       0x70 ./234-t194/tegra/t194/release/bl31/gicv2_main.o
                0x0000000040003e1c                gicv2_disable_interrupt
 .text.gicv2_distif_init
                0x0000000040003e8c       0x88 ./234-t194/tegra/t194/release/bl31/gicv2_main.o
                0x0000000040003e8c                gicv2_distif_init
 .text.gicv2_driver_init
                0x0000000040003f14       0xa8 ./234-t194/tegra/t194/release/bl31/gicv2_main.o
                0x0000000040003f14                gicv2_driver_init
 .text.gicv2_enable_interrupt
                0x0000000040003fbc       0x74 ./234-t194/tegra/t194/release/bl31/gicv2_main.o
                0x0000000040003fbc                gicv2_enable_interrupt
 .text.gicv2_end_of_interrupt
                0x0000000040004030       0x5c ./234-t194/tegra/t194/release/bl31/gicv2_main.o
                0x0000000040004030                gicv2_end_of_interrupt
 .text.gicv2_get_cpuif_id
                0x000000004000408c        0xc ./234-t194/tegra/t194/release/bl31/gicv2_helpers.o
                0x000000004000408c                gicv2_get_cpuif_id
 .text.gicv2_get_interrupt_active
                0x0000000040004098       0x68 ./234-t194/tegra/t194/release/bl31/gicv2_main.o
                0x0000000040004098                gicv2_get_interrupt_active
 .text.gicv2_get_interrupt_group
                0x0000000040004100       0x50 ./234-t194/tegra/t194/release/bl31/gicv2_main.o
                0x0000000040004100                gicv2_get_interrupt_group
 .text.gicv2_get_pending_interrupt_type
                0x0000000040004150       0x54 ./234-t194/tegra/t194/release/bl31/gicv2_main.o
                0x0000000040004150                gicv2_get_pending_interrupt_type
 .text.gicv2_get_running_priority
                0x00000000400041a4       0x50 ./234-t194/tegra/t194/release/bl31/gicv2_main.o
                0x00000000400041a4                gicv2_get_running_priority
 .text.gicv2_is_fiq_enabled
                0x00000000400041f4       0x54 ./234-t194/tegra/t194/release/bl31/gicv2_main.o
                0x00000000400041f4                gicv2_is_fiq_enabled
 .text.gicv2_pcpu_distif_init
                0x0000000040004248       0x78 ./234-t194/tegra/t194/release/bl31/gicv2_main.o
                0x0000000040004248                gicv2_pcpu_distif_init
 .text.gicv2_raise_sgi
                0x00000000400042c0       0xe0 ./234-t194/tegra/t194/release/bl31/gicv2_main.o
                0x00000000400042c0                gicv2_raise_sgi
 .text.gicv2_secure_ppi_sgi_setup_props
                0x00000000400043a0      0x124 ./234-t194/tegra/t194/release/bl31/gicv2_helpers.o
                0x00000000400043a0                gicv2_secure_ppi_sgi_setup_props
 .text.gicv2_secure_spis_configure_props
                0x00000000400044c4       0xf4 ./234-t194/tegra/t194/release/bl31/gicv2_helpers.o
                0x00000000400044c4                gicv2_secure_spis_configure_props
 .text.gicv2_set_interrupt_pending
                0x00000000400045b8       0x74 ./234-t194/tegra/t194/release/bl31/gicv2_main.o
                0x00000000400045b8                gicv2_set_interrupt_pending
 .text.gicv2_set_interrupt_priority
                0x000000004000462c       0x70 ./234-t194/tegra/t194/release/bl31/gicv2_main.o
                0x000000004000462c                gicv2_set_interrupt_priority
 .text.gicv2_set_interrupt_type
                0x000000004000469c       0xd0 ./234-t194/tegra/t194/release/bl31/gicv2_main.o
                0x000000004000469c                gicv2_set_interrupt_type
 .text.gicv2_set_pe_target_mask
                0x000000004000476c       0xb8 ./234-t194/tegra/t194/release/bl31/gicv2_main.o
                0x000000004000476c                gicv2_set_pe_target_mask
 .text.gicv2_set_pmr
                0x0000000040004824       0x68 ./234-t194/tegra/t194/release/bl31/gicv2_main.o
                0x0000000040004824                gicv2_set_pmr
 .text.gicv2_set_spi_routing
                0x000000004000488c      0x100 ./234-t194/tegra/t194/release/bl31/gicv2_main.o
                0x000000004000488c                gicv2_set_spi_routing
 .text.gicv2_spis_configure_defaults
                0x000000004000498c       0x9c ./234-t194/tegra/t194/release/bl31/gicv2_helpers.o
                0x000000004000498c                gicv2_spis_configure_defaults
 .text.init_xlat_tables
                0x0000000040004a28       0x78 ./234-t194/tegra/t194/release/bl31/xlat_tables_context.o
                0x0000000040004a28                init_xlat_tables
 .text.init_xlat_tables_ctx
                0x0000000040004aa0      0x220 ./234-t194/tegra/t194/release/bl31/xlat_tables_core.o
                0x0000000040004aa0                init_xlat_tables_ctx
 .text.is_dcache_enabled
                0x0000000040004cc0        0xc ./234-t194/tegra/t194/release/bl31/xlat_tables_arch.o
                0x0000000040004cc0                is_dcache_enabled
 .text.is_mmu_enabled_ctx
                0x0000000040004ccc       0xac ./234-t194/tegra/t194/release/bl31/xlat_tables_arch.o
                0x0000000040004ccc                is_mmu_enabled_ctx
 .text.ivc_advance_rx
                0x0000000040004d78       0x2c ./234-t194/tegra/t194/release/bl31/ivc.o
 .text.ivc_advance_tx
                0x0000000040004da4       0x2c ./234-t194/tegra/t194/release/bl31/ivc.o
 .text.ivc_check_read
                0x0000000040004dd0       0x6c ./234-t194/tegra/t194/release/bl31/ivc.o
 .text.ivc_check_write
                0x0000000040004e3c       0x50 ./234-t194/tegra/t194/release/bl31/ivc.o
 .text.ivc_frame_pointer.part.0
                0x0000000040004e8c       0x20 ./234-t194/tegra/t194/release/bl31/ivc.o
 .text.mce_clear_hsm_corr_status
                0x0000000040004eac        0x4 ./234-t194/tegra/t194/release/bl31/mce.o
                0x0000000040004eac                mce_clear_hsm_corr_status
 .text.mce_command_handler
                0x0000000040004eb0       0xc0 ./234-t194/tegra/t194/release/bl31/mce.o
                0x0000000040004eb0                mce_command_handler
 .text.mce_enable_strict_checking
                0x0000000040004f70       0x80 ./234-t194/tegra/t194/release/bl31/mce.o
                0x0000000040004f70                mce_enable_strict_checking
 .text.mce_firmware_not_supported
                0x0000000040004ff0       0x3c ./234-t194/tegra/t194/release/bl31/mce.o
 .text.mce_system_reboot
                0x000000004000502c        0x4 ./234-t194/tegra/t194/release/bl31/mce.o
                0x000000004000502c                mce_system_reboot
 .text.mce_system_shutdown
                0x0000000040005030        0x4 ./234-t194/tegra/t194/release/bl31/mce.o
                0x0000000040005030                mce_system_shutdown
 .text.mce_update_cstate_info
                0x0000000040005034       0x14 ./234-t194/tegra/t194/release/bl31/mce.o
                0x0000000040005034                mce_update_cstate_info
 .text.mce_update_gsc_tzdram
                0x0000000040005048       0x2c ./234-t194/tegra/t194/release/bl31/mce.o
                0x0000000040005048                mce_update_gsc_tzdram
 .text.mce_update_gsc_videomem
                0x0000000040005074       0x2c ./234-t194/tegra/t194/release/bl31/mce.o
                0x0000000040005074                mce_update_gsc_videomem
 .text.mce_verify_firmware_version
                0x00000000400050a0       0x54 ./234-t194/tegra/t194/release/bl31/mce.o
                0x00000000400050a0                mce_verify_firmware_version
 .text.mce_verify_strict_checking
                0x00000000400050f4       0x40 ./234-t194/tegra/t194/release/bl31/mce.o
                0x00000000400050f4                mce_verify_strict_checking
 .text.mdelay   0x0000000040005134       0x3c ./234-t194/tegra/t194/release/bl31/delay_timer.o
                0x0000000040005134                mdelay
 .text.memcmp   0x0000000040005170       0x34 ./234-t194/tegra/t194/release/lib/libc.a(memcmp.o)
                0x0000000040005170                memcmp
 .text.memcpy   0x00000000400051a4       0x20 ./234-t194/tegra/t194/release/lib/libc.a(memcpy.o)
                0x00000000400051a4                memcpy
 .text.memmove  0x00000000400051c4       0x34 ./234-t194/tegra/t194/release/lib/libc.a(memmove.o)
                0x00000000400051c4                memmove
 .text.memset   0x00000000400051f8       0x78 ./234-t194/tegra/t194/release/lib/libc.a(memset.o)
                0x00000000400051f8                memset
 .text.mmap_add
                0x0000000040005270       0x10 ./234-t194/tegra/t194/release/bl31/xlat_tables_context.o
                0x0000000040005270                mmap_add
 .text.mmap_add_ctx
                0x0000000040005280       0x3c ./234-t194/tegra/t194/release/bl31/xlat_tables_core.o
                0x0000000040005280                mmap_add_ctx
 .text.mmap_add_dynamic_region
                0x00000000400052bc       0x68 ./234-t194/tegra/t194/release/bl31/xlat_tables_context.o
                0x00000000400052bc                mmap_add_dynamic_region
 .text.mmap_add_dynamic_region_ctx
                0x0000000040005324      0x208 ./234-t194/tegra/t194/release/bl31/xlat_tables_core.o
                0x0000000040005324                mmap_add_dynamic_region_ctx
 .text.mmap_add_region
                0x000000004000552c       0x68 ./234-t194/tegra/t194/release/bl31/xlat_tables_context.o
                0x000000004000552c                mmap_add_region
 .text.mmap_add_region_check
                0x0000000040005594      0x164 ./234-t194/tegra/t194/release/bl31/xlat_tables_core.o
 .text.mmap_add_region_ctx
                0x00000000400056f8      0x178 ./234-t194/tegra/t194/release/bl31/xlat_tables_core.o
                0x00000000400056f8                mmap_add_region_ctx
 .text.mmap_remove_dynamic_region
                0x0000000040005870       0x14 ./234-t194/tegra/t194/release/bl31/xlat_tables_context.o
                0x0000000040005870                mmap_remove_dynamic_region
 .text.mmap_remove_dynamic_region_ctx
                0x0000000040005884      0x168 ./234-t194/tegra/t194/release/bl31/xlat_tables_core.o
                0x0000000040005884                mmap_remove_dynamic_region_ctx
 .text.nvg_clear_hsm_corr_status
                0x00000000400059ec        0xc ./234-t194/tegra/t194/release/bl31/nvg.o
                0x00000000400059ec                nvg_clear_hsm_corr_status
 .text.nvg_enable_strict_checking_mode
                0x00000000400059f8        0xc ./234-t194/tegra/t194/release/bl31/nvg.o
                0x00000000400059f8                nvg_enable_strict_checking_mode
 .text.nvg_enter_cstate
                0x0000000040005a04       0x68 ./234-t194/tegra/t194/release/bl31/nvg.o
                0x0000000040005a04                nvg_enter_cstate
 .text.nvg_get_version
                0x0000000040005a6c       0x18 ./234-t194/tegra/t194/release/bl31/nvg.o
                0x0000000040005a6c                nvg_get_version
 .text.nvg_is_sc7_allowed
                0x0000000040005a84       0x1c ./234-t194/tegra/t194/release/bl31/nvg.o
                0x0000000040005a84                nvg_is_sc7_allowed
 .text.nvg_online_core
                0x0000000040005aa0       0x48 ./234-t194/tegra/t194/release/bl31/nvg.o
                0x0000000040005aa0                nvg_online_core
 .text.nvg_roc_clean_cache_trbits
                0x0000000040005ae8       0x50 ./234-t194/tegra/t194/release/bl31/nvg.o
                0x0000000040005ae8                nvg_roc_clean_cache_trbits
 .text.nvg_set_wake_time
                0x0000000040005b38        0xc ./234-t194/tegra/t194/release/bl31/nvg.o
                0x0000000040005b38                nvg_set_wake_time
 .text.nvg_system_reboot
                0x0000000040005b44        0xc ./234-t194/tegra/t194/release/bl31/nvg.o
                0x0000000040005b44                nvg_system_reboot
 .text.nvg_system_shutdown
                0x0000000040005b50        0xc ./234-t194/tegra/t194/release/bl31/nvg.o
                0x0000000040005b50                nvg_system_shutdown
 .text.nvg_update_ccplex_gsc
                0x0000000040005b5c       0x48 ./234-t194/tegra/t194/release/bl31/nvg.o
                0x0000000040005b5c                nvg_update_ccplex_gsc
 .text.nvg_update_cstate_info
                0x0000000040005ba4       0x48 ./234-t194/tegra/t194/release/bl31/nvg.o
                0x0000000040005ba4                nvg_update_cstate_info
 .text.nvg_verify_strict_checking_mode
                0x0000000040005bec       0x3c ./234-t194/tegra/t194/release/bl31/nvg.o
                0x0000000040005bec                nvg_verify_strict_checking_mode
 .text.opteed_cpu_migrate_info
                0x0000000040005c28        0x8 ./234-t194/tegra/t194/release/bl31/opteed_pm.o
 .text.opteed_cpu_off_handler
                0x0000000040005c30       0xb4 ./234-t194/tegra/t194/release/bl31/opteed_pm.o
 .text.opteed_cpu_on_finish_handler
                0x0000000040005ce4       0xfc ./234-t194/tegra/t194/release/bl31/opteed_pm.o
 .text.opteed_cpu_on_handler
                0x0000000040005de0        0x4 ./234-t194/tegra/t194/release/bl31/opteed_pm.o
 .text.opteed_cpu_suspend_finish_handler
                0x0000000040005de4       0xc0 ./234-t194/tegra/t194/release/bl31/opteed_pm.o
 .text.opteed_cpu_suspend_handler
                0x0000000040005ea4       0xc0 ./234-t194/tegra/t194/release/bl31/opteed_pm.o
 .text.opteed_init
                0x0000000040005f64       0x70 ./234-t194/tegra/t194/release/bl31/opteed_main.o
 .text.opteed_init_optee_ep_state
                0x0000000040005fd4       0xe8 ./234-t194/tegra/t194/release/bl31/opteed_common.o
                0x0000000040005fd4                opteed_init_optee_ep_state
 .text.opteed_sel1_interrupt_handler
                0x00000000400060bc       0xe0 ./234-t194/tegra/t194/release/bl31/opteed_main.o
 .text.opteed_setup
                0x000000004000619c       0x78 ./234-t194/tegra/t194/release/bl31/opteed_main.o
 .text.opteed_smc_handler
                0x0000000040006214      0x264 ./234-t194/tegra/t194/release/bl31/opteed_main.o
 .text.opteed_synchronous_sp_entry
                0x0000000040006478       0x98 ./234-t194/tegra/t194/release/bl31/opteed_common.o
                0x0000000040006478                opteed_synchronous_sp_entry
 .text.opteed_synchronous_sp_exit
                0x0000000040006510       0x84 ./234-t194/tegra/t194/release/bl31/opteed_common.o
                0x0000000040006510                opteed_synchronous_sp_exit
 .text.opteed_system_off
                0x0000000040006594       0x8c ./234-t194/tegra/t194/release/bl31/opteed_pm.o
 .text.opteed_system_reset
                0x0000000040006620       0x8c ./234-t194/tegra/t194/release/bl31/opteed_pm.o
 .text.plat_arm_set_twedel_scr_el3
                0x00000000400066ac        0x8 ./234-t194/tegra/t194/release/bl31/plat_common.o
                0x00000000400066ac                plat_arm_set_twedel_scr_el3
 .text.plat_ea_handler
                0x00000000400066b4       0xc0 ./234-t194/tegra/t194/release/bl31/plat_ras.o
                0x00000000400066b4                plat_ea_handler
 .text.plat_early_platform_setup
                0x0000000040006774      0x258 ./234-t194/tegra/t194/release/bl31/plat_setup.o
                0x0000000040006774                plat_early_platform_setup
 .text.plat_enable_console
                0x00000000400069cc       0x50 ./234-t194/tegra/t194/release/bl31/plat_setup.o
                0x00000000400069cc                plat_enable_console
 .text.plat_get_bl31_params
                0x0000000040006a1c       0x24 ./234-t194/tegra/t194/release/bl31/plat_setup.o
                0x0000000040006a1c                plat_get_bl31_params
 .text.plat_get_bl31_plat_params
                0x0000000040006a40       0x24 ./234-t194/tegra/t194/release/bl31/plat_setup.o
                0x0000000040006a40                plat_get_bl31_plat_params
 .text.plat_get_bpmp_ipc_data
                0x0000000040006a64       0x2c ./234-t194/tegra/t194/release/bl31/plat_setup.o
                0x0000000040006a64                plat_get_bpmp_ipc_data
 .text.plat_get_mmio_map
                0x0000000040006a90        0xc ./234-t194/tegra/t194/release/bl31/plat_setup.o
                0x0000000040006a90                plat_get_mmio_map
 .text.plat_get_num_smmu_devices
                0x0000000040006a9c       0x20 ./234-t194/tegra/t194/release/bl31/plat_smmu.o
                0x0000000040006a9c                plat_get_num_smmu_devices
 .text.plat_get_power_domain_tree_desc
                0x0000000040006abc        0xc ./234-t194/tegra/t194/release/bl31/plat_setup.o
                0x0000000040006abc                plat_get_power_domain_tree_desc
 .text.plat_get_soc_revision
                0x0000000040006ac8       0x24 ./234-t194/tegra/t194/release/bl31/tegra_platform.o
                0x0000000040006ac8                plat_get_soc_revision
 .text.plat_get_soc_version
                0x0000000040006aec       0x1c ./234-t194/tegra/t194/release/bl31/tegra_platform.o
                0x0000000040006aec                plat_get_soc_version
 .text.plat_get_stack_protector_canary
                0x0000000040006b08       0x2c ./234-t194/tegra/t194/release/bl31/tegra_stack_protector.o
                0x0000000040006b08                plat_get_stack_protector_canary
 .text.plat_get_syscnt_freq2
                0x0000000040006b34        0xc ./234-t194/tegra/t194/release/bl31/plat_setup.o
                0x0000000040006b34                plat_get_syscnt_freq2
 .text.plat_get_target_pwr_state
                0x0000000040006b40        0x4 ./234-t194/tegra/t194/release/bl31/tegra_pm.o
                0x0000000040006b40                plat_get_target_pwr_state
 .text.plat_gic_setup
                0x0000000040006b44       0x24 ./234-t194/tegra/t194/release/bl31/plat_setup.o
                0x0000000040006b44                plat_gic_setup
 .text.plat_ic_acknowledge_interrupt
                0x0000000040006b68        0x4 ./234-t194/tegra/t194/release/bl31/plat_gicv2.o
                0x0000000040006b68                plat_ic_acknowledge_interrupt
 .text.plat_ic_clear_interrupt_pending
                0x0000000040006b6c        0x4 ./234-t194/tegra/t194/release/bl31/plat_gicv2.o
                0x0000000040006b6c                plat_ic_clear_interrupt_pending
 .text.plat_ic_disable_interrupt
                0x0000000040006b70        0x4 ./234-t194/tegra/t194/release/bl31/plat_gicv2.o
                0x0000000040006b70                plat_ic_disable_interrupt
 .text.plat_ic_enable_interrupt
                0x0000000040006b74        0x4 ./234-t194/tegra/t194/release/bl31/plat_gicv2.o
                0x0000000040006b74                plat_ic_enable_interrupt
 .text.plat_ic_end_of_interrupt
                0x0000000040006b78        0x4 ./234-t194/tegra/t194/release/bl31/plat_gicv2.o
                0x0000000040006b78                plat_ic_end_of_interrupt
 .text.plat_ic_get_interrupt_active
                0x0000000040006b7c        0x4 ./234-t194/tegra/t194/release/bl31/plat_gicv2.o
                0x0000000040006b7c                plat_ic_get_interrupt_active
 .text.plat_ic_get_interrupt_id
                0x0000000040006b80       0x10 ./234-t194/tegra/t194/release/bl31/plat_gicv2.o
                0x0000000040006b80                plat_ic_get_interrupt_id
 .text.plat_ic_get_interrupt_type
                0x0000000040006b90       0x20 ./234-t194/tegra/t194/release/bl31/plat_gicv2.o
                0x0000000040006b90                plat_ic_get_interrupt_type
 .text.plat_ic_get_pending_interrupt_type
                0x0000000040006bb0       0x30 ./234-t194/tegra/t194/release/bl31/plat_gicv2.o
                0x0000000040006bb0                plat_ic_get_pending_interrupt_type
 .text.plat_ic_get_running_priority
                0x0000000040006be0        0x4 ./234-t194/tegra/t194/release/bl31/plat_gicv2.o
                0x0000000040006be0                plat_ic_get_running_priority
 .text.plat_ic_has_interrupt_type
                0x0000000040006be4       0x10 ./234-t194/tegra/t194/release/bl31/plat_gicv2.o
                0x0000000040006be4                plat_ic_has_interrupt_type
 .text.plat_ic_is_ppi
                0x0000000040006bf4       0x10 ./234-t194/tegra/t194/release/bl31/plat_gicv2.o
                0x0000000040006bf4                plat_ic_is_ppi
 .text.plat_ic_is_sgi
                0x0000000040006c04        0xc ./234-t194/tegra/t194/release/bl31/plat_gicv2.o
                0x0000000040006c04                plat_ic_is_sgi
 .text.plat_ic_is_spi
                0x0000000040006c10       0x10 ./234-t194/tegra/t194/release/bl31/plat_gicv2.o
                0x0000000040006c10                plat_ic_is_spi
 .text.plat_ic_raise_el3_sgi
                0x0000000040006c20       0x6c ./234-t194/tegra/t194/release/bl31/plat_gicv2.o
                0x0000000040006c20                plat_ic_raise_el3_sgi
 .text.plat_ic_set_interrupt_pending
                0x0000000040006c8c        0x4 ./234-t194/tegra/t194/release/bl31/plat_gicv2.o
                0x0000000040006c8c                plat_ic_set_interrupt_pending
 .text.plat_ic_set_interrupt_priority
                0x0000000040006c90        0x4 ./234-t194/tegra/t194/release/bl31/plat_gicv2.o
                0x0000000040006c90                plat_ic_set_interrupt_priority
 .text.plat_ic_set_interrupt_type
                0x0000000040006c94       0x40 ./234-t194/tegra/t194/release/bl31/plat_gicv2.o
                0x0000000040006c94                plat_ic_set_interrupt_type
 .text.plat_ic_set_priority_mask
                0x0000000040006cd4        0x4 ./234-t194/tegra/t194/release/bl31/plat_gicv2.o
                0x0000000040006cd4                plat_ic_set_priority_mask
 .text.plat_ic_set_spi_routing
                0x0000000040006cd8       0x6c ./234-t194/tegra/t194/release/bl31/plat_gicv2.o
                0x0000000040006cd8                plat_ic_set_spi_routing
 .text.plat_interrupt_type_to_line
                0x0000000040006d44       0x64 ./234-t194/tegra/t194/release/bl31/plat_gicv2.o
                0x0000000040006d44                plat_interrupt_type_to_line
 .text.plat_is_smccc_feature_available
                0x0000000040006da8       0x14 ./234-t194/tegra/t194/release/bl31/tegra_platform.o
                0x0000000040006da8                plat_is_smccc_feature_available
 .text.plat_late_platform_setup
                0x0000000040006dbc       0x18 ./234-t194/tegra/t194/release/bl31/plat_setup.o
                0x0000000040006dbc                plat_late_platform_setup
 .text.plat_log_get_prefix
                0x0000000040006dd4       0x30 ./234-t194/tegra/t194/release/bl31/plat_log_common.o
                0x0000000040006dd4                plat_log_get_prefix
 .text.plat_memctrl_get_sys_suspend_ctx
                0x0000000040006e04       0x14 ./234-t194/tegra/t194/release/bl31/plat_memctrl.o
                0x0000000040006e04                plat_memctrl_get_sys_suspend_ctx
 .text.plat_memctrl_restore
                0x0000000040006e18        0x8 ./234-t194/tegra/t194/release/bl31/plat_memctrl.o
                0x0000000040006e18                plat_memctrl_restore
 .text.plat_memctrl_setup
                0x0000000040006e20       0x18 ./234-t194/tegra/t194/release/bl31/plat_memctrl.o
                0x0000000040006e20                plat_memctrl_setup
 .text.plat_memctrl_tzdram_setup
                0x0000000040006e38       0x40 ./234-t194/tegra/t194/release/bl31/plat_memctrl.o
                0x0000000040006e38                plat_memctrl_tzdram_setup
 .text.plat_runtime_setup
                0x0000000040006e78       0x18 ./234-t194/tegra/t194/release/bl31/plat_setup.o
                0x0000000040006e78                plat_runtime_setup
 .text.plat_sdei_handle_masked_trigger
                0x0000000040006e90        0x4 ./234-t194/tegra/t194/release/bl31/plat_common.o
                0x0000000040006e90                plat_sdei_handle_masked_trigger
 .text.plat_sdei_setup
                0x0000000040006e94        0x4 ./234-t194/tegra/t194/release/bl31/tegra_sdei.o
                0x0000000040006e94                plat_sdei_setup
 .text.plat_sdei_validate_entry_point
                0x0000000040006e98        0x8 ./234-t194/tegra/t194/release/bl31/plat_common.o
                0x0000000040006e98                plat_sdei_validate_entry_point
 .text.plat_secondary_setup
                0x0000000040006ea0      0x190 ./234-t194/tegra/t194/release/bl31/plat_secondary.o
                0x0000000040006ea0                plat_secondary_setup
 .text.plat_setup_psci_ops
                0x0000000040007030       0x8c ./234-t194/tegra/t194/release/bl31/tegra_pm.o
                0x0000000040007030                plat_setup_psci_ops
 .text.plat_sip_handler
                0x00000000400070bc      0x150 ./234-t194/tegra/t194/release/bl31/plat_sip_calls.o
                0x00000000400070bc                plat_sip_handler
 .text.plat_supports_system_suspend
                0x000000004000720c        0x8 ./234-t194/tegra/t194/release/bl31/plat_setup.o
                0x000000004000720c                plat_supports_system_suspend
 .text.pri_to_idx
                0x0000000040007214       0x6c ./234-t194/tegra/t194/release/bl31/ehf.o
 .text.print_entry_point_info
                0x0000000040007280        0x4 ./234-t194/tegra/t194/release/bl31/bl_common.o
                0x0000000040007280                print_entry_point_info
 .text.printf   0x0000000040007284       0x90 ./234-t194/tegra/t194/release/lib/libc.a(printf.o)
                0x0000000040007284                printf
 .text.psci_acquire_pwr_domain_locks
                0x0000000040007314       0x6c ./234-t194/tegra/t194/release/bl31/psci_common.o
                0x0000000040007314                psci_acquire_pwr_domain_locks
 .text.psci_affinity_info
                0x0000000040007380       0x58 ./234-t194/tegra/t194/release/bl31/psci_main.o
                0x0000000040007380                psci_affinity_info
 .text.psci_arch_setup
                0x00000000400073d8       0x1c ./234-t194/tegra/t194/release/bl31/psci_setup.o
                0x00000000400073d8                psci_arch_setup
 .text.psci_cpu_off
                0x00000000400073f4       0x38 ./234-t194/tegra/t194/release/bl31/psci_main.o
                0x00000000400073f4                psci_cpu_off
 .text.psci_cpu_on
                0x000000004000742c       0x88 ./234-t194/tegra/t194/release/bl31/psci_main.o
                0x000000004000742c                psci_cpu_on
 .text.psci_cpu_on_finish
                0x00000000400074b4       0xfc ./234-t194/tegra/t194/release/bl31/psci_on.o
                0x00000000400074b4                psci_cpu_on_finish
 .text.psci_cpu_on_start
                0x00000000400075b0      0x224 ./234-t194/tegra/t194/release/bl31/psci_on.o
                0x00000000400075b0                psci_cpu_on_start
 .text.psci_cpu_suspend
                0x00000000400077d4      0x158 ./234-t194/tegra/t194/release/bl31/psci_main.o
                0x00000000400077d4                psci_cpu_suspend
 .text.psci_cpu_suspend_finish
                0x000000004000792c       0xec ./234-t194/tegra/t194/release/bl31/psci_suspend.o
                0x000000004000792c                psci_cpu_suspend_finish
 .text.psci_cpu_suspend_start
                0x0000000040007a18      0x208 ./234-t194/tegra/t194/release/bl31/psci_suspend.o
                0x0000000040007a18                psci_cpu_suspend_start
 .text.psci_do_cpu_off
                0x0000000040007c20      0x158 ./234-t194/tegra/t194/release/bl31/psci_off.o
                0x0000000040007c20                psci_do_cpu_off
 .text.psci_do_pwrdown_sequence
                0x0000000040007d78        0x4 ./234-t194/tegra/t194/release/bl31/psci_common.o
                0x0000000040007d78                psci_do_pwrdown_sequence
 .text.psci_do_state_coordination
                0x0000000040007d7c      0x184 ./234-t194/tegra/t194/release/bl31/psci_common.o
                0x0000000040007d7c                psci_do_state_coordination
 .text.psci_features
                0x0000000040007f00       0x80 ./234-t194/tegra/t194/release/bl31/psci_main.o
                0x0000000040007f00                psci_features
 .text.psci_find_max_off_lvl
                0x0000000040007f80       0x4c ./234-t194/tegra/t194/release/bl31/psci_common.o
                0x0000000040007f80                psci_find_max_off_lvl
 .text.psci_find_target_suspend_lvl
                0x0000000040007fcc       0x34 ./234-t194/tegra/t194/release/bl31/psci_common.o
                0x0000000040007fcc                psci_find_target_suspend_lvl
 .text.psci_get_parent_pwr_domain_nodes
                0x0000000040008000       0x48 ./234-t194/tegra/t194/release/bl31/psci_common.o
                0x0000000040008000                psci_get_parent_pwr_domain_nodes
 .text.psci_get_target_local_pwr_states
                0x0000000040008048       0x90 ./234-t194/tegra/t194/release/bl31/psci_common.o
                0x0000000040008048                psci_get_target_local_pwr_states
 .text.psci_init_req_local_pwr_states
                0x00000000400080d8       0x58 ./234-t194/tegra/t194/release/bl31/psci_common.o
                0x00000000400080d8                psci_init_req_local_pwr_states
 .text.psci_is_last_on_cpu
                0x0000000040008130       0x94 ./234-t194/tegra/t194/release/bl31/psci_common.o
                0x0000000040008130                psci_is_last_on_cpu
 .text.psci_mem_chk_range
                0x00000000400081c4       0x5c ./234-t194/tegra/t194/release/bl31/psci_mem_protect.o
                0x00000000400081c4                psci_mem_chk_range
 .text.psci_mem_protect
                0x0000000040008220       0xc4 ./234-t194/tegra/t194/release/bl31/psci_mem_protect.o
                0x0000000040008220                psci_mem_protect
 .text.psci_migrate
                0x00000000400082e4       0xe0 ./234-t194/tegra/t194/release/bl31/psci_main.o
                0x00000000400082e4                psci_migrate
 .text.psci_migrate_info_type
                0x00000000400083c4       0x4c ./234-t194/tegra/t194/release/bl31/psci_main.o
                0x00000000400083c4                psci_migrate_info_type
 .text.psci_migrate_info_up_cpu
                0x0000000040008410       0x5c ./234-t194/tegra/t194/release/bl31/psci_main.o
                0x0000000040008410                psci_migrate_info_up_cpu
 .text.psci_node_hw_state
                0x000000004000846c       0x8c ./234-t194/tegra/t194/release/bl31/psci_main.o
                0x000000004000846c                psci_node_hw_state
 .text.psci_print_power_domain_map
                0x00000000400084f8        0x4 ./234-t194/tegra/t194/release/bl31/psci_common.o
                0x00000000400084f8                psci_print_power_domain_map
 .text.psci_query_sys_suspend_pwrstate
                0x00000000400084fc       0x38 ./234-t194/tegra/t194/release/bl31/psci_common.o
                0x00000000400084fc                psci_query_sys_suspend_pwrstate
 .text.psci_register_spd_pm_hook
                0x0000000040008534       0x60 ./234-t194/tegra/t194/release/bl31/psci_common.o
                0x0000000040008534                psci_register_spd_pm_hook
 .text.psci_release_pwr_domain_locks
                0x0000000040008594       0x60 ./234-t194/tegra/t194/release/bl31/psci_common.o
                0x0000000040008594                psci_release_pwr_domain_locks
 .text.psci_set_pwr_domains_to_run
                0x00000000400085f4       0xa0 ./234-t194/tegra/t194/release/bl31/psci_common.o
                0x00000000400085f4                psci_set_pwr_domains_to_run
 .text.psci_set_req_local_pwr_state
                0x0000000040008694       0x58 ./234-t194/tegra/t194/release/bl31/psci_common.o
 .text.psci_setup
                0x00000000400086ec      0x440 ./234-t194/tegra/t194/release/bl31/psci_setup.o
                0x00000000400086ec                psci_setup
 .text.psci_smc_handler
                0x0000000040008b2c      0x14c ./234-t194/tegra/t194/release/bl31/psci_main.o
                0x0000000040008b2c                psci_smc_handler
 .text.psci_spd_migrate_info
                0x0000000040008c78       0x54 ./234-t194/tegra/t194/release/bl31/psci_common.o
                0x0000000040008c78                psci_spd_migrate_info
 .text.psci_system_off
                0x0000000040008ccc       0x64 ./234-t194/tegra/t194/release/bl31/psci_system_off.o
                0x0000000040008ccc                psci_system_off
 .text.psci_system_reset
                0x0000000040008d30       0x64 ./234-t194/tegra/t194/release/bl31/psci_system_off.o
                0x0000000040008d30                psci_system_reset
 .text.psci_system_reset2
                0x0000000040008d94       0xc4 ./234-t194/tegra/t194/release/bl31/psci_system_off.o
                0x0000000040008d94                psci_system_reset2
 .text.psci_system_suspend
                0x0000000040008e58       0xf8 ./234-t194/tegra/t194/release/bl31/psci_main.o
                0x0000000040008e58                psci_system_suspend
 .text.psci_validate_entry_point
                0x0000000040008f50       0xf4 ./234-t194/tegra/t194/release/bl31/psci_common.o
                0x0000000040008f50                psci_validate_entry_point
 .text.psci_validate_mpidr
                0x0000000040009044       0x20 ./234-t194/tegra/t194/release/bl31/psci_common.o
                0x0000000040009044                psci_validate_mpidr
 .text.psci_validate_power_state
                0x0000000040009064       0x4c ./234-t194/tegra/t194/release/bl31/psci_common.o
                0x0000000040009064                psci_validate_power_state
 .text.psci_validate_suspend_req
                0x00000000400090b0       0xa0 ./234-t194/tegra/t194/release/bl31/psci_common.o
                0x00000000400090b0                psci_validate_suspend_req
 .text.psci_warmboot_entrypoint
                0x0000000040009150      0x118 ./234-t194/tegra/t194/release/bl31/psci_common.o
                0x0000000040009150                psci_warmboot_entrypoint
 .text.putchar  0x0000000040009268       0x2c ./234-t194/tegra/t194/release/lib/libc.a(putchar.o)
                0x0000000040009268                putchar
 .text.ras_ea_handler
                0x0000000040009294      0x10c ./234-t194/tegra/t194/release/bl31/ras_common.o
                0x0000000040009294                ras_ea_handler
 .text.ras_serr_to_str
                0x00000000400093a0       0x78 ./234-t194/tegra/t194/release/bl31/ras_common.o
                0x00000000400093a0                ras_serr_to_str
 .text.register_interrupt_type_handler
                0x0000000040009418       0x68 ./234-t194/tegra/t194/release/bl31/interrupt_mgmt.o
                0x0000000040009418                register_interrupt_type_handler
 .text.restore_and_resume_ns_context
                0x0000000040009480       0x44 ./234-t194/tegra/t194/release/bl31/sdei_intr_mgmt.o
 .text.runtime_svc_init
                0x00000000400094c4      0x168 ./234-t194/tegra/t194/release/bl31/runtime_svc.o
                0x00000000400094c4                runtime_svc_init
 .text.save_event_ctx
                0x000000004000962c       0xd0 ./234-t194/tegra/t194/release/bl31/sdei_intr_mgmt.o
 .text.sdei_class_init
                0x00000000400096fc      0x33c ./234-t194/tegra/t194/release/bl31/sdei_main.o
 .text.sdei_cpu_on_init
                0x0000000040009a38       0x68 ./234-t194/tegra/t194/release/bl31/sdei_main.o
 .text.sdei_cpu_wakeup_init
                0x0000000040009aa0       0x18 ./234-t194/tegra/t194/release/bl31/sdei_main.o
 .text.sdei_dispatch_event
                0x0000000040009ab8      0x158 ./234-t194/tegra/t194/release/bl31/sdei_intr_mgmt.o
                0x0000000040009ab8                sdei_dispatch_event
 .text.sdei_event_complete
                0x0000000040009c10      0x1ac ./234-t194/tegra/t194/release/bl31/sdei_intr_mgmt.o
                0x0000000040009c10                sdei_event_complete
 .text.sdei_event_context
                0x0000000040009dbc       0x7c ./234-t194/tegra/t194/release/bl31/sdei_intr_mgmt.o
                0x0000000040009dbc                sdei_event_context
 .text.sdei_event_unregister
                0x0000000040009e38      0x12c ./234-t194/tegra/t194/release/bl31/sdei_main.o
 .text.sdei_init
                0x0000000040009f64       0x48 ./234-t194/tegra/t194/release/bl31/sdei_main.o
                0x0000000040009f64                sdei_init
 .text.sdei_interrupt_release
                0x0000000040009fac       0xa8 ./234-t194/tegra/t194/release/bl31/sdei_main.o
 .text.sdei_intr_handler
                0x000000004000a054      0x340 ./234-t194/tegra/t194/release/bl31/sdei_intr_mgmt.o
                0x000000004000a054                sdei_intr_handler
 .text.sdei_pe_mask
                0x000000004000a394       0x44 ./234-t194/tegra/t194/release/bl31/sdei_intr_mgmt.o
                0x000000004000a394                sdei_pe_mask
 .text.sdei_pe_unmask
                0x000000004000a3d8      0x120 ./234-t194/tegra/t194/release/bl31/sdei_intr_mgmt.o
                0x000000004000a3d8                sdei_pe_unmask
 .text.sdei_set_elr_spsr.isra.0
                0x000000004000a4f8       0xf0 ./234-t194/tegra/t194/release/bl31/sdei_intr_mgmt.o
 .text.sdei_smc_handler
                0x000000004000a5e8      0x7c4 ./234-t194/tegra/t194/release/bl31/sdei_main.o
                0x000000004000a5e8                sdei_smc_handler
 .text.ser_probe_sysreg
                0x000000004000adac       0xd0 ./234-t194/tegra/t194/release/bl31/std_err_record.o
                0x000000004000adac                ser_probe_sysreg
 .text.set_routing_model
                0x000000004000ae7c       0xa0 ./234-t194/tegra/t194/release/bl31/interrupt_mgmt.o
                0x000000004000ae7c                set_routing_model
 .text.set_scr_el3_from_rm
                0x000000004000af1c       0x84 ./234-t194/tegra/t194/release/bl31/interrupt_mgmt.o
 .text.setup_mmu_cfg
                0x000000004000afa0      0x130 ./234-t194/tegra/t194/release/bl31/xlat_tables_arch.o
                0x000000004000afa0                setup_mmu_cfg
 .text.snprintf
                0x000000004000b0d0       0xa4 ./234-t194/tegra/t194/release/lib/libc.a(snprintf.o)
                0x000000004000b0d0                snprintf
 .text.spe_drain_buffers_hook
                0x000000004000b174       0x30 ./234-t194/tegra/t194/release/bl31/spe.o
 .text.spe_enable
                0x000000004000b1a4       0x4c ./234-t194/tegra/t194/release/bl31/spe.o
                0x000000004000b1a4                spe_enable
 .text.spe_supported
                0x000000004000b1f0       0x10 ./234-t194/tegra/t194/release/bl31/spe.o
                0x000000004000b1f0                spe_supported
 .text.std_svc_setup
                0x000000004000b200       0x50 ./234-t194/tegra/t194/release/bl31/std_svc_setup.o
 .text.std_svc_smc_handler
                0x000000004000b250       0xe0 ./234-t194/tegra/t194/release/bl31/std_svc_setup.o
 .text.strlen   0x000000004000b330       0x1c ./234-t194/tegra/t194/release/lib/libc.a(strlen.o)
                0x000000004000b330                strlen
 .text.sve_disable
                0x000000004000b34c       0x28 ./234-t194/tegra/t194/release/bl31/sve.o
                0x000000004000b34c                sve_disable
 .text.sve_enable
                0x000000004000b374       0x30 ./234-t194/tegra/t194/release/bl31/sve.o
                0x000000004000b374                sve_enable
 .text.tcr_physical_addr_size_bits
                0x000000004000b3a4       0x74 ./234-t194/tegra/t194/release/bl31/xlat_tables_arch.o
                0x000000004000b3a4                tcr_physical_addr_size_bits
 .text.tegra194_ras_corrected_err_clear
                0x000000004000b418       0xdc ./234-t194/tegra/t194/release/bl31/plat_ras.o
                0x000000004000b418                tegra194_ras_corrected_err_clear
 .text.tegra194_ras_enable
                0x000000004000b4f4      0x114 ./234-t194/tegra/t194/release/bl31/plat_ras.o
                0x000000004000b4f4                tegra194_ras_enable
 .text.tegra194_ras_record_handler
                0x000000004000b608      0x204 ./234-t194/tegra/t194/release/bl31/plat_ras.o
 .text.tegra194_ras_record_probe
                0x000000004000b80c       0x44 ./234-t194/tegra/t194/release/bl31/plat_ras.o
 .text.tegra_bpmp_ipc_disable_clock
                0x000000004000b850       0xac ./234-t194/tegra/t194/release/bl31/intf.o
                0x000000004000b850                tegra_bpmp_ipc_disable_clock
 .text.tegra_bpmp_ipc_enable_clock
                0x000000004000b8fc       0xf0 ./234-t194/tegra/t194/release/bl31/intf.o
                0x000000004000b8fc                tegra_bpmp_ipc_enable_clock
 .text.tegra_bpmp_ipc_init
                0x000000004000b9ec      0x144 ./234-t194/tegra/t194/release/bl31/intf.o
                0x000000004000b9ec                tegra_bpmp_ipc_init
 .text.tegra_bpmp_ipc_send_req_atomic
                0x000000004000bb30      0x190 ./234-t194/tegra/t194/release/bl31/intf.o
 .text.tegra_bpmp_ivc_notify
                0x000000004000bcc0       0x14 ./234-t194/tegra/t194/release/bl31/intf.o
 .text.tegra_chipid_is_t194
                0x000000004000bcd4       0x1c ./234-t194/tegra/t194/release/bl31/tegra_platform.o
                0x000000004000bcd4                tegra_chipid_is_t194
 .text.tegra_clear_videomem
                0x000000004000bcf0       0x84 ./234-t194/tegra/t194/release/bl31/memctrl_v2.o
 .text.tegra_cpu_standby
                0x000000004000bd74       0x48 ./234-t194/tegra/t194/release/bl31/tegra_pm.o
 .text.tegra_delay_timer_init
                0x000000004000bdbc       0x64 ./234-t194/tegra/t194/release/bl31/tegra_delay_timer.o
                0x000000004000bdbc                tegra_delay_timer_init
 .text.tegra_fiq_get_intr_context
                0x000000004000be20       0x5c ./234-t194/tegra/t194/release/bl31/tegra_fiq_glue.o
                0x000000004000be20                tegra_fiq_get_intr_context
 .text.tegra_fiq_handler_setup
                0x000000004000be7c       0x3c ./234-t194/tegra/t194/release/bl31/tegra_fiq_glue.o
                0x000000004000be7c                tegra_fiq_handler_setup
 .text.tegra_fiq_interrupt_handler
                0x000000004000beb8       0x80 ./234-t194/tegra/t194/release/bl31/tegra_fiq_glue.o
 .text.tegra_fiq_set_ns_entrypoint
                0x000000004000bf38        0xc ./234-t194/tegra/t194/release/bl31/tegra_fiq_glue.o
                0x000000004000bf38                tegra_fiq_set_ns_entrypoint
 .text.tegra_get_chipid_major
                0x000000004000bf44       0x14 ./234-t194/tegra/t194/release/bl31/tegra_platform.o
                0x000000004000bf44                tegra_get_chipid_major
 .text.tegra_get_chipid_minor
                0x000000004000bf58       0x14 ./234-t194/tegra/t194/release/bl31/tegra_platform.o
                0x000000004000bf58                tegra_get_chipid_minor
 .text.tegra_get_platform
                0x000000004000bf6c       0xac ./234-t194/tegra/t194/release/bl31/tegra_platform.o
 .text.tegra_get_sys_suspend_power_state
                0x000000004000c018       0x14 ./234-t194/tegra/t194/release/bl31/tegra_pm.o
 .text.tegra_gic_cpuif_deactivate
                0x000000004000c02c        0x4 ./234-t194/tegra/t194/release/bl31/tegra_gicv2.o
                0x000000004000c02c                tegra_gic_cpuif_deactivate
 .text.tegra_gic_init
                0x000000004000c030       0x20 ./234-t194/tegra/t194/release/bl31/tegra_gicv2.o
                0x000000004000c030                tegra_gic_init
 .text.tegra_gic_pcpu_init
                0x000000004000c050       0x1c ./234-t194/tegra/t194/release/bl31/tegra_gicv2.o
                0x000000004000c050                tegra_gic_pcpu_init
 .text.tegra_gic_restore
                0x000000004000c06c       0x1c ./234-t194/tegra/t194/release/bl31/tegra_gicv2.o
                0x000000004000c06c                tegra_gic_restore
 .text.tegra_gic_save
                0x000000004000c088        0x4 ./234-t194/tegra/t194/release/bl31/tegra_gicv2.o
                0x000000004000c088                tegra_gic_save
 .text.tegra_gic_setup
                0x000000004000c08c       0x44 ./234-t194/tegra/t194/release/bl31/tegra_gicv2.o
                0x000000004000c08c                tegra_gic_setup
 .text.tegra_ivc_align
                0x000000004000c0d0        0xc ./234-t194/tegra/t194/release/bl31/ivc.o
                0x000000004000c0d0                tegra_ivc_align
 .text.tegra_ivc_channel_notified
                0x000000004000c0dc       0xc0 ./234-t194/tegra/t194/release/bl31/ivc.o
                0x000000004000c0dc                tegra_ivc_channel_notified
 .text.tegra_ivc_channel_reset
                0x000000004000c19c       0x18 ./234-t194/tegra/t194/release/bl31/ivc.o
                0x000000004000c19c                tegra_ivc_channel_reset
 .text.tegra_ivc_init
                0x000000004000c1b4       0xfc ./234-t194/tegra/t194/release/bl31/ivc.o
                0x000000004000c1b4                tegra_ivc_init
 .text.tegra_ivc_read_advance
                0x000000004000c2b0       0x64 ./234-t194/tegra/t194/release/bl31/ivc.o
                0x000000004000c2b0                tegra_ivc_read_advance
 .text.tegra_ivc_read_get_next_frame
                0x000000004000c314       0x4c ./234-t194/tegra/t194/release/bl31/ivc.o
                0x000000004000c314                tegra_ivc_read_get_next_frame
 .text.tegra_ivc_total_queue_size
                0x000000004000c360       0x38 ./234-t194/tegra/t194/release/bl31/ivc.o
                0x000000004000c360                tegra_ivc_total_queue_size
 .text.tegra_ivc_write_advance
                0x000000004000c398       0x60 ./234-t194/tegra/t194/release/bl31/ivc.o
                0x000000004000c398                tegra_ivc_write_advance
 .text.tegra_ivc_write_get_next_frame
                0x000000004000c3f8       0x48 ./234-t194/tegra/t194/release/bl31/ivc.o
                0x000000004000c3f8                tegra_ivc_write_get_next_frame
 .text.tegra_mc_save_context
                0x000000004000c440      0x130 ./234-t194/tegra/t194/release/bl31/memctrl_v2.o
                0x000000004000c440                tegra_mc_save_context
 .text.tegra_memctrl_clear_pending_interrupts
                0x000000004000c570        0x4 ./234-t194/tegra/t194/release/bl31/memctrl_v2.o
                0x000000004000c570                tegra_memctrl_clear_pending_interrupts
 .text.tegra_memctrl_disable_ahb_redirection
                0x000000004000c574        0x4 ./234-t194/tegra/t194/release/bl31/memctrl_v2.o
                0x000000004000c574                tegra_memctrl_disable_ahb_redirection
 .text.tegra_memctrl_restore_settings
                0x000000004000c578       0xb4 ./234-t194/tegra/t194/release/bl31/memctrl_v2.o
                0x000000004000c578                tegra_memctrl_restore_settings
 .text.tegra_memctrl_setup
                0x000000004000c62c        0x4 ./234-t194/tegra/t194/release/bl31/memctrl_v2.o
                0x000000004000c62c                tegra_memctrl_setup
 .text.tegra_memctrl_tzdram_setup
                0x000000004000c630        0x8 ./234-t194/tegra/t194/release/bl31/memctrl_v2.o
                0x000000004000c630                tegra_memctrl_tzdram_setup
 .text.tegra_memctrl_videomem_setup
                0x000000004000c638      0x1a4 ./234-t194/tegra/t194/release/bl31/memctrl_v2.o
                0x000000004000c638                tegra_memctrl_videomem_setup
 .text.tegra_platform_is_fpga
                0x000000004000c7dc       0x1c ./234-t194/tegra/t194/release/bl31/tegra_platform.o
                0x000000004000c7dc                tegra_platform_is_fpga
 .text.tegra_platform_is_linsim
                0x000000004000c7f8       0x20 ./234-t194/tegra/t194/release/bl31/tegra_platform.o
                0x000000004000c7f8                tegra_platform_is_linsim
 .text.tegra_platform_is_qt
                0x000000004000c818       0x1c ./234-t194/tegra/t194/release/bl31/tegra_platform.o
                0x000000004000c818                tegra_platform_is_qt
 .text.tegra_platform_is_silicon
                0x000000004000c834       0x1c ./234-t194/tegra/t194/release/bl31/tegra_platform.o
                0x000000004000c834                tegra_platform_is_silicon
 .text.tegra_platform_is_virt_dev_kit
                0x000000004000c850       0x1c ./234-t194/tegra/t194/release/bl31/tegra_platform.o
                0x000000004000c850                tegra_platform_is_virt_dev_kit
 .text.tegra_pwr_domain_off
                0x000000004000c86c       0x14 ./234-t194/tegra/t194/release/bl31/tegra_pm.o
 .text.tegra_pwr_domain_on
                0x000000004000c880        0x4 ./234-t194/tegra/t194/release/bl31/tegra_pm.o
 .text.tegra_pwr_domain_on_finish
                0x000000004000c884       0x6c ./234-t194/tegra/t194/release/bl31/tegra_pm.o
 .text.tegra_pwr_domain_power_down_wfi
                0x000000004000c8f0       0x38 ./234-t194/tegra/t194/release/bl31/tegra_pm.o
 .text.tegra_pwr_domain_suspend
                0x000000004000c928       0x28 ./234-t194/tegra/t194/release/bl31/tegra_pm.o
 .text.tegra_pwr_domain_suspend_finish
                0x000000004000c950        0x4 ./234-t194/tegra/t194/release/bl31/tegra_pm.o
 .text.tegra_pwr_domain_suspend_pwrdown_early
                0x000000004000c954        0x4 ./234-t194/tegra/t194/release/bl31/tegra_pm.o
                0x000000004000c954                tegra_pwr_domain_suspend_pwrdown_early
 .text.tegra_se_calculate_save_sha256
                0x000000004000c958      0x2e8 ./234-t194/tegra/t194/release/bl31/se.o
                0x000000004000c958                tegra_se_calculate_save_sha256
 .text.tegra_se_resume
                0x000000004000cc40       0xa8 ./234-t194/tegra/t194/release/bl31/se.o
                0x000000004000cc40                tegra_se_resume
 .text.tegra_se_suspend
                0x000000004000cce8      0x1fc ./234-t194/tegra/t194/release/bl31/se.o
                0x000000004000cce8                tegra_se_suspend
 .text.tegra_sip_handler
                0x000000004000cee4      0x14c ./234-t194/tegra/t194/release/bl31/tegra_sip_calls.o
                0x000000004000cee4                tegra_sip_handler
 .text.tegra_smmu_init
                0x000000004000d030       0xd4 ./234-t194/tegra/t194/release/bl31/smmu.o
                0x000000004000d030                tegra_smmu_init
 .text.tegra_smmu_read_32
                0x000000004000d104       0x44 ./234-t194/tegra/t194/release/bl31/smmu.o
 .text.tegra_smmu_verify
                0x000000004000d148      0x14c ./234-t194/tegra/t194/release/bl31/smmu.o
                0x000000004000d148                tegra_smmu_verify
 .text.tegra_smmu_write_32
                0x000000004000d294       0x40 ./234-t194/tegra/t194/release/bl31/smmu.o
 .text.tegra_soc_cpu_standby
                0x000000004000d2d4       0x90 ./234-t194/tegra/t194/release/bl31/plat_psci_handlers.o
                0x000000004000d2d4                tegra_soc_cpu_standby
 .text.tegra_soc_get_target_pwr_state
                0x000000004000d364       0xf8 ./234-t194/tegra/t194/release/bl31/plat_psci_handlers.o
                0x000000004000d364                tegra_soc_get_target_pwr_state
 .text.tegra_soc_prepare_system_off
                0x000000004000d45c       0x14 ./234-t194/tegra/t194/release/bl31/plat_psci_handlers.o
                0x000000004000d45c                tegra_soc_prepare_system_off
 .text.tegra_soc_prepare_system_reset
                0x000000004000d470       0x18 ./234-t194/tegra/t194/release/bl31/plat_psci_handlers.o
                0x000000004000d470                tegra_soc_prepare_system_reset
 .text.tegra_soc_pwr_domain_off
                0x000000004000d488       0x54 ./234-t194/tegra/t194/release/bl31/plat_psci_handlers.o
                0x000000004000d488                tegra_soc_pwr_domain_off
 .text.tegra_soc_pwr_domain_on
                0x000000004000d4dc       0x60 ./234-t194/tegra/t194/release/bl31/plat_psci_handlers.o
                0x000000004000d4dc                tegra_soc_pwr_domain_on
 .text.tegra_soc_pwr_domain_on_finish
                0x000000004000d53c      0x1b4 ./234-t194/tegra/t194/release/bl31/plat_psci_handlers.o
                0x000000004000d53c                tegra_soc_pwr_domain_on_finish
 .text.tegra_soc_pwr_domain_power_down_wfi
                0x000000004000d6f0       0xf8 ./234-t194/tegra/t194/release/bl31/plat_psci_handlers.o
                0x000000004000d6f0                tegra_soc_pwr_domain_power_down_wfi
 .text.tegra_soc_pwr_domain_suspend
                0x000000004000d7e8      0x130 ./234-t194/tegra/t194/release/bl31/plat_psci_handlers.o
                0x000000004000d7e8                tegra_soc_pwr_domain_suspend
 .text.tegra_soc_pwr_domain_suspend_pwrdown_early
                0x000000004000d918        0x8 ./234-t194/tegra/t194/release/bl31/plat_psci_handlers.o
                0x000000004000d918                tegra_soc_pwr_domain_suspend_pwrdown_early
 .text.tegra_soc_validate_power_state
                0x000000004000d920       0x90 ./234-t194/tegra/t194/release/bl31/plat_psci_handlers.o
                0x000000004000d920                tegra_soc_validate_power_state
 .text.tegra_system_off
                0x000000004000d9b0        0xc ./234-t194/tegra/t194/release/bl31/tegra_pm.o
 .text.tegra_system_reset
                0x000000004000d9bc       0x10 ./234-t194/tegra/t194/release/bl31/tegra_pm.o
 .text.tegra_timer_get_value
                0x000000004000d9cc       0x10 ./234-t194/tegra/t194/release/bl31/tegra_delay_timer.o
 .text.tegra_validate_ns_entrypoint
                0x000000004000d9dc       0x1c ./234-t194/tegra/t194/release/bl31/tegra_pm.o
 .text.tegra_validate_power_state
                0x000000004000d9f8       0x28 ./234-t194/tegra/t194/release/bl31/tegra_pm.o
 .text.tf_log   0x000000004000da20      0x10c ./234-t194/tegra/t194/release/bl31/tf_log.o
                0x000000004000da20                tf_log
 .text.timer_init
                0x000000004000db2c       0x48 ./234-t194/tegra/t194/release/bl31/delay_timer.o
                0x000000004000db2c                timer_init
 .text.udelay   0x000000004000db74       0xb8 ./234-t194/tegra/t194/release/bl31/delay_timer.o
                0x000000004000db74                udelay
 .text.unsigned_num_print
                0x000000004000dc2c       0xfc ./234-t194/tegra/t194/release/lib/libc.a(printf.o)
 .text.unsigned_num_print
                0x000000004000dd28      0x160 ./234-t194/tegra/t194/release/lib/libc.a(snprintf.o)
 .text.vprintf  0x000000004000de88      0x41c ./234-t194/tegra/t194/release/lib/libc.a(printf.o)
                0x000000004000de88                vprintf
 .text.vsnprintf
                0x000000004000e2a4      0x428 ./234-t194/tegra/t194/release/lib/libc.a(snprintf.o)
                0x000000004000e2a4                vsnprintf
 .text.xlat_arch_current_el
                0x000000004000e6cc       0x34 ./234-t194/tegra/t194/release/bl31/xlat_tables_arch.o
                0x000000004000e6cc                xlat_arch_current_el
 .text.xlat_arch_get_max_supported_pa
                0x000000004000e700       0x4c ./234-t194/tegra/t194/release/bl31/xlat_tables_arch.o
                0x000000004000e700                xlat_arch_get_max_supported_pa
 .text.xlat_arch_get_pas
                0x000000004000e74c       0x14 ./234-t194/tegra/t194/release/bl31/xlat_tables_arch.o
                0x000000004000e74c                xlat_arch_get_pas
 .text.xlat_arch_regime_get_xn_desc
                0x000000004000e760       0x40 ./234-t194/tegra/t194/release/bl31/xlat_tables_arch.o
                0x000000004000e760                xlat_arch_regime_get_xn_desc
 .text.xlat_arch_tlbi_va
                0x000000004000e7a0       0xc0 ./234-t194/tegra/t194/release/bl31/xlat_tables_arch.o
                0x000000004000e7a0                xlat_arch_tlbi_va
 .text.xlat_arch_tlbi_va_sync
                0x000000004000e860        0xc ./234-t194/tegra/t194/release/bl31/xlat_tables_arch.o
                0x000000004000e860                xlat_arch_tlbi_va_sync
 .text.xlat_desc
                0x000000004000e86c      0x14c ./234-t194/tegra/t194/release/bl31/xlat_tables_core.o
                0x000000004000e86c                xlat_desc
 .text.xlat_get_min_virt_addr_space_size
                0x000000004000e9b8       0x1c ./234-t194/tegra/t194/release/bl31/xlat_tables_arch.o
                0x000000004000e9b8                xlat_get_min_virt_addr_space_size
 .text.xlat_mmap_print
                0x000000004000e9d4        0x4 ./234-t194/tegra/t194/release/bl31/xlat_tables_utils.o
                0x000000004000e9d4                xlat_mmap_print
 .text.xlat_table_get_index
                0x000000004000e9d8       0x50 ./234-t194/tegra/t194/release/bl31/xlat_tables_core.o
 .text.xlat_tables_map_region
                0x000000004000ea28      0x298 ./234-t194/tegra/t194/release/bl31/xlat_tables_core.o
 .text.xlat_tables_print
                0x000000004000ecc0        0x4 ./234-t194/tegra/t194/release/bl31/xlat_tables_utils.o
                0x000000004000ecc0                xlat_tables_print
 .text.xlat_tables_unmap_region
                0x000000004000ecc4      0x20c ./234-t194/tegra/t194/release/bl31/xlat_tables_core.o
 *(.vectors)
 *fill*         0x000000004000eed0      0x130 
 .vectors       0x000000004000f000      0x800 ./234-t194/tegra/t194/release/bl31/runtime_exceptions.o
                0x000000004000f000                sync_exception_sp_el0
                0x000000004000f000                runtime_exceptions
                0x000000004000f080                irq_sp_el0
                0x000000004000f100                fiq_sp_el0
                0x000000004000f180                serror_sp_el0
                0x000000004000f200                sync_exception_sp_elx
                0x000000004000f280                irq_sp_elx
                0x000000004000f300                fiq_sp_elx
                0x000000004000f380                serror_sp_elx
                0x000000004000f400                sync_exception_aarch64
                0x000000004000f480                irq_aarch64
                0x000000004000f500                fiq_aarch64
                0x000000004000f580                serror_aarch64
                0x000000004000f600                sync_exception_aarch32
                0x000000004000f680                irq_aarch32
                0x000000004000f700                fiq_aarch32
                0x000000004000f780                serror_aarch32
 .vectors       0x000000004000f800      0x800 ./234-t194/tegra/t194/release/bl31/denver.o
                0x0000000040010000                . = ALIGN (0x1000)
                0x0000000040010000                __TEXT_END__ = .

.iplt           0x0000000040010000        0x0
 .iplt          0x0000000040010000        0x0 ./234-t194/tegra/t194/release/bl31/bl31_context_mgmt.o

.rodata         0x0000000040010000     0x6000
                0x0000000040010000                __RODATA_START__ = .
 *(SORT_BY_ALIGNMENT(.rodata*))
 .rodata.psci_args.3231
                0x0000000040010000       0x10 ./234-t194/tegra/t194/release/bl31/bl31_main.o
 .rodata        0x0000000040010010       0xb0 ./234-t194/tegra/t194/release/bl31/ras_common.o
 .rodata.exception_data
                0x00000000400100c0       0x10 ./234-t194/tegra/t194/release/bl31/plat_ehf.o
                0x00000000400100c0                exception_data
 .rodata.sdei_global_mappings
                0x00000000400100d0       0x20 ./234-t194/tegra/t194/release/bl31/tegra_sdei.o
                0x00000000400100d0                sdei_global_mappings
 .rodata.CCPMU_uncorr_ras_errors