Archive member included to satisfy reference by file (symbol)

/home/ssysarch/Desktop/nick/jetpack_5/Jetson_Linux_R35.4.1_aarch64/Linux_for_Tegra/sources/tegra/optee-src/nv-optee/optee/build/t234/export-ta_arm64/lib/libutils.a(stack_check.o)
                              /home/ssysarch/Desktop/nick/jetpack_5/Jetson_Linux_R35.4.1_aarch64/Linux_for_Tegra/sources/tegra/optee-src/nv-optee/optee/build/t234//ta/hwkey-agent/hwkey_agent_ta.o (__stack_chk_fail)
/home/ssysarch/Desktop/nick/jetpack_5/Jetson_Linux_R35.4.1_aarch64/Linux_for_Tegra/sources/tegra/optee-src/nv-optee/optee/build/t234/export-ta_arm64/lib/libutils.a(memset.o)
                              /home/ssysarch/Desktop/nick/jetpack_5/Jetson_Linux_R35.4.1_aarch64/Linux_for_Tegra/sources/tegra/optee-src/nv-optee/optee/build/t234//ta/hwkey-agent/hwkey_agent_ta.o (memset)
/home/ssysarch/Desktop/nick/jetpack_5/Jetson_Linux_R35.4.1_aarch64/Linux_for_Tegra/sources/tegra/optee-src/nv-optee/optee/build/t234/export-ta_arm64/lib/libutils.a(trace.o)
                              /home/ssysarch/Desktop/nick/jetpack_5/Jetson_Linux_R35.4.1_aarch64/Linux_for_Tegra/sources/tegra/optee-src/nv-optee/optee/build/t234//ta/hwkey-agent/hwkey_agent_ta.o (trace_printf)
/home/ssysarch/Desktop/nick/jetpack_5/Jetson_Linux_R35.4.1_aarch64/Linux_for_Tegra/sources/tegra/optee-src/nv-optee/optee/build/t234/export-ta_arm64/lib/libutils.a(memcpy.o)
                              /home/ssysarch/Desktop/nick/jetpack_5/Jetson_Linux_R35.4.1_aarch64/Linux_for_Tegra/sources/tegra/optee-src/nv-optee/optee/build/t234/export-ta_arm64/lib/libutils.a(trace.o) (memcpy)
/home/ssysarch/Desktop/nick/jetpack_5/Jetson_Linux_R35.4.1_aarch64/Linux_for_Tegra/sources/tegra/optee-src/nv-optee/optee/build/t234/export-ta_arm64/lib/libutils.a(snprintk.o)
                              /home/ssysarch/Desktop/nick/jetpack_5/Jetson_Linux_R35.4.1_aarch64/Linux_for_Tegra/sources/tegra/optee-src/nv-optee/optee/build/t234/export-ta_arm64/lib/libutils.a(trace.o) (vsnprintk)
/home/ssysarch/Desktop/nick/jetpack_5/Jetson_Linux_R35.4.1_aarch64/Linux_for_Tegra/sources/tegra/optee-src/nv-optee/optee/build/t234/export-ta_arm64/lib/libutils.a(memchr.o)
                              /home/ssysarch/Desktop/nick/jetpack_5/Jetson_Linux_R35.4.1_aarch64/Linux_for_Tegra/sources/tegra/optee-src/nv-optee/optee/build/t234/export-ta_arm64/lib/libutils.a(snprintk.o) (memchr)
/home/ssysarch/Desktop/nick/jetpack_5/Jetson_Linux_R35.4.1_aarch64/Linux_for_Tegra/sources/tegra/optee-src/nv-optee/optee/build/t234/export-ta_arm64/lib/libutils.a(strlen.o)
                              /home/ssysarch/Desktop/nick/jetpack_5/Jetson_Linux_R35.4.1_aarch64/Linux_for_Tegra/sources/tegra/optee-src/nv-optee/optee/build/t234/export-ta_arm64/lib/libutils.a(snprintk.o) (strlen)
/home/ssysarch/Desktop/nick/jetpack_5/Jetson_Linux_R35.4.1_aarch64/Linux_for_Tegra/sources/tegra/optee-src/nv-optee/optee/build/t234/export-ta_arm64/lib/libutee.a(trace_ext.o)
                              /home/ssysarch/Desktop/nick/jetpack_5/Jetson_Linux_R35.4.1_aarch64/Linux_for_Tegra/sources/tegra/optee-src/nv-optee/optee/build/t234/export-ta_arm64/lib/libutils.a(trace.o) (trace_ext_puts)
/home/ssysarch/Desktop/nick/jetpack_5/Jetson_Linux_R35.4.1_aarch64/Linux_for_Tegra/sources/tegra/optee-src/nv-optee/optee/build/t234/export-ta_arm64/lib/libutee.a(tee_api.o)
                              /home/ssysarch/Desktop/nick/jetpack_5/Jetson_Linux_R35.4.1_aarch64/Linux_for_Tegra/sources/tegra/optee-src/nv-optee/optee/build/t234//ta/hwkey-agent/hwkey_agent_ta.o (TEE_OpenTASession)
/home/ssysarch/Desktop/nick/jetpack_5/Jetson_Linux_R35.4.1_aarch64/Linux_for_Tegra/sources/tegra/optee-src/nv-optee/optee/build/t234/export-ta_arm64/lib/libutee.a(tee_api_objects.o)
                              /home/ssysarch/Desktop/nick/jetpack_5/Jetson_Linux_R35.4.1_aarch64/Linux_for_Tegra/sources/tegra/optee-src/nv-optee/optee/build/t234//ta/hwkey-agent/hwkey_agent_ta.o (TEE_AllocateTransientObject)
/home/ssysarch/Desktop/nick/jetpack_5/Jetson_Linux_R35.4.1_aarch64/Linux_for_Tegra/sources/tegra/optee-src/nv-optee/optee/build/t234/export-ta_arm64/lib/libutee.a(tee_api_operations.o)
                              /home/ssysarch/Desktop/nick/jetpack_5/Jetson_Linux_R35.4.1_aarch64/Linux_for_Tegra/sources/tegra/optee-src/nv-optee/optee/build/t234//ta/hwkey-agent/hwkey_agent_ta.o (TEE_FreeOperation)
/home/ssysarch/Desktop/nick/jetpack_5/Jetson_Linux_R35.4.1_aarch64/Linux_for_Tegra/sources/tegra/optee-src/nv-optee/optee/build/t234/export-ta_arm64/lib/libutee.a(tee_api_panic.o)
                              /home/ssysarch/Desktop/nick/jetpack_5/Jetson_Linux_R35.4.1_aarch64/Linux_for_Tegra/sources/tegra/optee-src/nv-optee/optee/build/t234/export-ta_arm64/lib/libutee.a(tee_api.o) (TEE_Panic)
/home/ssysarch/Desktop/nick/jetpack_5/Jetson_Linux_R35.4.1_aarch64/Linux_for_Tegra/sources/tegra/optee-src/nv-optee/optee/build/t234/export-ta_arm64/lib/libutee.a(tee_system_pta.o)
[...]
Memory Configuration

Name             Origin             Length             Attributes
*default*        0x0000000000000000 0xffffffffffffffff

Linker script and memory map


.ta_head        0x0000000000000000       0x20
 *(SORT_BY_ALIGNMENT(.ta_head))
 .ta_head       0x0000000000000000       0x20 /home/ssysarch/Desktop/nick/jetpack_5/Jetson_Linux_R35.4.1_aarch64/Linux_for_Tegra/sources/tegra/optee-src/nv-optee/optee/build/t234//ta/hwkey-agent/user_ta_header.o
                0x0000000000000000                ta_head

.text           0x0000000000000020    0x12f24
                0x0000000000000020                __text_start = .
 *(SORT_BY_ALIGNMENT(.text) SORT_BY_ALIGNMENT(.text.*))
 .text          0x0000000000000020       0xec /home/ssysarch/Desktop/nick/jetpack_5/Jetson_Linux_R35.4.1_aarch64/Linux_for_Tegra/sources/tegra/optee-src/nv-optee/optee/build/t234/export-ta_arm64/lib/libutils.a(memcpy.o)
                0x0000000000000020                memcpy
 .text          0x000000000000010c      0x450 /home/ssysarch/Desktop/nick/jetpack_5/Jetson_Linux_R35.4.1_aarch64/Linux_for_Tegra/sources/tegra/optee-src/nv-optee/optee/build/t234//ta/hwkey-agent/hwkey_agent_ta.o
                0x00000000000003fc                TA_CreateEntryPoint
                0x0000000000000404                TA_DestroyEntryPoint
                0x0000000000000408                TA_OpenSessionEntryPoint
                0x0000000000000444                TA_CloseSessionEntryPoint
                0x000000000000047c                TA_InvokeCommandEntryPoint
 .text          0x000000000000055c       0x1c /home/ssysarch/Desktop/nick/jetpack_5/Jetson_Linux_R35.4.1_aarch64/Linux_for_Tegra/sources/tegra/optee-src/nv-optee/optee/build/t234//ta/hwkey-agent/user_ta_header.o
                0x000000000000055c                __ta_entry
                0x0000000000000570                tahead_get_trace_level
 .text          0x0000000000000578       0x30 /home/ssysarch/Desktop/nick/jetpack_5/Jetson_Linux_R35.4.1_aarch64/Linux_for_Tegra/sources/tegra/optee-src/nv-optee/optee/build/t234/export-ta_arm64/lib/libutils.a(stack_check.o)
                0x0000000000000578                __stack_chk_fail
 .text          0x00000000000005a8       0x1c /home/ssysarch/Desktop/nick/jetpack_5/Jetson_Linux_R35.4.1_aarch64/Linux_for_Tegra/sources/tegra/optee-src/nv-optee/optee/build/t234/export-ta_arm64/lib/libutils.a(memset.o)
                0x00000000000005a8                memset
 .text          0x00000000000005c4      0x5cc /home/ssysarch/Desktop/nick/jetpack_5/Jetson_Linux_R35.4.1_aarch64/Linux_for_Tegra/sources/tegra/optee-src/nv-optee/optee/build/t234/export-ta_arm64/lib/libutils.a(trace.o)
                0x00000000000006d0                trace_set_level
                0x00000000000006ec                trace_get_level
                0x00000000000006fc                trace_vprintf
                0x0000000000000918                trace_printf
                0x00000000000009f8                dhex_dump
 .text          0x0000000000000b90      0xe10 /home/ssysarch/Desktop/nick/jetpack_5/Jetson_Linux_R35.4.1_aarch64/Linux_for_Tegra/sources/tegra/optee-src/nv-optee/optee/build/t234/export-ta_arm64/lib/libutils.a(snprintk.o)
                0x0000000000000b90                __vsnprintf
                0x0000000000000c50                vsnprintk
                0x0000000000000ca8                snprintk
                0x0000000000001954                __vsprintf
 .text          0x00000000000019a0       0x2c /home/ssysarch/Desktop/nick/jetpack_5/Jetson_Linux_R35.4.1_aarch64/Linux_for_Tegra/sources/tegra/optee-src/nv-optee/optee/build/t234/export-ta_arm64/lib/libutils.a(memchr.o)
                0x00000000000019a0                memchr
 .text          0x00000000000019cc       0x1c /home/ssysarch/Desktop/nick/jetpack_5/Jetson_Linux_R35.4.1_aarch64/Linux_for_Tegra/sources/tegra/optee-src/nv-optee/optee/build/t234/export-ta_arm64/lib/libutils.a(strlen.o)
                0x00000000000019cc                strlen
 .text          0x00000000000019e8      0x1e0 /home/ssysarch/Desktop/nick/jetpack_5/Jetson_Linux_R35.4.1_aarch64/Linux_for_Tegra/sources/tegra/optee-src/nv-optee/optee/build/t234/export-ta_arm64/lib/libutee.a(trace_ext.o)
                0x00000000000019e8                trace_ext_puts
                0x0000000000001a10                trace_ext_get_thread_id
                0x0000000000001a18                printf
                0x0000000000001b18                puts
                0x0000000000001b58                putchar
 .text          0x0000000000001bc8     0x10c0 /home/ssysarch/Desktop/nick/jetpack_5/Jetson_Linux_R35.4.1_aarch64/Linux_for_Tegra/sources/tegra/optee-src/nv-optee/optee/build/t234/export-ta_arm64/lib/libutee.a(tee_api.o)
                0x0000000000001f78                TEE_CloseTASession
                0x0000000000001fa0                TEE_GetCancellationFlag
                0x0000000000002000                TEE_UnmaskCancellation
                0x0000000000002060                TEE_MaskCancellation
                0x00000000000020c0                TEE_CheckMemoryAccessRights
                0x00000000000022e4                TEE_OpenTASession
                0x0000000000002438                __GP11_TEE_OpenTASession
                0x0000000000002580                TEE_InvokeTACommand
                0x0000000000002704                __GP11_TEE_InvokeTACommand
                0x000000000000287c                __GP11_TEE_CheckMemoryAccessRights
                0x0000000000002884                TEE_SetInstanceData
                0x0000000000002890                TEE_GetInstanceData
                0x000000000000289c                TEE_MemMove
                0x00000000000028a0                __GP11_TEE_MemMove
                0x00000000000028a8                TEE_MemCompare
                0x00000000000028ac                __GP11_TEE_MemCompare
                0x00000000000028b4                TEE_MemFill
                0x00000000000028b8                __GP11_TEE_MemFill
                0x00000000000028c0                TEE_GetSystemTime
                0x00000000000028e8                TEE_Wait
                0x0000000000002924                TEE_GetTAPersistentTime
                0x0000000000002998                TEE_SetTAPersistentTime
                0x00000000000029dc                TEE_GetREETime
                0x0000000000002a04                TEE_Malloc
                0x0000000000002b28                __GP11_TEE_Malloc
                0x0000000000002b30                TEE_Free
                0x0000000000002b90                TEE_Realloc
                0x0000000000002c68                __GP11_TEE_Realloc
                0x0000000000002c70                TEE_CacheClean
                0x0000000000002c78                TEE_CacheFlush
                0x0000000000002c80                TEE_CacheInvalidate
 .text          0x0000000000002c88     0x1a38 /home/ssysarch/Desktop/nick/jetpack_5/Jetson_Linux_R35.4.1_aarch64/Linux_for_Tegra/sources/tegra/optee-src/nv-optee/optee/build/t234/export-ta_arm64/lib/libutee.a(tee_api_objects.o)
                0x0000000000002c88                __utee_from_attr
                0x0000000000002cd8                __utee_from_gp11_attr
                0x0000000000002d28                TEE_GetObjectInfo
                0x0000000000002de4                __GP11_TEE_GetObjectInfo
                0x0000000000002ea8                TEE_GetObjectInfo1
                0x0000000000002f58                __GP11_TEE_GetObjectInfo1
                0x0000000000003018                TEE_RestrictObjectUsage1
                0x000000000000305c                TEE_RestrictObjectUsage
                0x00000000000030ec                TEE_GetObjectBufferAttribute
                0x00000000000031f0                __GP11_TEE_GetObjectBufferAttribute
                0x0000000000003288                TEE_GetObjectValueAttribute
                0x00000000000033c0                TEE_CloseObject
                0x00000000000033e8                __GP11_TEE_AllocateTransientObject
                0x000000000000349c                TEE_AllocateTransientObject
                0x00000000000034b8                TEE_FreeTransientObject
                0x0000000000003548                TEE_ResetTransientObject
                0x00000000000035d8                TEE_PopulateTransientObject
                0x00000000000036e8                __GP11_TEE_PopulateTransientObject
                0x00000000000037f8                TEE_InitRefAttribute
                0x0000000000003844                __GP11_TEE_InitRefAttribute
                0x0000000000003894                TEE_InitValueAttribute
                0x00000000000038e0                __GP11_TEE_InitValueAttribute
                0x000000000000392c                TEE_CopyObjectAttributes1
                0x0000000000003a24                TEE_CopyObjectAttributes
                0x0000000000003ab8                TEE_GenerateKey
                0x0000000000003b8c                __GP11_TEE_GenerateKey
                0x0000000000003c60                TEE_OpenPersistentObject
                0x0000000000003d44                __GP11_TEE_OpenPersistentObject
                0x0000000000003d4c                TEE_CreatePersistentObject
                0x0000000000003e90                __GP11_TEE_CreatePersistentObject
                0x0000000000003f0c                TEE_CloseAndDeletePersistentObject1
                0x0000000000003f54                TEE_CloseAndDeletePersistentObject
                0x0000000000003f80                TEE_RenamePersistentObject
                0x0000000000003fdc                __GP11_TEE_RenamePersistentObject
                0x0000000000003fe4                TEE_AllocatePersistentObjectEnumerator
                0x0000000000004074                TEE_FreePersistentObjectEnumerator
                0x000000000000409c                TEE_ResetPersistentObjectEnumerator
                0x00000000000040c4                TEE_StartPersistentObjectEnumerator
                0x0000000000004114                TEE_GetNextPersistentObject
                0x0000000000004230                __GP11_TEE_GetNextPersistentObject
                0x000000000000435c                TEE_ReadObjectData
                0x0000000000004424                __GP11_TEE_ReadObjectData
                0x00000000000044bc                TEE_WriteObjectData
                0x0000000000004534                __GP11_TEE_WriteObjectData
                0x000000000000453c                TEE_TruncateObjectData
                0x0000000000004598                __GP11_TEE_TruncateObjectData
                0x00000000000045a0                TEE_SeekObjectData
                0x00000000000046b8                __GP11_TEE_SeekObjectData
 .text          0x00000000000046c0     0x4524 /home/ssysarch/Desktop/nick/jetpack_5/Jetson_Linux_R35.4.1_aarch64/Linux_for_Tegra/sources/tegra/optee-src/nv-optee/optee/build/t234/export-ta_arm64/lib/libutee.a(tee_api_operations.o)
                0x0000000000004dec                TEE_FreeOperation
                0x0000000000004e2c                TEE_AllocateOperation
                0x0000000000005b64                __GP11_TEE_FreeOperation
                0x0000000000005b90                TEE_GetOperationInfo
                0x0000000000005be4                TEE_GetOperationInfoMultiple
                0x0000000000005d94                __GP11_TEE_GetOperationInfoMultiple
                0x0000000000005e1c                TEE_ResetOperation
                0x0000000000005e58                TEE_SetOperationKey
                0x0000000000005fa4                __GP11_TEE_SetOperationKey
                0x0000000000005fe0                TEE_SetOperationKey2
                0x0000000000006000                __GP11_TEE_SetOperationKey2
                0x000000000000604c                TEE_CopyOperation
                0x00000000000061a8                TEE_DigestUpdate
                0x0000000000006218                __GP11_TEE_DigestUpdate
                0x0000000000006220                TEE_DigestDoFinal
                0x000000000000638c                __GP11_TEE_DigestDoFinal
                0x000000000000642c                TEE_DigestExtract
                0x00000000000065d0                TEE_CipherInit
                0x00000000000066b0                __GP11_TEE_CipherInit
                0x00000000000066b8                TEE_CipherUpdate
                0x000000000000684c                __GP11_TEE_CipherUpdate
                0x00000000000068ec                TEE_CipherDoFinal
                0x0000000000006b04                __GP11_TEE_CipherDoFinal
                0x0000000000006bb4                TEE_MACInit
                0x0000000000006c58                __GP11_TEE_MACInit
                0x0000000000006c60                TEE_MACUpdate
                0x0000000000006d00                __GP11_TEE_MACUpdate
                0x0000000000006d08                TEE_MACComputeFinal
                0x0000000000006e18                __GP11_TEE_MACComputeFinal
                0x0000000000006eb8                TEE_MACCompareFinal
                0x0000000000006fbc                __GP11_TEE_MACCompareFinal
                0x0000000000006fc8                TEE_AEInit
                0x000000000000708c                __GP11_TEE_AEInit
                0x000000000000709c                TEE_AEUpdateAAD
                0x0000000000007138                __GP11_TEE_AEUpdateAAD
                0x00000000000071cc                TEE_AEUpdate
                0x00000000000072ac                __GP11_TEE_AEUpdate
                0x00000000000073cc                TEE_AEEncryptFinal
                0x00000000000075cc                __GP11_TEE_AEEncryptFinal
                0x00000000000076a0                TEE_AEDecryptFinal
                0x0000000000007874                __GP11_TEE_AEDecryptFinal
                0x000000000000792c                TEE_AsymmetricEncrypt
                0x0000000000007abc                __GP11_TEE_AsymmetricEncrypt
                0x0000000000007c30                TEE_AsymmetricDecrypt
                0x0000000000007dc4                __GP11_TEE_AsymmetricDecrypt
                0x0000000000007f3c                TEE_AsymmetricSignDigest
                0x00000000000080a8                __GP11_TEE_AsymmetricSignDigest
                0x0000000000008214                TEE_AsymmetricVerifyDigest
                0x000000000000836c                __GP11_TEE_AsymmetricVerifyDigest
                0x00000000000084c4                TEE_DeriveKey
                0x0000000000008640                __GP11_TEE_DeriveKey
                0x00000000000087bc                TEE_GenerateRandom
                0x00000000000087dc                __GP11_TEE_GenerateRandom
                0x00000000000087e4                rand
                0x000000000000883c                TEE_IsAlgorithmSupported
 .text          0x0000000000008be4      0x2ec /home/ssysarch/Desktop/nick/jetpack_5/Jetson_Linux_R35.4.1_aarch64/Linux_for_Tegra/sources/tegra/optee-src/nv-optee/optee/build/t234/export-ta_arm64/lib/libutee.a(tee_api_panic.o)
                0x0000000000008c00                TEE_Panic
                0x0000000000008c4c                __utee_check_outbuf_annotation
                0x0000000000008cb0                __utee_check_gp11_outbuf_annotation
                0x0000000000008d14                __utee_check_instring_annotation
                0x0000000000008d50                __utee_check_outstring_annotation
                0x0000000000008db4                __utee_check_gp11_outstring_annotation
                0x0000000000008e18                __utee_check_out_annotation
                0x0000000000008e44                __utee_check_attr_in_annotation
                0x0000000000008e74                __utee_check_gp11_attr_in_annotation
                0x0000000000008ea4                __utee_check_inout_annotation
 .text          0x0000000000008ed0      0x310 /home/ssysarch/Desktop/nick/jetpack_5/Jetson_Linux_R35.4.1_aarch64/Linux_for_Tegra/sources/tegra/optee-src/nv-optee/optee/build/t234/export-ta_arm64/lib/libutee.a(tee_system_pta.o)
                0x0000000000008f58                tee_map_zi
                0x0000000000009008                tee_unmap
                0x00000000000090d0                tee_invoke_supp_plugin
 .text          0x00000000000091e0      0x74c /home/ssysarch/Desktop/nick/jetpack_5/Jetson_Linux_R35.4.1_aarch64/Linux_for_Tegra/sources/tegra/optee-src/nv-optee/optee/build/t234/export-ta_arm64/lib/libutee.a(user_ta_entry.o)
                0x00000000000094a4                __utee_call_elf_init_fn
                0x00000000000095fc                __utee_call_elf_fini_fn
                0x00000000000096a4                __utee_entry
 .text._utee_panic
                0x000000000000992c        0xc /home/ssysarch/Desktop/nick/jetpack_5/Jetson_Linux_R35.4.1_aarch64/Linux_for_Tegra/sources/tegra/optee-src/nv-optee/optee/build/t234/export-ta_arm64/lib/libutee.a(utee_syscalls_a64.o)
                0x000000000000992c                _utee_panic
 .text._utee_return
                0x0000000000009938        0xc /home/ssysarch/Desktop/nick/jetpack_5/Jetson_Linux_R35.4.1_aarch64/Linux_for_Tegra/sources/tegra/optee-src/nv-optee/optee/build/t234/export-ta_arm64/lib/libutee.a(utee_syscalls_a64.o)
                0x0000000000009938                _utee_return
 .text._utee_log
                0x0000000000009944        0xc /home/ssysarch/Desktop/nick/jetpack_5/Jetson_Linux_R35.4.1_aarch64/Linux_for_Tegra/sources/tegra/optee-src/nv-optee/optee/build/t234/export-ta_arm64/lib/libutee.a(utee_syscalls_a64.o)
                0x0000000000009944                _utee_log
 .text.__utee_panic
                0x0000000000009950        0xc /home/ssysarch/Desktop/nick/jetpack_5/Jetson_Linux_R35.4.1_aarch64/Linux_for_Tegra/sources/tegra/optee-src/nv-optee/optee/build/t234/export-ta_arm64/lib/libutee.a(utee_syscalls_a64.o)
                0x0000000000009950                __utee_panic
 .text._utee_get_property
                0x000000000000995c        0xc /home/ssysarch/Desktop/nick/jetpack_5/Jetson_Linux_R35.4.1_aarch64/Linux_for_Tegra/sources/tegra/optee-src/nv-optee/optee/build/t234/export-ta_arm64/lib/libutee.a(utee_syscalls_a64.o)
                0x000000000000995c                _utee_get_property
 .text._utee_get_property_name_to_index
                0x0000000000009968        0xc /home/ssysarch/Desktop/nick/jetpack_5/Jetson_Linux_R35.4.1_aarch64/Linux_for_Tegra/sources/tegra/optee-src/nv-optee/optee/build/t234/export-ta_arm64/lib/libutee.a(utee_syscalls_a64.o)
                0x0000000000009968                _utee_get_property_name_to_index
 .text._utee_open_ta_session
                0x0000000000009974        0xc /home/ssysarch/Desktop/nick/jetpack_5/Jetson_Linux_R35.4.1_aarch64/Linux_for_Tegra/sources/tegra/optee-src/nv-optee/optee/build/t234/export-ta_arm64/lib/libutee.a(utee_syscalls_a64.o)
                0x0000000000009974                _utee_open_ta_session
 .text._utee_close_ta_session
                0x0000000000009980        0xc /home/ssysarch/Desktop/nick/jetpack_5/Jetson_Linux_R35.4.1_aarch64/Linux_for_Tegra/sources/tegra/optee-src/nv-optee/optee/build/t234/export-ta_arm64/lib/libutee.a(utee_syscalls_a64.o)
                0x0000000000009980                _utee_close_ta_session
 .text._utee_invoke_ta_command
                0x000000000000998c        0xc /home/ssysarch/Desktop/nick/jetpack_5/Jetson_Linux_R35.4.1_aarch64/Linux_for_Tegra/sources/tegra/optee-src/nv-optee/optee/build/t234/export-ta_arm64/lib/libutee.a(utee_syscalls_a64.o)
                0x000000000000998c                _utee_invoke_ta_command
 .text._utee_get_cancellation_flag
                0x0000000000009998        0xc /home/ssysarch/Desktop/nick/jetpack_5/Jetson_Linux_R35.4.1_aarch64/Linux_for_Tegra/sources/tegra/optee-src/nv-optee/optee/build/t234/export-ta_arm64/lib/libutee.a(utee_syscalls_a64.o)
                0x0000000000009998                _utee_get_cancellation_flag
 .text._utee_check_access_rights
                0x00000000000099a4        0xc /home/ssysarch/Desktop/nick/jetpack_5/Jetson_Linux_R35.4.1_aarch64/Linux_for_Tegra/sources/tegra/optee-src/nv-optee/optee/build/t234/export-ta_arm64/lib/libutee.a(utee_syscalls_a64.o)
                0x00000000000099a4                _utee_check_access_rights
 .text._utee_unmask_cancellation
                0x00000000000099b0        0xc /home/ssysarch/Desktop/nick/jetpack_5/Jetson_Linux_R35.4.1_aarch64/Linux_for_Tegra/sources/tegra/optee-src/nv-optee/optee/build/t234/export-ta_arm64/lib/libutee.a(utee_syscalls_a64.o)
                0x00000000000099b0                _utee_unmask_cancellation
 .text._utee_mask_cancellation
                0x00000000000099bc        0xc /home/ssysarch/Desktop/nick/jetpack_5/Jetson_Linux_R35.4.1_aarch64/Linux_for_Tegra/sources/tegra/optee-src/nv-optee/optee/build/t234/export-ta_arm64/lib/libutee.a(utee_syscalls_a64.o)
                0x00000000000099bc                _utee_mask_cancellation
 .text._utee_wait
                0x00000000000099c8        0xc /home/ssysarch/Desktop/nick/jetpack_5/Jetson_Linux_R35.4.1_aarch64/Linux_for_Tegra/sources/tegra/optee-src/nv-optee/optee/build/t234/export-ta_arm64/lib/libutee.a(utee_syscalls_a64.o)
                0x00000000000099c8                _utee_wait
 .text._utee_get_time
                0x00000000000099d4        0xc /home/ssysarch/Desktop/nick/jetpack_5/Jetson_Linux_R35.4.1_aarch64/Linux_for_Tegra/sources/tegra/optee-src/nv-optee/optee/build/t234/export-ta_arm64/lib/libutee.a(utee_syscalls_a64.o)
                0x00000000000099d4                _utee_get_time
 .text._utee_set_ta_time
                0x00000000000099e0        0xc /home/ssysarch/Desktop/nick/jetpack_5/Jetson_Linux_R35.4.1_aarch64/Linux_for_Tegra/sources/tegra/optee-src/nv-optee/optee/build/t234/export-ta_arm64/lib/libutee.a(utee_syscalls_a64.o)
                0x00000000000099e0                _utee_set_ta_time
 .text._utee_cryp_state_alloc
                0x00000000000099ec        0xc /home/ssysarch/Desktop/nick/jetpack_5/Jetson_Linux_R35.4.1_aarch64/Linux_for_Tegra/sources/tegra/optee-src/nv-optee/optee/build/t234/export-ta_arm64/lib/libutee.a(utee_syscalls_a64.o)
                0x00000000000099ec                _utee_cryp_state_alloc
 .text._utee_cryp_state_copy
                0x00000000000099f8        0xc /home/ssysarch/Desktop/nick/jetpack_5/Jetson_Linux_R35.4.1_aarch64/Linux_for_Tegra/sources/tegra/optee-src/nv-optee/optee/build/t234/export-ta_arm64/lib/libutee.a(utee_syscalls_a64.o)
                0x00000000000099f8                _utee_cryp_state_copy
 .text._utee_cryp_state_free
                0x0000000000009a04        0xc /home/ssysarch/Desktop/nick/jetpack_5/Jetson_Linux_R35.4.1_aarch64/Linux_for_Tegra/sources/tegra/optee-src/nv-optee/optee/build/t234/export-ta_arm64/lib/libutee.a(utee_syscalls_a64.o)
                0x0000000000009a04                _utee_cryp_state_free
 .text._utee_hash_init
                0x0000000000009a10        0xc /home/ssysarch/Desktop/nick/jetpack_5/Jetson_Linux_R35.4.1_aarch64/Linux_for_Tegra/sources/tegra/optee-src/nv-optee/optee/build/t234/export-ta_arm64/lib/libutee.a(utee_syscalls_a64.o)
                0x0000000000009a10                _utee_hash_init
 .text._utee_hash_update
                0x0000000000009a1c        0xc /home/ssysarch/Desktop/nick/jetpack_5/Jetson_Linux_R35.4.1_aarch64/Linux_for_Tegra/sources/tegra/optee-src/nv-optee/optee/build/t234/export-ta_arm64/lib/libutee.a(utee_syscalls_a64.o)
                0x0000000000009a1c                _utee_hash_update
 .text._utee_hash_final
                0x0000000000009a28        0xc /home/ssysarch/Desktop/nick/jetpack_5/Jetson_Linux_R35.4.1_aarch64/Linux_for_Tegra/sources/tegra/optee-src/nv-optee/optee/build/t234/export-ta_arm64/lib/libutee.a(utee_syscalls_a64.o)
                0x0000000000009a28                _utee_hash_final
 .text._utee_cipher_init
                0x0000000000009a34        0xc /home/ssysarch/Desktop/nick/jetpack_5/Jetson_Linux_R35.4.1_aarch64/Linux_for_Tegra/sources/tegra/optee-src/nv-optee/optee/build/t234/export-ta_arm64/lib/libutee.a(utee_syscalls_a64.o)
                0x0000000000009a34                _utee_cipher_init
 .text._utee_cipher_update
                0x0000000000009a40        0xc /home/ssysarch/Desktop/nick/jetpack_5/Jetson_Linux_R35.4.1_aarch64/Linux_for_Tegra/sources/tegra/optee-src/nv-optee/optee/build/t234/export-ta_arm64/lib/libutee.a(utee_syscalls_a64.o)
                0x0000000000009a40                _utee_cipher_update
 .text._utee_cipher_final
                0x0000000000009a4c        0xc /home/ssysarch/Desktop/nick/jetpack_5/Jetson_Linux_R35.4.1_aarch64/Linux_for_Tegra/sources/tegra/optee-src/nv-optee/optee/build/t234/export-ta_arm64/lib/libutee.a(utee_syscalls_a64.o)
                0x0000000000009a4c                _utee_cipher_final
 .text._utee_cryp_obj_get_info
                0x0000000000009a58        0xc /home/ssysarch/Desktop/nick/jetpack_5/Jetson_Linux_R35.4.1_aarch64/Linux_for_Tegra/sources/tegra/optee-src/nv-optee/optee/build/t234/export-ta_arm64/lib/libutee.a(utee_syscalls_a64.o)
                0x0000000000009a58                _utee_cryp_obj_get_info
 .text._utee_cryp_obj_restrict_usage
                0x0000000000009a64        0xc /home/ssysarch/Desktop/nick/jetpack_5/Jetson_Linux_R35.4.1_aarch64/Linux_for_Tegra/sources/tegra/optee-src/nv-optee/optee/build/t234/export-ta_arm64/lib/libutee.a(utee_syscalls_a64.o)
                0x0000000000009a64                _utee_cryp_obj_restrict_usage
 .text._utee_cryp_obj_get_attr
                0x0000000000009a70        0xc /home/ssysarch/Desktop/nick/jetpack_5/Jetson_Linux_R35.4.1_aarch64/Linux_for_Tegra/sources/tegra/optee-src/nv-optee/optee/build/t234/export-ta_arm64/lib/libutee.a(utee_syscalls_a64.o)
                0x0000000000009a70                _utee_cryp_obj_get_attr
 .text._utee_cryp_obj_alloc
                0x0000000000009a7c        0xc /home/ssysarch/Desktop/nick/jetpack_5/Jetson_Linux_R35.4.1_aarch64/Linux_for_Tegra/sources/tegra/optee-src/nv-optee/optee/build/t234/export-ta_arm64/lib/libutee.a(utee_syscalls_a64.o)
                0x0000000000009a7c                _utee_cryp_obj_alloc
 .text._utee_cryp_obj_close
                0x0000000000009a88        0xc /home/ssysarch/Desktop/nick/jetpack_5/Jetson_Linux_R35.4.1_aarch64/Linux_for_Tegra/sources/tegra/optee-src/nv-optee/optee/build/t234/export-ta_arm64/lib/libutee.a(utee_syscalls_a64.o)
                0x0000000000009a88                _utee_cryp_obj_close
 .text._utee_cryp_obj_reset
                0x0000000000009a94        0xc /home/ssysarch/Desktop/nick/jetpack_5/Jetson_Linux_R35.4.1_aarch64/Linux_for_Tegra/sources/tegra/optee-src/nv-optee/optee/build/t234/export-ta_arm64/lib/libutee.a(utee_syscalls_a64.o)
                0x0000000000009a94                _utee_cryp_obj_reset
 .text._utee_cryp_obj_populate
                0x0000000000009aa0        0xc /home/ssysarch/Desktop/nick/jetpack_5/Jetson_Linux_R35.4.1_aarch64/Linux_for_Tegra/sources/tegra/optee-src/nv-optee/optee/build/t234/export-ta_arm64/lib/libutee.a(utee_syscalls_a64.o)
                0x0000000000009aa0                _utee_cryp_obj_populate
 .text._utee_cryp_obj_copy
                0x0000000000009aac        0xc /home/ssysarch/Desktop/nick/jetpack_5/Jetson_Linux_R35.4.1_aarch64/Linux_for_Tegra/sources/tegra/optee-src/nv-optee/optee/build/t234/export-ta_arm64/lib/libutee.a(utee_syscalls_a64.o)
                0x0000000000009aac                _utee_cryp_obj_copy
 .text._utee_cryp_derive_key
                0x0000000000009ab8        0xc /home/ssysarch/Desktop/nick/jetpack_5/Jetson_Linux_R35.4.1_aarch64/Linux_for_Tegra/sources/tegra/optee-src/nv-optee/optee/build/t234/export-ta_arm64/lib/libutee.a(utee_syscalls_a64.o)
                0x0000000000009ab8                _utee_cryp_derive_key
 .text._utee_cryp_random_number_generate
                0x0000000000009ac4        0xc /home/ssysarch/Desktop/nick/jetpack_5/Jetson_Linux_R35.4.1_aarch64/Linux_for_Tegra/sources/tegra/optee-src/nv-optee/optee/build/t234/export-ta_arm64/lib/libutee.a(utee_syscalls_a64.o)
                0x0000000000009ac4                _utee_cryp_random_number_generate
 .text._utee_authenc_init
                0x0000000000009ad0        0xc /home/ssysarch/Desktop/nick/jetpack_5/Jetson_Linux_R35.4.1_aarch64/Linux_for_Tegra/sources/tegra/optee-src/nv-optee/optee/build/t234/export-ta_arm64/lib/libutee.a(utee_syscalls_a64.o)
                0x0000000000009ad0                _utee_authenc_init
 .text._utee_authenc_update_aad
                0x0000000000009adc        0xc /home/ssysarch/Desktop/nick/jetpack_5/Jetson_Linux_R35.4.1_aarch64/Linux_for_Tegra/sources/tegra/optee-src/nv-optee/optee/build/t234/export-ta_arm64/lib/libutee.a(utee_syscalls_a64.o)
                0x0000000000009adc                _utee_authenc_update_aad
 .text._utee_authenc_update_payload
                0x0000000000009ae8        0xc /home/ssysarch/Desktop/nick/jetpack_5/Jetson_Linux_R35.4.1_aarch64/Linux_for_Tegra/sources/tegra/optee-src/nv-optee/optee/build/t234/export-ta_arm64/lib/libutee.a(utee_syscalls_a64.o)
                0x0000000000009ae8                _utee_authenc_update_payload
 .text._utee_authenc_enc_final
                0x0000000000009af4        0xc /home/ssysarch/Desktop/nick/jetpack_5/Jetson_Linux_R35.4.1_aarch64/Linux_for_Tegra/sources/tegra/optee-src/nv-optee/optee/build/t234/export-ta_arm64/lib/libutee.a(utee_syscalls_a64.o)
                0x0000000000009af4                _utee_authenc_enc_final
 .text._utee_authenc_dec_final
                0x0000000000009b00        0xc /home/ssysarch/Desktop/nick/jetpack_5/Jetson_Linux_R35.4.1_aarch64/Linux_for_Tegra/sources/tegra/optee-src/nv-optee/optee/build/t234/export-ta_arm64/lib/libutee.a(utee_syscalls_a64.o)
                0x0000000000009b00                _utee_authenc_dec_final
 .text._utee_asymm_operate
                0x0000000000009b0c        0xc /home/ssysarch/Desktop/nick/jetpack_5/Jetson_Linux_R35.4.1_aarch64/Linux_for_Tegra/sources/tegra/optee-src/nv-optee/optee/build/t234/export-ta_arm64/lib/libutee.a(utee_syscalls_a64.o)
                0x0000000000009b0c                _utee_asymm_operate
 .text._utee_asymm_verify
                0x0000000000009b18        0xc /home/ssysarch/Desktop/nick/jetpack_5/Jetson_Linux_R35.4.1_aarch64/Linux_for_Tegra/sources/tegra/optee-src/nv-optee/optee/build/t234/export-ta_arm64/lib/libutee.a(utee_syscalls_a64.o)
                0x0000000000009b18                _utee_asymm_verify
 .text._utee_storage_obj_open
                0x0000000000009b24        0xc /home/ssysarch/Desktop/nick/jetpack_5/Jetson_Linux_R35.4.1_aarch64/Linux_for_Tegra/sources/tegra/optee-src/nv-optee/optee/build/t234/export-ta_arm64/lib/libutee.a(utee_syscalls_a64.o)
                0x0000000000009b24                _utee_storage_obj_open
 .text._utee_storage_obj_create
                0x0000000000009b30        0xc /home/ssysarch/Desktop/nick/jetpack_5/Jetson_Linux_R35.4.1_aarch64/Linux_for_Tegra/sources/tegra/optee-src/nv-optee/optee/build/t234/export-ta_arm64/lib/libutee.a(utee_syscalls_a64.o)
                0x0000000000009b30                _utee_storage_obj_create
 .text._utee_storage_obj_del
                0x0000000000009b3c        0xc /home/ssysarch/Desktop/nick/jetpack_5/Jetson_Linux_R35.4.1_aarch64/Linux_for_Tegra/sources/tegra/optee-src/nv-optee/optee/build/t234/export-ta_arm64/lib/libutee.a(utee_syscalls_a64.o)
                0x0000000000009b3c                _utee_storage_obj_del
 .text._utee_storage_obj_rename
                0x0000000000009b48        0xc /home/ssysarch/Desktop/nick/jetpack_5/Jetson_Linux_R35.4.1_aarch64/Linux_for_Tegra/sources/tegra/optee-src/nv-optee/optee/build/t234/export-ta_arm64/lib/libutee.a(utee_syscalls_a64.o)
                0x0000000000009b48                _utee_storage_obj_rename
 .text._utee_storage_alloc_enum
                0x0000000000009b54        0xc /home/ssysarch/Desktop/nick/jetpack_5/Jetson_Linux_R35.4.1_aarch64/Linux_for_Tegra/sources/tegra/optee-src/nv-optee/optee/build/t234/export-ta_arm64/lib/libutee.a(utee_syscalls_a64.o)
                0x0000000000009b54                _utee_storage_alloc_enum
 .text._utee_storage_free_enum
                0x0000000000009b60        0xc /home/ssysarch/Desktop/nick/jetpack_5/Jetson_Linux_R35.4.1_aarch64/Linux_for_Tegra/sources/tegra/optee-src/nv-optee/optee/build/t234/export-ta_arm64/lib/libutee.a(utee_syscalls_a64.o)
                0x0000000000009b60                _utee_storage_free_enum
 .text._utee_storage_reset_enum
                0x0000000000009b6c        0xc /home/ssysarch/Desktop/nick/jetpack_5/Jetson_Linux_R35.4.1_aarch64/Linux_for_Tegra/sources/tegra/optee-src/nv-optee/optee/build/t234/export-ta_arm64/lib/libutee.a(utee_syscalls_a64.o)
                0x0000000000009b6c                _utee_storage_reset_enum
 .text._utee_storage_start_enum
                0x0000000000009b78        0xc /home/ssysarch/Desktop/nick/jetpack_5/Jetson_Linux_R35.4.1_aarch64/Linux_for_Tegra/sources/tegra/optee-src/nv-optee/optee/build/t234/export-ta_arm64/lib/libutee.a(utee_syscalls_a64.o)
                0x0000000000009b78                _utee_storage_start_enum
 .text._utee_storage_next_enum
                0x0000000000009b84        0xc /home/ssysarch/Desktop/nick/jetpack_5/Jetson_Linux_R35.4.1_aarch64/Linux_for_Tegra/sources/tegra/optee-src/nv-optee/optee/build/t234/export-ta_arm64/lib/libutee.a(utee_syscalls_a64.o)
                0x0000000000009b84                _utee_storage_next_enum
 .text._utee_storage_obj_read
                0x0000000000009b90        0xc /home/ssysarch/Desktop/nick/jetpack_5/Jetson_Linux_R35.4.1_aarch64/Linux_for_Tegra/sources/tegra/optee-src/nv-optee/optee/build/t234/export-ta_arm64/lib/libutee.a(utee_syscalls_a64.o)
                0x0000000000009b90                _utee_storage_obj_read
 .text._utee_storage_obj_write
                0x0000000000009b9c        0xc /home/ssysarch/Desktop/nick/jetpack_5/Jetson_Linux_R35.4.1_aarch64/Linux_for_Tegra/sources/tegra/optee-src/nv-optee/optee/build/t234/export-ta_arm64/lib/libutee.a(utee_syscalls_a64.o)
                0x0000000000009b9c                _utee_storage_obj_write
 .text._utee_storage_obj_trunc
                0x0000000000009ba8        0xc /home/ssysarch/Desktop/nick/jetpack_5/Jetson_Linux_R35.4.1_aarch64/Linux_for_Tegra/sources/tegra/optee-src/nv-optee/optee/build/t234/export-ta_arm64/lib/libutee.a(utee_syscalls_a64.o)
                0x0000000000009ba8                _utee_storage_obj_trunc
 .text._utee_storage_obj_seek
                0x0000000000009bb4        0xc /home/ssysarch/Desktop/nick/jetpack_5/Jetson_Linux_R35.4.1_aarch64/Linux_for_Tegra/sources/tegra/optee-src/nv-optee/optee/build/t234/export-ta_arm64/lib/libutee.a(utee_syscalls_a64.o)
                0x0000000000009bb4                _utee_storage_obj_seek
 .text._utee_cryp_obj_generate_key
                0x0000000000009bc0        0xc /home/ssysarch/Desktop/nick/jetpack_5/Jetson_Linux_R35.4.1_aarch64/Linux_for_Tegra/sources/tegra/optee-src/nv-optee/optee/build/t234/export-ta_arm64/lib/libutee.a(utee_syscalls_a64.o)
                0x0000000000009bc0                _utee_cryp_obj_generate_key
 .text._utee_cache_operation
                0x0000000000009bcc        0xc /home/ssysarch/Desktop/nick/jetpack_5/Jetson_Linux_R35.4.1_aarch64/Linux_for_Tegra/sources/tegra/optee-src/nv-optee/optee/build/t234/export-ta_arm64/lib/libutee.a(utee_syscalls_a64.o)
                0x0000000000009bcc                _utee_cache_operation
 .text.unlikely
                0x0000000000009bd8       0x20 /home/ssysarch/Desktop/nick/jetpack_5/Jetson_Linux_R35.4.1_aarch64/Linux_for_Tegra/sources/tegra/optee-src/nv-optee/optee/build/t234/export-ta_arm64/lib/libutee.a(abort.o)
                0x0000000000009bd8                abort
 .text          0x0000000000009bf8       0x58 /home/ssysarch/Desktop/nick/jetpack_5/Jetson_Linux_R35.4.1_aarch64/Linux_for_Tegra/sources/tegra/optee-src/nv-optee/optee/build/t234/export-ta_arm64/lib/libutee.a(assert.o)
                0x0000000000009bf8                _assert_log
                0x0000000000009c3c                _assert_break
 .text          0x0000000000009c50     0x212c /home/ssysarch/Desktop/nick/jetpack_5/Jetson_Linux_R35.4.1_aarch64/Linux_for_Tegra/sources/tegra/optee-src/nv-optee/optee/build/t234/export-ta_arm64/lib/libutee.a(tee_api_arith_mpi.o)
                0x000000000000a4b4                _TEE_MathAPI_Init
                0x000000000000a504                TEE_BigIntInit
                0x000000000000a564                __GP11_TEE_BigIntInit
                0x000000000000a56c                TEE_BigIntConvertFromOctetString
                0x000000000000a634                __GP11_TEE_BigIntConvertFromOctetString
                0x000000000000a63c                TEE_BigIntConvertToOctetString
                0x000000000000a704                __GP11_TEE_BigIntConvertToOctetString
                0x000000000000a764                TEE_BigIntConvertFromS32
                0x000000000000a814                TEE_BigIntConvertToS32
                0x000000000000a8d0                TEE_BigIntCmp
                0x000000000000a964                TEE_BigIntCmpS32
                0x000000000000abb0                TEE_BigIntShiftRight
                0x000000000000ad50                __GP11_TEE_BigIntShiftRight
                0x000000000000ad58                TEE_BigIntGetBit
                0x000000000000add8                TEE_BigIntGetBitCount
                0x000000000000ae4c                TEE_BigIntSetBit
                0x000000000000aefc                TEE_BigIntAssign
                0x000000000000af4c                TEE_BigIntAbs
                0x000000000000af78                TEE_BigIntAdd
                0x000000000000af84                TEE_BigIntSub
                0x000000000000af90                TEE_BigIntNeg
                0x000000000000b074                TEE_BigIntMul
                0x000000000000b188                TEE_BigIntSquare
                0x000000000000b190                TEE_BigIntDiv
                0x000000000000b344                TEE_BigIntMod
                0x000000000000b3b0                TEE_BigIntAddMod
                0x000000000000b3bc                TEE_BigIntSubMod
                0x000000000000b3c8                TEE_BigIntMulMod
                0x000000000000b3d4                TEE_BigIntSquareMod
                0x000000000000b3e0                TEE_BigIntInvMod
                0x000000000000b530                TEE_BigIntRelativePrime
                0x000000000000b638                TEE_BigIntExpMod
                0x000000000000b80c                TEE_BigIntComputeExtendedGcd
                0x000000000000ba74                TEE_BigIntIsProbablePrime
                0x000000000000baf8                TEE_BigIntInitFMM
                0x000000000000bafc                __GP11_TEE_BigIntInitFMM
                0x000000000000bb04                TEE_BigIntInitFMMContext
                0x000000000000bb08                __GP11_TEE_BigIntInitFMMContext
                0x000000000000bb10                TEE_BigIntInitFMMContext1
                0x000000000000bb18                TEE_BigIntFMMSizeInU32
                0x000000000000bb28                __GP11_TEE_BigIntFMMSizeInU32
                0x000000000000bb40                TEE_BigIntFMMContextSizeInU32
                0x000000000000bb48                __GP11_TEE_BigIntFMMContextSizeInU32
                0x000000000000bb60                TEE_BigIntConvertToFMM
                0x000000000000bb64                TEE_BigIntConvertFromFMM
                0x000000000000bc34                TEE_BigIntComputeFMM
 .text          0x000000000000bd7c      0xf78 /home/ssysarch/Desktop/nick/jetpack_5/Jetson_Linux_R35.4.1_aarch64/Linux_for_Tegra/sources/tegra/optee-src/nv-optee/optee/build/t234/export-ta_arm64/lib/libutee.a(tee_api_property.o)
                0x000000000000c10c                TEE_GetPropertyAsString
                0x000000000000c368                __GP11_TEE_GetPropertyAsString
                0x000000000000c400                TEE_GetPropertyAsBool
                0x000000000000c4d8                TEE_GetPropertyAsU32
                0x000000000000c5c0                TEE_GetPropertyAsU64
                0x000000000000c6a8                __GP11_TEE_GetPropertyAsBinaryBlock
                0x000000000000c794                TEE_GetPropertyAsBinaryBlock
                0x000000000000c82c                TEE_GetPropertyAsUUID
                0x000000000000c914                TEE_GetPropertyAsIdentity
                0x000000000000c9fc                TEE_ResetPropertyEnumerator
                0x000000000000ca08                TEE_AllocatePropertyEnumerator
                0x000000000000ca50                TEE_FreePropertyEnumerator
                0x000000000000ca54                TEE_StartPropertyEnumerator
                0x000000000000ca64                __GP11_TEE_GetPropertyName
                0x000000000000cb8c                TEE_GetPropertyName
                0x000000000000cc14                TEE_GetNextProperty
 .text          0x000000000000ccf4      0x34c /home/ssysarch/Desktop/nick/jetpack_5/Jetson_Linux_R35.4.1_aarch64/Linux_for_Tegra/sources/tegra/optee-src/nv-optee/optee/build/t234/export-ta_arm64/lib/libutee.a(tcb.o)
                0x000000000000ccf4                __utee_tcb_init
                0x000000000000cf34                __tls_get_addr
                0x000000000000cf50                dl_iterate_phdr
 .text          0x000000000000d040      0x258 /home/ssysarch/Desktop/nick/jetpack_5/Jetson_Linux_R35.4.1_aarch64/Linux_for_Tegra/sources/tegra/optee-src/nv-optee/optee/build/t234/export-ta_arm64/lib/libutee.a(base64.o)
                0x000000000000d040                _base64_enc_len
                0x000000000000d058                _base64_enc
                0x000000000000d174                _base64_dec
 .text          0x000000000000d298     0x4190 /home/ssysarch/Desktop/nick/jetpack_5/Jetson_Linux_R35.4.1_aarch64/Linux_for_Tegra/sources/tegra/optee-src/nv-optee/optee/build/t234/export-ta_arm64/lib/libmbedtls.a(bignum.o)
                0x000000000000da6c                mbedtls_mpi_init
                0x000000000000da7c                mbedtls_mpi_init_mempool
                0x000000000000daa4                mbedtls_mpi_free
                0x000000000000db10                mbedtls_mpi_grow
                0x000000000000dc64                mbedtls_mpi_shrink
                0x000000000000dd84                mbedtls_mpi_copy
                0x000000000000de50                mbedtls_mpi_swap
                0x000000000000ded8                mbedtls_mpi_lset
                0x000000000000df40                mbedtls_mpi_get_bit
                0x000000000000df6c                mbedtls_mpi_set_bit
                0x000000000000dff8                mbedtls_mpi_lsb
                0x000000000000e04c                mbedtls_mpi_bitlen
                0x000000000000e0a8                mbedtls_mpi_size
                0x000000000000e0c4                mbedtls_mpi_read_binary_le
                0x000000000000e13c                mbedtls_mpi_read_binary
                0x000000000000e1c0                mbedtls_mpi_write_binary_le
                0x000000000000e278                mbedtls_mpi_write_binary
                0x000000000000e33c                mbedtls_mpi_shift_l
                0x000000000000e44c                mbedtls_mpi_shift_r
                0x000000000000e50c                mbedtls_mpi_cmp_abs
                0x000000000000e5a8                mbedtls_mpi_cmp_mpi
                0x000000000000e67c                mbedtls_mpi_cmp_int
                0x000000000000e6f0                mbedtls_mpi_add_abs
                0x000000000000e810                mbedtls_mpi_sub_abs
                0x000000000000e96c                mbedtls_mpi_add_mpi
                0x000000000000e9f4                mbedtls_mpi_sub_mpi
                0x000000000000ea80                mbedtls_mpi_add_int
                0x000000000000eaf4                mbedtls_mpi_sub_int
                0x000000000000eb68                mbedtls_mpi_mul_mpi
                0x000000000000ed14                mbedtls_mpi_mul_int
                0x000000000000edbc                mbedtls_mpi_read_string
                0x000000000000efc8                mbedtls_mpi_div_mpi
                0x000000000000f4fc                mbedtls_mpi_div_int
                0x000000000000f570                mbedtls_mpi_mod_mpi
                0x000000000000f624                mbedtls_mpi_mod_int
                0x000000000000f6c0                mbedtls_mpi_write_string
                0x000000000000f9f4                mbedtls_mpi_montg_init
                0x000000000000f9fc                mbedtls_mpi_montmul
                0x000000000000fa04                mbedtls_mpi_montred
                0x000000000000fa08                mbedtls_mpi_exp_mod
                0x00000000000100d4                mbedtls_mpi_gcd
                0x00000000000102ac                mbedtls_mpi_fill_random
                0x00000000000105b8                mbedtls_mpi_random
                0x0000000000010770                mbedtls_mpi_inv_mod
                0x0000000000010bc8                mbedtls_mpi_is_prime_ext
                0x0000000000010ca4                mbedtls_mpi_is_prime
                0x0000000000010cb4                mbedtls_mpi_gen_prime
                0x0000000000011000                mbedtls_mpi_self_test
 .text          0x0000000000011428      0x7c0 /home/ssysarch/Desktop/nick/jetpack_5/Jetson_Linux_R35.4.1_aarch64/Linux_for_Tegra/sources/tegra/optee-src/nv-optee/optee/build/t234/export-ta_arm64/lib/libmbedtls.a(constant_time.o)
                0x0000000000011448                mbedtls_ct_memcmp
                0x0000000000011490                mbedtls_ct_uint_mask
                0x00000000000114a0                mbedtls_ct_mpi_uint_mask
                0x00000000000114b0                mbedtls_ct_size_bool_eq
                0x00000000000114c8                mbedtls_ct_mpi_uint_lt
                0x00000000000114e4                mbedtls_ct_uint_if
                0x0000000000011514                mbedtls_ct_mpi_uint_cond_assign
                0x0000000000011550                mbedtls_ct_base64_enc_char
                0x0000000000011600                mbedtls_ct_base64_dec_value
                0x00000000000116bc                mbedtls_mpi_safe_cond_assign
                0x0000000000011778                mbedtls_mpi_safe_cond_swap
                0x0000000000011874                mbedtls_mpi_lt_mpi_ct
                0x000000000001196c                mbedtls_ct_rsaes_pkcs1_v15_unpadding
 .text          0x0000000000011be8       0x20 /home/ssysarch/Desktop/nick/jetpack_5/Jetson_Linux_R35.4.1_aarch64/Linux_for_Tegra/sources/tegra/optee-src/nv-optee/optee/build/t234/export-ta_arm64/lib/libmbedtls.a(platform_util.o)
                0x0000000000011be8                mbedtls_platform_zeroize
 .text          0x0000000000011c08      0xf3c /home/ssysarch/Desktop/nick/jetpack_5/Jetson_Linux_R35.4.1_aarch64/Linux_for_Tegra/sources/tegra/optee-src/nv-optee/optee/build/t234/export-ta_arm64/lib/libutils.a(bget_malloc.o)
                0x0000000000011c78                bget
                0x0000000000011f5c                bgetz
                0x0000000000011fe4                brel
                0x00000000000122a8                bgetr
                0x0000000000012378                bpool
                0x0000000000012448                bstats
                0x00000000000124dc                malloc_reset_stats
                0x00000000000124f4                raw_memalign
                0x0000000000012578                raw_malloc
                0x0000000000012588                raw_free
                0x0000000000012598                raw_calloc
                0x0000000000012608                raw_realloc
                0x00000000000126fc                malloc
                0x0000000000012714                calloc
                0x0000000000012730                realloc
                0x0000000000012748                memalign
                0x0000000000012764                aligned_alloc
                0x000000000001277c                free
                0x000000000001278c                free_wipe
                0x000000000001279c                raw_malloc_get_ctx_size
                0x00000000000127a4                raw_malloc_init_ctx
                0x00000000000127d0                raw_malloc_add_pool
                0x00000000000128ec                raw_malloc_buffer_overlaps_heap
                0x000000000001296c                raw_malloc_buffer_is_within_alloced
                0x0000000000012abc                raw_malloc_get_stats
                0x0000000000012af8                malloc_get_stats
                0x0000000000012b08                malloc_add_pool
                0x0000000000012b1c                malloc_buffer_is_within_alloced
                0x0000000000012b30                malloc_buffer_overlaps_heap
 .text          0x0000000000012b44      0x128 /home/ssysarch/Desktop/nick/jetpack_5/Jetson_Linux_R35.4.1_aarch64/Linux_for_Tegra/sources/tegra/optee-src/nv-optee/optee/build/t234/export-ta_arm64/lib/libutils.a(snprintf.o)
                0x0000000000012b44                snprintf
                0x0000000000012c14                vsnprintf
 .text          0x0000000000012c6c       0x5c /home/ssysarch/Desktop/nick/jetpack_5/Jetson_Linux_R35.4.1_aarch64/Linux_for_Tegra/sources/tegra/optee-src/nv-optee/optee/build/t234/export-ta_arm64/lib/libutils.a(memmove.o)
                0x0000000000012c6c                memmove
 .text          0x0000000000012cc8       0x24 /home/ssysarch/Desktop/nick/jetpack_5/Jetson_Linux_R35.4.1_aarch64/Linux_for_Tegra/sources/tegra/optee-src/nv-optee/optee/build/t234/export-ta_arm64/lib/libutils.a(strcmp.o)
                0x0000000000012cc8                strcmp
 .text          0x0000000000012cec       0x58 /home/ssysarch/Desktop/nick/jetpack_5/Jetson_Linux_R35.4.1_aarch64/Linux_for_Tegra/sources/tegra/optee-src/nv-optee/optee/build/t234/export-ta_arm64/lib/libutils.a(strlcpy.o)
                0x0000000000012cec                strlcpy
 .text          0x0000000000012d44      0x190 /home/ssysarch/Desktop/nick/jetpack_5/Jetson_Linux_R35.4.1_aarch64/Linux_for_Tegra/sources/tegra/optee-src/nv-optee/optee/build/t234/export-ta_arm64/lib/libutils.a(mempool.o)
                0x0000000000012d44                mempool_alloc_pool
                0x0000000000012e0c                mempool_alloc
                0x0000000000012e70                mempool_calloc
                0x0000000000012ec0                mempool_free
 .text          0x0000000000012ed4       0x70 /home/ssysarch/Desktop/nick/jetpack_5/Jetson_Linux_R35.4.1_aarch64/Linux_for_Tegra/sources/tegra/optee-src/nv-optee/optee/build/t234/export-ta_arm64/lib/libutils.a(consttime_memcmp.o)
                0x0000000000012ed4                consttime_memcmp
 .text          0x0000000000012f44        0x0 /home/ssysarch/Desktop/nick/jetpack_5/Jetson_Linux_R35.4.1_aarch64/Linux_for_Tegra/sources/tegra/optee-src/nv-optee/optee/build/t234/export-ta_arm64/lib/libutee.a(utee_syscalls_a64.o)
 .text          0x0000000000012f44        0x0 /home/ssysarch/Desktop/nick/jetpack_5/Jetson_Linux_R35.4.1_aarch64/Linux_for_Tegra/sources/tegra/optee-src/nv-optee/optee/build/t234/export-ta_arm64/lib/libutee.a(abort.o)
 *(SORT_BY_ALIGNMENT(.stub))
 *(SORT_BY_ALIGNMENT(.glue_7))
 *(SORT_BY_ALIGNMENT(.glue_7t))
 *(SORT_BY_ALIGNMENT(.gnu.linkonce.t.*))
 *(SORT_BY_ALIGNMENT(.vfp11_veneer))
                0x0000000000012f44                __text_end = .

.note.gnu.property
 *(SORT_BY_ALIGNMENT(.note.gnu.property))

.plt            0x0000000000012f44        0x0
 *(SORT_BY_ALIGNMENT(.plt))
 .plt           0x0000000000012f44        0x0 /home/ssysarch/Desktop/nick/jetpack_5/Jetson_Linux_R35.4.1_aarch64/Linux_for_Tegra/sources/tegra/optee-src/nv-optee/optee/build/t234//ta/hwkey-agent/hwkey_agent_ta.o

.eh_frame_hdr
 *(SORT_BY_ALIGNMENT(.eh_frame_hdr))
 *(SORT_BY_ALIGNMENT(.eh_frame_entry) SORT_BY_ALIGNMENT(.eh_frame_entry.*))

.eh_frame       0x0000000000012f48     0x3c1c
 *(SORT_BY_ALIGNMENT(.eh_frame))
 .eh_frame      0x0000000000012f48      0x118 /home/ssysarch/Desktop/nick/jetpack_5/Jetson_Linux_R35.4.1_aarch64/Linux_for_Tegra/sources/tegra/optee-src/nv-optee/optee/build/t234//ta/hwkey-agent/hwkey_agent_ta.o
 .eh_frame      0x0000000000013060       0x30 /home/ssysarch/Desktop/nick/jetpack_5/Jetson_Linux_R35.4.1_aarch64/Linux_for_Tegra/sources/tegra/optee-src/nv-optee/optee/build/t234//ta/hwkey-agent/user_ta_header.o
                                         0x40 (size before relaxing)
 .eh_frame      0x0000000000013090       0x18 /home/ssysarch/Desktop/nick/jetpack_5/Jetson_Linux_R35.4.1_aarch64/Linux_for_Tegra/sources/tegra/optee-src/nv-optee/optee/build/t234/export-ta_arm64/lib/libutils.a(stack_check.o)
                                         0x30 (size before relaxing)
 .eh_frame      0x00000000000130a8       0x18 /home/ssysarch/Desktop/nick/jetpack_5/Jetson_Linux_R35.4.1_aarch64/Linux_for_Tegra/sources/tegra/optee-src/nv-optee/optee/build/t234/export-ta_arm64/lib/libutils.a(memset.o)
                                         0x28 (size before relaxing)
 .eh_frame      0x00000000000130c0      0x110 /home/ssysarch/Desktop/nick/jetpack_5/Jetson_Linux_R35.4.1_aarch64/Linux_for_Tegra/sources/tegra/optee-src/nv-optee/optee/build/t234/export-ta_arm64/lib/libutils.a(trace.o)
                                        0x120 (size before relaxing)
 .eh_frame      0x00000000000131d0       0x18 /home/ssysarch/Desktop/nick/jetpack_5/Jetson_Linux_R35.4.1_aarch64/Linux_for_Tegra/sources/tegra/optee-src/nv-optee/optee/build/t234/export-ta_arm64/lib/libutils.a(memcpy.o)
                                         0x28 (size before relaxing)
 .eh_frame      0x00000000000131e8       0xf0 /home/ssysarch/Desktop/nick/jetpack_5/Jetson_Linux_R35.4.1_aarch64/Linux_for_Tegra/sources/tegra/optee-src/nv-optee/optee/build/t234/export-ta_arm64/lib/libutils.a(snprintk.o)
                                        0x100 (size before relaxing)
 .eh_frame      0x00000000000132d8       0x18 /home/ssysarch/Desktop/nick/jetpack_5/Jetson_Linux_R35.4.1_aarch64/Linux_for_Tegra/sources/tegra/optee-src/nv-optee/optee/build/t234/export-ta_arm64/lib/libutils.a(memchr.o)
                                         0x28 (size before relaxing)
 .eh_frame      0x00000000000132f0       0x18 /home/ssysarch/Desktop/nick/jetpack_5/Jetson_Linux_R35.4.1_aarch64/Linux_for_Tegra/sources/tegra/optee-src/nv-optee/optee/build/t234/export-ta_arm64/lib/libutils.a(strlen.o)
                                         0x28 (size before relaxing)
 .eh_frame      0x0000000000013308       0xa8 /home/ssysarch/Desktop/nick/jetpack_5/Jetson_Linux_R35.4.1_aarch64/Linux_for_Tegra/sources/tegra/optee-src/nv-optee/optee/build/t234/export-ta_arm64/lib/libutee.a(trace_ext.o)
                                         0xc0 (size before relaxing)
 .eh_frame      0x00000000000133b0      0x588 /home/ssysarch/Desktop/nick/jetpack_5/Jetson_Linux_R35.4.1_aarch64/Linux_for_Tegra/sources/tegra/optee-src/nv-optee/optee/build/t234/export-ta_arm64/lib/libutee.a(tee_api.o)
                                        0x5a0 (size before relaxing)
 .eh_frame      0x0000000000013938      0x750 /home/ssysarch/Desktop/nick/jetpack_5/Jetson_Linux_R35.4.1_aarch64/Linux_for_Tegra/sources/tegra/optee-src/nv-optee/optee/build/t234/export-ta_arm64/lib/libutee.a(tee_api_objects.o)
                                        0x768 (size before relaxing)
 .eh_frame      0x0000000000014088      0xae8 /home/ssysarch/Desktop/nick/jetpack_5/Jetson_Linux_R35.4.1_aarch64/Linux_for_Tegra/sources/tegra/optee-src/nv-optee/optee/build/t234/export-ta_arm64/lib/libutee.a(tee_api_operations.o)
                                        0xb00 (size before relaxing)
 .eh_frame      0x0000000000014b70      0x190 /home/ssysarch/Desktop/nick/jetpack_5/Jetson_Linux_R35.4.1_aarch64/Linux_for_Tegra/sources/tegra/optee-src/nv-optee/optee/build/t234/export-ta_arm64/lib/libutee.a(tee_api_panic.o)
                                        0x1a0 (size before relaxing)
 .eh_frame      0x0000000000014d00       0xc0 /home/ssysarch/Desktop/nick/jetpack_5/Jetson_Linux_R35.4.1_aarch64/Linux_for_Tegra/sources/tegra/optee-src/nv-optee/optee/build/t234/export-ta_arm64/lib/libutee.a(tee_system_pta.o)
                                         0xd0 (size before relaxing)
 .eh_frame      0x0000000000014dc0      0x150 /home/ssysarch/Desktop/nick/jetpack_5/Jetson_Linux_R35.4.1_aarch64/Linux_for_Tegra/sources/tegra/optee-src/nv-optee/optee/build/t234/export-ta_arm64/lib/libutee.a(user_ta_entry.o)
                                        0x168 (size before relaxing)
 .eh_frame      0x0000000000014f10       0x18 /home/ssysarch/Desktop/nick/jetpack_5/Jetson_Linux_R35.4.1_aarch64/Linux_for_Tegra/sources/tegra/optee-src/nv-optee/optee/build/t234/export-ta_arm64/lib/libutee.a(abort.o)
                                         0x30 (size before relaxing)
 .eh_frame      0x0000000000014f28       0x38 /home/ssysarch/Desktop/nick/jetpack_5/Jetson_Linux_R35.4.1_aarch64/Linux_for_Tegra/sources/tegra/optee-src/nv-optee/optee/build/t234/export-ta_arm64/lib/libutee.a(assert.o)
                                         0x50 (size before relaxing)
 .eh_frame      0x0000000000014f60      0x7d0 /home/ssysarch/Desktop/nick/jetpack_5/Jetson_Linux_R35.4.1_aarch64/Linux_for_Tegra/sources/tegra/optee-src/nv-optee/optee/build/t234/export-ta_arm64/lib/libutee.a(tee_api_arith_mpi.o)
                                        0x7e0 (size before relaxing)
 .eh_frame      0x0000000000015730      0x2f8 /home/ssysarch/Desktop/nick/jetpack_5/Jetson_Linux_R35.4.1_aarch64/Linux_for_Tegra/sources/tegra/optee-src/nv-optee/optee/build/t234/export-ta_arm64/lib/libutee.a(tee_api_property.o)
                                        0x308 (size before relaxing)
 .eh_frame      0x0000000000015a28       0x90 /home/ssysarch/Desktop/nick/jetpack_5/Jetson_Linux_R35.4.1_aarch64/Linux_for_Tegra/sources/tegra/optee-src/nv-optee/optee/build/t234/export-ta_arm64/lib/libutee.a(tcb.o)
                                         0xa8 (size before relaxing)
 .eh_frame      0x0000000000015ab8       0x58 /home/ssysarch/Desktop/nick/jetpack_5/Jetson_Linux_R35.4.1_aarch64/Linux_for_Tegra/sources/tegra/optee-src/nv-optee/optee/build/t234/export-ta_arm64/lib/libutee.a(base64.o)
                                         0x70 (size before relaxing)
 .eh_frame      0x0000000000015b10      0x988 /home/ssysarch/Desktop/nick/jetpack_5/Jetson_Linux_R35.4.1_aarch64/Linux_for_Tegra/sources/tegra/optee-src/nv-optee/optee/build/t234/export-ta_arm64/lib/libmbedtls.a(bignum.o)
                                        0x9a0 (size before relaxing)
 .eh_frame      0x0000000000016498      0x1e0 /home/ssysarch/Desktop/nick/jetpack_5/Jetson_Linux_R35.4.1_aarch64/Linux_for_Tegra/sources/tegra/optee-src/nv-optee/optee/build/t234/export-ta_arm64/lib/libmbedtls.a(constant_time.o)
                                        0x1f8 (size before relaxing)
 .eh_frame      0x0000000000016678       0x18 /home/ssysarch/Desktop/nick/jetpack_5/Jetson_Linux_R35.4.1_aarch64/Linux_for_Tegra/sources/tegra/optee-src/nv-optee/optee/build/t234/export-ta_arm64/lib/libmbedtls.a(platform_util.o)
                                         0x28 (size before relaxing)
 .eh_frame      0x0000000000016690      0x390 /home/ssysarch/Desktop/nick/jetpack_5/Jetson_Linux_R35.4.1_aarch64/Linux_for_Tegra/sources/tegra/optee-src/nv-optee/optee/build/t234/export-ta_arm64/lib/libutils.a(bget_malloc.o)
                                        0x3a8 (size before relaxing)
 .eh_frame      0x0000000000016a20       0x58 /home/ssysarch/Desktop/nick/jetpack_5/Jetson_Linux_R35.4.1_aarch64/Linux_for_Tegra/sources/tegra/optee-src/nv-optee/optee/build/t234/export-ta_arm64/lib/libutils.a(snprintf.o)
                                         0x68 (size before relaxing)
 .eh_frame      0x0000000000016a78       0x18 /home/ssysarch/Desktop/nick/jetpack_5/Jetson_Linux_R35.4.1_aarch64/Linux_for_Tegra/sources/tegra/optee-src/nv-optee/optee/build/t234/export-ta_arm64/lib/libutils.a(memmove.o)
                                         0x28 (size before relaxing)
 .eh_frame      0x0000000000016a90       0x18 /home/ssysarch/Desktop/nick/jetpack_5/Jetson_Linux_R35.4.1_aarch64/Linux_for_Tegra/sources/tegra/optee-src/nv-optee/optee/build/t234/export-ta_arm64/lib/libutils.a(strcmp.o)
                                         0x28 (size before relaxing)
 .eh_frame      0x0000000000016aa8       0x18 /home/ssysarch/Desktop/nick/jetpack_5/Jetson_Linux_R35.4.1_aarch64/Linux_for_Tegra/sources/tegra/optee-src/nv-optee/optee/build/t234/export-ta_arm64/lib/libutils.a(strlcpy.o)
                                         0x28 (size before relaxing)
 .eh_frame      0x0000000000016ac0       0x88 /home/ssysarch/Desktop/nick/jetpack_5/Jetson_Linux_R35.4.1_aarch64/Linux_for_Tegra/sources/tegra/optee-src/nv-optee/optee/build/t234/export-ta_arm64/lib/libutils.a(mempool.o)
                                         0xa0 (size before relaxing)
 .eh_frame      0x0000000000016b48       0x1c /home/ssysarch/Desktop/nick/jetpack_5/Jetson_Linux_R35.4.1_aarch64/Linux_for_Tegra/sources/tegra/optee-src/nv-optee/optee/build/t234/export-ta_arm64/lib/libutils.a(consttime_memcmp.o)
                                         0x30 (size before relaxing)
 *(SORT_BY_ALIGNMENT(.eh_frame.*))

.gcc_except_table
 *(SORT_BY_ALIGNMENT(.gcc_except_table) SORT_BY_ALIGNMENT(.gcc_except_table.*))

.rodata         0x0000000000016b68     0x13f8
 *(SORT_BY_ALIGNMENT(.gnu.linkonce.r.*))
 *(SORT_BY_ALIGNMENT(.rodata) SORT_BY_ALIGNMENT(.rodata.*))
 .rodata.user_ta_header.c
                0x0000000000016b68       0x33 /home/ssysarch/Desktop/nick/jetpack_5/Jetson_Linux_R35.4.1_aarch64/Linux_for_Tegra/sources/tegra/optee-src/nv-optee/optee/build/t234//ta/hwkey-agent/user_ta_header.o
                0x0000000000016b68                ta_num_props
                0x0000000000016b88                __ta_no_share_heap_size
                0x0000000000016b90                ta_heap_size
                0x0000000000016b98                trace_ext_prefix
 *fill*         0x0000000000016b9b        0x5 
 .rodata.lib/libutee/tee_api.c
                0x0000000000016ba0       0x20 /home/ssysarch/Desktop/nick/jetpack_5/Jetson_Linux_R35.4.1_aarch64/Linux_for_Tegra/sources/tegra/optee-src/nv-optee/optee/build/t234/export-ta_arm64/lib/libutee.a(tee_api.o)
 .rodata.hwkey_agent_ta.c
                0x0000000000016bc0       0x22 /home/ssysarch/Desktop/nick/jetpack_5/Jetson_Linux_R35.4.1_aarch64/Linux_for_Tegra/sources/tegra/optee-src/nv-optee/optee/build/t234//ta/hwkey-agent/hwkey_agent_ta.o
 *fill*         0x0000000000016be2        0x2 
 .rodata.lib/libutils/ext/snprintk.c
                0x0000000000016be4       0xac /home/ssysarch/Desktop/nick/jetpack_5/Jetson_Linux_R35.4.1_aarch64/Linux_for_Tegra/sources/tegra/optee-src/nv-optee/optee/build/t234/export-ta_arm64/lib/libutils.a(snprintk.o)
 .rodata.lib/libutee/tee_api_operations.c
                0x0000000000016c90       0x1c /home/ssysarch/Desktop/nick/jetpack_5/Jetson_Linux_R35.4.1_aarch64/Linux_for_Tegra/sources/tegra/optee-src/nv-optee/optee/build/t234/export-ta_arm64/lib/libutee.a(tee_api_operations.o)
 .rodata.lib/libutee/tee_system_pta.c
                0x0000000000016cac       0x31 /home/ssysarch/Desktop/nick/jetpack_5/Jetson_Linux_R35.4.1_aarch64/Linux_for_Tegra/sources/tegra/optee-src/nv-optee/optee/build/t234/export-ta_arm64/lib/libutee.a(tee_system_pta.o)
 *fill*         0x0000000000016cdd        0x3 
 .rodata.lib/libutee/tee_api_property.c
                0x0000000000016ce0       0x20 /home/ssysarch/Desktop/nick/jetpack_5/Jetson_Linux_R35.4.1_aarch64/Linux_for_Tegra/sources/tegra/optee-src/nv-optee/optee/build/t234/export-ta_arm64/lib/libutee.a(tee_api_property.o)
 .rodata.lib/libutee/base64.c
                0x0000000000016d00       0x45 /home/ssysarch/Desktop/nick/jetpack_5/Jetson_Linux_R35.4.1_aarch64/Linux_for_Tegra/sources/tegra/optee-src/nv-optee/optee/build/t234/export-ta_arm64/lib/libutee.a(base64.o)
 *fill*         0x0000000000016d45        0x3 
 .rodata.lib/libmbedtls/mbedtls/library/bignum.c
                0x0000000000016d48      0x2c4 /home/ssysarch/Desktop/nick/jetpack_5/Jetson_Linux_R35.4.1_aarch64/Linux_for_Tegra/sources/tegra/optee-src/nv-optee/optee/build/t234/export-ta_arm64/lib/libmbedtls.a(bignum.o)
 .rodata.str1.1.hwkey_agent_ta.c
                0x000000000001700c       0x94 /home/ssysarch/Desktop/nick/jetpack_5/Jetson_Linux_R35.4.1_aarch64/Linux_for_Tegra/sources/tegra/optee-src/nv-optee/optee/build/t234//ta/hwkey-agent/hwkey_agent_ta.o
 .rodata.str1.1.user_ta_header.c
                0x00000000000170a0       0xe5 /home/ssysarch/Desktop/nick/jetpack_5/Jetson_Linux_R35.4.1_aarch64/Linux_for_Tegra/sources/tegra/optee-src/nv-optee/optee/build/t234//ta/hwkey-agent/user_ta_header.o
 .rodata.str1.1.lib/libutils/isoc/stack_check.c
                0x0000000000017185       0x18 /home/ssysarch/Desktop/nick/jetpack_5/Jetson_Linux_R35.4.1_aarch64/Linux_for_Tegra/sources/tegra/optee-src/nv-optee/optee/build/t234/export-ta_arm64/lib/libutils.a(stack_check.o)
 .rodata.str1.1.lib/libutils/ext/trace.c
                0x000000000001719d       0x3a /home/ssysarch/Desktop/nick/jetpack_5/Jetson_Linux_R35.4.1_aarch64/Linux_for_Tegra/sources/tegra/optee-src/nv-optee/optee/build/t234/export-ta_arm64/lib/libutils.a(trace.o)
                                         0x3d (size before relaxing)
 .rodata.lib/libutils/ext/trace.c
                0x00000000000171d7        0xf /home/ssysarch/Desktop/nick/jetpack_5/Jetson_Linux_R35.4.1_aarch64/Linux_for_Tegra/sources/tegra/optee-src/nv-optee/optee/build/t234/export-ta_arm64/lib/libutils.a(trace.o)
 .rodata.str1.1.lib/libutils/ext/snprintk.c
                0x00000000000171e6       0x38 /home/ssysarch/Desktop/nick/jetpack_5/Jetson_Linux_R35.4.1_aarch64/Linux_for_Tegra/sources/tegra/optee-src/nv-optee/optee/build/t234/export-ta_arm64/lib/libutils.a(snprintk.o)
 .rodata.str1.1.lib/libutee/trace_ext.c
                0x000000000001721e       0x38 /home/ssysarch/Desktop/nick/jetpack_5/Jetson_Linux_R35.4.1_aarch64/Linux_for_Tegra/sources/tegra/optee-src/nv-optee/optee/build/t234/export-ta_arm64/lib/libutee.a(trace_ext.o)
                                          0x2 (size before relaxing)
 .rodata.str1.1.lib/libutee/tee_api.c
                0x000000000001721e       0x11 /home/ssysarch/Desktop/nick/jetpack_5/Jetson_Linux_R35.4.1_aarch64/Linux_for_Tegra/sources/tegra/optee-src/nv-optee/optee/build/t234/export-ta_arm64/lib/libutee.a(tee_api.o)
 .rodata.str1.1.lib/libutee/tee_api_operations.c
                0x000000000001722f       0x39 /home/ssysarch/Desktop/nick/jetpack_5/Jetson_Linux_R35.4.1_aarch64/Linux_for_Tegra/sources/tegra/optee-src/nv-optee/optee/build/t234/export-ta_arm64/lib/libutee.a(tee_api_operations.o)
 .rodata.str1.1.lib/libutee/tee_api_panic.c
                0x0000000000017268       0x6b /home/ssysarch/Desktop/nick/jetpack_5/Jetson_Linux_R35.4.1_aarch64/Linux_for_Tegra/sources/tegra/optee-src/nv-optee/optee/build/t234/export-ta_arm64/lib/libutee.a(tee_api_panic.o)
 .rodata.lib/libutee/tee_api_panic.c
                0x00000000000172d3        0xa /home/ssysarch/Desktop/nick/jetpack_5/Jetson_Linux_R35.4.1_aarch64/Linux_for_Tegra/sources/tegra/optee-src/nv-optee/optee/build/t234/export-ta_arm64/lib/libutee.a(tee_api_panic.o)
 .rodata.str1.1.lib/libutee/tee_system_pta.c
                0x00000000000172dd       0x55 /home/ssysarch/Desktop/nick/jetpack_5/Jetson_Linux_R35.4.1_aarch64/Linux_for_Tegra/sources/tegra/optee-src/nv-optee/optee/build/t234/export-ta_arm64/lib/libutee.a(tee_system_pta.o)
 .rodata.str1.1.lib/libutee/user_ta_entry.c
                0x0000000000017332       0x4f /home/ssysarch/Desktop/nick/jetpack_5/Jetson_Linux_R35.4.1_aarch64/Linux_for_Tegra/sources/tegra/optee-src/nv-optee/optee/build/t234/export-ta_arm64/lib/libutee.a(user_ta_entry.o)
 .rodata.lib/libutee/user_ta_entry.c
                0x0000000000017381       0x16 /home/ssysarch/Desktop/nick/jetpack_5/Jetson_Linux_R35.4.1_aarch64/Linux_for_Tegra/sources/tegra/optee-src/nv-optee/optee/build/t234/export-ta_arm64/lib/libutee.a(user_ta_entry.o)
 .rodata.str1.1.lib/libutee/abort.c
                0x0000000000017397        0x7 /home/ssysarch/Desktop/nick/jetpack_5/Jetson_Linux_R35.4.1_aarch64/Linux_for_Tegra/sources/tegra/optee-src/nv-optee/optee/build/t234/export-ta_arm64/lib/libutee.a(abort.o)
 .rodata.str1.1.lib/libutee/assert.c
                0x000000000001739e       0x27 /home/ssysarch/Desktop/nick/jetpack_5/Jetson_Linux_R35.4.1_aarch64/Linux_for_Tegra/sources/tegra/optee-src/nv-optee/optee/build/t234/export-ta_arm64/lib/libutee.a(assert.o)
 .rodata.str1.1.lib/libutee/tee_api_arith_mpi.c
                0x00000000000173c5       0xc9 /home/ssysarch/Desktop/nick/jetpack_5/Jetson_Linux_R35.4.1_aarch64/Linux_for_Tegra/sources/tegra/optee-src/nv-optee/optee/build/t234/export-ta_arm64/lib/libutee.a(tee_api_arith_mpi.o)
 .rodata.lib/libutee/tee_api_arith_mpi.c
                0x000000000001748e      0x14e /home/ssysarch/Desktop/nick/jetpack_5/Jetson_Linux_R35.4.1_aarch64/Linux_for_Tegra/sources/tegra/optee-src/nv-optee/optee/build/t234/export-ta_arm64/lib/libutee.a(tee_api_arith_mpi.o)
 .rodata.str1.1.lib/libutee/tee_api_property.c
                0x00000000000175dc       0x83 /home/ssysarch/Desktop/nick/jetpack_5/Jetson_Linux_R35.4.1_aarch64/Linux_for_Tegra/sources/tegra/optee-src/nv-optee/optee/build/t234/export-ta_arm64/lib/libutee.a(tee_api_property.o)
                                         0x88 (size before relaxing)
 .rodata.str1.1.lib/libutee/tcb.c
                0x000000000001765f       0x8d /home/ssysarch/Desktop/nick/jetpack_5/Jetson_Linux_R35.4.1_aarch64/Linux_for_Tegra/sources/tegra/optee-src/nv-optee/optee/build/t234/export-ta_arm64/lib/libutee.a(tcb.o)
 .rodata.lib/libutee/tcb.c
                0x00000000000176ec       0x20 /home/ssysarch/Desktop/nick/jetpack_5/Jetson_Linux_R35.4.1_aarch64/Linux_for_Tegra/sources/tegra/optee-src/nv-optee/optee/build/t234/export-ta_arm64/lib/libutee.a(tcb.o)
 .rodata.str1.1.lib/libmbedtls/mbedtls/library/bignum.c
                0x000000000001770c      0x456 /home/ssysarch/Desktop/nick/jetpack_5/Jetson_Linux_R35.4.1_aarch64/Linux_for_Tegra/sources/tegra/optee-src/nv-optee/optee/build/t234/export-ta_arm64/lib/libmbedtls.a(bignum.o)
                                        0x45d (size before relaxing)
 .rodata.str1.1.lib/libutils/isoc/bget_malloc.c
                0x0000000000017b62      0x2f1 /home/ssysarch/Desktop/nick/jetpack_5/Jetson_Linux_R35.4.1_aarch64/Linux_for_Tegra/sources/tegra/optee-src/nv-optee/optee/build/t234/export-ta_arm64/lib/libutils.a(bget_malloc.o)
                                        0x2fa (size before relaxing)
 .rodata.lib/libutils/isoc/bget_malloc.c
                0x0000000000017e53       0x58 /home/ssysarch/Desktop/nick/jetpack_5/Jetson_Linux_R35.4.1_aarch64/Linux_for_Tegra/sources/tegra/optee-src/nv-optee/optee/build/t234/export-ta_arm64/lib/libutils.a(bget_malloc.o)
 .rodata.str1.1.lib/libutils/ext/mempool.c
                0x0000000000017eab       0x89 /home/ssysarch/Desktop/nick/jetpack_5/Jetson_Linux_R35.4.1_aarch64/Linux_for_Tegra/sources/tegra/optee-src/nv-optee/optee/build/t234/export-ta_arm64/lib/libutils.a(mempool.o)
 .rodata.lib/libutils/ext/mempool.c
                0x0000000000017f34       0x2c /home/ssysarch/Desktop/nick/jetpack_5/Jetson_Linux_R35.4.1_aarch64/Linux_for_Tegra/sources/tegra/optee-src/nv-optee/optee/build/t234/export-ta_arm64/lib/libutils.a(mempool.o)

.gnu.version_d  0x0000000000017f60        0x0
 .gnu.version_d
                0x0000000000017f60        0x0 /home/ssysarch/Desktop/nick/jetpack_5/Jetson_Linux_R35.4.1_aarch64/Linux_for_Tegra/sources/tegra/optee-src/nv-optee/optee/build/t234//ta/hwkey-agent/hwkey_agent_ta.o

.gnu.version    0x0000000000017f60        0x0
 .gnu.version   0x0000000000017f60        0x0 /home/ssysarch/Desktop/nick/jetpack_5/Jetson_Linux_R35.4.1_aarch64/Linux_for_Tegra/sources/tegra/optee-src/nv-optee/optee/build/t234//ta/hwkey-agent/hwkey_agent_ta.o

.gnu.version_r  0x0000000000017f60        0x0
 .gnu.version_r
                0x0000000000017f60        0x0 /home/ssysarch/Desktop/nick/jetpack_5/Jetson_Linux_R35.4.1_aarch64/Linux_for_Tegra/sources/tegra/optee-src/nv-optee/optee/build/t234//ta/hwkey-agent/hwkey_agent_ta.o

.gnu.hash       0x0000000000017f60       0x30
 .gnu.hash      0x0000000000017f60       0x30 /home/ssysarch/Desktop/nick/jetpack_5/Jetson_Linux_R35.4.1_aarch64/Linux_for_Tegra/sources/tegra/optee-src/nv-optee/optee/build/t234//ta/hwkey-agent/hwkey_agent_ta.o

.ARM.extab
 *(SORT_BY_ALIGNMENT(.ARM.extab*) SORT_BY_ALIGNMENT(.gnu.linkonce.armextab.*))
                [!provide]                        PROVIDE (__exidx_start = .)

.ARM.exidx
 *(SORT_BY_ALIGNMENT(.ARM.exidx*) SORT_BY_ALIGNMENT(.gnu.linkonce.armexidx.*))
                [!provide]                        PROVIDE (__exidx_end = .)

.ctors
 *(SORT_BY_ALIGNMENT(.ctors))

.dtors
 *(SORT_BY_ALIGNMENT(.dtors))

.dynsym         0x0000000000017f90       0x90
 *(SORT_BY_ALIGNMENT(.dynsym))
 .dynsym        0x0000000000017f90       0x90 /home/ssysarch/Desktop/nick/jetpack_5/Jetson_Linux_R35.4.1_aarch64/Linux_for_Tegra/sources/tegra/optee-src/nv-optee/optee/build/t234//ta/hwkey-agent/hwkey_agent_ta.o

.dynstr         0x0000000000018020       0x2e
 *(SORT_BY_ALIGNMENT(.dynstr))
 .dynstr        0x0000000000018020       0x2e /home/ssysarch/Desktop/nick/jetpack_5/Jetson_Linux_R35.4.1_aarch64/Linux_for_Tegra/sources/tegra/optee-src/nv-optee/optee/build/t234//ta/hwkey-agent/hwkey_agent_ta.o

.hash           0x0000000000018050       0x2c
 *(SORT_BY_ALIGNMENT(.hash))
 .hash          0x0000000000018050       0x2c /home/ssysarch/Desktop/nick/jetpack_5/Jetson_Linux_R35.4.1_aarch64/Linux_for_Tegra/sources/tegra/optee-src/nv-optee/optee/build/t234//ta/hwkey-agent/hwkey_agent_ta.o

.rela.dyn       0x0000000000018080      0x2e8
 .rela.data.rel.ro
                0x0000000000018080        0x0 /home/ssysarch/Desktop/nick/jetpack_5/Jetson_Linux_R35.4.1_aarch64/Linux_for_Tegra/sources/tegra/optee-src/nv-optee/optee/build/t234//ta/hwkey-agent/hwkey_agent_ta.o
 .rela.ifunc    0x0000000000018080        0x0 /home/ssysarch/Desktop/nick/jetpack_5/Jetson_Linux_R35.4.1_aarch64/Linux_for_Tegra/sources/tegra/optee-src/nv-optee/optee/build/t234//ta/hwkey-agent/hwkey_agent_ta.o
 .rela.data.rel.ro.local
                0x0000000000018080      0x270 /home/ssysarch/Desktop/nick/jetpack_5/Jetson_Linux_R35.4.1_aarch64/Linux_for_Tegra/sources/tegra/optee-src/nv-optee/optee/build/t234//ta/hwkey-agent/hwkey_agent_ta.o
 .rela.data.rel.local
                0x00000000000182f0       0x60 /home/ssysarch/Desktop/nick/jetpack_5/Jetson_Linux_R35.4.1_aarch64/Linux_for_Tegra/sources/tegra/optee-src/nv-optee/optee/build/t234//ta/hwkey-agent/hwkey_agent_ta.o
 .rela.data.rel
                0x0000000000018350       0x18 /home/ssysarch/Desktop/nick/jetpack_5/Jetson_Linux_R35.4.1_aarch64/Linux_for_Tegra/sources/tegra/optee-src/nv-optee/optee/build/t234//ta/hwkey-agent/hwkey_agent_ta.o
                0x0000000000019000                . = ALIGN (0x1000)

.dynamic        0x0000000000019000      0x110
 *(SORT_BY_ALIGNMENT(.dynamic))
 .dynamic       0x0000000000019000      0x110 /home/ssysarch/Desktop/nick/jetpack_5/Jetson_Linux_R35.4.1_aarch64/Linux_for_Tegra/sources/tegra/optee-src/nv-optee/optee/build/t234//ta/hwkey-agent/hwkey_agent_ta.o
                0x0000000000019000                _DYNAMIC

.tdata
 *(SORT_BY_ALIGNMENT(.tdata) SORT_BY_ALIGNMENT(.tdata.*) SORT_BY_ALIGNMENT(.gnu.linkonce.td.*))

.tbss
 *(SORT_BY_ALIGNMENT(.tbss) SORT_BY_ALIGNMENT(.tbss.*) SORT_BY_ALIGNMENT(.gnu.linkonce.tb.*))
 *(SORT_BY_ALIGNMENT(.tcommon))

.got            0x0000000000019110       0xd0
 *(SORT_BY_ALIGNMENT(.got.plt))
 .got.plt       0x0000000000019110       0x18 /home/ssysarch/Desktop/nick/jetpack_5/Jetson_Linux_R35.4.1_aarch64/Linux_for_Tegra/sources/tegra/optee-src/nv-optee/optee/build/t234//ta/hwkey-agent/hwkey_agent_ta.o
 *(SORT_BY_ALIGNMENT(.got))
 .got           0x0000000000019128       0xb8 /home/ssysarch/Desktop/nick/jetpack_5/Jetson_Linux_R35.4.1_aarch64/Linux_for_Tegra/sources/tegra/optee-src/nv-optee/optee/build/t234//ta/hwkey-agent/hwkey_agent_ta.o
                0x0000000000019128                _GLOBAL_OFFSET_TABLE_

.rel.text
 *(SORT_BY_ALIGNMENT(.rel.text))
 *(SORT_BY_ALIGNMENT(.rel.gnu.linkonce.t*))

.rela.text
 *(SORT_BY_ALIGNMENT(.rela.text))
 *(SORT_BY_ALIGNMENT(.rela.gnu.linkonce.t*))

.rel.data
 *(SORT_BY_ALIGNMENT(.rel.data))
 *(SORT_BY_ALIGNMENT(.rel.gnu.linkonce.d*))

.rela.data
 *(SORT_BY_ALIGNMENT(.rela.data))
 *(SORT_BY_ALIGNMENT(.rela.gnu.linkonce.d*))

.rel.tdata
 *(SORT_BY_ALIGNMENT(.rel.tdata) SORT_BY_ALIGNMENT(.rel.tdata.*) SORT_BY_ALIGNMENT(.rel.gnu.linkonce.td.*))

.rela.tdata
 *(SORT_BY_ALIGNMENT(.rela.tdata) SORT_BY_ALIGNMENT(.rela.tdata.*) SORT_BY_ALIGNMENT(.rela.gnu.linkonce.td.*))

.rel.tbss
 *(SORT_BY_ALIGNMENT(.rel.tbss) SORT_BY_ALIGNMENT(.rel.tbss.*) SORT_BY_ALIGNMENT(.rel.gnu.linkonce.tb.*))

.rela.tbss
 *(SORT_BY_ALIGNMENT(.rela.tbss) SORT_BY_ALIGNMENT(.rela.tbss.*) SORT_BY_ALIGNMENT(.rela.gnu.linkonce.tb.*))

.rel.rodata
 *(SORT_BY_ALIGNMENT(.rel.rodata))
 *(SORT_BY_ALIGNMENT(.rel.gnu.linkonce.r*))

.rela.rodata
 *(SORT_BY_ALIGNMENT(.rela.rodata))
 *(SORT_BY_ALIGNMENT(.rela.gnu.linkonce.r*))

.rel.dyn
 *(SORT_BY_ALIGNMENT(.rel.dyn))

.rel.got
 *(SORT_BY_ALIGNMENT(.rel.got))

.rela.got       0x00000000000191e0      0x210
 *(SORT_BY_ALIGNMENT(.rela.got))
 .rela.got      0x00000000000191e0      0x210 /home/ssysarch/Desktop/nick/jetpack_5/Jetson_Linux_R35.4.1_aarch64/Linux_for_Tegra/sources/tegra/optee-src/nv-optee/optee/build/t234//ta/hwkey-agent/hwkey_agent_ta.o

.rel.ctors
 *(SORT_BY_ALIGNMENT(.rel.ctors))

.rela.ctors
 *(SORT_BY_ALIGNMENT(.rela.ctors))

.rel.dtors
 *(SORT_BY_ALIGNMENT(.rel.dtors))

.rela.dtors
 *(SORT_BY_ALIGNMENT(.rela.dtors))

.rel.init
 *(SORT_BY_ALIGNMENT(.rel.init))

.rela.init
 *(SORT_BY_ALIGNMENT(.rela.init))

.rel.fini
 *(SORT_BY_ALIGNMENT(.rel.fini))

.rela.fini
 *(SORT_BY_ALIGNMENT(.rela.fini))

.rel.bss
 *(SORT_BY_ALIGNMENT(.rel.bss))

.rela.bss       0x00000000000193f0        0x0
 *(SORT_BY_ALIGNMENT(.rela.bss))
 .rela.bss      0x00000000000193f0        0x0 /home/ssysarch/Desktop/nick/jetpack_5/Jetson_Linux_R35.4.1_aarch64/Linux_for_Tegra/sources/tegra/optee-src/nv-optee/optee/build/t234//ta/hwkey-agent/hwkey_agent_ta.o

.rel.plt
 *(SORT_BY_ALIGNMENT(.rel.plt))

.rela.plt       0x00000000000193f0        0x0
 *(SORT_BY_ALIGNMENT(.rela.plt))
 .rela.plt      0x00000000000193f0        0x0 /home/ssysarch/Desktop/nick/jetpack_5/Jetson_Linux_R35.4.1_aarch64/Linux_for_Tegra/sources/tegra/optee-src/nv-optee/optee/build/t234//ta/hwkey-agent/hwkey_agent_ta.o

.data           0x00000000000193f0      0x1ec
 *(SORT_BY_ALIGNMENT(.data) SORT_BY_ALIGNMENT(.data.*) SORT_BY_ALIGNMENT(.gnu.linkonce.d.*))
 .data.rel.ro.local
                0x00000000000193f0       0xd8 /home/ssysarch/Desktop/nick/jetpack_5/Jetson_Linux_R35.4.1_aarch64/Linux_for_Tegra/sources/tegra/optee-src/nv-optee/optee/build/t234//ta/hwkey-agent/user_ta_header.o
                0x00000000000193f0                ta_props
 .data          0x00000000000194c8        0x8 /home/ssysarch/Desktop/nick/jetpack_5/Jetson_Linux_R35.4.1_aarch64/Linux_for_Tegra/sources/tegra/optee-src/nv-optee/optee/build/t234/export-ta_arm64/lib/libutils.a(stack_check.o)
                0x00000000000194c8                __stack_chk_guard
 .data.rel.local
                0x00000000000194d0       0x20 /home/ssysarch/Desktop/nick/jetpack_5/Jetson_Linux_R35.4.1_aarch64/Linux_for_Tegra/sources/tegra/optee-src/nv-optee/optee/build/t234/export-ta_arm64/lib/libutee.a(user_ta_entry.o)
 .data.rel.ro.local
                0x00000000000194f0       0x60 /home/ssysarch/Desktop/nick/jetpack_5/Jetson_Linux_R35.4.1_aarch64/Linux_for_Tegra/sources/tegra/optee-src/nv-optee/optee/build/t234/export-ta_arm64/lib/libutee.a(tee_api_property.o)
                0x00000000000194f0                tee_props
 .data.rel      0x0000000000019550        0x8 /home/ssysarch/Desktop/nick/jetpack_5/Jetson_Linux_R35.4.1_aarch64/Linux_for_Tegra/sources/tegra/optee-src/nv-optee/optee/build/t234/export-ta_arm64/lib/libmbedtls.a(platform_util.o)
 .data.rel.local
                0x0000000000019558       0x80 /home/ssysarch/Desktop/nick/jetpack_5/Jetson_Linux_R35.4.1_aarch64/Linux_for_Tegra/sources/tegra/optee-src/nv-optee/optee/build/t234/export-ta_arm64/lib/libutils.a(bget_malloc.o)
 .data          0x00000000000195d8        0x4 /home/ssysarch/Desktop/nick/jetpack_5/Jetson_Linux_R35.4.1_aarch64/Linux_for_Tegra/sources/tegra/optee-src/nv-optee/optee/build/t234//ta/hwkey-agent/user_ta_header.o
                0x00000000000195d8                trace_level
 .data          0x00000000000195dc        0x0 /home/ssysarch/Desktop/nick/jetpack_5/Jetson_Linux_R35.4.1_aarch64/Linux_for_Tegra/sources/tegra/optee-src/nv-optee/optee/build/t234//ta/hwkey-agent/hwkey_agent_ta.o
 .data.rel.ro   0x00000000000195dc        0x0 /home/ssysarch/Desktop/nick/jetpack_5/Jetson_Linux_R35.4.1_aarch64/Linux_for_Tegra/sources/tegra/optee-src/nv-optee/optee/build/t234//ta/hwkey-agent/hwkey_agent_ta.o
 .data          0x00000000000195dc        0x0 /home/ssysarch/Desktop/nick/jetpack_5/Jetson_Linux_R35.4.1_aarch64/Linux_for_Tegra/sources/tegra/optee-src/nv-optee/optee/build/t234/export-ta_arm64/lib/libutils.a(memset.o)
 .data          0x00000000000195dc        0x0 /home/ssysarch/Desktop/nick/jetpack_5/Jetson_Linux_R35.4.1_aarch64/Linux_for_Tegra/sources/tegra/optee-src/nv-optee/optee/build/t234/export-ta_arm64/lib/libutils.a(trace.o)
 .data          0x00000000000195dc        0x0 /home/ssysarch/Desktop/nick/jetpack_5/Jetson_Linux_R35.4.1_aarch64/Linux_for_Tegra/sources/tegra/optee-src/nv-optee/optee/build/t234/export-ta_arm64/lib/libutils.a(memcpy.o)
 .data          0x00000000000195dc        0x0 /home/ssysarch/Desktop/nick/jetpack_5/Jetson_Linux_R35.4.1_aarch64/Linux_for_Tegra/sources/tegra/optee-src/nv-optee/optee/build/t234/export-ta_arm64/lib/libutils.a(snprintk.o)
 .data          0x00000000000195dc        0x0 /home/ssysarch/Desktop/nick/jetpack_5/Jetson_Linux_R35.4.1_aarch64/Linux_for_Tegra/sources/tegra/optee-src/nv-optee/optee/build/t234/export-ta_arm64/lib/libutils.a(memchr.o)
 .data          0x00000000000195dc        0x0 /home/ssysarch/Desktop/nick/jetpack_5/Jetson_Linux_R35.4.1_aarch64/Linux_for_Tegra/sources/tegra/optee-src/nv-optee/optee/build/t234/export-ta_arm64/lib/libutils.a(strlen.o)
 .data          0x00000000000195dc        0x0 /home/ssysarch/Desktop/nick/jetpack_5/Jetson_Linux_R35.4.1_aarch64/Linux_for_Tegra/sources/tegra/optee-src/nv-optee/optee/build/t234/export-ta_arm64/lib/libutee.a(trace_ext.o)
 .data          0x00000000000195dc        0x0 /home/ssysarch/Desktop/nick/jetpack_5/Jetson_Linux_R35.4.1_aarch64/Linux_for_Tegra/sources/tegra/optee-src/nv-optee/optee/build/t234/export-ta_arm64/lib/libutee.a(tee_api.o)
 .data          0x00000000000195dc        0x0 /home/ssysarch/Desktop/nick/jetpack_5/Jetson_Linux_R35.4.1_aarch64/Linux_for_Tegra/sources/tegra/optee-src/nv-optee/optee/build/t234/export-ta_arm64/lib/libutee.a(tee_api_objects.o)
 .data          0x00000000000195dc        0x0 /home/ssysarch/Desktop/nick/jetpack_5/Jetson_Linux_R35.4.1_aarch64/Linux_for_Tegra/sources/tegra/optee-src/nv-optee/optee/build/t234/export-ta_arm64/lib/libutee.a(tee_api_operations.o)
 .data          0x00000000000195dc        0x0 /home/ssysarch/Desktop/nick/jetpack_5/Jetson_Linux_R35.4.1_aarch64/Linux_for_Tegra/sources/tegra/optee-src/nv-optee/optee/build/t234/export-ta_arm64/lib/libutee.a(tee_api_panic.o)
 .data          0x00000000000195dc        0x0 /home/ssysarch/Desktop/nick/jetpack_5/Jetson_Linux_R35.4.1_aarch64/Linux_for_Tegra/sources/tegra/optee-src/nv-optee/optee/build/t234/export-ta_arm64/lib/libutee.a(tee_system_pta.o)
 .data          0x00000000000195dc        0x0 /home/ssysarch/Desktop/nick/jetpack_5/Jetson_Linux_R35.4.1_aarch64/Linux_for_Tegra/sources/tegra/optee-src/nv-optee/optee/build/t234/export-ta_arm64/lib/libutee.a(user_ta_entry.o)
 .data          0x00000000000195dc        0x0 /home/ssysarch/Desktop/nick/jetpack_5/Jetson_Linux_R35.4.1_aarch64/Linux_for_Tegra/sources/tegra/optee-src/nv-optee/optee/build/t234/export-ta_arm64/lib/libutee.a(utee_syscalls_a64.o)
 .data          0x00000000000195dc        0x0 /home/ssysarch/Desktop/nick/jetpack_5/Jetson_Linux_R35.4.1_aarch64/Linux_for_Tegra/sources/tegra/optee-src/nv-optee/optee/build/t234/export-ta_arm64/lib/libutee.a(abort.o)
 .data          0x00000000000195dc        0x0 /home/ssysarch/Desktop/nick/jetpack_5/Jetson_Linux_R35.4.1_aarch64/Linux_for_Tegra/sources/tegra/optee-src/nv-optee/optee/build/t234/export-ta_arm64/lib/libutee.a(assert.o)
 .data          0x00000000000195dc        0x0 /home/ssysarch/Desktop/nick/jetpack_5/Jetson_Linux_R35.4.1_aarch64/Linux_for_Tegra/sources/tegra/optee-src/nv-optee/optee/build/t234/export-ta_arm64/lib/libutee.a(tee_api_arith_mpi.o)
 .data          0x00000000000195dc        0x0 /home/ssysarch/Desktop/nick/jetpack_5/Jetson_Linux_R35.4.1_aarch64/Linux_for_Tegra/sources/tegra/optee-src/nv-optee/optee/build/t234/export-ta_arm64/lib/libutee.a(tee_api_property.o)
 .data          0x00000000000195dc        0x0 /home/ssysarch/Desktop/nick/jetpack_5/Jetson_Linux_R35.4.1_aarch64/Linux_for_Tegra/sources/tegra/optee-src/nv-optee/optee/build/t234/export-ta_arm64/lib/libutee.a(tcb.o)
 .data          0x00000000000195dc        0x0 /home/ssysarch/Desktop/nick/jetpack_5/Jetson_Linux_R35.4.1_aarch64/Linux_for_Tegra/sources/tegra/optee-src/nv-optee/optee/build/t234/export-ta_arm64/lib/libutee.a(base64.o)
 .data          0x00000000000195dc        0x0 /home/ssysarch/Desktop/nick/jetpack_5/Jetson_Linux_R35.4.1_aarch64/Linux_for_Tegra/sources/tegra/optee-src/nv-optee/optee/build/t234/export-ta_arm64/lib/libmbedtls.a(bignum.o)
 .data          0x00000000000195dc        0x0 /home/ssysarch/Desktop/nick/jetpack_5/Jetson_Linux_R35.4.1_aarch64/Linux_for_Tegra/sources/tegra/optee-src/nv-optee/optee/build/t234/export-ta_arm64/lib/libmbedtls.a(constant_time.o)
 .data          0x00000000000195dc        0x0 /home/ssysarch/Desktop/nick/jetpack_5/Jetson_Linux_R35.4.1_aarch64/Linux_for_Tegra/sources/tegra/optee-src/nv-optee/optee/build/t234/export-ta_arm64/lib/libmbedtls.a(platform_util.o)
 .data          0x00000000000195dc        0x0 /home/ssysarch/Desktop/nick/jetpack_5/Jetson_Linux_R35.4.1_aarch64/Linux_for_Tegra/sources/tegra/optee-src/nv-optee/optee/build/t234/export-ta_arm64/lib/libutils.a(bget_malloc.o)
 .data          0x00000000000195dc        0x0 /home/ssysarch/Desktop/nick/jetpack_5/Jetson_Linux_R35.4.1_aarch64/Linux_for_Tegra/sources/tegra/optee-src/nv-optee/optee/build/t234/export-ta_arm64/lib/libutils.a(snprintf.o)
 .data          0x00000000000195dc        0x0 /home/ssysarch/Desktop/nick/jetpack_5/Jetson_Linux_R35.4.1_aarch64/Linux_for_Tegra/sources/tegra/optee-src/nv-optee/optee/build/t234/export-ta_arm64/lib/libutils.a(memmove.o)
 .data          0x00000000000195dc        0x0 /home/ssysarch/Desktop/nick/jetpack_5/Jetson_Linux_R35.4.1_aarch64/Linux_for_Tegra/sources/tegra/optee-src/nv-optee/optee/build/t234/export-ta_arm64/lib/libutils.a(strcmp.o)
 .data          0x00000000000195dc        0x0 /home/ssysarch/Desktop/nick/jetpack_5/Jetson_Linux_R35.4.1_aarch64/Linux_for_Tegra/sources/tegra/optee-src/nv-optee/optee/build/t234/export-ta_arm64/lib/libutils.a(strlcpy.o)
 .data          0x00000000000195dc        0x0 /home/ssysarch/Desktop/nick/jetpack_5/Jetson_Linux_R35.4.1_aarch64/Linux_for_Tegra/sources/tegra/optee-src/nv-optee/optee/build/t234/export-ta_arm64/lib/libutils.a(mempool.o)
 .data          0x00000000000195dc        0x0 /home/ssysarch/Desktop/nick/jetpack_5/Jetson_Linux_R35.4.1_aarch64/Linux_for_Tegra/sources/tegra/optee-src/nv-optee/optee/build/t234/export-ta_arm64/lib/libutils.a(consttime_memcmp.o)

.bss            0x00000000000195e0     0x78a8
 *(SORT_BY_ALIGNMENT(.bss) SORT_BY_ALIGNMENT(.bss.*) SORT_BY_ALIGNMENT(.gnu.linkonce.b.*) SORT_BY_ALIGNMENT(COMMON))
 .bss           0x00000000000195e0        0x8 /home/ssysarch/Desktop/nick/jetpack_5/Jetson_Linux_R35.4.1_aarch64/Linux_for_Tegra/sources/tegra/optee-src/nv-optee/optee/build/t234//ta/hwkey-agent/hwkey_agent_ta.o
 .bss           0x00000000000195e8       0x10 /home/ssysarch/Desktop/nick/jetpack_5/Jetson_Linux_R35.4.1_aarch64/Linux_for_Tegra/sources/tegra/optee-src/nv-optee/optee/build/t234/export-ta_arm64/lib/libutee.a(tee_api.o)
 .bss           0x00000000000195f8        0x8 /home/ssysarch/Desktop/nick/jetpack_5/Jetson_Linux_R35.4.1_aarch64/Linux_for_Tegra/sources/tegra/optee-src/nv-optee/optee/build/t234/export-ta_arm64/lib/libutee.a(tee_system_pta.o)
 .bss           0x0000000000019600        0x9 /home/ssysarch/Desktop/nick/jetpack_5/Jetson_Linux_R35.4.1_aarch64/Linux_for_Tegra/sources/tegra/optee-src/nv-optee/optee/build/t234/export-ta_arm64/lib/libutee.a(user_ta_entry.o)
 *fill*         0x0000000000019609        0x7 
 COMMON         0x0000000000019610       0x60 /home/ssysarch/Desktop/nick/jetpack_5/Jetson_Linux_R35.4.1_aarch64/Linux_for_Tegra/sources/tegra/optee-src/nv-optee/optee/build/t234/export-ta_arm64/lib/libutee.a(user_ta_entry.o)
                0x0000000000019610                ta_param_types
                0x0000000000019618                __ta_no_share_malloc_ctx
                0x0000000000019620                ta_params
                0x0000000000019660                __elf_phdr_info
 .bss           0x0000000000019670     0x3800 /home/ssysarch/Desktop/nick/jetpack_5/Jetson_Linux_R35.4.1_aarch64/Linux_for_Tegra/sources/tegra/optee-src/nv-optee/optee/build/t234/export-ta_arm64/lib/libutee.a(tee_api_arith_mpi.o)
 .bss           0x000000000001ce70       0x10 /home/ssysarch/Desktop/nick/jetpack_5/Jetson_Linux_R35.4.1_aarch64/Linux_for_Tegra/sources/tegra/optee-src/nv-optee/optee/build/t234/export-ta_arm64/lib/libutee.a(tcb.o)
 COMMON         0x000000000001ce80        0x8 /home/ssysarch/Desktop/nick/jetpack_5/Jetson_Linux_R35.4.1_aarch64/Linux_for_Tegra/sources/tegra/optee-src/nv-optee/optee/build/t234/export-ta_arm64/lib/libmbedtls.a(bignum.o)
                0x000000000001ce80                mbedtls_mpi_mempool
 .bss           0x000000000001ce88        0x0 /home/ssysarch/Desktop/nick/jetpack_5/Jetson_Linux_R35.4.1_aarch64/Linux_for_Tegra/sources/tegra/optee-src/nv-optee/optee/build/t234//ta/hwkey-agent/user_ta_header.o
 COMMON         0x000000000001ce88     0x4000 /home/ssysarch/Desktop/nick/jetpack_5/Jetson_Linux_R35.4.1_aarch64/Linux_for_Tegra/sources/tegra/optee-src/nv-optee/optee/build/t234//ta/hwkey-agent/user_ta_header.o
                0x000000000001ce88                ta_heap
                0x0000000000020e88                __ta_no_share_heap
 .bss           0x0000000000020e88        0x0 /home/ssysarch/Desktop/nick/jetpack_5/Jetson_Linux_R35.4.1_aarch64/Linux_for_Tegra/sources/tegra/optee-src/nv-optee/optee/build/t234/export-ta_arm64/lib/libutils.a(stack_check.o)
 .bss           0x0000000000020e88        0x0 /home/ssysarch/Desktop/nick/jetpack_5/Jetson_Linux_R35.4.1_aarch64/Linux_for_Tegra/sources/tegra/optee-src/nv-optee/optee/build/t234/export-ta_arm64/lib/libutils.a(memset.o)
 .bss           0x0000000000020e88        0x0 /home/ssysarch/Desktop/nick/jetpack_5/Jetson_Linux_R35.4.1_aarch64/Linux_for_Tegra/sources/tegra/optee-src/nv-optee/optee/build/t234/export-ta_arm64/lib/libutils.a(trace.o)
 .bss           0x0000000000020e88        0x0 /home/ssysarch/Desktop/nick/jetpack_5/Jetson_Linux_R35.4.1_aarch64/Linux_for_Tegra/sources/tegra/optee-src/nv-optee/optee/build/t234/export-ta_arm64/lib/libutils.a(memcpy.o)
 .bss           0x0000000000020e88        0x0 /home/ssysarch/Desktop/nick/jetpack_5/Jetson_Linux_R35.4.1_aarch64/Linux_for_Tegra/sources/tegra/optee-src/nv-optee/optee/build/t234/export-ta_arm64/lib/libutils.a(snprintk.o)
 .bss           0x0000000000020e88        0x0 /home/ssysarch/Desktop/nick/jetpack_5/Jetson_Linux_R35.4.1_aarch64/Linux_for_Tegra/sources/tegra/optee-src/nv-optee/optee/build/t234/export-ta_arm64/lib/libutils.a(memchr.o)
 .bss           0x0000000000020e88        0x0 /home/ssysarch/Desktop/nick/jetpack_5/Jetson_Linux_R35.4.1_aarch64/Linux_for_Tegra/sources/tegra/optee-src/nv-optee/optee/build/t234/export-ta_arm64/lib/libutils.a(strlen.o)
 .bss           0x0000000000020e88        0x0 /home/ssysarch/Desktop/nick/jetpack_5/Jetson_Linux_R35.4.1_aarch64/Linux_for_Tegra/sources/tegra/optee-src/nv-optee/optee/build/t234/export-ta_arm64/lib/libutee.a(trace_ext.o)
 .bss           0x0000000000020e88        0x0 /home/ssysarch/Desktop/nick/jetpack_5/Jetson_Linux_R35.4.1_aarch64/Linux_for_Tegra/sources/tegra/optee-src/nv-optee/optee/build/t234/export-ta_arm64/lib/libutee.a(tee_api_objects.o)
 .bss           0x0000000000020e88        0x0 /home/ssysarch/Desktop/nick/jetpack_5/Jetson_Linux_R35.4.1_aarch64/Linux_for_Tegra/sources/tegra/optee-src/nv-optee/optee/build/t234/export-ta_arm64/lib/libutee.a(tee_api_operations.o)
 .bss           0x0000000000020e88        0x0 /home/ssysarch/Desktop/nick/jetpack_5/Jetson_Linux_R35.4.1_aarch64/Linux_for_Tegra/sources/tegra/optee-src/nv-optee/optee/build/t234/export-ta_arm64/lib/libutee.a(tee_api_panic.o)
 .bss           0x0000000000020e88        0x0 /home/ssysarch/Desktop/nick/jetpack_5/Jetson_Linux_R35.4.1_aarch64/Linux_for_Tegra/sources/tegra/optee-src/nv-optee/optee/build/t234/export-ta_arm64/lib/libutee.a(utee_syscalls_a64.o)
 .bss           0x0000000000020e88        0x0 /home/ssysarch/Desktop/nick/jetpack_5/Jetson_Linux_R35.4.1_aarch64/Linux_for_Tegra/sources/tegra/optee-src/nv-optee/optee/build/t234/export-ta_arm64/lib/libutee.a(abort.o)
 .bss           0x0000000000020e88        0x0 /home/ssysarch/Desktop/nick/jetpack_5/Jetson_Linux_R35.4.1_aarch64/Linux_for_Tegra/sources/tegra/optee-src/nv-optee/optee/build/t234/export-ta_arm64/lib/libutee.a(assert.o)
 .bss           0x0000000000020e88        0x0 /home/ssysarch/Desktop/nick/jetpack_5/Jetson_Linux_R35.4.1_aarch64/Linux_for_Tegra/sources/tegra/optee-src/nv-optee/optee/build/t234/export-ta_arm64/lib/libutee.a(tee_api_property.o)
 .bss           0x0000000000020e88        0x0 /home/ssysarch/Desktop/nick/jetpack_5/Jetson_Linux_R35.4.1_aarch64/Linux_for_Tegra/sources/tegra/optee-src/nv-optee/optee/build/t234/export-ta_arm64/lib/libutee.a(base64.o)