Archive member included to satisfy reference by file (symbol)

/home/ssysarch/Desktop/nick/jetpack_5/Jetson_Linux_R35.4.1_aarch64/Linux_for_Tegra/sources/tegra/optee-src/nv-optee/optee/build/t234/export-ta_arm64/lib/libutils.a(stack_check.o)
                              /home/ssysarch/Desktop/nick/jetpack_5/Jetson_Linux_R35.4.1_aarch64/Linux_for_Tegra/sources/tegra/optee-src/nv-optee/optee/build/t234/ta/sims/ta_sims.o (__stack_chk_fail)
/home/ssysarch/Desktop/nick/jetpack_5/Jetson_Linux_R35.4.1_aarch64/Linux_for_Tegra/sources/tegra/optee-src/nv-optee/optee/build/t234/export-ta_arm64/lib/libutils.a(trace.o)
                              /home/ssysarch/Desktop/nick/jetpack_5/Jetson_Linux_R35.4.1_aarch64/Linux_for_Tegra/sources/tegra/optee-src/nv-optee/optee/build/t234/export-ta_arm64/lib/libutils.a(stack_check.o) (trace_printf)
/home/ssysarch/Desktop/nick/jetpack_5/Jetson_Linux_R35.4.1_aarch64/Linux_for_Tegra/sources/tegra/optee-src/nv-optee/optee/build/t234/export-ta_arm64/lib/libutils.a(memcpy.o)
                              /home/ssysarch/Desktop/nick/jetpack_5/Jetson_Linux_R35.4.1_aarch64/Linux_for_Tegra/sources/tegra/optee-src/nv-optee/optee/build/t234/export-ta_arm64/lib/libutils.a(trace.o) (memcpy)
/home/ssysarch/Desktop/nick/jetpack_5/Jetson_Linux_R35.4.1_aarch64/Linux_for_Tegra/sources/tegra/optee-src/nv-optee/optee/build/t234/export-ta_arm64/lib/libutils.a(snprintk.o)
                              /home/ssysarch/Desktop/nick/jetpack_5/Jetson_Linux_R35.4.1_aarch64/Linux_for_Tegra/sources/tegra/optee-src/nv-optee/optee/build/t234/export-ta_arm64/lib/libutils.a(trace.o) (vsnprintk)
/home/ssysarch/Desktop/nick/jetpack_5/Jetson_Linux_R35.4.1_aarch64/Linux_for_Tegra/sources/tegra/optee-src/nv-optee/optee/build/t234/export-ta_arm64/lib/libutils.a(memchr.o)
                              /home/ssysarch/Desktop/nick/jetpack_5/Jetson_Linux_R35.4.1_aarch64/Linux_for_Tegra/sources/tegra/optee-src/nv-optee/optee/build/t234/export-ta_arm64/lib/libutils.a(snprintk.o) (memchr)
/home/ssysarch/Desktop/nick/jetpack_5/Jetson_Linux_R35.4.1_aarch64/Linux_for_Tegra/sources/tegra/optee-src/nv-optee/optee/build/t234/export-ta_arm64/lib/libutils.a(strlen.o)
                              /home/ssysarch/Desktop/nick/jetpack_5/Jetson_Linux_R35.4.1_aarch64/Linux_for_Tegra/sources/tegra/optee-src/nv-optee/optee/build/t234/export-ta_arm64/lib/libutils.a(snprintk.o) (strlen)
/home/ssysarch/Desktop/nick/jetpack_5/Jetson_Linux_R35.4.1_aarch64/Linux_for_Tegra/sources/tegra/optee-src/nv-optee/optee/build/t234/export-ta_arm64/lib/libutee.a(trace_ext.o)
                              /home/ssysarch/Desktop/nick/jetpack_5/Jetson_Linux_R35.4.1_aarch64/Linux_for_Tegra/sources/tegra/optee-src/nv-optee/optee/build/t234/export-ta_arm64/lib/libutils.a(trace.o) (trace_ext_puts)
/home/ssysarch/Desktop/nick/jetpack_5/Jetson_Linux_R35.4.1_aarch64/Linux_for_Tegra/sources/tegra/optee-src/nv-optee/optee/build/t234/export-ta_arm64/lib/libutee.a(tee_api.o)
                              /home/ssysarch/Desktop/nick/jetpack_5/Jetson_Linux_R35.4.1_aarch64/Linux_for_Tegra/sources/tegra/optee-src/nv-optee/optee/build/t234/ta/sims/ta_sims.o (TEE_CloseTASession)
/home/ssysarch/Desktop/nick/jetpack_5/Jetson_Linux_R35.4.1_aarch64/Linux_for_Tegra/sources/tegra/optee-src/nv-optee/optee/build/t234/export-ta_arm64/lib/libutee.a(tee_api_panic.o)
                              /home/ssysarch/Desktop/nick/jetpack_5/Jetson_Linux_R35.4.1_aarch64/Linux_for_Tegra/sources/tegra/optee-src/nv-optee/optee/build/t234/ta/sims/ta_sims.o (TEE_Panic)
/home/ssysarch/Desktop/nick/jetpack_5/Jetson_Linux_R35.4.1_aarch64/Linux_for_Tegra/sources/tegra/optee-src/nv-optee/optee/build/t234/export-ta_arm64/lib/libutee.a(tee_system_pta.o)
                              /home/ssysarch/Desktop/nick/jetpack_5/Jetson_Linux_R35.4.1_aarch64/Linux_for_Tegra/sources/tegra/optee-src/nv-optee/optee/build/t234/export-ta_arm64/lib/libutee.a(tee_api.o) (tee_map_zi)
/home/ssysarch/Desktop/nick/jetpack_5/Jetson_Linux_R35.4.1_aarch64/Linux_for_Tegra/sources/tegra/optee-src/nv-optee/optee/build/t234/export-ta_arm64/lib/libutee.a(user_ta_entry.o)
                              /home/ssysarch/Desktop/nick/jetpack_5/Jetson_Linux_R35.4.1_aarch64/Linux_for_Tegra/sources/tegra/optee-src/nv-optee/optee/build/t234/ta/sims/user_ta_header.o (__utee_entry)
/home/ssysarch/Desktop/nick/jetpack_5/Jetson_Linux_R35.4.1_aarch64/Linux_for_Tegra/sources/tegra/optee-src/nv-optee/optee/build/t234/export-ta_arm64/lib/libutee.a(utee_syscalls_a64.o)
                              /home/ssysarch/Desktop/nick/jetpack_5/Jetson_Linux_R35.4.1_aarch64/Linux_for_Tegra/sources/tegra/optee-src/nv-optee/optee/build/t234/export-ta_arm64/lib/libutils.a(stack_check.o) (_utee_panic)
/home/ssysarch/Desktop/nick/jetpack_5/Jetson_Linux_R35.4.1_aarch64/Linux_for_Tegra/sources/tegra/optee-src/nv-optee/optee/build/t234/export-ta_arm64/lib/libutee.a(abort.o)
[...]
Memory Configuration

Name             Origin             Length             Attributes
*default*        0x0000000000000000 0xffffffffffffffff

Linker script and memory map


.ta_head        0x0000000000000000       0x20
 *(SORT_BY_ALIGNMENT(.ta_head))
 .ta_head       0x0000000000000000       0x20 /home/ssysarch/Desktop/nick/jetpack_5/Jetson_Linux_R35.4.1_aarch64/Linux_for_Tegra/sources/tegra/optee-src/nv-optee/optee/build/t234/ta/sims/user_ta_header.o
                0x0000000000000000                ta_head

.text           0x0000000000000020     0xcf98
                0x0000000000000020                __text_start = .
 *(SORT_BY_ALIGNMENT(.text) SORT_BY_ALIGNMENT(.text.*))
 .text          0x0000000000000020       0xec /home/ssysarch/Desktop/nick/jetpack_5/Jetson_Linux_R35.4.1_aarch64/Linux_for_Tegra/sources/tegra/optee-src/nv-optee/optee/build/t234/export-ta_arm64/lib/libutils.a(memcpy.o)
                0x0000000000000020                memcpy
 .text          0x000000000000010c       0x7c /home/ssysarch/Desktop/nick/jetpack_5/Jetson_Linux_R35.4.1_aarch64/Linux_for_Tegra/sources/tegra/optee-src/nv-optee/optee/build/t234/ta/sims/ta_entry.o
                0x000000000000010c                TA_CreateEntryPoint
                0x0000000000000114                TA_DestroyEntryPoint
                0x0000000000000118                TA_OpenSessionEntryPoint
                0x0000000000000120                TA_CloseSessionEntryPoint
                0x0000000000000124                TA_InvokeCommandEntryPoint
 .text          0x0000000000000188      0x3a4 /home/ssysarch/Desktop/nick/jetpack_5/Jetson_Linux_R35.4.1_aarch64/Linux_for_Tegra/sources/tegra/optee-src/nv-optee/optee/build/t234/ta/sims/ta_sims.o
                0x0000000000000188                sims_open_ta_session
                0x000000000000026c                sims_open_session
                0x00000000000002c0                sims_close_session
                0x00000000000002ec                sims_read
                0x0000000000000394                sims_write
                0x0000000000000448                sims_get_counter
                0x0000000000000468                sims_entry_panic
 .text          0x000000000000052c       0x1c /home/ssysarch/Desktop/nick/jetpack_5/Jetson_Linux_R35.4.1_aarch64/Linux_for_Tegra/sources/tegra/optee-src/nv-optee/optee/build/t234/ta/sims/user_ta_header.o
                0x000000000000052c                __ta_entry
                0x0000000000000540                tahead_get_trace_level
 .text          0x0000000000000548       0x30 /home/ssysarch/Desktop/nick/jetpack_5/Jetson_Linux_R35.4.1_aarch64/Linux_for_Tegra/sources/tegra/optee-src/nv-optee/optee/build/t234/export-ta_arm64/lib/libutils.a(stack_check.o)
                0x0000000000000548                __stack_chk_fail
 .text          0x0000000000000578      0x5cc /home/ssysarch/Desktop/nick/jetpack_5/Jetson_Linux_R35.4.1_aarch64/Linux_for_Tegra/sources/tegra/optee-src/nv-optee/optee/build/t234/export-ta_arm64/lib/libutils.a(trace.o)
                0x0000000000000684                trace_set_level
                0x00000000000006a0                trace_get_level
                0x00000000000006b0                trace_vprintf
                0x00000000000008cc                trace_printf
                0x00000000000009ac                dhex_dump
 .text          0x0000000000000b44      0xe10 /home/ssysarch/Desktop/nick/jetpack_5/Jetson_Linux_R35.4.1_aarch64/Linux_for_Tegra/sources/tegra/optee-src/nv-optee/optee/build/t234/export-ta_arm64/lib/libutils.a(snprintk.o)
                0x0000000000000b44                __vsnprintf
                0x0000000000000c04                vsnprintk
                0x0000000000000c5c                snprintk
                0x0000000000001908                __vsprintf
 .text          0x0000000000001954       0x2c /home/ssysarch/Desktop/nick/jetpack_5/Jetson_Linux_R35.4.1_aarch64/Linux_for_Tegra/sources/tegra/optee-src/nv-optee/optee/build/t234/export-ta_arm64/lib/libutils.a(memchr.o)
                0x0000000000001954                memchr
 .text          0x0000000000001980       0x1c /home/ssysarch/Desktop/nick/jetpack_5/Jetson_Linux_R35.4.1_aarch64/Linux_for_Tegra/sources/tegra/optee-src/nv-optee/optee/build/t234/export-ta_arm64/lib/libutils.a(strlen.o)
                0x0000000000001980                strlen
 .text          0x000000000000199c      0x1e0 /home/ssysarch/Desktop/nick/jetpack_5/Jetson_Linux_R35.4.1_aarch64/Linux_for_Tegra/sources/tegra/optee-src/nv-optee/optee/build/t234/export-ta_arm64/lib/libutee.a(trace_ext.o)
                0x000000000000199c                trace_ext_puts
                0x00000000000019c4                trace_ext_get_thread_id
                0x00000000000019cc                printf
                0x0000000000001acc                puts
                0x0000000000001b0c                putchar
 .text          0x0000000000001b7c     0x10c0 /home/ssysarch/Desktop/nick/jetpack_5/Jetson_Linux_R35.4.1_aarch64/Linux_for_Tegra/sources/tegra/optee-src/nv-optee/optee/build/t234/export-ta_arm64/lib/libutee.a(tee_api.o)
                0x0000000000001f2c                TEE_CloseTASession
                0x0000000000001f54                TEE_GetCancellationFlag
                0x0000000000001fb4                TEE_UnmaskCancellation
                0x0000000000002014                TEE_MaskCancellation
                0x0000000000002074                TEE_CheckMemoryAccessRights
                0x0000000000002298                TEE_OpenTASession
                0x00000000000023ec                __GP11_TEE_OpenTASession
                0x0000000000002534                TEE_InvokeTACommand
                0x00000000000026b8                __GP11_TEE_InvokeTACommand
                0x0000000000002830                __GP11_TEE_CheckMemoryAccessRights
                0x0000000000002838                TEE_SetInstanceData
                0x0000000000002844                TEE_GetInstanceData
                0x0000000000002850                TEE_MemMove
                0x0000000000002854                __GP11_TEE_MemMove
                0x000000000000285c                TEE_MemCompare
                0x0000000000002860                __GP11_TEE_MemCompare
                0x0000000000002868                TEE_MemFill
                0x000000000000286c                __GP11_TEE_MemFill
                0x0000000000002874                TEE_GetSystemTime
                0x000000000000289c                TEE_Wait
                0x00000000000028d8                TEE_GetTAPersistentTime
                0x000000000000294c                TEE_SetTAPersistentTime
                0x0000000000002990                TEE_GetREETime
                0x00000000000029b8                TEE_Malloc
                0x0000000000002adc                __GP11_TEE_Malloc
                0x0000000000002ae4                TEE_Free
                0x0000000000002b44                TEE_Realloc
                0x0000000000002c1c                __GP11_TEE_Realloc
                0x0000000000002c24                TEE_CacheClean
                0x0000000000002c2c                TEE_CacheFlush
                0x0000000000002c34                TEE_CacheInvalidate
 .text          0x0000000000002c3c      0x2ec /home/ssysarch/Desktop/nick/jetpack_5/Jetson_Linux_R35.4.1_aarch64/Linux_for_Tegra/sources/tegra/optee-src/nv-optee/optee/build/t234/export-ta_arm64/lib/libutee.a(tee_api_panic.o)
                0x0000000000002c58                TEE_Panic
                0x0000000000002ca4                __utee_check_outbuf_annotation
                0x0000000000002d08                __utee_check_gp11_outbuf_annotation
                0x0000000000002d6c                __utee_check_instring_annotation
                0x0000000000002da8                __utee_check_outstring_annotation
                0x0000000000002e0c                __utee_check_gp11_outstring_annotation
                0x0000000000002e70                __utee_check_out_annotation
                0x0000000000002e9c                __utee_check_attr_in_annotation
                0x0000000000002ecc                __utee_check_gp11_attr_in_annotation
                0x0000000000002efc                __utee_check_inout_annotation
 .text          0x0000000000002f28      0x310 /home/ssysarch/Desktop/nick/jetpack_5/Jetson_Linux_R35.4.1_aarch64/Linux_for_Tegra/sources/tegra/optee-src/nv-optee/optee/build/t234/export-ta_arm64/lib/libutee.a(tee_system_pta.o)
                0x0000000000002fb0                tee_map_zi
                0x0000000000003060                tee_unmap
                0x0000000000003128                tee_invoke_supp_plugin
 .text          0x0000000000003238      0x74c /home/ssysarch/Desktop/nick/jetpack_5/Jetson_Linux_R35.4.1_aarch64/Linux_for_Tegra/sources/tegra/optee-src/nv-optee/optee/build/t234/export-ta_arm64/lib/libutee.a(user_ta_entry.o)
                0x00000000000034fc                __utee_call_elf_init_fn
                0x0000000000003654                __utee_call_elf_fini_fn
                0x00000000000036fc                __utee_entry
 .text._utee_panic
                0x0000000000003984        0xc /home/ssysarch/Desktop/nick/jetpack_5/Jetson_Linux_R35.4.1_aarch64/Linux_for_Tegra/sources/tegra/optee-src/nv-optee/optee/build/t234/export-ta_arm64/lib/libutee.a(utee_syscalls_a64.o)
                0x0000000000003984                _utee_panic
 .text._utee_return
                0x0000000000003990        0xc /home/ssysarch/Desktop/nick/jetpack_5/Jetson_Linux_R35.4.1_aarch64/Linux_for_Tegra/sources/tegra/optee-src/nv-optee/optee/build/t234/export-ta_arm64/lib/libutee.a(utee_syscalls_a64.o)
                0x0000000000003990                _utee_return
 .text._utee_log
                0x000000000000399c        0xc /home/ssysarch/Desktop/nick/jetpack_5/Jetson_Linux_R35.4.1_aarch64/Linux_for_Tegra/sources/tegra/optee-src/nv-optee/optee/build/t234/export-ta_arm64/lib/libutee.a(utee_syscalls_a64.o)
                0x000000000000399c                _utee_log
 .text.__utee_panic
                0x00000000000039a8        0xc /home/ssysarch/Desktop/nick/jetpack_5/Jetson_Linux_R35.4.1_aarch64/Linux_for_Tegra/sources/tegra/optee-src/nv-optee/optee/build/t234/export-ta_arm64/lib/libutee.a(utee_syscalls_a64.o)
                0x00000000000039a8                __utee_panic
 .text._utee_get_property
                0x00000000000039b4        0xc /home/ssysarch/Desktop/nick/jetpack_5/Jetson_Linux_R35.4.1_aarch64/Linux_for_Tegra/sources/tegra/optee-src/nv-optee/optee/build/t234/export-ta_arm64/lib/libutee.a(utee_syscalls_a64.o)
                0x00000000000039b4                _utee_get_property
 .text._utee_get_property_name_to_index
                0x00000000000039c0        0xc /home/ssysarch/Desktop/nick/jetpack_5/Jetson_Linux_R35.4.1_aarch64/Linux_for_Tegra/sources/tegra/optee-src/nv-optee/optee/build/t234/export-ta_arm64/lib/libutee.a(utee_syscalls_a64.o)
                0x00000000000039c0                _utee_get_property_name_to_index
 .text._utee_open_ta_session
                0x00000000000039cc        0xc /home/ssysarch/Desktop/nick/jetpack_5/Jetson_Linux_R35.4.1_aarch64/Linux_for_Tegra/sources/tegra/optee-src/nv-optee/optee/build/t234/export-ta_arm64/lib/libutee.a(utee_syscalls_a64.o)
                0x00000000000039cc                _utee_open_ta_session
 .text._utee_close_ta_session
                0x00000000000039d8        0xc /home/ssysarch/Desktop/nick/jetpack_5/Jetson_Linux_R35.4.1_aarch64/Linux_for_Tegra/sources/tegra/optee-src/nv-optee/optee/build/t234/export-ta_arm64/lib/libutee.a(utee_syscalls_a64.o)
                0x00000000000039d8                _utee_close_ta_session
 .text._utee_invoke_ta_command
                0x00000000000039e4        0xc /home/ssysarch/Desktop/nick/jetpack_5/Jetson_Linux_R35.4.1_aarch64/Linux_for_Tegra/sources/tegra/optee-src/nv-optee/optee/build/t234/export-ta_arm64/lib/libutee.a(utee_syscalls_a64.o)
                0x00000000000039e4                _utee_invoke_ta_command
 .text._utee_get_cancellation_flag
                0x00000000000039f0        0xc /home/ssysarch/Desktop/nick/jetpack_5/Jetson_Linux_R35.4.1_aarch64/Linux_for_Tegra/sources/tegra/optee-src/nv-optee/optee/build/t234/export-ta_arm64/lib/libutee.a(utee_syscalls_a64.o)
                0x00000000000039f0                _utee_get_cancellation_flag
 .text._utee_check_access_rights
                0x00000000000039fc        0xc /home/ssysarch/Desktop/nick/jetpack_5/Jetson_Linux_R35.4.1_aarch64/Linux_for_Tegra/sources/tegra/optee-src/nv-optee/optee/build/t234/export-ta_arm64/lib/libutee.a(utee_syscalls_a64.o)
                0x00000000000039fc                _utee_check_access_rights
 .text._utee_unmask_cancellation
                0x0000000000003a08        0xc /home/ssysarch/Desktop/nick/jetpack_5/Jetson_Linux_R35.4.1_aarch64/Linux_for_Tegra/sources/tegra/optee-src/nv-optee/optee/build/t234/export-ta_arm64/lib/libutee.a(utee_syscalls_a64.o)
                0x0000000000003a08                _utee_unmask_cancellation
 .text._utee_mask_cancellation
                0x0000000000003a14        0xc /home/ssysarch/Desktop/nick/jetpack_5/Jetson_Linux_R35.4.1_aarch64/Linux_for_Tegra/sources/tegra/optee-src/nv-optee/optee/build/t234/export-ta_arm64/lib/libutee.a(utee_syscalls_a64.o)
                0x0000000000003a14                _utee_mask_cancellation
 .text._utee_wait
                0x0000000000003a20        0xc /home/ssysarch/Desktop/nick/jetpack_5/Jetson_Linux_R35.4.1_aarch64/Linux_for_Tegra/sources/tegra/optee-src/nv-optee/optee/build/t234/export-ta_arm64/lib/libutee.a(utee_syscalls_a64.o)
                0x0000000000003a20                _utee_wait
 .text._utee_get_time
                0x0000000000003a2c        0xc /home/ssysarch/Desktop/nick/jetpack_5/Jetson_Linux_R35.4.1_aarch64/Linux_for_Tegra/sources/tegra/optee-src/nv-optee/optee/build/t234/export-ta_arm64/lib/libutee.a(utee_syscalls_a64.o)
                0x0000000000003a2c                _utee_get_time
 .text._utee_set_ta_time
                0x0000000000003a38        0xc /home/ssysarch/Desktop/nick/jetpack_5/Jetson_Linux_R35.4.1_aarch64/Linux_for_Tegra/sources/tegra/optee-src/nv-optee/optee/build/t234/export-ta_arm64/lib/libutee.a(utee_syscalls_a64.o)
                0x0000000000003a38                _utee_set_ta_time
 .text._utee_cryp_state_alloc
                0x0000000000003a44        0xc /home/ssysarch/Desktop/nick/jetpack_5/Jetson_Linux_R35.4.1_aarch64/Linux_for_Tegra/sources/tegra/optee-src/nv-optee/optee/build/t234/export-ta_arm64/lib/libutee.a(utee_syscalls_a64.o)
                0x0000000000003a44                _utee_cryp_state_alloc
 .text._utee_cryp_state_copy
                0x0000000000003a50        0xc /home/ssysarch/Desktop/nick/jetpack_5/Jetson_Linux_R35.4.1_aarch64/Linux_for_Tegra/sources/tegra/optee-src/nv-optee/optee/build/t234/export-ta_arm64/lib/libutee.a(utee_syscalls_a64.o)
                0x0000000000003a50                _utee_cryp_state_copy
 .text._utee_cryp_state_free
                0x0000000000003a5c        0xc /home/ssysarch/Desktop/nick/jetpack_5/Jetson_Linux_R35.4.1_aarch64/Linux_for_Tegra/sources/tegra/optee-src/nv-optee/optee/build/t234/export-ta_arm64/lib/libutee.a(utee_syscalls_a64.o)
                0x0000000000003a5c                _utee_cryp_state_free
 .text._utee_hash_init
                0x0000000000003a68        0xc /home/ssysarch/Desktop/nick/jetpack_5/Jetson_Linux_R35.4.1_aarch64/Linux_for_Tegra/sources/tegra/optee-src/nv-optee/optee/build/t234/export-ta_arm64/lib/libutee.a(utee_syscalls_a64.o)
                0x0000000000003a68                _utee_hash_init
 .text._utee_hash_update
                0x0000000000003a74        0xc /home/ssysarch/Desktop/nick/jetpack_5/Jetson_Linux_R35.4.1_aarch64/Linux_for_Tegra/sources/tegra/optee-src/nv-optee/optee/build/t234/export-ta_arm64/lib/libutee.a(utee_syscalls_a64.o)
                0x0000000000003a74                _utee_hash_update
 .text._utee_hash_final
                0x0000000000003a80        0xc /home/ssysarch/Desktop/nick/jetpack_5/Jetson_Linux_R35.4.1_aarch64/Linux_for_Tegra/sources/tegra/optee-src/nv-optee/optee/build/t234/export-ta_arm64/lib/libutee.a(utee_syscalls_a64.o)
                0x0000000000003a80                _utee_hash_final
 .text._utee_cipher_init
                0x0000000000003a8c        0xc /home/ssysarch/Desktop/nick/jetpack_5/Jetson_Linux_R35.4.1_aarch64/Linux_for_Tegra/sources/tegra/optee-src/nv-optee/optee/build/t234/export-ta_arm64/lib/libutee.a(utee_syscalls_a64.o)
                0x0000000000003a8c                _utee_cipher_init
 .text._utee_cipher_update
                0x0000000000003a98        0xc /home/ssysarch/Desktop/nick/jetpack_5/Jetson_Linux_R35.4.1_aarch64/Linux_for_Tegra/sources/tegra/optee-src/nv-optee/optee/build/t234/export-ta_arm64/lib/libutee.a(utee_syscalls_a64.o)
                0x0000000000003a98                _utee_cipher_update
 .text._utee_cipher_final
                0x0000000000003aa4        0xc /home/ssysarch/Desktop/nick/jetpack_5/Jetson_Linux_R35.4.1_aarch64/Linux_for_Tegra/sources/tegra/optee-src/nv-optee/optee/build/t234/export-ta_arm64/lib/libutee.a(utee_syscalls_a64.o)
                0x0000000000003aa4                _utee_cipher_final
 .text._utee_cryp_obj_get_info
                0x0000000000003ab0        0xc /home/ssysarch/Desktop/nick/jetpack_5/Jetson_Linux_R35.4.1_aarch64/Linux_for_Tegra/sources/tegra/optee-src/nv-optee/optee/build/t234/export-ta_arm64/lib/libutee.a(utee_syscalls_a64.o)
                0x0000000000003ab0                _utee_cryp_obj_get_info
 .text._utee_cryp_obj_restrict_usage
                0x0000000000003abc        0xc /home/ssysarch/Desktop/nick/jetpack_5/Jetson_Linux_R35.4.1_aarch64/Linux_for_Tegra/sources/tegra/optee-src/nv-optee/optee/build/t234/export-ta_arm64/lib/libutee.a(utee_syscalls_a64.o)
                0x0000000000003abc                _utee_cryp_obj_restrict_usage
 .text._utee_cryp_obj_get_attr
                0x0000000000003ac8        0xc /home/ssysarch/Desktop/nick/jetpack_5/Jetson_Linux_R35.4.1_aarch64/Linux_for_Tegra/sources/tegra/optee-src/nv-optee/optee/build/t234/export-ta_arm64/lib/libutee.a(utee_syscalls_a64.o)
                0x0000000000003ac8                _utee_cryp_obj_get_attr
 .text._utee_cryp_obj_alloc
                0x0000000000003ad4        0xc /home/ssysarch/Desktop/nick/jetpack_5/Jetson_Linux_R35.4.1_aarch64/Linux_for_Tegra/sources/tegra/optee-src/nv-optee/optee/build/t234/export-ta_arm64/lib/libutee.a(utee_syscalls_a64.o)
                0x0000000000003ad4                _utee_cryp_obj_alloc
 .text._utee_cryp_obj_close
                0x0000000000003ae0        0xc /home/ssysarch/Desktop/nick/jetpack_5/Jetson_Linux_R35.4.1_aarch64/Linux_for_Tegra/sources/tegra/optee-src/nv-optee/optee/build/t234/export-ta_arm64/lib/libutee.a(utee_syscalls_a64.o)
                0x0000000000003ae0                _utee_cryp_obj_close
 .text._utee_cryp_obj_reset
                0x0000000000003aec        0xc /home/ssysarch/Desktop/nick/jetpack_5/Jetson_Linux_R35.4.1_aarch64/Linux_for_Tegra/sources/tegra/optee-src/nv-optee/optee/build/t234/export-ta_arm64/lib/libutee.a(utee_syscalls_a64.o)
                0x0000000000003aec                _utee_cryp_obj_reset
 .text._utee_cryp_obj_populate
                0x0000000000003af8        0xc /home/ssysarch/Desktop/nick/jetpack_5/Jetson_Linux_R35.4.1_aarch64/Linux_for_Tegra/sources/tegra/optee-src/nv-optee/optee/build/t234/export-ta_arm64/lib/libutee.a(utee_syscalls_a64.o)
                0x0000000000003af8                _utee_cryp_obj_populate
 .text._utee_cryp_obj_copy
                0x0000000000003b04        0xc /home/ssysarch/Desktop/nick/jetpack_5/Jetson_Linux_R35.4.1_aarch64/Linux_for_Tegra/sources/tegra/optee-src/nv-optee/optee/build/t234/export-ta_arm64/lib/libutee.a(utee_syscalls_a64.o)
                0x0000000000003b04                _utee_cryp_obj_copy
 .text._utee_cryp_derive_key
                0x0000000000003b10        0xc /home/ssysarch/Desktop/nick/jetpack_5/Jetson_Linux_R35.4.1_aarch64/Linux_for_Tegra/sources/tegra/optee-src/nv-optee/optee/build/t234/export-ta_arm64/lib/libutee.a(utee_syscalls_a64.o)
                0x0000000000003b10                _utee_cryp_derive_key
 .text._utee_cryp_random_number_generate
                0x0000000000003b1c        0xc /home/ssysarch/Desktop/nick/jetpack_5/Jetson_Linux_R35.4.1_aarch64/Linux_for_Tegra/sources/tegra/optee-src/nv-optee/optee/build/t234/export-ta_arm64/lib/libutee.a(utee_syscalls_a64.o)
                0x0000000000003b1c                _utee_cryp_random_number_generate
 .text._utee_authenc_init
                0x0000000000003b28        0xc /home/ssysarch/Desktop/nick/jetpack_5/Jetson_Linux_R35.4.1_aarch64/Linux_for_Tegra/sources/tegra/optee-src/nv-optee/optee/build/t234/export-ta_arm64/lib/libutee.a(utee_syscalls_a64.o)
                0x0000000000003b28                _utee_authenc_init
 .text._utee_authenc_update_aad
                0x0000000000003b34        0xc /home/ssysarch/Desktop/nick/jetpack_5/Jetson_Linux_R35.4.1_aarch64/Linux_for_Tegra/sources/tegra/optee-src/nv-optee/optee/build/t234/export-ta_arm64/lib/libutee.a(utee_syscalls_a64.o)
                0x0000000000003b34                _utee_authenc_update_aad
 .text._utee_authenc_update_payload
                0x0000000000003b40        0xc /home/ssysarch/Desktop/nick/jetpack_5/Jetson_Linux_R35.4.1_aarch64/Linux_for_Tegra/sources/tegra/optee-src/nv-optee/optee/build/t234/export-ta_arm64/lib/libutee.a(utee_syscalls_a64.o)
                0x0000000000003b40                _utee_authenc_update_payload
 .text._utee_authenc_enc_final
                0x0000000000003b4c        0xc /home/ssysarch/Desktop/nick/jetpack_5/Jetson_Linux_R35.4.1_aarch64/Linux_for_Tegra/sources/tegra/optee-src/nv-optee/optee/build/t234/export-ta_arm64/lib/libutee.a(utee_syscalls_a64.o)
                0x0000000000003b4c                _utee_authenc_enc_final
 .text._utee_authenc_dec_final
                0x0000000000003b58        0xc /home/ssysarch/Desktop/nick/jetpack_5/Jetson_Linux_R35.4.1_aarch64/Linux_for_Tegra/sources/tegra/optee-src/nv-optee/optee/build/t234/export-ta_arm64/lib/libutee.a(utee_syscalls_a64.o)
                0x0000000000003b58                _utee_authenc_dec_final
 .text._utee_asymm_operate
                0x0000000000003b64        0xc /home/ssysarch/Desktop/nick/jetpack_5/Jetson_Linux_R35.4.1_aarch64/Linux_for_Tegra/sources/tegra/optee-src/nv-optee/optee/build/t234/export-ta_arm64/lib/libutee.a(utee_syscalls_a64.o)
                0x0000000000003b64                _utee_asymm_operate
 .text._utee_asymm_verify
                0x0000000000003b70        0xc /home/ssysarch/Desktop/nick/jetpack_5/Jetson_Linux_R35.4.1_aarch64/Linux_for_Tegra/sources/tegra/optee-src/nv-optee/optee/build/t234/export-ta_arm64/lib/libutee.a(utee_syscalls_a64.o)
                0x0000000000003b70                _utee_asymm_verify
 .text._utee_storage_obj_open
                0x0000000000003b7c        0xc /home/ssysarch/Desktop/nick/jetpack_5/Jetson_Linux_R35.4.1_aarch64/Linux_for_Tegra/sources/tegra/optee-src/nv-optee/optee/build/t234/export-ta_arm64/lib/libutee.a(utee_syscalls_a64.o)
                0x0000000000003b7c                _utee_storage_obj_open
 .text._utee_storage_obj_create
                0x0000000000003b88        0xc /home/ssysarch/Desktop/nick/jetpack_5/Jetson_Linux_R35.4.1_aarch64/Linux_for_Tegra/sources/tegra/optee-src/nv-optee/optee/build/t234/export-ta_arm64/lib/libutee.a(utee_syscalls_a64.o)
                0x0000000000003b88                _utee_storage_obj_create
 .text._utee_storage_obj_del
                0x0000000000003b94        0xc /home/ssysarch/Desktop/nick/jetpack_5/Jetson_Linux_R35.4.1_aarch64/Linux_for_Tegra/sources/tegra/optee-src/nv-optee/optee/build/t234/export-ta_arm64/lib/libutee.a(utee_syscalls_a64.o)
                0x0000000000003b94                _utee_storage_obj_del
 .text._utee_storage_obj_rename
                0x0000000000003ba0        0xc /home/ssysarch/Desktop/nick/jetpack_5/Jetson_Linux_R35.4.1_aarch64/Linux_for_Tegra/sources/tegra/optee-src/nv-optee/optee/build/t234/export-ta_arm64/lib/libutee.a(utee_syscalls_a64.o)
                0x0000000000003ba0                _utee_storage_obj_rename
 .text._utee_storage_alloc_enum
                0x0000000000003bac        0xc /home/ssysarch/Desktop/nick/jetpack_5/Jetson_Linux_R35.4.1_aarch64/Linux_for_Tegra/sources/tegra/optee-src/nv-optee/optee/build/t234/export-ta_arm64/lib/libutee.a(utee_syscalls_a64.o)
                0x0000000000003bac                _utee_storage_alloc_enum
 .text._utee_storage_free_enum
                0x0000000000003bb8        0xc /home/ssysarch/Desktop/nick/jetpack_5/Jetson_Linux_R35.4.1_aarch64/Linux_for_Tegra/sources/tegra/optee-src/nv-optee/optee/build/t234/export-ta_arm64/lib/libutee.a(utee_syscalls_a64.o)
                0x0000000000003bb8                _utee_storage_free_enum
 .text._utee_storage_reset_enum
                0x0000000000003bc4        0xc /home/ssysarch/Desktop/nick/jetpack_5/Jetson_Linux_R35.4.1_aarch64/Linux_for_Tegra/sources/tegra/optee-src/nv-optee/optee/build/t234/export-ta_arm64/lib/libutee.a(utee_syscalls_a64.o)
                0x0000000000003bc4                _utee_storage_reset_enum
 .text._utee_storage_start_enum
                0x0000000000003bd0        0xc /home/ssysarch/Desktop/nick/jetpack_5/Jetson_Linux_R35.4.1_aarch64/Linux_for_Tegra/sources/tegra/optee-src/nv-optee/optee/build/t234/export-ta_arm64/lib/libutee.a(utee_syscalls_a64.o)
                0x0000000000003bd0                _utee_storage_start_enum
 .text._utee_storage_next_enum
                0x0000000000003bdc        0xc /home/ssysarch/Desktop/nick/jetpack_5/Jetson_Linux_R35.4.1_aarch64/Linux_for_Tegra/sources/tegra/optee-src/nv-optee/optee/build/t234/export-ta_arm64/lib/libutee.a(utee_syscalls_a64.o)
                0x0000000000003bdc                _utee_storage_next_enum
 .text._utee_storage_obj_read
                0x0000000000003be8        0xc /home/ssysarch/Desktop/nick/jetpack_5/Jetson_Linux_R35.4.1_aarch64/Linux_for_Tegra/sources/tegra/optee-src/nv-optee/optee/build/t234/export-ta_arm64/lib/libutee.a(utee_syscalls_a64.o)
                0x0000000000003be8                _utee_storage_obj_read
 .text._utee_storage_obj_write
                0x0000000000003bf4        0xc /home/ssysarch/Desktop/nick/jetpack_5/Jetson_Linux_R35.4.1_aarch64/Linux_for_Tegra/sources/tegra/optee-src/nv-optee/optee/build/t234/export-ta_arm64/lib/libutee.a(utee_syscalls_a64.o)
                0x0000000000003bf4                _utee_storage_obj_write
 .text._utee_storage_obj_trunc
                0x0000000000003c00        0xc /home/ssysarch/Desktop/nick/jetpack_5/Jetson_Linux_R35.4.1_aarch64/Linux_for_Tegra/sources/tegra/optee-src/nv-optee/optee/build/t234/export-ta_arm64/lib/libutee.a(utee_syscalls_a64.o)
                0x0000000000003c00                _utee_storage_obj_trunc
 .text._utee_storage_obj_seek
                0x0000000000003c0c        0xc /home/ssysarch/Desktop/nick/jetpack_5/Jetson_Linux_R35.4.1_aarch64/Linux_for_Tegra/sources/tegra/optee-src/nv-optee/optee/build/t234/export-ta_arm64/lib/libutee.a(utee_syscalls_a64.o)
                0x0000000000003c0c                _utee_storage_obj_seek
 .text._utee_cryp_obj_generate_key
                0x0000000000003c18        0xc /home/ssysarch/Desktop/nick/jetpack_5/Jetson_Linux_R35.4.1_aarch64/Linux_for_Tegra/sources/tegra/optee-src/nv-optee/optee/build/t234/export-ta_arm64/lib/libutee.a(utee_syscalls_a64.o)
                0x0000000000003c18                _utee_cryp_obj_generate_key
 .text._utee_cache_operation
                0x0000000000003c24        0xc /home/ssysarch/Desktop/nick/jetpack_5/Jetson_Linux_R35.4.1_aarch64/Linux_for_Tegra/sources/tegra/optee-src/nv-optee/optee/build/t234/export-ta_arm64/lib/libutee.a(utee_syscalls_a64.o)
                0x0000000000003c24                _utee_cache_operation
 .text.unlikely
                0x0000000000003c30       0x20 /home/ssysarch/Desktop/nick/jetpack_5/Jetson_Linux_R35.4.1_aarch64/Linux_for_Tegra/sources/tegra/optee-src/nv-optee/optee/build/t234/export-ta_arm64/lib/libutee.a(abort.o)
                0x0000000000003c30                abort
 .text          0x0000000000003c50     0x212c /home/ssysarch/Desktop/nick/jetpack_5/Jetson_Linux_R35.4.1_aarch64/Linux_for_Tegra/sources/tegra/optee-src/nv-optee/optee/build/t234/export-ta_arm64/lib/libutee.a(tee_api_arith_mpi.o)
                0x00000000000044b4                _TEE_MathAPI_Init
                0x0000000000004504                TEE_BigIntInit
                0x0000000000004564                __GP11_TEE_BigIntInit
                0x000000000000456c                TEE_BigIntConvertFromOctetString
                0x0000000000004634                __GP11_TEE_BigIntConvertFromOctetString
                0x000000000000463c                TEE_BigIntConvertToOctetString
                0x0000000000004704                __GP11_TEE_BigIntConvertToOctetString
                0x0000000000004764                TEE_BigIntConvertFromS32
                0x0000000000004814                TEE_BigIntConvertToS32
                0x00000000000048d0                TEE_BigIntCmp
                0x0000000000004964                TEE_BigIntCmpS32
                0x0000000000004bb0                TEE_BigIntShiftRight
                0x0000000000004d50                __GP11_TEE_BigIntShiftRight
                0x0000000000004d58                TEE_BigIntGetBit
                0x0000000000004dd8                TEE_BigIntGetBitCount
                0x0000000000004e4c                TEE_BigIntSetBit
                0x0000000000004efc                TEE_BigIntAssign
                0x0000000000004f4c                TEE_BigIntAbs
                0x0000000000004f78                TEE_BigIntAdd
                0x0000000000004f84                TEE_BigIntSub
                0x0000000000004f90                TEE_BigIntNeg
                0x0000000000005074                TEE_BigIntMul
                0x0000000000005188                TEE_BigIntSquare
                0x0000000000005190                TEE_BigIntDiv
                0x0000000000005344                TEE_BigIntMod
                0x00000000000053b0                TEE_BigIntAddMod
                0x00000000000053bc                TEE_BigIntSubMod
                0x00000000000053c8                TEE_BigIntMulMod
                0x00000000000053d4                TEE_BigIntSquareMod
                0x00000000000053e0                TEE_BigIntInvMod
                0x0000000000005530                TEE_BigIntRelativePrime
                0x0000000000005638                TEE_BigIntExpMod
                0x000000000000580c                TEE_BigIntComputeExtendedGcd
                0x0000000000005a74                TEE_BigIntIsProbablePrime
                0x0000000000005af8                TEE_BigIntInitFMM
                0x0000000000005afc                __GP11_TEE_BigIntInitFMM
                0x0000000000005b04                TEE_BigIntInitFMMContext
                0x0000000000005b08                __GP11_TEE_BigIntInitFMMContext
                0x0000000000005b10                TEE_BigIntInitFMMContext1
                0x0000000000005b18                TEE_BigIntFMMSizeInU32
                0x0000000000005b28                __GP11_TEE_BigIntFMMSizeInU32
                0x0000000000005b40                TEE_BigIntFMMContextSizeInU32
                0x0000000000005b48                __GP11_TEE_BigIntFMMContextSizeInU32
                0x0000000000005b60                TEE_BigIntConvertToFMM
                0x0000000000005b64                TEE_BigIntConvertFromFMM
                0x0000000000005c34                TEE_BigIntComputeFMM
 .text          0x0000000000005d7c      0xf78 /home/ssysarch/Desktop/nick/jetpack_5/Jetson_Linux_R35.4.1_aarch64/Linux_for_Tegra/sources/tegra/optee-src/nv-optee/optee/build/t234/export-ta_arm64/lib/libutee.a(tee_api_property.o)
                0x000000000000610c                TEE_GetPropertyAsString
                0x0000000000006368                __GP11_TEE_GetPropertyAsString
                0x0000000000006400                TEE_GetPropertyAsBool
                0x00000000000064d8                TEE_GetPropertyAsU32
                0x00000000000065c0                TEE_GetPropertyAsU64
                0x00000000000066a8                __GP11_TEE_GetPropertyAsBinaryBlock
                0x0000000000006794                TEE_GetPropertyAsBinaryBlock
                0x000000000000682c                TEE_GetPropertyAsUUID
                0x0000000000006914                TEE_GetPropertyAsIdentity
                0x00000000000069fc                TEE_ResetPropertyEnumerator
                0x0000000000006a08                TEE_AllocatePropertyEnumerator
                0x0000000000006a50                TEE_FreePropertyEnumerator
                0x0000000000006a54                TEE_StartPropertyEnumerator
                0x0000000000006a64                __GP11_TEE_GetPropertyName
                0x0000000000006b8c                TEE_GetPropertyName
                0x0000000000006c14                TEE_GetNextProperty
 .text          0x0000000000006cf4      0x34c /home/ssysarch/Desktop/nick/jetpack_5/Jetson_Linux_R35.4.1_aarch64/Linux_for_Tegra/sources/tegra/optee-src/nv-optee/optee/build/t234/export-ta_arm64/lib/libutee.a(tcb.o)
                0x0000000000006cf4                __utee_tcb_init
                0x0000000000006f34                __tls_get_addr
                0x0000000000006f50                dl_iterate_phdr
 .text          0x0000000000007040       0x58 /home/ssysarch/Desktop/nick/jetpack_5/Jetson_Linux_R35.4.1_aarch64/Linux_for_Tegra/sources/tegra/optee-src/nv-optee/optee/build/t234/export-ta_arm64/lib/libutee.a(assert.o)
                0x0000000000007040                _assert_log
                0x0000000000007084                _assert_break
 .text          0x0000000000007098      0x258 /home/ssysarch/Desktop/nick/jetpack_5/Jetson_Linux_R35.4.1_aarch64/Linux_for_Tegra/sources/tegra/optee-src/nv-optee/optee/build/t234/export-ta_arm64/lib/libutee.a(base64.o)
                0x0000000000007098                _base64_enc_len
                0x00000000000070b0                _base64_enc
                0x00000000000071cc                _base64_dec
 .text          0x00000000000072f0     0x4190 /home/ssysarch/Desktop/nick/jetpack_5/Jetson_Linux_R35.4.1_aarch64/Linux_for_Tegra/sources/tegra/optee-src/nv-optee/optee/build/t234/export-ta_arm64/lib/libmbedtls.a(bignum.o)
                0x0000000000007ac4                mbedtls_mpi_init
                0x0000000000007ad4                mbedtls_mpi_init_mempool
                0x0000000000007afc                mbedtls_mpi_free
                0x0000000000007b68                mbedtls_mpi_grow
                0x0000000000007cbc                mbedtls_mpi_shrink
                0x0000000000007ddc                mbedtls_mpi_copy
                0x0000000000007ea8                mbedtls_mpi_swap
                0x0000000000007f30                mbedtls_mpi_lset
                0x0000000000007f98                mbedtls_mpi_get_bit
                0x0000000000007fc4                mbedtls_mpi_set_bit
                0x0000000000008050                mbedtls_mpi_lsb
                0x00000000000080a4                mbedtls_mpi_bitlen
                0x0000000000008100                mbedtls_mpi_size
                0x000000000000811c                mbedtls_mpi_read_binary_le
                0x0000000000008194                mbedtls_mpi_read_binary
                0x0000000000008218                mbedtls_mpi_write_binary_le
                0x00000000000082d0                mbedtls_mpi_write_binary
                0x0000000000008394                mbedtls_mpi_shift_l
                0x00000000000084a4                mbedtls_mpi_shift_r
                0x0000000000008564                mbedtls_mpi_cmp_abs
                0x0000000000008600                mbedtls_mpi_cmp_mpi
                0x00000000000086d4                mbedtls_mpi_cmp_int
                0x0000000000008748                mbedtls_mpi_add_abs
                0x0000000000008868                mbedtls_mpi_sub_abs
                0x00000000000089c4                mbedtls_mpi_add_mpi
                0x0000000000008a4c                mbedtls_mpi_sub_mpi
                0x0000000000008ad8                mbedtls_mpi_add_int
                0x0000000000008b4c                mbedtls_mpi_sub_int
                0x0000000000008bc0                mbedtls_mpi_mul_mpi
                0x0000000000008d6c                mbedtls_mpi_mul_int
                0x0000000000008e14                mbedtls_mpi_read_string
                0x0000000000009020                mbedtls_mpi_div_mpi
                0x0000000000009554                mbedtls_mpi_div_int
                0x00000000000095c8                mbedtls_mpi_mod_mpi
                0x000000000000967c                mbedtls_mpi_mod_int
                0x0000000000009718                mbedtls_mpi_write_string
                0x0000000000009a4c                mbedtls_mpi_montg_init
                0x0000000000009a54                mbedtls_mpi_montmul
                0x0000000000009a5c                mbedtls_mpi_montred
                0x0000000000009a60                mbedtls_mpi_exp_mod
                0x000000000000a12c                mbedtls_mpi_gcd
                0x000000000000a304                mbedtls_mpi_fill_random
                0x000000000000a610                mbedtls_mpi_random
                0x000000000000a7c8                mbedtls_mpi_inv_mod
                0x000000000000ac20                mbedtls_mpi_is_prime_ext
                0x000000000000acfc                mbedtls_mpi_is_prime
                0x000000000000ad0c                mbedtls_mpi_gen_prime
                0x000000000000b058                mbedtls_mpi_self_test
 .text          0x000000000000b480      0x7c0 /home/ssysarch/Desktop/nick/jetpack_5/Jetson_Linux_R35.4.1_aarch64/Linux_for_Tegra/sources/tegra/optee-src/nv-optee/optee/build/t234/export-ta_arm64/lib/libmbedtls.a(constant_time.o)
                0x000000000000b4a0                mbedtls_ct_memcmp
                0x000000000000b4e8                mbedtls_ct_uint_mask
                0x000000000000b4f8                mbedtls_ct_mpi_uint_mask
                0x000000000000b508                mbedtls_ct_size_bool_eq
                0x000000000000b520                mbedtls_ct_mpi_uint_lt
                0x000000000000b53c                mbedtls_ct_uint_if
                0x000000000000b56c                mbedtls_ct_mpi_uint_cond_assign
                0x000000000000b5a8                mbedtls_ct_base64_enc_char
                0x000000000000b658                mbedtls_ct_base64_dec_value
                0x000000000000b714                mbedtls_mpi_safe_cond_assign
                0x000000000000b7d0                mbedtls_mpi_safe_cond_swap
                0x000000000000b8cc                mbedtls_mpi_lt_mpi_ct
                0x000000000000b9c4                mbedtls_ct_rsaes_pkcs1_v15_unpadding
 .text          0x000000000000bc40       0x20 /home/ssysarch/Desktop/nick/jetpack_5/Jetson_Linux_R35.4.1_aarch64/Linux_for_Tegra/sources/tegra/optee-src/nv-optee/optee/build/t234/export-ta_arm64/lib/libmbedtls.a(platform_util.o)
                0x000000000000bc40                mbedtls_platform_zeroize
 .text          0x000000000000bc60      0xf3c /home/ssysarch/Desktop/nick/jetpack_5/Jetson_Linux_R35.4.1_aarch64/Linux_for_Tegra/sources/tegra/optee-src/nv-optee/optee/build/t234/export-ta_arm64/lib/libutils.a(bget_malloc.o)
                0x000000000000bcd0                bget
                0x000000000000bfb4                bgetz
                0x000000000000c03c                brel
                0x000000000000c300                bgetr
                0x000000000000c3d0                bpool
                0x000000000000c4a0                bstats
                0x000000000000c534                malloc_reset_stats
                0x000000000000c54c                raw_memalign
                0x000000000000c5d0                raw_malloc
                0x000000000000c5e0                raw_free
                0x000000000000c5f0                raw_calloc
                0x000000000000c660                raw_realloc
                0x000000000000c754                malloc
                0x000000000000c76c                calloc
                0x000000000000c788                realloc
                0x000000000000c7a0                memalign
                0x000000000000c7bc                aligned_alloc
                0x000000000000c7d4                free
                0x000000000000c7e4                free_wipe
                0x000000000000c7f4                raw_malloc_get_ctx_size
                0x000000000000c7fc                raw_malloc_init_ctx
                0x000000000000c828                raw_malloc_add_pool
                0x000000000000c944                raw_malloc_buffer_overlaps_heap
                0x000000000000c9c4                raw_malloc_buffer_is_within_alloced
                0x000000000000cb14                raw_malloc_get_stats
                0x000000000000cb50                malloc_get_stats
                0x000000000000cb60                malloc_add_pool
                0x000000000000cb74                malloc_buffer_is_within_alloced
                0x000000000000cb88                malloc_buffer_overlaps_heap
 .text          0x000000000000cb9c      0x128 /home/ssysarch/Desktop/nick/jetpack_5/Jetson_Linux_R35.4.1_aarch64/Linux_for_Tegra/sources/tegra/optee-src/nv-optee/optee/build/t234/export-ta_arm64/lib/libutils.a(snprintf.o)
                0x000000000000cb9c                snprintf
                0x000000000000cc6c                vsnprintf
 .text          0x000000000000ccc4       0x5c /home/ssysarch/Desktop/nick/jetpack_5/Jetson_Linux_R35.4.1_aarch64/Linux_for_Tegra/sources/tegra/optee-src/nv-optee/optee/build/t234/export-ta_arm64/lib/libutils.a(memmove.o)
                0x000000000000ccc4                memmove
 .text          0x000000000000cd20       0x1c /home/ssysarch/Desktop/nick/jetpack_5/Jetson_Linux_R35.4.1_aarch64/Linux_for_Tegra/sources/tegra/optee-src/nv-optee/optee/build/t234/export-ta_arm64/lib/libutils.a(memset.o)
                0x000000000000cd20                memset
 .text          0x000000000000cd3c       0x24 /home/ssysarch/Desktop/nick/jetpack_5/Jetson_Linux_R35.4.1_aarch64/Linux_for_Tegra/sources/tegra/optee-src/nv-optee/optee/build/t234/export-ta_arm64/lib/libutils.a(strcmp.o)
                0x000000000000cd3c                strcmp
 .text          0x000000000000cd60       0x58 /home/ssysarch/Desktop/nick/jetpack_5/Jetson_Linux_R35.4.1_aarch64/Linux_for_Tegra/sources/tegra/optee-src/nv-optee/optee/build/t234/export-ta_arm64/lib/libutils.a(strlcpy.o)
                0x000000000000cd60                strlcpy
 .text          0x000000000000cdb8      0x190 /home/ssysarch/Desktop/nick/jetpack_5/Jetson_Linux_R35.4.1_aarch64/Linux_for_Tegra/sources/tegra/optee-src/nv-optee/optee/build/t234/export-ta_arm64/lib/libutils.a(mempool.o)
                0x000000000000cdb8                mempool_alloc_pool
                0x000000000000ce80                mempool_alloc
                0x000000000000cee4                mempool_calloc
                0x000000000000cf34                mempool_free
 .text          0x000000000000cf48       0x70 /home/ssysarch/Desktop/nick/jetpack_5/Jetson_Linux_R35.4.1_aarch64/Linux_for_Tegra/sources/tegra/optee-src/nv-optee/optee/build/t234/export-ta_arm64/lib/libutils.a(consttime_memcmp.o)
                0x000000000000cf48                consttime_memcmp
 .text          0x000000000000cfb8        0x0 /home/ssysarch/Desktop/nick/jetpack_5/Jetson_Linux_R35.4.1_aarch64/Linux_for_Tegra/sources/tegra/optee-src/nv-optee/optee/build/t234/export-ta_arm64/lib/libutee.a(utee_syscalls_a64.o)
 .text          0x000000000000cfb8        0x0 /home/ssysarch/Desktop/nick/jetpack_5/Jetson_Linux_R35.4.1_aarch64/Linux_for_Tegra/sources/tegra/optee-src/nv-optee/optee/build/t234/export-ta_arm64/lib/libutee.a(abort.o)
 *(SORT_BY_ALIGNMENT(.stub))
 *(SORT_BY_ALIGNMENT(.glue_7))
 *(SORT_BY_ALIGNMENT(.glue_7t))
 *(SORT_BY_ALIGNMENT(.gnu.linkonce.t.*))
 *(SORT_BY_ALIGNMENT(.vfp11_veneer))
                0x000000000000cfb8                __text_end = .

.note.gnu.property
 *(SORT_BY_ALIGNMENT(.note.gnu.property))

.plt            0x000000000000cfb8        0x0
 *(SORT_BY_ALIGNMENT(.plt))
 .plt           0x000000000000cfb8        0x0 /home/ssysarch/Desktop/nick/jetpack_5/Jetson_Linux_R35.4.1_aarch64/Linux_for_Tegra/sources/tegra/optee-src/nv-optee/optee/build/t234/ta/sims/ta_entry.o

.eh_frame_hdr
 *(SORT_BY_ALIGNMENT(.eh_frame_hdr))
 *(SORT_BY_ALIGNMENT(.eh_frame_entry) SORT_BY_ALIGNMENT(.eh_frame_entry.*))

.eh_frame       0x000000000000cfb8     0x2a7c
 *(SORT_BY_ALIGNMENT(.eh_frame))
 .eh_frame      0x000000000000cfb8       0x78 /home/ssysarch/Desktop/nick/jetpack_5/Jetson_Linux_R35.4.1_aarch64/Linux_for_Tegra/sources/tegra/optee-src/nv-optee/optee/build/t234/ta/sims/ta_entry.o
 .eh_frame      0x000000000000d030      0x138 /home/ssysarch/Desktop/nick/jetpack_5/Jetson_Linux_R35.4.1_aarch64/Linux_for_Tegra/sources/tegra/optee-src/nv-optee/optee/build/t234/ta/sims/ta_sims.o
                                        0x148 (size before relaxing)
 .eh_frame      0x000000000000d168       0x30 /home/ssysarch/Desktop/nick/jetpack_5/Jetson_Linux_R35.4.1_aarch64/Linux_for_Tegra/sources/tegra/optee-src/nv-optee/optee/build/t234/ta/sims/user_ta_header.o
                                         0x40 (size before relaxing)
 .eh_frame      0x000000000000d198       0x18 /home/ssysarch/Desktop/nick/jetpack_5/Jetson_Linux_R35.4.1_aarch64/Linux_for_Tegra/sources/tegra/optee-src/nv-optee/optee/build/t234/export-ta_arm64/lib/libutils.a(stack_check.o)
                                         0x30 (size before relaxing)
 .eh_frame      0x000000000000d1b0      0x110 /home/ssysarch/Desktop/nick/jetpack_5/Jetson_Linux_R35.4.1_aarch64/Linux_for_Tegra/sources/tegra/optee-src/nv-optee/optee/build/t234/export-ta_arm64/lib/libutils.a(trace.o)
                                        0x120 (size before relaxing)
 .eh_frame      0x000000000000d2c0       0x18 /home/ssysarch/Desktop/nick/jetpack_5/Jetson_Linux_R35.4.1_aarch64/Linux_for_Tegra/sources/tegra/optee-src/nv-optee/optee/build/t234/export-ta_arm64/lib/libutils.a(memcpy.o)
                                         0x28 (size before relaxing)
 .eh_frame      0x000000000000d2d8       0xf0 /home/ssysarch/Desktop/nick/jetpack_5/Jetson_Linux_R35.4.1_aarch64/Linux_for_Tegra/sources/tegra/optee-src/nv-optee/optee/build/t234/export-ta_arm64/lib/libutils.a(snprintk.o)
                                        0x100 (size before relaxing)
 .eh_frame      0x000000000000d3c8       0x18 /home/ssysarch/Desktop/nick/jetpack_5/Jetson_Linux_R35.4.1_aarch64/Linux_for_Tegra/sources/tegra/optee-src/nv-optee/optee/build/t234/export-ta_arm64/lib/libutils.a(memchr.o)
                                         0x28 (size before relaxing)
 .eh_frame      0x000000000000d3e0       0x18 /home/ssysarch/Desktop/nick/jetpack_5/Jetson_Linux_R35.4.1_aarch64/Linux_for_Tegra/sources/tegra/optee-src/nv-optee/optee/build/t234/export-ta_arm64/lib/libutils.a(strlen.o)
                                         0x28 (size before relaxing)
 .eh_frame      0x000000000000d3f8       0xa8 /home/ssysarch/Desktop/nick/jetpack_5/Jetson_Linux_R35.4.1_aarch64/Linux_for_Tegra/sources/tegra/optee-src/nv-optee/optee/build/t234/export-ta_arm64/lib/libutee.a(trace_ext.o)
                                         0xc0 (size before relaxing)
 .eh_frame      0x000000000000d4a0      0x588 /home/ssysarch/Desktop/nick/jetpack_5/Jetson_Linux_R35.4.1_aarch64/Linux_for_Tegra/sources/tegra/optee-src/nv-optee/optee/build/t234/export-ta_arm64/lib/libutee.a(tee_api.o)
                                        0x5a0 (size before relaxing)
 .eh_frame      0x000000000000da28      0x190 /home/ssysarch/Desktop/nick/jetpack_5/Jetson_Linux_R35.4.1_aarch64/Linux_for_Tegra/sources/tegra/optee-src/nv-optee/optee/build/t234/export-ta_arm64/lib/libutee.a(tee_api_panic.o)
                                        0x1a0 (size before relaxing)
 .eh_frame      0x000000000000dbb8       0xc0 /home/ssysarch/Desktop/nick/jetpack_5/Jetson_Linux_R35.4.1_aarch64/Linux_for_Tegra/sources/tegra/optee-src/nv-optee/optee/build/t234/export-ta_arm64/lib/libutee.a(tee_system_pta.o)
                                         0xd0 (size before relaxing)
 .eh_frame      0x000000000000dc78      0x150 /home/ssysarch/Desktop/nick/jetpack_5/Jetson_Linux_R35.4.1_aarch64/Linux_for_Tegra/sources/tegra/optee-src/nv-optee/optee/build/t234/export-ta_arm64/lib/libutee.a(user_ta_entry.o)
                                        0x168 (size before relaxing)
 .eh_frame      0x000000000000ddc8       0x18 /home/ssysarch/Desktop/nick/jetpack_5/Jetson_Linux_R35.4.1_aarch64/Linux_for_Tegra/sources/tegra/optee-src/nv-optee/optee/build/t234/export-ta_arm64/lib/libutee.a(abort.o)
                                         0x30 (size before relaxing)
 .eh_frame      0x000000000000dde0      0x7d0 /home/ssysarch/Desktop/nick/jetpack_5/Jetson_Linux_R35.4.1_aarch64/Linux_for_Tegra/sources/tegra/optee-src/nv-optee/optee/build/t234/export-ta_arm64/lib/libutee.a(tee_api_arith_mpi.o)
                                        0x7e0 (size before relaxing)
 .eh_frame      0x000000000000e5b0      0x2f8 /home/ssysarch/Desktop/nick/jetpack_5/Jetson_Linux_R35.4.1_aarch64/Linux_for_Tegra/sources/tegra/optee-src/nv-optee/optee/build/t234/export-ta_arm64/lib/libutee.a(tee_api_property.o)
                                        0x308 (size before relaxing)
 .eh_frame      0x000000000000e8a8       0x90 /home/ssysarch/Desktop/nick/jetpack_5/Jetson_Linux_R35.4.1_aarch64/Linux_for_Tegra/sources/tegra/optee-src/nv-optee/optee/build/t234/export-ta_arm64/lib/libutee.a(tcb.o)
                                         0xa8 (size before relaxing)
 .eh_frame      0x000000000000e938       0x38 /home/ssysarch/Desktop/nick/jetpack_5/Jetson_Linux_R35.4.1_aarch64/Linux_for_Tegra/sources/tegra/optee-src/nv-optee/optee/build/t234/export-ta_arm64/lib/libutee.a(assert.o)
                                         0x50 (size before relaxing)
 .eh_frame      0x000000000000e970       0x58 /home/ssysarch/Desktop/nick/jetpack_5/Jetson_Linux_R35.4.1_aarch64/Linux_for_Tegra/sources/tegra/optee-src/nv-optee/optee/build/t234/export-ta_arm64/lib/libutee.a(base64.o)
                                         0x70 (size before relaxing)
 .eh_frame      0x000000000000e9c8      0x988 /home/ssysarch/Desktop/nick/jetpack_5/Jetson_Linux_R35.4.1_aarch64/Linux_for_Tegra/sources/tegra/optee-src/nv-optee/optee/build/t234/export-ta_arm64/lib/libmbedtls.a(bignum.o)
                                        0x9a0 (size before relaxing)
 .eh_frame      0x000000000000f350      0x1e0 /home/ssysarch/Desktop/nick/jetpack_5/Jetson_Linux_R35.4.1_aarch64/Linux_for_Tegra/sources/tegra/optee-src/nv-optee/optee/build/t234/export-ta_arm64/lib/libmbedtls.a(constant_time.o)
                                        0x1f8 (size before relaxing)
 .eh_frame      0x000000000000f530       0x18 /home/ssysarch/Desktop/nick/jetpack_5/Jetson_Linux_R35.4.1_aarch64/Linux_for_Tegra/sources/tegra/optee-src/nv-optee/optee/build/t234/export-ta_arm64/lib/libmbedtls.a(platform_util.o)
                                         0x28 (size before relaxing)
 .eh_frame      0x000000000000f548      0x390 /home/ssysarch/Desktop/nick/jetpack_5/Jetson_Linux_R35.4.1_aarch64/Linux_for_Tegra/sources/tegra/optee-src/nv-optee/optee/build/t234/export-ta_arm64/lib/libutils.a(bget_malloc.o)
                                        0x3a8 (size before relaxing)
 .eh_frame      0x000000000000f8d8       0x58 /home/ssysarch/Desktop/nick/jetpack_5/Jetson_Linux_R35.4.1_aarch64/Linux_for_Tegra/sources/tegra/optee-src/nv-optee/optee/build/t234/export-ta_arm64/lib/libutils.a(snprintf.o)
                                         0x68 (size before relaxing)
 .eh_frame      0x000000000000f930       0x18 /home/ssysarch/Desktop/nick/jetpack_5/Jetson_Linux_R35.4.1_aarch64/Linux_for_Tegra/sources/tegra/optee-src/nv-optee/optee/build/t234/export-ta_arm64/lib/libutils.a(memmove.o)
                                         0x28 (size before relaxing)
 .eh_frame      0x000000000000f948       0x18 /home/ssysarch/Desktop/nick/jetpack_5/Jetson_Linux_R35.4.1_aarch64/Linux_for_Tegra/sources/tegra/optee-src/nv-optee/optee/build/t234/export-ta_arm64/lib/libutils.a(memset.o)
                                         0x28 (size before relaxing)
 .eh_frame      0x000000000000f960       0x18 /home/ssysarch/Desktop/nick/jetpack_5/Jetson_Linux_R35.4.1_aarch64/Linux_for_Tegra/sources/tegra/optee-src/nv-optee/optee/build/t234/export-ta_arm64/lib/libutils.a(strcmp.o)
                                         0x28 (size before relaxing)
 .eh_frame      0x000000000000f978       0x18 /home/ssysarch/Desktop/nick/jetpack_5/Jetson_Linux_R35.4.1_aarch64/Linux_for_Tegra/sources/tegra/optee-src/nv-optee/optee/build/t234/export-ta_arm64/lib/libutils.a(strlcpy.o)
                                         0x28 (size before relaxing)
 .eh_frame      0x000000000000f990       0x88 /home/ssysarch/Desktop/nick/jetpack_5/Jetson_Linux_R35.4.1_aarch64/Linux_for_Tegra/sources/tegra/optee-src/nv-optee/optee/build/t234/export-ta_arm64/lib/libutils.a(mempool.o)
                                         0xa0 (size before relaxing)
 .eh_frame      0x000000000000fa18       0x1c /home/ssysarch/Desktop/nick/jetpack_5/Jetson_Linux_R35.4.1_aarch64/Linux_for_Tegra/sources/tegra/optee-src/nv-optee/optee/build/t234/export-ta_arm64/lib/libutils.a(consttime_memcmp.o)
                                         0x30 (size before relaxing)
 *(SORT_BY_ALIGNMENT(.eh_frame.*))

.gcc_except_table
 *(SORT_BY_ALIGNMENT(.gcc_except_table) SORT_BY_ALIGNMENT(.gcc_except_table.*))

.rodata         0x000000000000fa38     0x12f3
 *(SORT_BY_ALIGNMENT(.gnu.linkonce.r.*))
 *(SORT_BY_ALIGNMENT(.rodata) SORT_BY_ALIGNMENT(.rodata.*))
 .rodata.user_ta_header.c
                0x000000000000fa38       0x33 /home/ssysarch/Desktop/nick/jetpack_5/Jetson_Linux_R35.4.1_aarch64/Linux_for_Tegra/sources/tegra/optee-src/nv-optee/optee/build/t234/ta/sims/user_ta_header.o
                0x000000000000fa38                ta_num_props
                0x000000000000fa58                __ta_no_share_heap_size
                0x000000000000fa60                ta_heap_size
                0x000000000000fa68                trace_ext_prefix
 *fill*         0x000000000000fa6b        0x5 
 .rodata.lib/libutee/tee_api.c
                0x000000000000fa70       0x20 /home/ssysarch/Desktop/nick/jetpack_5/Jetson_Linux_R35.4.1_aarch64/Linux_for_Tegra/sources/tegra/optee-src/nv-optee/optee/build/t234/export-ta_arm64/lib/libutee.a(tee_api.o)
 .rodata.ta_entry.c
                0x000000000000fa90        0x5 /home/ssysarch/Desktop/nick/jetpack_5/Jetson_Linux_R35.4.1_aarch64/Linux_for_Tegra/sources/tegra/optee-src/nv-optee/optee/build/t234/ta/sims/ta_entry.o
 *fill*         0x000000000000fa95        0x3 
 .rodata.lib/libutils/ext/snprintk.c
                0x000000000000fa98       0xac /home/ssysarch/Desktop/nick/jetpack_5/Jetson_Linux_R35.4.1_aarch64/Linux_for_Tegra/sources/tegra/optee-src/nv-optee/optee/build/t234/export-ta_arm64/lib/libutils.a(snprintk.o)
 .rodata.lib/libutee/tee_system_pta.c
                0x000000000000fb44       0x31 /home/ssysarch/Desktop/nick/jetpack_5/Jetson_Linux_R35.4.1_aarch64/Linux_for_Tegra/sources/tegra/optee-src/nv-optee/optee/build/t234/export-ta_arm64/lib/libutee.a(tee_system_pta.o)
 *fill*         0x000000000000fb75        0x3 
 .rodata.lib/libutee/tee_api_property.c
                0x000000000000fb78       0x20 /home/ssysarch/Desktop/nick/jetpack_5/Jetson_Linux_R35.4.1_aarch64/Linux_for_Tegra/sources/tegra/optee-src/nv-optee/optee/build/t234/export-ta_arm64/lib/libutee.a(tee_api_property.o)
 .rodata.lib/libutee/base64.c
                0x000000000000fb98       0x45 /home/ssysarch/Desktop/nick/jetpack_5/Jetson_Linux_R35.4.1_aarch64/Linux_for_Tegra/sources/tegra/optee-src/nv-optee/optee/build/t234/export-ta_arm64/lib/libutee.a(base64.o)
 *fill*         0x000000000000fbdd        0x3 
 .rodata.lib/libmbedtls/mbedtls/library/bignum.c
                0x000000000000fbe0      0x2c4 /home/ssysarch/Desktop/nick/jetpack_5/Jetson_Linux_R35.4.1_aarch64/Linux_for_Tegra/sources/tegra/optee-src/nv-optee/optee/build/t234/export-ta_arm64/lib/libmbedtls.a(bignum.o)
 .rodata.str1.1.user_ta_header.c
                0x000000000000fea4       0xe5 /home/ssysarch/Desktop/nick/jetpack_5/Jetson_Linux_R35.4.1_aarch64/Linux_for_Tegra/sources/tegra/optee-src/nv-optee/optee/build/t234/ta/sims/user_ta_header.o
 .rodata.str1.1.lib/libutils/isoc/stack_check.c
                0x000000000000ff89       0x18 /home/ssysarch/Desktop/nick/jetpack_5/Jetson_Linux_R35.4.1_aarch64/Linux_for_Tegra/sources/tegra/optee-src/nv-optee/optee/build/t234/export-ta_arm64/lib/libutils.a(stack_check.o)
 .rodata.str1.1.lib/libutils/ext/trace.c
                0x000000000000ffa1       0x3a /home/ssysarch/Desktop/nick/jetpack_5/Jetson_Linux_R35.4.1_aarch64/Linux_for_Tegra/sources/tegra/optee-src/nv-optee/optee/build/t234/export-ta_arm64/lib/libutils.a(trace.o)
                                         0x3d (size before relaxing)
 .rodata.lib/libutils/ext/trace.c
                0x000000000000ffdb        0xf /home/ssysarch/Desktop/nick/jetpack_5/Jetson_Linux_R35.4.1_aarch64/Linux_for_Tegra/sources/tegra/optee-src/nv-optee/optee/build/t234/export-ta_arm64/lib/libutils.a(trace.o)
 .rodata.str1.1.lib/libutils/ext/snprintk.c
                0x000000000000ffea       0x38 /home/ssysarch/Desktop/nick/jetpack_5/Jetson_Linux_R35.4.1_aarch64/Linux_for_Tegra/sources/tegra/optee-src/nv-optee/optee/build/t234/export-ta_arm64/lib/libutils.a(snprintk.o)
 .rodata.str1.1.lib/libutee/trace_ext.c
                0x0000000000010022       0x38 /home/ssysarch/Desktop/nick/jetpack_5/Jetson_Linux_R35.4.1_aarch64/Linux_for_Tegra/sources/tegra/optee-src/nv-optee/optee/build/t234/export-ta_arm64/lib/libutee.a(trace_ext.o)
                                          0x2 (size before relaxing)
 .rodata.str1.1.lib/libutee/tee_api.c
                0x0000000000010022       0x11 /home/ssysarch/Desktop/nick/jetpack_5/Jetson_Linux_R35.4.1_aarch64/Linux_for_Tegra/sources/tegra/optee-src/nv-optee/optee/build/t234/export-ta_arm64/lib/libutee.a(tee_api.o)
 .rodata.str1.1.lib/libutee/tee_api_panic.c
                0x0000000000010033       0x6b /home/ssysarch/Desktop/nick/jetpack_5/Jetson_Linux_R35.4.1_aarch64/Linux_for_Tegra/sources/tegra/optee-src/nv-optee/optee/build/t234/export-ta_arm64/lib/libutee.a(tee_api_panic.o)
 .rodata.lib/libutee/tee_api_panic.c
                0x000000000001009e        0xa /home/ssysarch/Desktop/nick/jetpack_5/Jetson_Linux_R35.4.1_aarch64/Linux_for_Tegra/sources/tegra/optee-src/nv-optee/optee/build/t234/export-ta_arm64/lib/libutee.a(tee_api_panic.o)
 .rodata.str1.1.lib/libutee/tee_system_pta.c
                0x00000000000100a8       0x55 /home/ssysarch/Desktop/nick/jetpack_5/Jetson_Linux_R35.4.1_aarch64/Linux_for_Tegra/sources/tegra/optee-src/nv-optee/optee/build/t234/export-ta_arm64/lib/libutee.a(tee_system_pta.o)
 .rodata.str1.1.lib/libutee/user_ta_entry.c
                0x00000000000100fd       0x4f /home/ssysarch/Desktop/nick/jetpack_5/Jetson_Linux_R35.4.1_aarch64/Linux_for_Tegra/sources/tegra/optee-src/nv-optee/optee/build/t234/export-ta_arm64/lib/libutee.a(user_ta_entry.o)
 .rodata.lib/libutee/user_ta_entry.c
                0x000000000001014c       0x16 /home/ssysarch/Desktop/nick/jetpack_5/Jetson_Linux_R35.4.1_aarch64/Linux_for_Tegra/sources/tegra/optee-src/nv-optee/optee/build/t234/export-ta_arm64/lib/libutee.a(user_ta_entry.o)
 .rodata.str1.1.lib/libutee/abort.c
                0x0000000000010162        0x7 /home/ssysarch/Desktop/nick/jetpack_5/Jetson_Linux_R35.4.1_aarch64/Linux_for_Tegra/sources/tegra/optee-src/nv-optee/optee/build/t234/export-ta_arm64/lib/libutee.a(abort.o)
 .rodata.str1.1.lib/libutee/tee_api_arith_mpi.c
                0x0000000000010169       0xc9 /home/ssysarch/Desktop/nick/jetpack_5/Jetson_Linux_R35.4.1_aarch64/Linux_for_Tegra/sources/tegra/optee-src/nv-optee/optee/build/t234/export-ta_arm64/lib/libutee.a(tee_api_arith_mpi.o)
 .rodata.lib/libutee/tee_api_arith_mpi.c
                0x0000000000010232      0x14e /home/ssysarch/Desktop/nick/jetpack_5/Jetson_Linux_R35.4.1_aarch64/Linux_for_Tegra/sources/tegra/optee-src/nv-optee/optee/build/t234/export-ta_arm64/lib/libutee.a(tee_api_arith_mpi.o)
 .rodata.str1.1.lib/libutee/tee_api_property.c
                0x0000000000010380       0x83 /home/ssysarch/Desktop/nick/jetpack_5/Jetson_Linux_R35.4.1_aarch64/Linux_for_Tegra/sources/tegra/optee-src/nv-optee/optee/build/t234/export-ta_arm64/lib/libutee.a(tee_api_property.o)
                                         0x88 (size before relaxing)
 .rodata.str1.1.lib/libutee/tcb.c
                0x0000000000010403       0x8d /home/ssysarch/Desktop/nick/jetpack_5/Jetson_Linux_R35.4.1_aarch64/Linux_for_Tegra/sources/tegra/optee-src/nv-optee/optee/build/t234/export-ta_arm64/lib/libutee.a(tcb.o)
 .rodata.lib/libutee/tcb.c
                0x0000000000010490       0x20 /home/ssysarch/Desktop/nick/jetpack_5/Jetson_Linux_R35.4.1_aarch64/Linux_for_Tegra/sources/tegra/optee-src/nv-optee/optee/build/t234/export-ta_arm64/lib/libutee.a(tcb.o)
 .rodata.str1.1.lib/libutee/assert.c
                0x00000000000104b0       0x27 /home/ssysarch/Desktop/nick/jetpack_5/Jetson_Linux_R35.4.1_aarch64/Linux_for_Tegra/sources/tegra/optee-src/nv-optee/optee/build/t234/export-ta_arm64/lib/libutee.a(assert.o)
 .rodata.str1.1.lib/libmbedtls/mbedtls/library/bignum.c
                0x00000000000104d7      0x456 /home/ssysarch/Desktop/nick/jetpack_5/Jetson_Linux_R35.4.1_aarch64/Linux_for_Tegra/sources/tegra/optee-src/nv-optee/optee/build/t234/export-ta_arm64/lib/libmbedtls.a(bignum.o)
                                        0x45d (size before relaxing)
 .rodata.str1.1.lib/libutils/isoc/bget_malloc.c
                0x000000000001092d      0x2f1 /home/ssysarch/Desktop/nick/jetpack_5/Jetson_Linux_R35.4.1_aarch64/Linux_for_Tegra/sources/tegra/optee-src/nv-optee/optee/build/t234/export-ta_arm64/lib/libutils.a(bget_malloc.o)
                                        0x2fa (size before relaxing)
 .rodata.lib/libutils/isoc/bget_malloc.c
                0x0000000000010c1e       0x58 /home/ssysarch/Desktop/nick/jetpack_5/Jetson_Linux_R35.4.1_aarch64/Linux_for_Tegra/sources/tegra/optee-src/nv-optee/optee/build/t234/export-ta_arm64/lib/libutils.a(bget_malloc.o)
 .rodata.str1.1.lib/libutils/ext/mempool.c
                0x0000000000010c76       0x89 /home/ssysarch/Desktop/nick/jetpack_5/Jetson_Linux_R35.4.1_aarch64/Linux_for_Tegra/sources/tegra/optee-src/nv-optee/optee/build/t234/export-ta_arm64/lib/libutils.a(mempool.o)
 .rodata.lib/libutils/ext/mempool.c
                0x0000000000010cff       0x2c /home/ssysarch/Desktop/nick/jetpack_5/Jetson_Linux_R35.4.1_aarch64/Linux_for_Tegra/sources/tegra/optee-src/nv-optee/optee/build/t234/export-ta_arm64/lib/libutils.a(mempool.o)

.gnu.version_d  0x0000000000010d30        0x0
 .gnu.version_d
                0x0000000000010d30        0x0 /home/ssysarch/Desktop/nick/jetpack_5/Jetson_Linux_R35.4.1_aarch64/Linux_for_Tegra/sources/tegra/optee-src/nv-optee/optee/build/t234/ta/sims/ta_entry.o

.gnu.version    0x0000000000010d2c        0x0
 .gnu.version   0x0000000000010d2c        0x0 /home/ssysarch/Desktop/nick/jetpack_5/Jetson_Linux_R35.4.1_aarch64/Linux_for_Tegra/sources/tegra/optee-src/nv-optee/optee/build/t234/ta/sims/ta_entry.o

.gnu.version_r  0x0000000000010d30        0x0
 .gnu.version_r
                0x0000000000010d30        0x0 /home/ssysarch/Desktop/nick/jetpack_5/Jetson_Linux_R35.4.1_aarch64/Linux_for_Tegra/sources/tegra/optee-src/nv-optee/optee/build/t234/ta/sims/ta_entry.o

.gnu.hash       0x0000000000010d30       0x30
 .gnu.hash      0x0000000000010d30       0x30 /home/ssysarch/Desktop/nick/jetpack_5/Jetson_Linux_R35.4.1_aarch64/Linux_for_Tegra/sources/tegra/optee-src/nv-optee/optee/build/t234/ta/sims/ta_entry.o

.ARM.extab
 *(SORT_BY_ALIGNMENT(.ARM.extab*) SORT_BY_ALIGNMENT(.gnu.linkonce.armextab.*))
                [!provide]                        PROVIDE (__exidx_start = .)

.ARM.exidx
 *(SORT_BY_ALIGNMENT(.ARM.exidx*) SORT_BY_ALIGNMENT(.gnu.linkonce.armexidx.*))
                [!provide]                        PROVIDE (__exidx_end = .)

.ctors
 *(SORT_BY_ALIGNMENT(.ctors))

.dtors
 *(SORT_BY_ALIGNMENT(.dtors))

.dynsym         0x0000000000010d60       0x90
 *(SORT_BY_ALIGNMENT(.dynsym))
 .dynsym        0x0000000000010d60       0x90 /home/ssysarch/Desktop/nick/jetpack_5/Jetson_Linux_R35.4.1_aarch64/Linux_for_Tegra/sources/tegra/optee-src/nv-optee/optee/build/t234/ta/sims/ta_entry.o

.dynstr         0x0000000000010df0       0x2e
 *(SORT_BY_ALIGNMENT(.dynstr))
 .dynstr        0x0000000000010df0       0x2e /home/ssysarch/Desktop/nick/jetpack_5/Jetson_Linux_R35.4.1_aarch64/Linux_for_Tegra/sources/tegra/optee-src/nv-optee/optee/build/t234/ta/sims/ta_entry.o

.hash           0x0000000000010e20       0x2c
 *(SORT_BY_ALIGNMENT(.hash))
 .hash          0x0000000000010e20       0x2c /home/ssysarch/Desktop/nick/jetpack_5/Jetson_Linux_R35.4.1_aarch64/Linux_for_Tegra/sources/tegra/optee-src/nv-optee/optee/build/t234/ta/sims/ta_entry.o

.rela.dyn       0x0000000000010e50      0x2e8
 .rela.data.rel.ro
                0x0000000000010e50        0x0 /home/ssysarch/Desktop/nick/jetpack_5/Jetson_Linux_R35.4.1_aarch64/Linux_for_Tegra/sources/tegra/optee-src/nv-optee/optee/build/t234/ta/sims/ta_entry.o
 .rela.ifunc    0x0000000000010e50        0x0 /home/ssysarch/Desktop/nick/jetpack_5/Jetson_Linux_R35.4.1_aarch64/Linux_for_Tegra/sources/tegra/optee-src/nv-optee/optee/build/t234/ta/sims/ta_entry.o
 .rela.data.rel.ro.local
                0x0000000000010e50      0x270 /home/ssysarch/Desktop/nick/jetpack_5/Jetson_Linux_R35.4.1_aarch64/Linux_for_Tegra/sources/tegra/optee-src/nv-optee/optee/build/t234/ta/sims/ta_entry.o
 .rela.data.rel.local
                0x00000000000110c0       0x60 /home/ssysarch/Desktop/nick/jetpack_5/Jetson_Linux_R35.4.1_aarch64/Linux_for_Tegra/sources/tegra/optee-src/nv-optee/optee/build/t234/ta/sims/ta_entry.o
 .rela.data.rel
                0x0000000000011120       0x18 /home/ssysarch/Desktop/nick/jetpack_5/Jetson_Linux_R35.4.1_aarch64/Linux_for_Tegra/sources/tegra/optee-src/nv-optee/optee/build/t234/ta/sims/ta_entry.o
                0x0000000000012000                . = ALIGN (0x1000)

.dynamic        0x0000000000012000      0x110
 *(SORT_BY_ALIGNMENT(.dynamic))
 .dynamic       0x0000000000012000      0x110 /home/ssysarch/Desktop/nick/jetpack_5/Jetson_Linux_R35.4.1_aarch64/Linux_for_Tegra/sources/tegra/optee-src/nv-optee/optee/build/t234/ta/sims/ta_entry.o
                0x0000000000012000                _DYNAMIC

.tdata
 *(SORT_BY_ALIGNMENT(.tdata) SORT_BY_ALIGNMENT(.tdata.*) SORT_BY_ALIGNMENT(.gnu.linkonce.td.*))

.tbss
 *(SORT_BY_ALIGNMENT(.tbss) SORT_BY_ALIGNMENT(.tbss.*) SORT_BY_ALIGNMENT(.gnu.linkonce.tb.*))
 *(SORT_BY_ALIGNMENT(.tcommon))

.got            0x0000000000012110       0xc0
 *(SORT_BY_ALIGNMENT(.got.plt))
 .got.plt       0x0000000000012110       0x18 /home/ssysarch/Desktop/nick/jetpack_5/Jetson_Linux_R35.4.1_aarch64/Linux_for_Tegra/sources/tegra/optee-src/nv-optee/optee/build/t234/ta/sims/ta_entry.o
 *(SORT_BY_ALIGNMENT(.got))
 .got           0x0000000000012128       0xa8 /home/ssysarch/Desktop/nick/jetpack_5/Jetson_Linux_R35.4.1_aarch64/Linux_for_Tegra/sources/tegra/optee-src/nv-optee/optee/build/t234/ta/sims/ta_entry.o
                0x0000000000012128                _GLOBAL_OFFSET_TABLE_

.rel.text
 *(SORT_BY_ALIGNMENT(.rel.text))
 *(SORT_BY_ALIGNMENT(.rel.gnu.linkonce.t*))

.rela.text
 *(SORT_BY_ALIGNMENT(.rela.text))
 *(SORT_BY_ALIGNMENT(.rela.gnu.linkonce.t*))

.rel.data
 *(SORT_BY_ALIGNMENT(.rel.data))
 *(SORT_BY_ALIGNMENT(.rel.gnu.linkonce.d*))

.rela.data
 *(SORT_BY_ALIGNMENT(.rela.data))
 *(SORT_BY_ALIGNMENT(.rela.gnu.linkonce.d*))

.rel.tdata
 *(SORT_BY_ALIGNMENT(.rel.tdata) SORT_BY_ALIGNMENT(.rel.tdata.*) SORT_BY_ALIGNMENT(.rel.gnu.linkonce.td.*))

.rela.tdata
 *(SORT_BY_ALIGNMENT(.rela.tdata) SORT_BY_ALIGNMENT(.rela.tdata.*) SORT_BY_ALIGNMENT(.rela.gnu.linkonce.td.*))

.rel.tbss
 *(SORT_BY_ALIGNMENT(.rel.tbss) SORT_BY_ALIGNMENT(.rel.tbss.*) SORT_BY_ALIGNMENT(.rel.gnu.linkonce.tb.*))

.rela.tbss
 *(SORT_BY_ALIGNMENT(.rela.tbss) SORT_BY_ALIGNMENT(.rela.tbss.*) SORT_BY_ALIGNMENT(.rela.gnu.linkonce.tb.*))

.rel.rodata
 *(SORT_BY_ALIGNMENT(.rel.rodata))
 *(SORT_BY_ALIGNMENT(.rel.gnu.linkonce.r*))

.rela.rodata
 *(SORT_BY_ALIGNMENT(.rela.rodata))
 *(SORT_BY_ALIGNMENT(.rela.gnu.linkonce.r*))

.rel.dyn
 *(SORT_BY_ALIGNMENT(.rel.dyn))

.rel.got
 *(SORT_BY_ALIGNMENT(.rel.got))

.rela.got       0x00000000000121d0      0x1e0
 *(SORT_BY_ALIGNMENT(.rela.got))
 .rela.got      0x00000000000121d0      0x1e0 /home/ssysarch/Desktop/nick/jetpack_5/Jetson_Linux_R35.4.1_aarch64/Linux_for_Tegra/sources/tegra/optee-src/nv-optee/optee/build/t234/ta/sims/ta_entry.o

.rel.ctors
 *(SORT_BY_ALIGNMENT(.rel.ctors))

.rela.ctors
 *(SORT_BY_ALIGNMENT(.rela.ctors))

.rel.dtors
 *(SORT_BY_ALIGNMENT(.rel.dtors))

.rela.dtors
 *(SORT_BY_ALIGNMENT(.rela.dtors))

.rel.init
 *(SORT_BY_ALIGNMENT(.rel.init))

.rela.init
 *(SORT_BY_ALIGNMENT(.rela.init))

.rel.fini
 *(SORT_BY_ALIGNMENT(.rel.fini))

.rela.fini
 *(SORT_BY_ALIGNMENT(.rela.fini))

.rel.bss
 *(SORT_BY_ALIGNMENT(.rel.bss))

.rela.bss       0x00000000000123b0        0x0
 *(SORT_BY_ALIGNMENT(.rela.bss))
 .rela.bss      0x00000000000123b0        0x0 /home/ssysarch/Desktop/nick/jetpack_5/Jetson_Linux_R35.4.1_aarch64/Linux_for_Tegra/sources/tegra/optee-src/nv-optee/optee/build/t234/ta/sims/ta_entry.o

.rel.plt
 *(SORT_BY_ALIGNMENT(.rel.plt))

.rela.plt       0x00000000000123b0        0x0
 *(SORT_BY_ALIGNMENT(.rela.plt))
 .rela.plt      0x00000000000123b0        0x0 /home/ssysarch/Desktop/nick/jetpack_5/Jetson_Linux_R35.4.1_aarch64/Linux_for_Tegra/sources/tegra/optee-src/nv-optee/optee/build/t234/ta/sims/ta_entry.o

.data           0x00000000000123b0      0x1ec
 *(SORT_BY_ALIGNMENT(.data) SORT_BY_ALIGNMENT(.data.*) SORT_BY_ALIGNMENT(.gnu.linkonce.d.*))
 .data.rel.ro.local
                0x00000000000123b0       0xd8 /home/ssysarch/Desktop/nick/jetpack_5/Jetson_Linux_R35.4.1_aarch64/Linux_for_Tegra/sources/tegra/optee-src/nv-optee/optee/build/t234/ta/sims/user_ta_header.o
                0x00000000000123b0                ta_props
 .data          0x0000000000012488        0x8 /home/ssysarch/Desktop/nick/jetpack_5/Jetson_Linux_R35.4.1_aarch64/Linux_for_Tegra/sources/tegra/optee-src/nv-optee/optee/build/t234/export-ta_arm64/lib/libutils.a(stack_check.o)
                0x0000000000012488                __stack_chk_guard
 .data.rel.local
                0x0000000000012490       0x20 /home/ssysarch/Desktop/nick/jetpack_5/Jetson_Linux_R35.4.1_aarch64/Linux_for_Tegra/sources/tegra/optee-src/nv-optee/optee/build/t234/export-ta_arm64/lib/libutee.a(user_ta_entry.o)
 .data.rel.ro.local
                0x00000000000124b0       0x60 /home/ssysarch/Desktop/nick/jetpack_5/Jetson_Linux_R35.4.1_aarch64/Linux_for_Tegra/sources/tegra/optee-src/nv-optee/optee/build/t234/export-ta_arm64/lib/libutee.a(tee_api_property.o)
                0x00000000000124b0                tee_props
 .data.rel      0x0000000000012510        0x8 /home/ssysarch/Desktop/nick/jetpack_5/Jetson_Linux_R35.4.1_aarch64/Linux_for_Tegra/sources/tegra/optee-src/nv-optee/optee/build/t234/export-ta_arm64/lib/libmbedtls.a(platform_util.o)
 .data.rel.local
                0x0000000000012518       0x80 /home/ssysarch/Desktop/nick/jetpack_5/Jetson_Linux_R35.4.1_aarch64/Linux_for_Tegra/sources/tegra/optee-src/nv-optee/optee/build/t234/export-ta_arm64/lib/libutils.a(bget_malloc.o)
 .data          0x0000000000012598        0x4 /home/ssysarch/Desktop/nick/jetpack_5/Jetson_Linux_R35.4.1_aarch64/Linux_for_Tegra/sources/tegra/optee-src/nv-optee/optee/build/t234/ta/sims/user_ta_header.o
                0x0000000000012598                trace_level
 .data          0x000000000001259c        0x0 /home/ssysarch/Desktop/nick/jetpack_5/Jetson_Linux_R35.4.1_aarch64/Linux_for_Tegra/sources/tegra/optee-src/nv-optee/optee/build/t234/ta/sims/ta_entry.o
 .data.rel.ro   0x000000000001259c        0x0 /home/ssysarch/Desktop/nick/jetpack_5/Jetson_Linux_R35.4.1_aarch64/Linux_for_Tegra/sources/tegra/optee-src/nv-optee/optee/build/t234/ta/sims/ta_entry.o
 .data          0x000000000001259c        0x0 /home/ssysarch/Desktop/nick/jetpack_5/Jetson_Linux_R35.4.1_aarch64/Linux_for_Tegra/sources/tegra/optee-src/nv-optee/optee/build/t234/ta/sims/ta_sims.o
 .data          0x000000000001259c        0x0 /home/ssysarch/Desktop/nick/jetpack_5/Jetson_Linux_R35.4.1_aarch64/Linux_for_Tegra/sources/tegra/optee-src/nv-optee/optee/build/t234/export-ta_arm64/lib/libutils.a(trace.o)
 .data          0x000000000001259c        0x0 /home/ssysarch/Desktop/nick/jetpack_5/Jetson_Linux_R35.4.1_aarch64/Linux_for_Tegra/sources/tegra/optee-src/nv-optee/optee/build/t234/export-ta_arm64/lib/libutils.a(memcpy.o)
 .data          0x000000000001259c        0x0 /home/ssysarch/Desktop/nick/jetpack_5/Jetson_Linux_R35.4.1_aarch64/Linux_for_Tegra/sources/tegra/optee-src/nv-optee/optee/build/t234/export-ta_arm64/lib/libutils.a(snprintk.o)
 .data          0x000000000001259c        0x0 /home/ssysarch/Desktop/nick/jetpack_5/Jetson_Linux_R35.4.1_aarch64/Linux_for_Tegra/sources/tegra/optee-src/nv-optee/optee/build/t234/export-ta_arm64/lib/libutils.a(memchr.o)
 .data          0x000000000001259c        0x0 /home/ssysarch/Desktop/nick/jetpack_5/Jetson_Linux_R35.4.1_aarch64/Linux_for_Tegra/sources/tegra/optee-src/nv-optee/optee/build/t234/export-ta_arm64/lib/libutils.a(strlen.o)
 .data          0x000000000001259c        0x0 /home/ssysarch/Desktop/nick/jetpack_5/Jetson_Linux_R35.4.1_aarch64/Linux_for_Tegra/sources/tegra/optee-src/nv-optee/optee/build/t234/export-ta_arm64/lib/libutee.a(trace_ext.o)
 .data          0x000000000001259c        0x0 /home/ssysarch/Desktop/nick/jetpack_5/Jetson_Linux_R35.4.1_aarch64/Linux_for_Tegra/sources/tegra/optee-src/nv-optee/optee/build/t234/export-ta_arm64/lib/libutee.a(tee_api.o)
 .data          0x000000000001259c        0x0 /home/ssysarch/Desktop/nick/jetpack_5/Jetson_Linux_R35.4.1_aarch64/Linux_for_Tegra/sources/tegra/optee-src/nv-optee/optee/build/t234/export-ta_arm64/lib/libutee.a(tee_api_panic.o)
 .data          0x000000000001259c        0x0 /home/ssysarch/Desktop/nick/jetpack_5/Jetson_Linux_R35.4.1_aarch64/Linux_for_Tegra/sources/tegra/optee-src/nv-optee/optee/build/t234/export-ta_arm64/lib/libutee.a(tee_system_pta.o)
 .data          0x000000000001259c        0x0 /home/ssysarch/Desktop/nick/jetpack_5/Jetson_Linux_R35.4.1_aarch64/Linux_for_Tegra/sources/tegra/optee-src/nv-optee/optee/build/t234/export-ta_arm64/lib/libutee.a(user_ta_entry.o)
 .data          0x000000000001259c        0x0 /home/ssysarch/Desktop/nick/jetpack_5/Jetson_Linux_R35.4.1_aarch64/Linux_for_Tegra/sources/tegra/optee-src/nv-optee/optee/build/t234/export-ta_arm64/lib/libutee.a(utee_syscalls_a64.o)
 .data          0x000000000001259c        0x0 /home/ssysarch/Desktop/nick/jetpack_5/Jetson_Linux_R35.4.1_aarch64/Linux_for_Tegra/sources/tegra/optee-src/nv-optee/optee/build/t234/export-ta_arm64/lib/libutee.a(abort.o)
 .data          0x000000000001259c        0x0 /home/ssysarch/Desktop/nick/jetpack_5/Jetson_Linux_R35.4.1_aarch64/Linux_for_Tegra/sources/tegra/optee-src/nv-optee/optee/build/t234/export-ta_arm64/lib/libutee.a(tee_api_arith_mpi.o)
 .data          0x000000000001259c        0x0 /home/ssysarch/Desktop/nick/jetpack_5/Jetson_Linux_R35.4.1_aarch64/Linux_for_Tegra/sources/tegra/optee-src/nv-optee/optee/build/t234/export-ta_arm64/lib/libutee.a(tee_api_property.o)
 .data          0x000000000001259c        0x0 /home/ssysarch/Desktop/nick/jetpack_5/Jetson_Linux_R35.4.1_aarch64/Linux_for_Tegra/sources/tegra/optee-src/nv-optee/optee/build/t234/export-ta_arm64/lib/libutee.a(tcb.o)
 .data          0x000000000001259c        0x0 /home/ssysarch/Desktop/nick/jetpack_5/Jetson_Linux_R35.4.1_aarch64/Linux_for_Tegra/sources/tegra/optee-src/nv-optee/optee/build/t234/export-ta_arm64/lib/libutee.a(assert.o)
 .data          0x000000000001259c        0x0 /home/ssysarch/Desktop/nick/jetpack_5/Jetson_Linux_R35.4.1_aarch64/Linux_for_Tegra/sources/tegra/optee-src/nv-optee/optee/build/t234/export-ta_arm64/lib/libutee.a(base64.o)
 .data          0x000000000001259c        0x0 /home/ssysarch/Desktop/nick/jetpack_5/Jetson_Linux_R35.4.1_aarch64/Linux_for_Tegra/sources/tegra/optee-src/nv-optee/optee/build/t234/export-ta_arm64/lib/libmbedtls.a(bignum.o)
 .data          0x000000000001259c        0x0 /home/ssysarch/Desktop/nick/jetpack_5/Jetson_Linux_R35.4.1_aarch64/Linux_for_Tegra/sources/tegra/optee-src/nv-optee/optee/build/t234/export-ta_arm64/lib/libmbedtls.a(constant_time.o)
 .data          0x000000000001259c        0x0 /home/ssysarch/Desktop/nick/jetpack_5/Jetson_Linux_R35.4.1_aarch64/Linux_for_Tegra/sources/tegra/optee-src/nv-optee/optee/build/t234/export-ta_arm64/lib/libmbedtls.a(platform_util.o)
 .data          0x000000000001259c        0x0 /home/ssysarch/Desktop/nick/jetpack_5/Jetson_Linux_R35.4.1_aarch64/Linux_for_Tegra/sources/tegra/optee-src/nv-optee/optee/build/t234/export-ta_arm64/lib/libutils.a(bget_malloc.o)
 .data          0x000000000001259c        0x0 /home/ssysarch/Desktop/nick/jetpack_5/Jetson_Linux_R35.4.1_aarch64/Linux_for_Tegra/sources/tegra/optee-src/nv-optee/optee/build/t234/export-ta_arm64/lib/libutils.a(snprintf.o)
 .data          0x000000000001259c        0x0 /home/ssysarch/Desktop/nick/jetpack_5/Jetson_Linux_R35.4.1_aarch64/Linux_for_Tegra/sources/tegra/optee-src/nv-optee/optee/build/t234/export-ta_arm64/lib/libutils.a(memmove.o)
 .data          0x000000000001259c        0x0 /home/ssysarch/Desktop/nick/jetpack_5/Jetson_Linux_R35.4.1_aarch64/Linux_for_Tegra/sources/tegra/optee-src/nv-optee/optee/build/t234/export-ta_arm64/lib/libutils.a(memset.o)
 .data          0x000000000001259c        0x0 /home/ssysarch/Desktop/nick/jetpack_5/Jetson_Linux_R35.4.1_aarch64/Linux_for_Tegra/sources/tegra/optee-src/nv-optee/optee/build/t234/export-ta_arm64/lib/libutils.a(strcmp.o)
 .data          0x000000000001259c        0x0 /home/ssysarch/Desktop/nick/jetpack_5/Jetson_Linux_R35.4.1_aarch64/Linux_for_Tegra/sources/tegra/optee-src/nv-optee/optee/build/t234/export-ta_arm64/lib/libutils.a(strlcpy.o)
 .data          0x000000000001259c        0x0 /home/ssysarch/Desktop/nick/jetpack_5/Jetson_Linux_R35.4.1_aarch64/Linux_for_Tegra/sources/tegra/optee-src/nv-optee/optee/build/t234/export-ta_arm64/lib/libutils.a(mempool.o)
 .data          0x000000000001259c        0x0 /home/ssysarch/Desktop/nick/jetpack_5/Jetson_Linux_R35.4.1_aarch64/Linux_for_Tegra/sources/tegra/optee-src/nv-optee/optee/build/t234/export-ta_arm64/lib/libutils.a(consttime_memcmp.o)

.bss            0x00000000000125a0    0x138e8
 *(SORT_BY_ALIGNMENT(.bss) SORT_BY_ALIGNMENT(.bss.*) SORT_BY_ALIGNMENT(.gnu.linkonce.b.*) SORT_BY_ALIGNMENT(COMMON))
 .bss           0x00000000000125a0       0x48 /home/ssysarch/Desktop/nick/jetpack_5/Jetson_Linux_R35.4.1_aarch64/Linux_for_Tegra/sources/tegra/optee-src/nv-optee/optee/build/t234/ta/sims/ta_sims.o
 .bss           0x00000000000125e8       0x10 /home/ssysarch/Desktop/nick/jetpack_5/Jetson_Linux_R35.4.1_aarch64/Linux_for_Tegra/sources/tegra/optee-src/nv-optee/optee/build/t234/export-ta_arm64/lib/libutee.a(tee_api.o)
 .bss           0x00000000000125f8        0x8 /home/ssysarch/Desktop/nick/jetpack_5/Jetson_Linux_R35.4.1_aarch64/Linux_for_Tegra/sources/tegra/optee-src/nv-optee/optee/build/t234/export-ta_arm64/lib/libutee.a(tee_system_pta.o)
 .bss           0x0000000000012600        0x9 /home/ssysarch/Desktop/nick/jetpack_5/Jetson_Linux_R35.4.1_aarch64/Linux_for_Tegra/sources/tegra/optee-src/nv-optee/optee/build/t234/export-ta_arm64/lib/libutee.a(user_ta_entry.o)
 *fill*         0x0000000000012609        0x7 
 COMMON         0x0000000000012610       0x60 /home/ssysarch/Desktop/nick/jetpack_5/Jetson_Linux_R35.4.1_aarch64/Linux_for_Tegra/sources/tegra/optee-src/nv-optee/optee/build/t234/export-ta_arm64/lib/libutee.a(user_ta_entry.o)
                0x0000000000012610                ta_param_types
                0x0000000000012618                __ta_no_share_malloc_ctx
                0x0000000000012620                ta_params
                0x0000000000012660                __elf_phdr_info
 .bss           0x0000000000012670     0x3800 /home/ssysarch/Desktop/nick/jetpack_5/Jetson_Linux_R35.4.1_aarch64/Linux_for_Tegra/sources/tegra/optee-src/nv-optee/optee/build/t234/export-ta_arm64/lib/libutee.a(tee_api_arith_mpi.o)
 .bss           0x0000000000015e70       0x10 /home/ssysarch/Desktop/nick/jetpack_5/Jetson_Linux_R35.4.1_aarch64/Linux_for_Tegra/sources/tegra/optee-src/nv-optee/optee/build/t234/export-ta_arm64/lib/libutee.a(tcb.o)
 COMMON         0x0000000000015e80        0x8 /home/ssysarch/Desktop/nick/jetpack_5/Jetson_Linux_R35.4.1_aarch64/Linux_for_Tegra/sources/tegra/optee-src/nv-optee/optee/build/t234/export-ta_arm64/lib/libmbedtls.a(bignum.o)
                0x0000000000015e80                mbedtls_mpi_mempool
 .bss           0x0000000000015e88        0x0 /home/ssysarch/Desktop/nick/jetpack_5/Jetson_Linux_R35.4.1_aarch64/Linux_for_Tegra/sources/tegra/optee-src/nv-optee/optee/build/t234/ta/sims/ta_entry.o
 .bss           0x0000000000015e88        0x0 /home/ssysarch/Desktop/nick/jetpack_5/Jetson_Linux_R35.4.1_aarch64/Linux_for_Tegra/sources/tegra/optee-src/nv-optee/optee/build/t234/ta/sims/user_ta_header.o
 COMMON         0x0000000000015e88    0x10000 /home/ssysarch/Desktop/nick/jetpack_5/Jetson_Linux_R35.4.1_aarch64/Linux_for_Tegra/sources/tegra/optee-src/nv-optee/optee/build/t234/ta/sims/user_ta_header.o
                0x0000000000015e88                ta_heap
                0x0000000000025e88                __ta_no_share_heap
 .bss           0x0000000000025e88        0x0 /home/ssysarch/Desktop/nick/jetpack_5/Jetson_Linux_R35.4.1_aarch64/Linux_for_Tegra/sources/tegra/optee-src/nv-optee/optee/build/t234/export-ta_arm64/lib/libutils.a(stack_check.o)
 .bss           0x0000000000025e88        0x0 /home/ssysarch/Desktop/nick/jetpack_5/Jetson_Linux_R35.4.1_aarch64/Linux_for_Tegra/sources/tegra/optee-src/nv-optee/optee/build/t234/export-ta_arm64/lib/libutils.a(trace.o)
 .bss           0x0000000000025e88        0x0 /home/ssysarch/Desktop/nick/jetpack_5/Jetson_Linux_R35.4.1_aarch64/Linux_for_Tegra/sources/tegra/optee-src/nv-optee/optee/build/t234/export-ta_arm64/lib/libutils.a(memcpy.o)
 .bss           0x0000000000025e88        0x0 /home/ssysarch/Desktop/nick/jetpack_5/Jetson_Linux_R35.4.1_aarch64/Linux_for_Tegra/sources/tegra/optee-src/nv-optee/optee/build/t234/export-ta_arm64/lib/libutils.a(snprintk.o)
 .bss           0x0000000000025e88        0x0 /home/ssysarch/Desktop/nick/jetpack_5/Jetson_Linux_R35.4.1_aarch64/Linux_for_Tegra/sources/tegra/optee-src/nv-optee/optee/build/t234/export-ta_arm64/lib/libutils.a(memchr.o)
 .bss           0x0000000000025e88        0x0 /home/ssysarch/Desktop/nick/jetpack_5/Jetson_Linux_R35.4.1_aarch64/Linux_for_Tegra/sources/tegra/optee-src/nv-optee/optee/build/t234/export-ta_arm64/lib/libutils.a(strlen.o)
 .bss           0x0000000000025e88        0x0 /home/ssysarch/Desktop/nick/jetpack_5/Jetson_Linux_R35.4.1_aarch64/Linux_for_Tegra/sources/tegra/optee-src/nv-optee/optee/build/t234/export-ta_arm64/lib/libutee.a(trace_ext.o)
 .bss           0x0000000000025e88        0x0 /home/ssysarch/Desktop/nick/jetpack_5/Jetson_Linux_R35.4.1_aarch64/Linux_for_Tegra/sources/tegra/optee-src/nv-optee/optee/build/t234/export-ta_arm64/lib/libutee.a(tee_api_panic.o)
 .bss           0x0000000000025e88        0x0 /home/ssysarch/Desktop/nick/jetpack_5/Jetson_Linux_R35.4.1_aarch64/Linux_for_Tegra/sources/tegra/optee-src/nv-optee/optee/build/t234/export-ta_arm64/lib/libutee.a(utee_syscalls_a64.o)
 .bss           0x0000000000025e88        0x0 /home/ssysarch/Desktop/nick/jetpack_5/Jetson_Linux_R35.4.1_aarch64/Linux_for_Tegra/sources/tegra/optee-src/nv-optee/optee/build/t234/export-ta_arm64/lib/libutee.a(abort.o)
 .bss           0x0000000000025e88        0x0 /home/ssysarch/Desktop/nick/jetpack_5/Jetson_Linux_R35.4.1_aarch64/Linux_for_Tegra/sources/tegra/optee-src/nv-optee/optee/build/t234/export-ta_arm64/lib/libutee.a(tee_api_property.o)
 .bss           0x0000000000025e88        0x0 /home/ssysarch/Desktop/nick/jetpack_5/Jetson_Linux_R35.4.1_aarch64/Linux_for_Tegra/sources/tegra/optee-src/nv-optee/optee/build/t234/export-ta_arm64/lib/libutee.a(assert.o)
 .bss           0x0000000000025e88        0x0 /home/ssysarch/Desktop/nick/jetpack_5/Jetson_Linux_R35.4.1_aarch64/Linux_for_Tegra/sources/tegra/optee-src/nv-optee/optee/build/t234/export-ta_arm64/lib/libutee.a(base64.o)
 .bss           0x0000000000025e88        0x0 /home/ssysarch/Desktop/nick/jetpack_5/Jetson_Linux_R35.4.1_aarch64/Linux_for_Tegra/sources/tegra/optee-src/nv-optee/optee/build/t234/export-ta_arm64/lib/libmbedtls.a(bignum.o)
 .bss           0x0000000000025e88        0x0 /home/ssysarch/Desktop/nick/jetpack_5/Jetson_Linux_R35.4.1_aarch64/Linux_for_Tegra/sources/tegra/optee-src/nv-optee/optee/build/t234/export-ta_arm64/lib/libmbedtls.a(constant_time.o)
 .bss           0x0000000000025e88        0x0 /home/ssysarch/Desktop/nick/jetpack_5/Jetson_Linux_R35.4.1_aarch64/Linux_for_Tegra/sources/tegra/optee-src/nv-optee/optee/build/t234/export-ta_arm64/lib/libmbedtls.a(platform_util.o)
 .bss           0x0000000000025e88        0x0 /home/ssysarch/Desktop/nick/jetpack_5/Jetson_Linux_R35.4.1_aarch64/Linux_for_Tegra/sources/tegra/optee-src/nv-optee/optee/build/t234/export-ta_arm64/lib/libutils.a(bget_malloc.o)
 .bss           0x0000000000025e88        0x0 /home/ssysarch/Desktop/nick/jetpack_5/Jetson_Linux_R35.4.1_aarch64/Linux_for_Tegra/sources/tegra/optee-src/nv-optee/optee/build/t234/export-ta_arm64/lib/libutils.a(snprintf.o)
 .bss           0x0000000000025e88        0x0 /home/ssysarch/Desktop/nick/jetpack_5/Jetson_Linux_R35.4.1_aarch64/Linux_for_Tegra/sources/tegra/optee-src/nv-optee/optee/build/t234/export-ta_arm64/lib/libutils.a(memmove.o)
 .bss           0x0000000000025e88        0x0 /home/ssysarch/Desktop/nick/jetpack_5/Jetson_Linux_R35.4.1_aarch64/Linux_for_Tegra/sources/tegra/optee-src/nv-optee/optee/build/t234/export-ta_arm64/lib/libutils.a(memset.o)
 .bss           0x0000000000025e88        0x0 /home/ssysarch/Desktop/nick/jetpack_5/Jetson_Linux_R35.4.1_aarch64/Linux_for_Tegra/sources/tegra/optee-src/nv-optee/optee/build/t234/export-ta_arm64/lib/libutils.a(strcmp.o)
 .bss           0x0000000000025e88        0x0 /home/ssysarch/Desktop/nick/jetpack_5/Jetson_Linux_R35.4.1_aarch64/Linux_for_Tegra/sources/tegra/optee-src/nv-optee/optee/build/t234/export-ta_arm64/lib/libutils.a(strlcpy.o)
 .bss           0x0000000000025e88        0x0 /home/ssysarch/Desktop/nick/jetpack_5/Jetson_Linux_R35.4.1_aarch64/Linux_for_Tegra/sources/tegra/optee-src/nv-optee/optee/build/t234/export-ta_arm64/lib/libutils.a(mempool.o)
 .bss           0x0000000000025e88        0x0 /home/ssysarch/Desktop/nick/jetpack_5/Jetson_Linux_R35.4.1_aarch64/Linux_for_Tegra/sources/tegra/optee-src/nv-optee/optee/build/t234/export-ta_arm64/lib/libutils.a(consttime_memcmp.o)
                0x0000000000025e88                . = ALIGN (0x8)
                0x0000000000025e88                __ftrace_buf_start = .
                0x0000000000025e88                . = (. + DEFINED (_mcount)?0x800:0x0)
                0x0000000000025e88                __ftrace_buf_end = .

.dynbss         0x0000000000025e88        0x0
 .dynbss        0x0000000000025e88        0x0 /home/ssysarch/Desktop/nick/jetpack_5/Jetson_Linux_R35.4.1_aarch64/Linux_for_Tegra/sources/tegra/optee-src/nv-optee/optee/build/t234/ta/sims/ta_entry.o

/DISCARD/
 *(SORT_BY_ALIGNMENT(.interp))
LOAD /home/ssysarch/Desktop/nick/jetpack_5/Jetson_Linux_R35.4.1_aarch64/Linux_for_Tegra/sources/tegra/optee-src/nv-optee/optee/build/t234/ta/sims/ta_entry.o
LOAD /home/ssysarch/Desktop/nick/jetpack_5/Jetson_Linux_R35.4.1_aarch64/Linux_for_Tegra/sources/tegra/optee-src/nv-optee/optee/build/t234/ta/sims/ta_sims.o
LOAD /home/ssysarch/Desktop/nick/jetpack_5/Jetson_Linux_R35.4.1_aarch64/Linux_for_Tegra/sources/tegra/optee-src/nv-optee/optee/build/t234/ta/sims/user_ta_header.o
START GROUP
LOAD /home/ssysarch/Desktop/nick/jetpack_5/Jetson_Linux_R35.4.1_aarch64/Linux_for_Tegra/sources/tegra/optee-src/nv-optee/optee/build/t234/export-ta_arm64/lib/libutils.a
LOAD /home/ssysarch/Desktop/nick/jetpack_5/Jetson_Linux_R35.4.1_aarch64/Linux_for_Tegra/sources/tegra/optee-src/nv-optee/optee/build/t234/export-ta_arm64/lib/libutee.a
LOAD /home/ssysarch/Desktop/nick/jetpack_5/Jetson_Linux_R35.4.1_aarch64/Linux_for_Tegra/sources/tegra/optee-src/nv-optee/optee/build/t234/export-ta_arm64/lib/libmbedtls.a
LOAD /home/ssysarch/Desktop/nick/jetpack_5/Jetson_Linux_R35.4.1_aarch64/Linux_for_Tegra/sources/tegra/optee-src/nv-optee/optee/build/t234/export-ta_arm64/lib/libdl.a
END GROUP
LOAD /home/ssysarch/Desktop/nick/jetpack_5/aarch64--glibc--stable-final/bin/../lib/gcc/aarch64-buildroot-linux-gnu/9.3.0/libgcc.a
LOAD /home/ssysarch/Desktop/nick/jetpack_5/Jetson_Linux_R35.4.1_aarch64/Linux_for_Tegra/sources/tegra/optee-src/nv-optee/optee/build/t234/export-ta_arm64/lib/libutils.a
OUTPUT(/home/ssysarch/Desktop/nick/jetpack_5/Jetson_Linux_R35.4.1_aarch64/Linux_for_Tegra/sources/tegra/optee-src/nv-optee/optee/build/t234/ta/sims/e6a33ed4-562b-463a-bb7e-ff5e15a493c8.elf elf64-littleaarch64)

.debug_info     0x0000000000000000    0x1a8d9
 .debug_info    0x0000000000000000      0x399 /home/ssysarch/Desktop/nick/jetpack_5/Jetson_Linux_R35.4.1_aarch64/Linux_for_Tegra/sources/tegra/optee-src/nv-optee/optee/build/t234/ta/sims/ta_entry.o
 .debug_info    0x0000000000000399      0x7b5 /home/ssysarch/Desktop/nick/jetpack_5/Jetson_Linux_R35.4.1_aarch64/Linux_for_Tegra/sources/tegra/optee-src/nv-optee/optee/build/t234/ta/sims/ta_sims.o
 .debug_info    0x0000000000000b4e      0x5da /home/ssysarch/Desktop/nick/jetpack_5/Jetson_Linux_R35.4.1_aarch64/Linux_for_Tegra/sources/tegra/optee-src/nv-optee/optee/build/t234/ta/sims/user_ta_header.o
 .debug_info    0x0000000000001128      0x14c /home/ssysarch/Desktop/nick/jetpack_5/Jetson_Linux_R35.4.1_aarch64/Linux_for_Tegra/sources/tegra/optee-src/nv-optee/optee/build/t234/export-ta_arm64/lib/libutils.a(stack_check.o)
 .debug_info    0x0000000000001274      0xa04 /home/ssysarch/Desktop/nick/jetpack_5/Jetson_Linux_R35.4.1_aarch64/Linux_for_Tegra/sources/tegra/optee-src/nv-optee/optee/build/t234/export-ta_arm64/lib/libutils.a(trace.o)
 .debug_info    0x0000000000001c78      0x13c /home/ssysarch/Desktop/nick/jetpack_5/Jetson_Linux_R35.4.1_aarch64/Linux_for_Tegra/sources/tegra/optee-src/nv-optee/optee/build/t234/export-ta_arm64/lib/libutils.a(memcpy.o)
 .debug_info    0x0000000000001db4      0x97c /home/ssysarch/Desktop/nick/jetpack_5/Jetson_Linux_R35.4.1_aarch64/Linux_for_Tegra/sources/tegra/optee-src/nv-optee/optee/build/t234/export-ta_arm64/lib/libutils.a(snprintk.o)
 .debug_info    0x0000000000002730      0x106 /home/ssysarch/Desktop/nick/jetpack_5/Jetson_Linux_R35.4.1_aarch64/Linux_for_Tegra/sources/tegra/optee-src/nv-optee/optee/build/t234/export-ta_arm64/lib/libutils.a(memchr.o)
 .debug_info    0x0000000000002836       0xbe /home/ssysarch/Desktop/nick/jetpack_5/Jetson_Linux_R35.4.1_aarch64/Linux_for_Tegra/sources/tegra/optee-src/nv-optee/optee/build/t234/export-ta_arm64/lib/libutils.a(strlen.o)
 .debug_info    0x00000000000028f4      0x3f6 /home/ssysarch/Desktop/nick/jetpack_5/Jetson_Linux_R35.4.1_aarch64/Linux_for_Tegra/sources/tegra/optee-src/nv-optee/optee/build/t234/export-ta_arm64/lib/libutee.a(trace_ext.o)
 .debug_info    0x0000000000002cea     0x27f8 /home/ssysarch/Desktop/nick/jetpack_5/Jetson_Linux_R35.4.1_aarch64/Linux_for_Tegra/sources/tegra/optee-src/nv-optee/optee/build/t234/export-ta_arm64/lib/libutee.a(tee_api.o)
 .debug_info    0x00000000000054e2      0xc21 /home/ssysarch/Desktop/nick/jetpack_5/Jetson_Linux_R35.4.1_aarch64/Linux_for_Tegra/sources/tegra/optee-src/nv-optee/optee/build/t234/export-ta_arm64/lib/libutee.a(tee_api_panic.o)
 .debug_info    0x0000000000006103      0x814 /home/ssysarch/Desktop/nick/jetpack_5/Jetson_Linux_R35.4.1_aarch64/Linux_for_Tegra/sources/tegra/optee-src/nv-optee/optee/build/t234/export-ta_arm64/lib/libutee.a(tee_system_pta.o)
 .debug_info    0x0000000000006917     0x1825 /home/ssysarch/Desktop/nick/jetpack_5/Jetson_Linux_R35.4.1_aarch64/Linux_for_Tegra/sources/tegra/optee-src/nv-optee/optee/build/t234/export-ta_arm64/lib/libutee.a(user_ta_entry.o)
 .debug_info    0x000000000000813c       0x22 /home/ssysarch/Desktop/nick/jetpack_5/Jetson_Linux_R35.4.1_aarch64/Linux_for_Tegra/sources/tegra/optee-src/nv-optee/optee/build/t234/export-ta_arm64/lib/libutee.a(utee_syscalls_a64.o)
 .debug_info    0x000000000000815e      0x146 /home/ssysarch/Desktop/nick/jetpack_5/Jetson_Linux_R35.4.1_aarch64/Linux_for_Tegra/sources/tegra/optee-src/nv-optee/optee/build/t234/export-ta_arm64/lib/libutee.a(abort.o)
 .debug_info    0x00000000000082a4     0x516a /home/ssysarch/Desktop/nick/jetpack_5/Jetson_Linux_R35.4.1_aarch64/Linux_for_Tegra/sources/tegra/optee-src/nv-optee/optee/build/t234/export-ta_arm64/lib/libutee.a(tee_api_arith_mpi.o)
 .debug_info    0x000000000000d40e     0x1a1c /home/ssysarch/Desktop/nick/jetpack_5/Jetson_Linux_R35.4.1_aarch64/Linux_for_Tegra/sources/tegra/optee-src/nv-optee/optee/build/t234/export-ta_arm64/lib/libutee.a(tee_api_property.o)
 .debug_info    0x000000000000ee2a      0x9f4 /home/ssysarch/Desktop/nick/jetpack_5/Jetson_Linux_R35.4.1_aarch64/Linux_for_Tegra/sources/tegra/optee-src/nv-optee/optee/build/t234/export-ta_arm64/lib/libutee.a(tcb.o)
 .debug_info    0x000000000000f81e      0x1f6 /home/ssysarch/Desktop/nick/jetpack_5/Jetson_Linux_R35.4.1_aarch64/Linux_for_Tegra/sources/tegra/optee-src/nv-optee/optee/build/t234/export-ta_arm64/lib/libutee.a(assert.o)
 .debug_info    0x000000000000fa14      0x358 /home/ssysarch/Desktop/nick/jetpack_5/Jetson_Linux_R35.4.1_aarch64/Linux_for_Tegra/sources/tegra/optee-src/nv-optee/optee/build/t234/export-ta_arm64/lib/libutee.a(base64.o)
 .debug_info    0x000000000000fd6c     0x601f /home/ssysarch/Desktop/nick/jetpack_5/Jetson_Linux_R35.4.1_aarch64/Linux_for_Tegra/sources/tegra/optee-src/nv-optee/optee/build/t234/export-ta_arm64/lib/libmbedtls.a(bignum.o)