Archive member included to satisfy reference by file (symbol)

/home/ssysarch/Desktop/nick/jetpack_5/Jetson_Linux_R35.4.1_aarch64/Linux_for_Tegra/sources/tegra/optee-src/nv-optee/optee/build/t234/export-ta_arm64/lib/libutils.a(stack_check.o)
                              /home/ssysarch/Desktop/nick/jetpack_5/Jetson_Linux_R35.4.1_aarch64/Linux_for_Tegra/sources/tegra/optee-src/nv-optee/optee/build/t234/ta/rpc_test/ta_rpc.o (__stack_chk_fail)
/home/ssysarch/Desktop/nick/jetpack_5/Jetson_Linux_R35.4.1_aarch64/Linux_for_Tegra/sources/tegra/optee-src/nv-optee/optee/build/t234/export-ta_arm64/lib/libutils.a(memcpy.o)
                              /home/ssysarch/Desktop/nick/jetpack_5/Jetson_Linux_R35.4.1_aarch64/Linux_for_Tegra/sources/tegra/optee-src/nv-optee/optee/build/t234/ta/rpc_test/ta_rpc.o (memcpy)
/home/ssysarch/Desktop/nick/jetpack_5/Jetson_Linux_R35.4.1_aarch64/Linux_for_Tegra/sources/tegra/optee-src/nv-optee/optee/build/t234/export-ta_arm64/lib/libutils.a(memset.o)
                              /home/ssysarch/Desktop/nick/jetpack_5/Jetson_Linux_R35.4.1_aarch64/Linux_for_Tegra/sources/tegra/optee-src/nv-optee/optee/build/t234/ta/rpc_test/ta_rpc.o (memset)
/home/ssysarch/Desktop/nick/jetpack_5/Jetson_Linux_R35.4.1_aarch64/Linux_for_Tegra/sources/tegra/optee-src/nv-optee/optee/build/t234/export-ta_arm64/lib/libutils.a(trace.o)
                              /home/ssysarch/Desktop/nick/jetpack_5/Jetson_Linux_R35.4.1_aarch64/Linux_for_Tegra/sources/tegra/optee-src/nv-optee/optee/build/t234/ta/rpc_test/ta_rpc.o (trace_printf)
/home/ssysarch/Desktop/nick/jetpack_5/Jetson_Linux_R35.4.1_aarch64/Linux_for_Tegra/sources/tegra/optee-src/nv-optee/optee/build/t234/export-ta_arm64/lib/libutils.a(snprintk.o)
                              /home/ssysarch/Desktop/nick/jetpack_5/Jetson_Linux_R35.4.1_aarch64/Linux_for_Tegra/sources/tegra/optee-src/nv-optee/optee/build/t234/export-ta_arm64/lib/libutils.a(trace.o) (vsnprintk)
/home/ssysarch/Desktop/nick/jetpack_5/Jetson_Linux_R35.4.1_aarch64/Linux_for_Tegra/sources/tegra/optee-src/nv-optee/optee/build/t234/export-ta_arm64/lib/libutils.a(memchr.o)
                              /home/ssysarch/Desktop/nick/jetpack_5/Jetson_Linux_R35.4.1_aarch64/Linux_for_Tegra/sources/tegra/optee-src/nv-optee/optee/build/t234/export-ta_arm64/lib/libutils.a(snprintk.o) (memchr)
/home/ssysarch/Desktop/nick/jetpack_5/Jetson_Linux_R35.4.1_aarch64/Linux_for_Tegra/sources/tegra/optee-src/nv-optee/optee/build/t234/export-ta_arm64/lib/libutils.a(strlen.o)
                              /home/ssysarch/Desktop/nick/jetpack_5/Jetson_Linux_R35.4.1_aarch64/Linux_for_Tegra/sources/tegra/optee-src/nv-optee/optee/build/t234/export-ta_arm64/lib/libutils.a(snprintk.o) (strlen)
/home/ssysarch/Desktop/nick/jetpack_5/Jetson_Linux_R35.4.1_aarch64/Linux_for_Tegra/sources/tegra/optee-src/nv-optee/optee/build/t234/export-ta_arm64/lib/libutee.a(trace_ext.o)
                              /home/ssysarch/Desktop/nick/jetpack_5/Jetson_Linux_R35.4.1_aarch64/Linux_for_Tegra/sources/tegra/optee-src/nv-optee/optee/build/t234/export-ta_arm64/lib/libutils.a(trace.o) (trace_ext_puts)
/home/ssysarch/Desktop/nick/jetpack_5/Jetson_Linux_R35.4.1_aarch64/Linux_for_Tegra/sources/tegra/optee-src/nv-optee/optee/build/t234/export-ta_arm64/lib/libutee.a(tee_api.o)
                              /home/ssysarch/Desktop/nick/jetpack_5/Jetson_Linux_R35.4.1_aarch64/Linux_for_Tegra/sources/tegra/optee-src/nv-optee/optee/build/t234/ta/rpc_test/ta_rpc.o (TEE_CloseTASession)
/home/ssysarch/Desktop/nick/jetpack_5/Jetson_Linux_R35.4.1_aarch64/Linux_for_Tegra/sources/tegra/optee-src/nv-optee/optee/build/t234/export-ta_arm64/lib/libutee.a(tee_api_panic.o)
                              /home/ssysarch/Desktop/nick/jetpack_5/Jetson_Linux_R35.4.1_aarch64/Linux_for_Tegra/sources/tegra/optee-src/nv-optee/optee/build/t234/ta/rpc_test/ta_rpc.o (TEE_Panic)
/home/ssysarch/Desktop/nick/jetpack_5/Jetson_Linux_R35.4.1_aarch64/Linux_for_Tegra/sources/tegra/optee-src/nv-optee/optee/build/t234/export-ta_arm64/lib/libutee.a(tee_system_pta.o)
                              /home/ssysarch/Desktop/nick/jetpack_5/Jetson_Linux_R35.4.1_aarch64/Linux_for_Tegra/sources/tegra/optee-src/nv-optee/optee/build/t234/export-ta_arm64/lib/libutee.a(tee_api.o) (tee_map_zi)
/home/ssysarch/Desktop/nick/jetpack_5/Jetson_Linux_R35.4.1_aarch64/Linux_for_Tegra/sources/tegra/optee-src/nv-optee/optee/build/t234/export-ta_arm64/lib/libutee.a(user_ta_entry.o)
                              /home/ssysarch/Desktop/nick/jetpack_5/Jetson_Linux_R35.4.1_aarch64/Linux_for_Tegra/sources/tegra/optee-src/nv-optee/optee/build/t234/ta/rpc_test/user_ta_header.o (__utee_entry)
/home/ssysarch/Desktop/nick/jetpack_5/Jetson_Linux_R35.4.1_aarch64/Linux_for_Tegra/sources/tegra/optee-src/nv-optee/optee/build/t234/export-ta_arm64/lib/libutee.a(utee_syscalls_a64.o)
[...]
Memory Configuration

Name             Origin             Length             Attributes
*default*        0x0000000000000000 0xffffffffffffffff

Linker script and memory map


.ta_head        0x0000000000000000       0x20
 *(SORT_BY_ALIGNMENT(.ta_head))
 .ta_head       0x0000000000000000       0x20 /home/ssysarch/Desktop/nick/jetpack_5/Jetson_Linux_R35.4.1_aarch64/Linux_for_Tegra/sources/tegra/optee-src/nv-optee/optee/build/t234/ta/rpc_test/user_ta_header.o
                0x0000000000000000                ta_head

.text           0x0000000000000020     0xcf8c
                0x0000000000000020                __text_start = .
 *(SORT_BY_ALIGNMENT(.text) SORT_BY_ALIGNMENT(.text.*))
 .text          0x0000000000000020       0xec /home/ssysarch/Desktop/nick/jetpack_5/Jetson_Linux_R35.4.1_aarch64/Linux_for_Tegra/sources/tegra/optee-src/nv-optee/optee/build/t234/export-ta_arm64/lib/libutils.a(memcpy.o)
                0x0000000000000020                memcpy
 .text          0x000000000000010c       0x94 /home/ssysarch/Desktop/nick/jetpack_5/Jetson_Linux_R35.4.1_aarch64/Linux_for_Tegra/sources/tegra/optee-src/nv-optee/optee/build/t234/ta/rpc_test/ta_entry.o
                0x000000000000010c                TA_CreateEntryPoint
                0x0000000000000114                TA_DestroyEntryPoint
                0x0000000000000118                TA_OpenSessionEntryPoint
                0x0000000000000120                TA_CloseSessionEntryPoint
                0x0000000000000124                TA_InvokeCommandEntryPoint
 .text          0x00000000000001a0      0x380 /home/ssysarch/Desktop/nick/jetpack_5/Jetson_Linux_R35.4.1_aarch64/Linux_for_Tegra/sources/tegra/optee-src/nv-optee/optee/build/t234/ta/rpc_test/ta_rpc.o
                0x0000000000000408                rpc_sha224
                0x0000000000000410                rpc_sha256
                0x0000000000000418                rpc_aes256ecb_encrypt
                0x0000000000000420                rpc_aes256ecb_decrypt
                0x0000000000000428                rpc_open
 .text          0x0000000000000520       0x1c /home/ssysarch/Desktop/nick/jetpack_5/Jetson_Linux_R35.4.1_aarch64/Linux_for_Tegra/sources/tegra/optee-src/nv-optee/optee/build/t234/ta/rpc_test/user_ta_header.o
                0x0000000000000520                __ta_entry
                0x0000000000000534                tahead_get_trace_level
 .text          0x000000000000053c       0x30 /home/ssysarch/Desktop/nick/jetpack_5/Jetson_Linux_R35.4.1_aarch64/Linux_for_Tegra/sources/tegra/optee-src/nv-optee/optee/build/t234/export-ta_arm64/lib/libutils.a(stack_check.o)
                0x000000000000053c                __stack_chk_fail
 .text          0x000000000000056c       0x1c /home/ssysarch/Desktop/nick/jetpack_5/Jetson_Linux_R35.4.1_aarch64/Linux_for_Tegra/sources/tegra/optee-src/nv-optee/optee/build/t234/export-ta_arm64/lib/libutils.a(memset.o)
                0x000000000000056c                memset
 .text          0x0000000000000588      0x5cc /home/ssysarch/Desktop/nick/jetpack_5/Jetson_Linux_R35.4.1_aarch64/Linux_for_Tegra/sources/tegra/optee-src/nv-optee/optee/build/t234/export-ta_arm64/lib/libutils.a(trace.o)
                0x0000000000000694                trace_set_level
                0x00000000000006b0                trace_get_level
                0x00000000000006c0                trace_vprintf
                0x00000000000008dc                trace_printf
                0x00000000000009bc                dhex_dump
 .text          0x0000000000000b54      0xe10 /home/ssysarch/Desktop/nick/jetpack_5/Jetson_Linux_R35.4.1_aarch64/Linux_for_Tegra/sources/tegra/optee-src/nv-optee/optee/build/t234/export-ta_arm64/lib/libutils.a(snprintk.o)
                0x0000000000000b54                __vsnprintf
                0x0000000000000c14                vsnprintk
                0x0000000000000c6c                snprintk
                0x0000000000001918                __vsprintf
 .text          0x0000000000001964       0x2c /home/ssysarch/Desktop/nick/jetpack_5/Jetson_Linux_R35.4.1_aarch64/Linux_for_Tegra/sources/tegra/optee-src/nv-optee/optee/build/t234/export-ta_arm64/lib/libutils.a(memchr.o)
                0x0000000000001964                memchr
 .text          0x0000000000001990       0x1c /home/ssysarch/Desktop/nick/jetpack_5/Jetson_Linux_R35.4.1_aarch64/Linux_for_Tegra/sources/tegra/optee-src/nv-optee/optee/build/t234/export-ta_arm64/lib/libutils.a(strlen.o)
                0x0000000000001990                strlen
 .text          0x00000000000019ac      0x1e0 /home/ssysarch/Desktop/nick/jetpack_5/Jetson_Linux_R35.4.1_aarch64/Linux_for_Tegra/sources/tegra/optee-src/nv-optee/optee/build/t234/export-ta_arm64/lib/libutee.a(trace_ext.o)
                0x00000000000019ac                trace_ext_puts
                0x00000000000019d4                trace_ext_get_thread_id
                0x00000000000019dc                printf
                0x0000000000001adc                puts
                0x0000000000001b1c                putchar
 .text          0x0000000000001b8c     0x10c0 /home/ssysarch/Desktop/nick/jetpack_5/Jetson_Linux_R35.4.1_aarch64/Linux_for_Tegra/sources/tegra/optee-src/nv-optee/optee/build/t234/export-ta_arm64/lib/libutee.a(tee_api.o)
                0x0000000000001f3c                TEE_CloseTASession
                0x0000000000001f64                TEE_GetCancellationFlag
                0x0000000000001fc4                TEE_UnmaskCancellation
                0x0000000000002024                TEE_MaskCancellation
                0x0000000000002084                TEE_CheckMemoryAccessRights
                0x00000000000022a8                TEE_OpenTASession
                0x00000000000023fc                __GP11_TEE_OpenTASession
                0x0000000000002544                TEE_InvokeTACommand
                0x00000000000026c8                __GP11_TEE_InvokeTACommand
                0x0000000000002840                __GP11_TEE_CheckMemoryAccessRights
                0x0000000000002848                TEE_SetInstanceData
                0x0000000000002854                TEE_GetInstanceData
                0x0000000000002860                TEE_MemMove
                0x0000000000002864                __GP11_TEE_MemMove
                0x000000000000286c                TEE_MemCompare
                0x0000000000002870                __GP11_TEE_MemCompare
                0x0000000000002878                TEE_MemFill
                0x000000000000287c                __GP11_TEE_MemFill
                0x0000000000002884                TEE_GetSystemTime
                0x00000000000028ac                TEE_Wait
                0x00000000000028e8                TEE_GetTAPersistentTime
                0x000000000000295c                TEE_SetTAPersistentTime
                0x00000000000029a0                TEE_GetREETime
                0x00000000000029c8                TEE_Malloc
                0x0000000000002aec                __GP11_TEE_Malloc
                0x0000000000002af4                TEE_Free
                0x0000000000002b54                TEE_Realloc
                0x0000000000002c2c                __GP11_TEE_Realloc
                0x0000000000002c34                TEE_CacheClean
                0x0000000000002c3c                TEE_CacheFlush
                0x0000000000002c44                TEE_CacheInvalidate
 .text          0x0000000000002c4c      0x2ec /home/ssysarch/Desktop/nick/jetpack_5/Jetson_Linux_R35.4.1_aarch64/Linux_for_Tegra/sources/tegra/optee-src/nv-optee/optee/build/t234/export-ta_arm64/lib/libutee.a(tee_api_panic.o)
                0x0000000000002c68                TEE_Panic
                0x0000000000002cb4                __utee_check_outbuf_annotation
                0x0000000000002d18                __utee_check_gp11_outbuf_annotation
                0x0000000000002d7c                __utee_check_instring_annotation
                0x0000000000002db8                __utee_check_outstring_annotation
                0x0000000000002e1c                __utee_check_gp11_outstring_annotation
                0x0000000000002e80                __utee_check_out_annotation
                0x0000000000002eac                __utee_check_attr_in_annotation
                0x0000000000002edc                __utee_check_gp11_attr_in_annotation
                0x0000000000002f0c                __utee_check_inout_annotation
 .text          0x0000000000002f38      0x310 /home/ssysarch/Desktop/nick/jetpack_5/Jetson_Linux_R35.4.1_aarch64/Linux_for_Tegra/sources/tegra/optee-src/nv-optee/optee/build/t234/export-ta_arm64/lib/libutee.a(tee_system_pta.o)
                0x0000000000002fc0                tee_map_zi
                0x0000000000003070                tee_unmap
                0x0000000000003138                tee_invoke_supp_plugin
 .text          0x0000000000003248      0x74c /home/ssysarch/Desktop/nick/jetpack_5/Jetson_Linux_R35.4.1_aarch64/Linux_for_Tegra/sources/tegra/optee-src/nv-optee/optee/build/t234/export-ta_arm64/lib/libutee.a(user_ta_entry.o)
                0x000000000000350c                __utee_call_elf_init_fn
                0x0000000000003664                __utee_call_elf_fini_fn
                0x000000000000370c                __utee_entry
 .text._utee_panic
                0x0000000000003994        0xc /home/ssysarch/Desktop/nick/jetpack_5/Jetson_Linux_R35.4.1_aarch64/Linux_for_Tegra/sources/tegra/optee-src/nv-optee/optee/build/t234/export-ta_arm64/lib/libutee.a(utee_syscalls_a64.o)
                0x0000000000003994                _utee_panic
 .text._utee_return
                0x00000000000039a0        0xc /home/ssysarch/Desktop/nick/jetpack_5/Jetson_Linux_R35.4.1_aarch64/Linux_for_Tegra/sources/tegra/optee-src/nv-optee/optee/build/t234/export-ta_arm64/lib/libutee.a(utee_syscalls_a64.o)
                0x00000000000039a0                _utee_return
 .text._utee_log
                0x00000000000039ac        0xc /home/ssysarch/Desktop/nick/jetpack_5/Jetson_Linux_R35.4.1_aarch64/Linux_for_Tegra/sources/tegra/optee-src/nv-optee/optee/build/t234/export-ta_arm64/lib/libutee.a(utee_syscalls_a64.o)
                0x00000000000039ac                _utee_log
 .text.__utee_panic
                0x00000000000039b8        0xc /home/ssysarch/Desktop/nick/jetpack_5/Jetson_Linux_R35.4.1_aarch64/Linux_for_Tegra/sources/tegra/optee-src/nv-optee/optee/build/t234/export-ta_arm64/lib/libutee.a(utee_syscalls_a64.o)
                0x00000000000039b8                __utee_panic
 .text._utee_get_property
                0x00000000000039c4        0xc /home/ssysarch/Desktop/nick/jetpack_5/Jetson_Linux_R35.4.1_aarch64/Linux_for_Tegra/sources/tegra/optee-src/nv-optee/optee/build/t234/export-ta_arm64/lib/libutee.a(utee_syscalls_a64.o)
                0x00000000000039c4                _utee_get_property
 .text._utee_get_property_name_to_index
                0x00000000000039d0        0xc /home/ssysarch/Desktop/nick/jetpack_5/Jetson_Linux_R35.4.1_aarch64/Linux_for_Tegra/sources/tegra/optee-src/nv-optee/optee/build/t234/export-ta_arm64/lib/libutee.a(utee_syscalls_a64.o)
                0x00000000000039d0                _utee_get_property_name_to_index
 .text._utee_open_ta_session
                0x00000000000039dc        0xc /home/ssysarch/Desktop/nick/jetpack_5/Jetson_Linux_R35.4.1_aarch64/Linux_for_Tegra/sources/tegra/optee-src/nv-optee/optee/build/t234/export-ta_arm64/lib/libutee.a(utee_syscalls_a64.o)
                0x00000000000039dc                _utee_open_ta_session
 .text._utee_close_ta_session
                0x00000000000039e8        0xc /home/ssysarch/Desktop/nick/jetpack_5/Jetson_Linux_R35.4.1_aarch64/Linux_for_Tegra/sources/tegra/optee-src/nv-optee/optee/build/t234/export-ta_arm64/lib/libutee.a(utee_syscalls_a64.o)
                0x00000000000039e8                _utee_close_ta_session
 .text._utee_invoke_ta_command
                0x00000000000039f4        0xc /home/ssysarch/Desktop/nick/jetpack_5/Jetson_Linux_R35.4.1_aarch64/Linux_for_Tegra/sources/tegra/optee-src/nv-optee/optee/build/t234/export-ta_arm64/lib/libutee.a(utee_syscalls_a64.o)
                0x00000000000039f4                _utee_invoke_ta_command
 .text._utee_get_cancellation_flag
                0x0000000000003a00        0xc /home/ssysarch/Desktop/nick/jetpack_5/Jetson_Linux_R35.4.1_aarch64/Linux_for_Tegra/sources/tegra/optee-src/nv-optee/optee/build/t234/export-ta_arm64/lib/libutee.a(utee_syscalls_a64.o)
                0x0000000000003a00                _utee_get_cancellation_flag
 .text._utee_check_access_rights
                0x0000000000003a0c        0xc /home/ssysarch/Desktop/nick/jetpack_5/Jetson_Linux_R35.4.1_aarch64/Linux_for_Tegra/sources/tegra/optee-src/nv-optee/optee/build/t234/export-ta_arm64/lib/libutee.a(utee_syscalls_a64.o)
                0x0000000000003a0c                _utee_check_access_rights
 .text._utee_unmask_cancellation
                0x0000000000003a18        0xc /home/ssysarch/Desktop/nick/jetpack_5/Jetson_Linux_R35.4.1_aarch64/Linux_for_Tegra/sources/tegra/optee-src/nv-optee/optee/build/t234/export-ta_arm64/lib/libutee.a(utee_syscalls_a64.o)
                0x0000000000003a18                _utee_unmask_cancellation
 .text._utee_mask_cancellation
                0x0000000000003a24        0xc /home/ssysarch/Desktop/nick/jetpack_5/Jetson_Linux_R35.4.1_aarch64/Linux_for_Tegra/sources/tegra/optee-src/nv-optee/optee/build/t234/export-ta_arm64/lib/libutee.a(utee_syscalls_a64.o)
                0x0000000000003a24                _utee_mask_cancellation
 .text._utee_wait
                0x0000000000003a30        0xc /home/ssysarch/Desktop/nick/jetpack_5/Jetson_Linux_R35.4.1_aarch64/Linux_for_Tegra/sources/tegra/optee-src/nv-optee/optee/build/t234/export-ta_arm64/lib/libutee.a(utee_syscalls_a64.o)
                0x0000000000003a30                _utee_wait
 .text._utee_get_time
                0x0000000000003a3c        0xc /home/ssysarch/Desktop/nick/jetpack_5/Jetson_Linux_R35.4.1_aarch64/Linux_for_Tegra/sources/tegra/optee-src/nv-optee/optee/build/t234/export-ta_arm64/lib/libutee.a(utee_syscalls_a64.o)
                0x0000000000003a3c                _utee_get_time
 .text._utee_set_ta_time
                0x0000000000003a48        0xc /home/ssysarch/Desktop/nick/jetpack_5/Jetson_Linux_R35.4.1_aarch64/Linux_for_Tegra/sources/tegra/optee-src/nv-optee/optee/build/t234/export-ta_arm64/lib/libutee.a(utee_syscalls_a64.o)
                0x0000000000003a48                _utee_set_ta_time
 .text._utee_cryp_state_alloc
                0x0000000000003a54        0xc /home/ssysarch/Desktop/nick/jetpack_5/Jetson_Linux_R35.4.1_aarch64/Linux_for_Tegra/sources/tegra/optee-src/nv-optee/optee/build/t234/export-ta_arm64/lib/libutee.a(utee_syscalls_a64.o)
                0x0000000000003a54                _utee_cryp_state_alloc
 .text._utee_cryp_state_copy
                0x0000000000003a60        0xc /home/ssysarch/Desktop/nick/jetpack_5/Jetson_Linux_R35.4.1_aarch64/Linux_for_Tegra/sources/tegra/optee-src/nv-optee/optee/build/t234/export-ta_arm64/lib/libutee.a(utee_syscalls_a64.o)
                0x0000000000003a60                _utee_cryp_state_copy
 .text._utee_cryp_state_free
                0x0000000000003a6c        0xc /home/ssysarch/Desktop/nick/jetpack_5/Jetson_Linux_R35.4.1_aarch64/Linux_for_Tegra/sources/tegra/optee-src/nv-optee/optee/build/t234/export-ta_arm64/lib/libutee.a(utee_syscalls_a64.o)
                0x0000000000003a6c                _utee_cryp_state_free
 .text._utee_hash_init
                0x0000000000003a78        0xc /home/ssysarch/Desktop/nick/jetpack_5/Jetson_Linux_R35.4.1_aarch64/Linux_for_Tegra/sources/tegra/optee-src/nv-optee/optee/build/t234/export-ta_arm64/lib/libutee.a(utee_syscalls_a64.o)
                0x0000000000003a78                _utee_hash_init
 .text._utee_hash_update
                0x0000000000003a84        0xc /home/ssysarch/Desktop/nick/jetpack_5/Jetson_Linux_R35.4.1_aarch64/Linux_for_Tegra/sources/tegra/optee-src/nv-optee/optee/build/t234/export-ta_arm64/lib/libutee.a(utee_syscalls_a64.o)
                0x0000000000003a84                _utee_hash_update
 .text._utee_hash_final
                0x0000000000003a90        0xc /home/ssysarch/Desktop/nick/jetpack_5/Jetson_Linux_R35.4.1_aarch64/Linux_for_Tegra/sources/tegra/optee-src/nv-optee/optee/build/t234/export-ta_arm64/lib/libutee.a(utee_syscalls_a64.o)
                0x0000000000003a90                _utee_hash_final
 .text._utee_cipher_init
                0x0000000000003a9c        0xc /home/ssysarch/Desktop/nick/jetpack_5/Jetson_Linux_R35.4.1_aarch64/Linux_for_Tegra/sources/tegra/optee-src/nv-optee/optee/build/t234/export-ta_arm64/lib/libutee.a(utee_syscalls_a64.o)
                0x0000000000003a9c                _utee_cipher_init
 .text._utee_cipher_update
                0x0000000000003aa8        0xc /home/ssysarch/Desktop/nick/jetpack_5/Jetson_Linux_R35.4.1_aarch64/Linux_for_Tegra/sources/tegra/optee-src/nv-optee/optee/build/t234/export-ta_arm64/lib/libutee.a(utee_syscalls_a64.o)
                0x0000000000003aa8                _utee_cipher_update
 .text._utee_cipher_final
                0x0000000000003ab4        0xc /home/ssysarch/Desktop/nick/jetpack_5/Jetson_Linux_R35.4.1_aarch64/Linux_for_Tegra/sources/tegra/optee-src/nv-optee/optee/build/t234/export-ta_arm64/lib/libutee.a(utee_syscalls_a64.o)
                0x0000000000003ab4                _utee_cipher_final
 .text._utee_cryp_obj_get_info
                0x0000000000003ac0        0xc /home/ssysarch/Desktop/nick/jetpack_5/Jetson_Linux_R35.4.1_aarch64/Linux_for_Tegra/sources/tegra/optee-src/nv-optee/optee/build/t234/export-ta_arm64/lib/libutee.a(utee_syscalls_a64.o)
                0x0000000000003ac0                _utee_cryp_obj_get_info
 .text._utee_cryp_obj_restrict_usage
                0x0000000000003acc        0xc /home/ssysarch/Desktop/nick/jetpack_5/Jetson_Linux_R35.4.1_aarch64/Linux_for_Tegra/sources/tegra/optee-src/nv-optee/optee/build/t234/export-ta_arm64/lib/libutee.a(utee_syscalls_a64.o)
                0x0000000000003acc                _utee_cryp_obj_restrict_usage
 .text._utee_cryp_obj_get_attr
                0x0000000000003ad8        0xc /home/ssysarch/Desktop/nick/jetpack_5/Jetson_Linux_R35.4.1_aarch64/Linux_for_Tegra/sources/tegra/optee-src/nv-optee/optee/build/t234/export-ta_arm64/lib/libutee.a(utee_syscalls_a64.o)
                0x0000000000003ad8                _utee_cryp_obj_get_attr
 .text._utee_cryp_obj_alloc
                0x0000000000003ae4        0xc /home/ssysarch/Desktop/nick/jetpack_5/Jetson_Linux_R35.4.1_aarch64/Linux_for_Tegra/sources/tegra/optee-src/nv-optee/optee/build/t234/export-ta_arm64/lib/libutee.a(utee_syscalls_a64.o)
                0x0000000000003ae4                _utee_cryp_obj_alloc
 .text._utee_cryp_obj_close
                0x0000000000003af0        0xc /home/ssysarch/Desktop/nick/jetpack_5/Jetson_Linux_R35.4.1_aarch64/Linux_for_Tegra/sources/tegra/optee-src/nv-optee/optee/build/t234/export-ta_arm64/lib/libutee.a(utee_syscalls_a64.o)
                0x0000000000003af0                _utee_cryp_obj_close
 .text._utee_cryp_obj_reset
                0x0000000000003afc        0xc /home/ssysarch/Desktop/nick/jetpack_5/Jetson_Linux_R35.4.1_aarch64/Linux_for_Tegra/sources/tegra/optee-src/nv-optee/optee/build/t234/export-ta_arm64/lib/libutee.a(utee_syscalls_a64.o)
                0x0000000000003afc                _utee_cryp_obj_reset
 .text._utee_cryp_obj_populate
                0x0000000000003b08        0xc /home/ssysarch/Desktop/nick/jetpack_5/Jetson_Linux_R35.4.1_aarch64/Linux_for_Tegra/sources/tegra/optee-src/nv-optee/optee/build/t234/export-ta_arm64/lib/libutee.a(utee_syscalls_a64.o)
                0x0000000000003b08                _utee_cryp_obj_populate
 .text._utee_cryp_obj_copy
                0x0000000000003b14        0xc /home/ssysarch/Desktop/nick/jetpack_5/Jetson_Linux_R35.4.1_aarch64/Linux_for_Tegra/sources/tegra/optee-src/nv-optee/optee/build/t234/export-ta_arm64/lib/libutee.a(utee_syscalls_a64.o)
                0x0000000000003b14                _utee_cryp_obj_copy
 .text._utee_cryp_derive_key
                0x0000000000003b20        0xc /home/ssysarch/Desktop/nick/jetpack_5/Jetson_Linux_R35.4.1_aarch64/Linux_for_Tegra/sources/tegra/optee-src/nv-optee/optee/build/t234/export-ta_arm64/lib/libutee.a(utee_syscalls_a64.o)
                0x0000000000003b20                _utee_cryp_derive_key
 .text._utee_cryp_random_number_generate
                0x0000000000003b2c        0xc /home/ssysarch/Desktop/nick/jetpack_5/Jetson_Linux_R35.4.1_aarch64/Linux_for_Tegra/sources/tegra/optee-src/nv-optee/optee/build/t234/export-ta_arm64/lib/libutee.a(utee_syscalls_a64.o)
                0x0000000000003b2c                _utee_cryp_random_number_generate
 .text._utee_authenc_init
                0x0000000000003b38        0xc /home/ssysarch/Desktop/nick/jetpack_5/Jetson_Linux_R35.4.1_aarch64/Linux_for_Tegra/sources/tegra/optee-src/nv-optee/optee/build/t234/export-ta_arm64/lib/libutee.a(utee_syscalls_a64.o)
                0x0000000000003b38                _utee_authenc_init
 .text._utee_authenc_update_aad
                0x0000000000003b44        0xc /home/ssysarch/Desktop/nick/jetpack_5/Jetson_Linux_R35.4.1_aarch64/Linux_for_Tegra/sources/tegra/optee-src/nv-optee/optee/build/t234/export-ta_arm64/lib/libutee.a(utee_syscalls_a64.o)
                0x0000000000003b44                _utee_authenc_update_aad
 .text._utee_authenc_update_payload
                0x0000000000003b50        0xc /home/ssysarch/Desktop/nick/jetpack_5/Jetson_Linux_R35.4.1_aarch64/Linux_for_Tegra/sources/tegra/optee-src/nv-optee/optee/build/t234/export-ta_arm64/lib/libutee.a(utee_syscalls_a64.o)
                0x0000000000003b50                _utee_authenc_update_payload
 .text._utee_authenc_enc_final
                0x0000000000003b5c        0xc /home/ssysarch/Desktop/nick/jetpack_5/Jetson_Linux_R35.4.1_aarch64/Linux_for_Tegra/sources/tegra/optee-src/nv-optee/optee/build/t234/export-ta_arm64/lib/libutee.a(utee_syscalls_a64.o)
                0x0000000000003b5c                _utee_authenc_enc_final
 .text._utee_authenc_dec_final
                0x0000000000003b68        0xc /home/ssysarch/Desktop/nick/jetpack_5/Jetson_Linux_R35.4.1_aarch64/Linux_for_Tegra/sources/tegra/optee-src/nv-optee/optee/build/t234/export-ta_arm64/lib/libutee.a(utee_syscalls_a64.o)
                0x0000000000003b68                _utee_authenc_dec_final
 .text._utee_asymm_operate
                0x0000000000003b74        0xc /home/ssysarch/Desktop/nick/jetpack_5/Jetson_Linux_R35.4.1_aarch64/Linux_for_Tegra/sources/tegra/optee-src/nv-optee/optee/build/t234/export-ta_arm64/lib/libutee.a(utee_syscalls_a64.o)
                0x0000000000003b74                _utee_asymm_operate
 .text._utee_asymm_verify
                0x0000000000003b80        0xc /home/ssysarch/Desktop/nick/jetpack_5/Jetson_Linux_R35.4.1_aarch64/Linux_for_Tegra/sources/tegra/optee-src/nv-optee/optee/build/t234/export-ta_arm64/lib/libutee.a(utee_syscalls_a64.o)
                0x0000000000003b80                _utee_asymm_verify
 .text._utee_storage_obj_open
                0x0000000000003b8c        0xc /home/ssysarch/Desktop/nick/jetpack_5/Jetson_Linux_R35.4.1_aarch64/Linux_for_Tegra/sources/tegra/optee-src/nv-optee/optee/build/t234/export-ta_arm64/lib/libutee.a(utee_syscalls_a64.o)
                0x0000000000003b8c                _utee_storage_obj_open
 .text._utee_storage_obj_create
                0x0000000000003b98        0xc /home/ssysarch/Desktop/nick/jetpack_5/Jetson_Linux_R35.4.1_aarch64/Linux_for_Tegra/sources/tegra/optee-src/nv-optee/optee/build/t234/export-ta_arm64/lib/libutee.a(utee_syscalls_a64.o)
                0x0000000000003b98                _utee_storage_obj_create
 .text._utee_storage_obj_del
                0x0000000000003ba4        0xc /home/ssysarch/Desktop/nick/jetpack_5/Jetson_Linux_R35.4.1_aarch64/Linux_for_Tegra/sources/tegra/optee-src/nv-optee/optee/build/t234/export-ta_arm64/lib/libutee.a(utee_syscalls_a64.o)
                0x0000000000003ba4                _utee_storage_obj_del
 .text._utee_storage_obj_rename
                0x0000000000003bb0        0xc /home/ssysarch/Desktop/nick/jetpack_5/Jetson_Linux_R35.4.1_aarch64/Linux_for_Tegra/sources/tegra/optee-src/nv-optee/optee/build/t234/export-ta_arm64/lib/libutee.a(utee_syscalls_a64.o)
                0x0000000000003bb0                _utee_storage_obj_rename
 .text._utee_storage_alloc_enum
                0x0000000000003bbc        0xc /home/ssysarch/Desktop/nick/jetpack_5/Jetson_Linux_R35.4.1_aarch64/Linux_for_Tegra/sources/tegra/optee-src/nv-optee/optee/build/t234/export-ta_arm64/lib/libutee.a(utee_syscalls_a64.o)
                0x0000000000003bbc                _utee_storage_alloc_enum
 .text._utee_storage_free_enum
                0x0000000000003bc8        0xc /home/ssysarch/Desktop/nick/jetpack_5/Jetson_Linux_R35.4.1_aarch64/Linux_for_Tegra/sources/tegra/optee-src/nv-optee/optee/build/t234/export-ta_arm64/lib/libutee.a(utee_syscalls_a64.o)
                0x0000000000003bc8                _utee_storage_free_enum
 .text._utee_storage_reset_enum
                0x0000000000003bd4        0xc /home/ssysarch/Desktop/nick/jetpack_5/Jetson_Linux_R35.4.1_aarch64/Linux_for_Tegra/sources/tegra/optee-src/nv-optee/optee/build/t234/export-ta_arm64/lib/libutee.a(utee_syscalls_a64.o)
                0x0000000000003bd4                _utee_storage_reset_enum
 .text._utee_storage_start_enum
                0x0000000000003be0        0xc /home/ssysarch/Desktop/nick/jetpack_5/Jetson_Linux_R35.4.1_aarch64/Linux_for_Tegra/sources/tegra/optee-src/nv-optee/optee/build/t234/export-ta_arm64/lib/libutee.a(utee_syscalls_a64.o)
                0x0000000000003be0                _utee_storage_start_enum
 .text._utee_storage_next_enum
                0x0000000000003bec        0xc /home/ssysarch/Desktop/nick/jetpack_5/Jetson_Linux_R35.4.1_aarch64/Linux_for_Tegra/sources/tegra/optee-src/nv-optee/optee/build/t234/export-ta_arm64/lib/libutee.a(utee_syscalls_a64.o)
                0x0000000000003bec                _utee_storage_next_enum
 .text._utee_storage_obj_read
                0x0000000000003bf8        0xc /home/ssysarch/Desktop/nick/jetpack_5/Jetson_Linux_R35.4.1_aarch64/Linux_for_Tegra/sources/tegra/optee-src/nv-optee/optee/build/t234/export-ta_arm64/lib/libutee.a(utee_syscalls_a64.o)
                0x0000000000003bf8                _utee_storage_obj_read
 .text._utee_storage_obj_write
                0x0000000000003c04        0xc /home/ssysarch/Desktop/nick/jetpack_5/Jetson_Linux_R35.4.1_aarch64/Linux_for_Tegra/sources/tegra/optee-src/nv-optee/optee/build/t234/export-ta_arm64/lib/libutee.a(utee_syscalls_a64.o)
                0x0000000000003c04                _utee_storage_obj_write
 .text._utee_storage_obj_trunc
                0x0000000000003c10        0xc /home/ssysarch/Desktop/nick/jetpack_5/Jetson_Linux_R35.4.1_aarch64/Linux_for_Tegra/sources/tegra/optee-src/nv-optee/optee/build/t234/export-ta_arm64/lib/libutee.a(utee_syscalls_a64.o)
                0x0000000000003c10                _utee_storage_obj_trunc
 .text._utee_storage_obj_seek
                0x0000000000003c1c        0xc /home/ssysarch/Desktop/nick/jetpack_5/Jetson_Linux_R35.4.1_aarch64/Linux_for_Tegra/sources/tegra/optee-src/nv-optee/optee/build/t234/export-ta_arm64/lib/libutee.a(utee_syscalls_a64.o)
                0x0000000000003c1c                _utee_storage_obj_seek
 .text._utee_cryp_obj_generate_key
                0x0000000000003c28        0xc /home/ssysarch/Desktop/nick/jetpack_5/Jetson_Linux_R35.4.1_aarch64/Linux_for_Tegra/sources/tegra/optee-src/nv-optee/optee/build/t234/export-ta_arm64/lib/libutee.a(utee_syscalls_a64.o)
                0x0000000000003c28                _utee_cryp_obj_generate_key
 .text._utee_cache_operation
                0x0000000000003c34        0xc /home/ssysarch/Desktop/nick/jetpack_5/Jetson_Linux_R35.4.1_aarch64/Linux_for_Tegra/sources/tegra/optee-src/nv-optee/optee/build/t234/export-ta_arm64/lib/libutee.a(utee_syscalls_a64.o)
                0x0000000000003c34                _utee_cache_operation
 .text.unlikely
                0x0000000000003c40       0x20 /home/ssysarch/Desktop/nick/jetpack_5/Jetson_Linux_R35.4.1_aarch64/Linux_for_Tegra/sources/tegra/optee-src/nv-optee/optee/build/t234/export-ta_arm64/lib/libutee.a(abort.o)
                0x0000000000003c40                abort
 .text          0x0000000000003c60     0x212c /home/ssysarch/Desktop/nick/jetpack_5/Jetson_Linux_R35.4.1_aarch64/Linux_for_Tegra/sources/tegra/optee-src/nv-optee/optee/build/t234/export-ta_arm64/lib/libutee.a(tee_api_arith_mpi.o)
                0x00000000000044c4                _TEE_MathAPI_Init
                0x0000000000004514                TEE_BigIntInit
                0x0000000000004574                __GP11_TEE_BigIntInit
                0x000000000000457c                TEE_BigIntConvertFromOctetString
                0x0000000000004644                __GP11_TEE_BigIntConvertFromOctetString
                0x000000000000464c                TEE_BigIntConvertToOctetString
                0x0000000000004714                __GP11_TEE_BigIntConvertToOctetString
                0x0000000000004774                TEE_BigIntConvertFromS32
                0x0000000000004824                TEE_BigIntConvertToS32
                0x00000000000048e0                TEE_BigIntCmp
                0x0000000000004974                TEE_BigIntCmpS32
                0x0000000000004bc0                TEE_BigIntShiftRight
                0x0000000000004d60                __GP11_TEE_BigIntShiftRight
                0x0000000000004d68                TEE_BigIntGetBit
                0x0000000000004de8                TEE_BigIntGetBitCount
                0x0000000000004e5c                TEE_BigIntSetBit
                0x0000000000004f0c                TEE_BigIntAssign
                0x0000000000004f5c                TEE_BigIntAbs
                0x0000000000004f88                TEE_BigIntAdd
                0x0000000000004f94                TEE_BigIntSub
                0x0000000000004fa0                TEE_BigIntNeg
                0x0000000000005084                TEE_BigIntMul
                0x0000000000005198                TEE_BigIntSquare
                0x00000000000051a0                TEE_BigIntDiv
                0x0000000000005354                TEE_BigIntMod
                0x00000000000053c0                TEE_BigIntAddMod
                0x00000000000053cc                TEE_BigIntSubMod
                0x00000000000053d8                TEE_BigIntMulMod
                0x00000000000053e4                TEE_BigIntSquareMod
                0x00000000000053f0                TEE_BigIntInvMod
                0x0000000000005540                TEE_BigIntRelativePrime
                0x0000000000005648                TEE_BigIntExpMod
                0x000000000000581c                TEE_BigIntComputeExtendedGcd
                0x0000000000005a84                TEE_BigIntIsProbablePrime
                0x0000000000005b08                TEE_BigIntInitFMM
                0x0000000000005b0c                __GP11_TEE_BigIntInitFMM
                0x0000000000005b14                TEE_BigIntInitFMMContext
                0x0000000000005b18                __GP11_TEE_BigIntInitFMMContext
                0x0000000000005b20                TEE_BigIntInitFMMContext1
                0x0000000000005b28                TEE_BigIntFMMSizeInU32
                0x0000000000005b38                __GP11_TEE_BigIntFMMSizeInU32
                0x0000000000005b50                TEE_BigIntFMMContextSizeInU32
                0x0000000000005b58                __GP11_TEE_BigIntFMMContextSizeInU32
                0x0000000000005b70                TEE_BigIntConvertToFMM
                0x0000000000005b74                TEE_BigIntConvertFromFMM
                0x0000000000005c44                TEE_BigIntComputeFMM
 .text          0x0000000000005d8c      0xf78 /home/ssysarch/Desktop/nick/jetpack_5/Jetson_Linux_R35.4.1_aarch64/Linux_for_Tegra/sources/tegra/optee-src/nv-optee/optee/build/t234/export-ta_arm64/lib/libutee.a(tee_api_property.o)
                0x000000000000611c                TEE_GetPropertyAsString
                0x0000000000006378                __GP11_TEE_GetPropertyAsString
                0x0000000000006410                TEE_GetPropertyAsBool
                0x00000000000064e8                TEE_GetPropertyAsU32
                0x00000000000065d0                TEE_GetPropertyAsU64
                0x00000000000066b8                __GP11_TEE_GetPropertyAsBinaryBlock
                0x00000000000067a4                TEE_GetPropertyAsBinaryBlock
                0x000000000000683c                TEE_GetPropertyAsUUID
                0x0000000000006924                TEE_GetPropertyAsIdentity
                0x0000000000006a0c                TEE_ResetPropertyEnumerator
                0x0000000000006a18                TEE_AllocatePropertyEnumerator
                0x0000000000006a60                TEE_FreePropertyEnumerator
                0x0000000000006a64                TEE_StartPropertyEnumerator
                0x0000000000006a74                __GP11_TEE_GetPropertyName
                0x0000000000006b9c                TEE_GetPropertyName
                0x0000000000006c24                TEE_GetNextProperty
 .text          0x0000000000006d04      0x34c /home/ssysarch/Desktop/nick/jetpack_5/Jetson_Linux_R35.4.1_aarch64/Linux_for_Tegra/sources/tegra/optee-src/nv-optee/optee/build/t234/export-ta_arm64/lib/libutee.a(tcb.o)
                0x0000000000006d04                __utee_tcb_init
                0x0000000000006f44                __tls_get_addr
                0x0000000000006f60                dl_iterate_phdr
 .text          0x0000000000007050       0x58 /home/ssysarch/Desktop/nick/jetpack_5/Jetson_Linux_R35.4.1_aarch64/Linux_for_Tegra/sources/tegra/optee-src/nv-optee/optee/build/t234/export-ta_arm64/lib/libutee.a(assert.o)
                0x0000000000007050                _assert_log
                0x0000000000007094                _assert_break
 .text          0x00000000000070a8      0x258 /home/ssysarch/Desktop/nick/jetpack_5/Jetson_Linux_R35.4.1_aarch64/Linux_for_Tegra/sources/tegra/optee-src/nv-optee/optee/build/t234/export-ta_arm64/lib/libutee.a(base64.o)
                0x00000000000070a8                _base64_enc_len
                0x00000000000070c0                _base64_enc
                0x00000000000071dc                _base64_dec
 .text          0x0000000000007300     0x4190 /home/ssysarch/Desktop/nick/jetpack_5/Jetson_Linux_R35.4.1_aarch64/Linux_for_Tegra/sources/tegra/optee-src/nv-optee/optee/build/t234/export-ta_arm64/lib/libmbedtls.a(bignum.o)
                0x0000000000007ad4                mbedtls_mpi_init
                0x0000000000007ae4                mbedtls_mpi_init_mempool
                0x0000000000007b0c                mbedtls_mpi_free
                0x0000000000007b78                mbedtls_mpi_grow
                0x0000000000007ccc                mbedtls_mpi_shrink
                0x0000000000007dec                mbedtls_mpi_copy
                0x0000000000007eb8                mbedtls_mpi_swap
                0x0000000000007f40                mbedtls_mpi_lset
                0x0000000000007fa8                mbedtls_mpi_get_bit
                0x0000000000007fd4                mbedtls_mpi_set_bit
                0x0000000000008060                mbedtls_mpi_lsb
                0x00000000000080b4                mbedtls_mpi_bitlen
                0x0000000000008110                mbedtls_mpi_size
                0x000000000000812c                mbedtls_mpi_read_binary_le
                0x00000000000081a4                mbedtls_mpi_read_binary
                0x0000000000008228                mbedtls_mpi_write_binary_le
                0x00000000000082e0                mbedtls_mpi_write_binary
                0x00000000000083a4                mbedtls_mpi_shift_l
                0x00000000000084b4                mbedtls_mpi_shift_r
                0x0000000000008574                mbedtls_mpi_cmp_abs
                0x0000000000008610                mbedtls_mpi_cmp_mpi
                0x00000000000086e4                mbedtls_mpi_cmp_int
                0x0000000000008758                mbedtls_mpi_add_abs
                0x0000000000008878                mbedtls_mpi_sub_abs
                0x00000000000089d4                mbedtls_mpi_add_mpi
                0x0000000000008a5c                mbedtls_mpi_sub_mpi
                0x0000000000008ae8                mbedtls_mpi_add_int
                0x0000000000008b5c                mbedtls_mpi_sub_int
                0x0000000000008bd0                mbedtls_mpi_mul_mpi
                0x0000000000008d7c                mbedtls_mpi_mul_int
                0x0000000000008e24                mbedtls_mpi_read_string
                0x0000000000009030                mbedtls_mpi_div_mpi
                0x0000000000009564                mbedtls_mpi_div_int
                0x00000000000095d8                mbedtls_mpi_mod_mpi
                0x000000000000968c                mbedtls_mpi_mod_int
                0x0000000000009728                mbedtls_mpi_write_string
                0x0000000000009a5c                mbedtls_mpi_montg_init
                0x0000000000009a64                mbedtls_mpi_montmul
                0x0000000000009a6c                mbedtls_mpi_montred
                0x0000000000009a70                mbedtls_mpi_exp_mod
                0x000000000000a13c                mbedtls_mpi_gcd
                0x000000000000a314                mbedtls_mpi_fill_random
                0x000000000000a620                mbedtls_mpi_random
                0x000000000000a7d8                mbedtls_mpi_inv_mod
                0x000000000000ac30                mbedtls_mpi_is_prime_ext
                0x000000000000ad0c                mbedtls_mpi_is_prime
                0x000000000000ad1c                mbedtls_mpi_gen_prime
                0x000000000000b068                mbedtls_mpi_self_test
 .text          0x000000000000b490      0x7c0 /home/ssysarch/Desktop/nick/jetpack_5/Jetson_Linux_R35.4.1_aarch64/Linux_for_Tegra/sources/tegra/optee-src/nv-optee/optee/build/t234/export-ta_arm64/lib/libmbedtls.a(constant_time.o)
                0x000000000000b4b0                mbedtls_ct_memcmp
                0x000000000000b4f8                mbedtls_ct_uint_mask
                0x000000000000b508                mbedtls_ct_mpi_uint_mask
                0x000000000000b518                mbedtls_ct_size_bool_eq
                0x000000000000b530                mbedtls_ct_mpi_uint_lt
                0x000000000000b54c                mbedtls_ct_uint_if
                0x000000000000b57c                mbedtls_ct_mpi_uint_cond_assign
                0x000000000000b5b8                mbedtls_ct_base64_enc_char
                0x000000000000b668                mbedtls_ct_base64_dec_value
                0x000000000000b724                mbedtls_mpi_safe_cond_assign
                0x000000000000b7e0                mbedtls_mpi_safe_cond_swap
                0x000000000000b8dc                mbedtls_mpi_lt_mpi_ct
                0x000000000000b9d4                mbedtls_ct_rsaes_pkcs1_v15_unpadding
 .text          0x000000000000bc50       0x20 /home/ssysarch/Desktop/nick/jetpack_5/Jetson_Linux_R35.4.1_aarch64/Linux_for_Tegra/sources/tegra/optee-src/nv-optee/optee/build/t234/export-ta_arm64/lib/libmbedtls.a(platform_util.o)
                0x000000000000bc50                mbedtls_platform_zeroize
 .text          0x000000000000bc70      0xf3c /home/ssysarch/Desktop/nick/jetpack_5/Jetson_Linux_R35.4.1_aarch64/Linux_for_Tegra/sources/tegra/optee-src/nv-optee/optee/build/t234/export-ta_arm64/lib/libutils.a(bget_malloc.o)
                0x000000000000bce0                bget
                0x000000000000bfc4                bgetz
                0x000000000000c04c                brel
                0x000000000000c310                bgetr
                0x000000000000c3e0                bpool
                0x000000000000c4b0                bstats
                0x000000000000c544                malloc_reset_stats
                0x000000000000c55c                raw_memalign
                0x000000000000c5e0                raw_malloc
                0x000000000000c5f0                raw_free
                0x000000000000c600                raw_calloc
                0x000000000000c670                raw_realloc
                0x000000000000c764                malloc
                0x000000000000c77c                calloc
                0x000000000000c798                realloc
                0x000000000000c7b0                memalign
                0x000000000000c7cc                aligned_alloc
                0x000000000000c7e4                free
                0x000000000000c7f4                free_wipe
                0x000000000000c804                raw_malloc_get_ctx_size
                0x000000000000c80c                raw_malloc_init_ctx
                0x000000000000c838                raw_malloc_add_pool
                0x000000000000c954                raw_malloc_buffer_overlaps_heap
                0x000000000000c9d4                raw_malloc_buffer_is_within_alloced
                0x000000000000cb24                raw_malloc_get_stats
                0x000000000000cb60                malloc_get_stats
                0x000000000000cb70                malloc_add_pool
                0x000000000000cb84                malloc_buffer_is_within_alloced
                0x000000000000cb98                malloc_buffer_overlaps_heap
 .text          0x000000000000cbac      0x128 /home/ssysarch/Desktop/nick/jetpack_5/Jetson_Linux_R35.4.1_aarch64/Linux_for_Tegra/sources/tegra/optee-src/nv-optee/optee/build/t234/export-ta_arm64/lib/libutils.a(snprintf.o)
                0x000000000000cbac                snprintf
                0x000000000000cc7c                vsnprintf
 .text          0x000000000000ccd4       0x5c /home/ssysarch/Desktop/nick/jetpack_5/Jetson_Linux_R35.4.1_aarch64/Linux_for_Tegra/sources/tegra/optee-src/nv-optee/optee/build/t234/export-ta_arm64/lib/libutils.a(memmove.o)
                0x000000000000ccd4                memmove
 .text          0x000000000000cd30       0x24 /home/ssysarch/Desktop/nick/jetpack_5/Jetson_Linux_R35.4.1_aarch64/Linux_for_Tegra/sources/tegra/optee-src/nv-optee/optee/build/t234/export-ta_arm64/lib/libutils.a(strcmp.o)
                0x000000000000cd30                strcmp
 .text          0x000000000000cd54       0x58 /home/ssysarch/Desktop/nick/jetpack_5/Jetson_Linux_R35.4.1_aarch64/Linux_for_Tegra/sources/tegra/optee-src/nv-optee/optee/build/t234/export-ta_arm64/lib/libutils.a(strlcpy.o)
                0x000000000000cd54                strlcpy
 .text          0x000000000000cdac      0x190 /home/ssysarch/Desktop/nick/jetpack_5/Jetson_Linux_R35.4.1_aarch64/Linux_for_Tegra/sources/tegra/optee-src/nv-optee/optee/build/t234/export-ta_arm64/lib/libutils.a(mempool.o)
                0x000000000000cdac                mempool_alloc_pool
                0x000000000000ce74                mempool_alloc
                0x000000000000ced8                mempool_calloc
                0x000000000000cf28                mempool_free
 .text          0x000000000000cf3c       0x70 /home/ssysarch/Desktop/nick/jetpack_5/Jetson_Linux_R35.4.1_aarch64/Linux_for_Tegra/sources/tegra/optee-src/nv-optee/optee/build/t234/export-ta_arm64/lib/libutils.a(consttime_memcmp.o)
                0x000000000000cf3c                consttime_memcmp
 .text          0x000000000000cfac        0x0 /home/ssysarch/Desktop/nick/jetpack_5/Jetson_Linux_R35.4.1_aarch64/Linux_for_Tegra/sources/tegra/optee-src/nv-optee/optee/build/t234/export-ta_arm64/lib/libutee.a(utee_syscalls_a64.o)
 .text          0x000000000000cfac        0x0 /home/ssysarch/Desktop/nick/jetpack_5/Jetson_Linux_R35.4.1_aarch64/Linux_for_Tegra/sources/tegra/optee-src/nv-optee/optee/build/t234/export-ta_arm64/lib/libutee.a(abort.o)
 *(SORT_BY_ALIGNMENT(.stub))
 *(SORT_BY_ALIGNMENT(.glue_7))
 *(SORT_BY_ALIGNMENT(.glue_7t))
 *(SORT_BY_ALIGNMENT(.gnu.linkonce.t.*))
 *(SORT_BY_ALIGNMENT(.vfp11_veneer))
                0x000000000000cfac                __text_end = .

.note.gnu.property
 *(SORT_BY_ALIGNMENT(.note.gnu.property))

.plt            0x000000000000cfac        0x0
 *(SORT_BY_ALIGNMENT(.plt))
 .plt           0x000000000000cfac        0x0 /home/ssysarch/Desktop/nick/jetpack_5/Jetson_Linux_R35.4.1_aarch64/Linux_for_Tegra/sources/tegra/optee-src/nv-optee/optee/build/t234/ta/rpc_test/ta_entry.o

.eh_frame_hdr
 *(SORT_BY_ALIGNMENT(.eh_frame_hdr))
 *(SORT_BY_ALIGNMENT(.eh_frame_entry) SORT_BY_ALIGNMENT(.eh_frame_entry.*))

.eh_frame       0x000000000000cfb0     0x2a04
 *(SORT_BY_ALIGNMENT(.eh_frame))
 .eh_frame      0x000000000000cfb0       0x78 /home/ssysarch/Desktop/nick/jetpack_5/Jetson_Linux_R35.4.1_aarch64/Linux_for_Tegra/sources/tegra/optee-src/nv-optee/optee/build/t234/ta/rpc_test/ta_entry.o
 .eh_frame      0x000000000000d028       0xc0 /home/ssysarch/Desktop/nick/jetpack_5/Jetson_Linux_R35.4.1_aarch64/Linux_for_Tegra/sources/tegra/optee-src/nv-optee/optee/build/t234/ta/rpc_test/ta_rpc.o
                                         0xd8 (size before relaxing)
 .eh_frame      0x000000000000d0e8       0x30 /home/ssysarch/Desktop/nick/jetpack_5/Jetson_Linux_R35.4.1_aarch64/Linux_for_Tegra/sources/tegra/optee-src/nv-optee/optee/build/t234/ta/rpc_test/user_ta_header.o
                                         0x40 (size before relaxing)
 .eh_frame      0x000000000000d118       0x18 /home/ssysarch/Desktop/nick/jetpack_5/Jetson_Linux_R35.4.1_aarch64/Linux_for_Tegra/sources/tegra/optee-src/nv-optee/optee/build/t234/export-ta_arm64/lib/libutils.a(stack_check.o)
                                         0x30 (size before relaxing)
 .eh_frame      0x000000000000d130       0x18 /home/ssysarch/Desktop/nick/jetpack_5/Jetson_Linux_R35.4.1_aarch64/Linux_for_Tegra/sources/tegra/optee-src/nv-optee/optee/build/t234/export-ta_arm64/lib/libutils.a(memcpy.o)
                                         0x28 (size before relaxing)
 .eh_frame      0x000000000000d148       0x18 /home/ssysarch/Desktop/nick/jetpack_5/Jetson_Linux_R35.4.1_aarch64/Linux_for_Tegra/sources/tegra/optee-src/nv-optee/optee/build/t234/export-ta_arm64/lib/libutils.a(memset.o)
                                         0x28 (size before relaxing)
 .eh_frame      0x000000000000d160      0x110 /home/ssysarch/Desktop/nick/jetpack_5/Jetson_Linux_R35.4.1_aarch64/Linux_for_Tegra/sources/tegra/optee-src/nv-optee/optee/build/t234/export-ta_arm64/lib/libutils.a(trace.o)
                                        0x120 (size before relaxing)
 .eh_frame      0x000000000000d270       0xf0 /home/ssysarch/Desktop/nick/jetpack_5/Jetson_Linux_R35.4.1_aarch64/Linux_for_Tegra/sources/tegra/optee-src/nv-optee/optee/build/t234/export-ta_arm64/lib/libutils.a(snprintk.o)
                                        0x100 (size before relaxing)
 .eh_frame      0x000000000000d360       0x18 /home/ssysarch/Desktop/nick/jetpack_5/Jetson_Linux_R35.4.1_aarch64/Linux_for_Tegra/sources/tegra/optee-src/nv-optee/optee/build/t234/export-ta_arm64/lib/libutils.a(memchr.o)
                                         0x28 (size before relaxing)
 .eh_frame      0x000000000000d378       0x18 /home/ssysarch/Desktop/nick/jetpack_5/Jetson_Linux_R35.4.1_aarch64/Linux_for_Tegra/sources/tegra/optee-src/nv-optee/optee/build/t234/export-ta_arm64/lib/libutils.a(strlen.o)
                                         0x28 (size before relaxing)
 .eh_frame      0x000000000000d390       0xa8 /home/ssysarch/Desktop/nick/jetpack_5/Jetson_Linux_R35.4.1_aarch64/Linux_for_Tegra/sources/tegra/optee-src/nv-optee/optee/build/t234/export-ta_arm64/lib/libutee.a(trace_ext.o)
                                         0xc0 (size before relaxing)
 .eh_frame      0x000000000000d438      0x588 /home/ssysarch/Desktop/nick/jetpack_5/Jetson_Linux_R35.4.1_aarch64/Linux_for_Tegra/sources/tegra/optee-src/nv-optee/optee/build/t234/export-ta_arm64/lib/libutee.a(tee_api.o)
                                        0x5a0 (size before relaxing)
 .eh_frame      0x000000000000d9c0      0x190 /home/ssysarch/Desktop/nick/jetpack_5/Jetson_Linux_R35.4.1_aarch64/Linux_for_Tegra/sources/tegra/optee-src/nv-optee/optee/build/t234/export-ta_arm64/lib/libutee.a(tee_api_panic.o)
                                        0x1a0 (size before relaxing)
 .eh_frame      0x000000000000db50       0xc0 /home/ssysarch/Desktop/nick/jetpack_5/Jetson_Linux_R35.4.1_aarch64/Linux_for_Tegra/sources/tegra/optee-src/nv-optee/optee/build/t234/export-ta_arm64/lib/libutee.a(tee_system_pta.o)
                                         0xd0 (size before relaxing)
 .eh_frame      0x000000000000dc10      0x150 /home/ssysarch/Desktop/nick/jetpack_5/Jetson_Linux_R35.4.1_aarch64/Linux_for_Tegra/sources/tegra/optee-src/nv-optee/optee/build/t234/export-ta_arm64/lib/libutee.a(user_ta_entry.o)
                                        0x168 (size before relaxing)
 .eh_frame      0x000000000000dd60       0x18 /home/ssysarch/Desktop/nick/jetpack_5/Jetson_Linux_R35.4.1_aarch64/Linux_for_Tegra/sources/tegra/optee-src/nv-optee/optee/build/t234/export-ta_arm64/lib/libutee.a(abort.o)
                                         0x30 (size before relaxing)
 .eh_frame      0x000000000000dd78      0x7d0 /home/ssysarch/Desktop/nick/jetpack_5/Jetson_Linux_R35.4.1_aarch64/Linux_for_Tegra/sources/tegra/optee-src/nv-optee/optee/build/t234/export-ta_arm64/lib/libutee.a(tee_api_arith_mpi.o)
                                        0x7e0 (size before relaxing)
 .eh_frame      0x000000000000e548      0x2f8 /home/ssysarch/Desktop/nick/jetpack_5/Jetson_Linux_R35.4.1_aarch64/Linux_for_Tegra/sources/tegra/optee-src/nv-optee/optee/build/t234/export-ta_arm64/lib/libutee.a(tee_api_property.o)
                                        0x308 (size before relaxing)
 .eh_frame      0x000000000000e840       0x90 /home/ssysarch/Desktop/nick/jetpack_5/Jetson_Linux_R35.4.1_aarch64/Linux_for_Tegra/sources/tegra/optee-src/nv-optee/optee/build/t234/export-ta_arm64/lib/libutee.a(tcb.o)
                                         0xa8 (size before relaxing)
 .eh_frame      0x000000000000e8d0       0x38 /home/ssysarch/Desktop/nick/jetpack_5/Jetson_Linux_R35.4.1_aarch64/Linux_for_Tegra/sources/tegra/optee-src/nv-optee/optee/build/t234/export-ta_arm64/lib/libutee.a(assert.o)
                                         0x50 (size before relaxing)
 .eh_frame      0x000000000000e908       0x58 /home/ssysarch/Desktop/nick/jetpack_5/Jetson_Linux_R35.4.1_aarch64/Linux_for_Tegra/sources/tegra/optee-src/nv-optee/optee/build/t234/export-ta_arm64/lib/libutee.a(base64.o)
                                         0x70 (size before relaxing)
 .eh_frame      0x000000000000e960      0x988 /home/ssysarch/Desktop/nick/jetpack_5/Jetson_Linux_R35.4.1_aarch64/Linux_for_Tegra/sources/tegra/optee-src/nv-optee/optee/build/t234/export-ta_arm64/lib/libmbedtls.a(bignum.o)
                                        0x9a0 (size before relaxing)
 .eh_frame      0x000000000000f2e8      0x1e0 /home/ssysarch/Desktop/nick/jetpack_5/Jetson_Linux_R35.4.1_aarch64/Linux_for_Tegra/sources/tegra/optee-src/nv-optee/optee/build/t234/export-ta_arm64/lib/libmbedtls.a(constant_time.o)
                                        0x1f8 (size before relaxing)
 .eh_frame      0x000000000000f4c8       0x18 /home/ssysarch/Desktop/nick/jetpack_5/Jetson_Linux_R35.4.1_aarch64/Linux_for_Tegra/sources/tegra/optee-src/nv-optee/optee/build/t234/export-ta_arm64/lib/libmbedtls.a(platform_util.o)
                                         0x28 (size before relaxing)
 .eh_frame      0x000000000000f4e0      0x390 /home/ssysarch/Desktop/nick/jetpack_5/Jetson_Linux_R35.4.1_aarch64/Linux_for_Tegra/sources/tegra/optee-src/nv-optee/optee/build/t234/export-ta_arm64/lib/libutils.a(bget_malloc.o)
                                        0x3a8 (size before relaxing)
 .eh_frame      0x000000000000f870       0x58 /home/ssysarch/Desktop/nick/jetpack_5/Jetson_Linux_R35.4.1_aarch64/Linux_for_Tegra/sources/tegra/optee-src/nv-optee/optee/build/t234/export-ta_arm64/lib/libutils.a(snprintf.o)
                                         0x68 (size before relaxing)
 .eh_frame      0x000000000000f8c8       0x18 /home/ssysarch/Desktop/nick/jetpack_5/Jetson_Linux_R35.4.1_aarch64/Linux_for_Tegra/sources/tegra/optee-src/nv-optee/optee/build/t234/export-ta_arm64/lib/libutils.a(memmove.o)
                                         0x28 (size before relaxing)
 .eh_frame      0x000000000000f8e0       0x18 /home/ssysarch/Desktop/nick/jetpack_5/Jetson_Linux_R35.4.1_aarch64/Linux_for_Tegra/sources/tegra/optee-src/nv-optee/optee/build/t234/export-ta_arm64/lib/libutils.a(strcmp.o)
                                         0x28 (size before relaxing)
 .eh_frame      0x000000000000f8f8       0x18 /home/ssysarch/Desktop/nick/jetpack_5/Jetson_Linux_R35.4.1_aarch64/Linux_for_Tegra/sources/tegra/optee-src/nv-optee/optee/build/t234/export-ta_arm64/lib/libutils.a(strlcpy.o)
                                         0x28 (size before relaxing)
 .eh_frame      0x000000000000f910       0x88 /home/ssysarch/Desktop/nick/jetpack_5/Jetson_Linux_R35.4.1_aarch64/Linux_for_Tegra/sources/tegra/optee-src/nv-optee/optee/build/t234/export-ta_arm64/lib/libutils.a(mempool.o)
                                         0xa0 (size before relaxing)
 .eh_frame      0x000000000000f998       0x1c /home/ssysarch/Desktop/nick/jetpack_5/Jetson_Linux_R35.4.1_aarch64/Linux_for_Tegra/sources/tegra/optee-src/nv-optee/optee/build/t234/export-ta_arm64/lib/libutils.a(consttime_memcmp.o)
                                         0x30 (size before relaxing)
 *(SORT_BY_ALIGNMENT(.eh_frame.*))

.gcc_except_table
 *(SORT_BY_ALIGNMENT(.gcc_except_table) SORT_BY_ALIGNMENT(.gcc_except_table.*))

.rodata         0x000000000000f9b8     0x1378
 *(SORT_BY_ALIGNMENT(.gnu.linkonce.r.*))
 *(SORT_BY_ALIGNMENT(.rodata) SORT_BY_ALIGNMENT(.rodata.*))
 .rodata.user_ta_header.c
                0x000000000000f9b8       0x33 /home/ssysarch/Desktop/nick/jetpack_5/Jetson_Linux_R35.4.1_aarch64/Linux_for_Tegra/sources/tegra/optee-src/nv-optee/optee/build/t234/ta/rpc_test/user_ta_header.o
                0x000000000000f9b8                ta_num_props
                0x000000000000f9d8                __ta_no_share_heap_size
                0x000000000000f9e0                ta_heap_size
                0x000000000000f9e8                trace_ext_prefix
 *fill*         0x000000000000f9eb        0x5 
 .rodata.lib/libutee/tee_api.c
                0x000000000000f9f0       0x20 /home/ssysarch/Desktop/nick/jetpack_5/Jetson_Linux_R35.4.1_aarch64/Linux_for_Tegra/sources/tegra/optee-src/nv-optee/optee/build/t234/export-ta_arm64/lib/libutee.a(tee_api.o)
 .rodata.ta_entry.c
                0x000000000000fa10        0x9 /home/ssysarch/Desktop/nick/jetpack_5/Jetson_Linux_R35.4.1_aarch64/Linux_for_Tegra/sources/tegra/optee-src/nv-optee/optee/build/t234/ta/rpc_test/ta_entry.o
 *fill*         0x000000000000fa19        0x3 
 .rodata.ta_rpc.c
                0x000000000000fa1c       0x20 /home/ssysarch/Desktop/nick/jetpack_5/Jetson_Linux_R35.4.1_aarch64/Linux_for_Tegra/sources/tegra/optee-src/nv-optee/optee/build/t234/ta/rpc_test/ta_rpc.o
 .rodata.lib/libutils/ext/snprintk.c
                0x000000000000fa3c       0xac /home/ssysarch/Desktop/nick/jetpack_5/Jetson_Linux_R35.4.1_aarch64/Linux_for_Tegra/sources/tegra/optee-src/nv-optee/optee/build/t234/export-ta_arm64/lib/libutils.a(snprintk.o)
 .rodata.lib/libutee/tee_system_pta.c
                0x000000000000fae8       0x31 /home/ssysarch/Desktop/nick/jetpack_5/Jetson_Linux_R35.4.1_aarch64/Linux_for_Tegra/sources/tegra/optee-src/nv-optee/optee/build/t234/export-ta_arm64/lib/libutee.a(tee_system_pta.o)
 *fill*         0x000000000000fb19        0x3 
 .rodata.lib/libutee/tee_api_property.c
                0x000000000000fb1c       0x20 /home/ssysarch/Desktop/nick/jetpack_5/Jetson_Linux_R35.4.1_aarch64/Linux_for_Tegra/sources/tegra/optee-src/nv-optee/optee/build/t234/export-ta_arm64/lib/libutee.a(tee_api_property.o)
 .rodata.lib/libutee/base64.c
                0x000000000000fb3c       0x45 /home/ssysarch/Desktop/nick/jetpack_5/Jetson_Linux_R35.4.1_aarch64/Linux_for_Tegra/sources/tegra/optee-src/nv-optee/optee/build/t234/export-ta_arm64/lib/libutee.a(base64.o)
 *fill*         0x000000000000fb81        0x3 
 .rodata.lib/libmbedtls/mbedtls/library/bignum.c
                0x000000000000fb84      0x2c4 /home/ssysarch/Desktop/nick/jetpack_5/Jetson_Linux_R35.4.1_aarch64/Linux_for_Tegra/sources/tegra/optee-src/nv-optee/optee/build/t234/export-ta_arm64/lib/libmbedtls.a(bignum.o)
 .rodata.str1.1.ta_rpc.c
                0x000000000000fe48       0x61 /home/ssysarch/Desktop/nick/jetpack_5/Jetson_Linux_R35.4.1_aarch64/Linux_for_Tegra/sources/tegra/optee-src/nv-optee/optee/build/t234/ta/rpc_test/ta_rpc.o
 .rodata.str1.1.user_ta_header.c
                0x000000000000fea9       0xe5 /home/ssysarch/Desktop/nick/jetpack_5/Jetson_Linux_R35.4.1_aarch64/Linux_for_Tegra/sources/tegra/optee-src/nv-optee/optee/build/t234/ta/rpc_test/user_ta_header.o
 .rodata.str1.1.lib/libutils/isoc/stack_check.c
                0x000000000000ff8e       0x18 /home/ssysarch/Desktop/nick/jetpack_5/Jetson_Linux_R35.4.1_aarch64/Linux_for_Tegra/sources/tegra/optee-src/nv-optee/optee/build/t234/export-ta_arm64/lib/libutils.a(stack_check.o)
 .rodata.str1.1.lib/libutils/ext/trace.c
                0x000000000000ffa6       0x3a /home/ssysarch/Desktop/nick/jetpack_5/Jetson_Linux_R35.4.1_aarch64/Linux_for_Tegra/sources/tegra/optee-src/nv-optee/optee/build/t234/export-ta_arm64/lib/libutils.a(trace.o)
                                         0x3d (size before relaxing)
 .rodata.lib/libutils/ext/trace.c
                0x000000000000ffe0        0xf /home/ssysarch/Desktop/nick/jetpack_5/Jetson_Linux_R35.4.1_aarch64/Linux_for_Tegra/sources/tegra/optee-src/nv-optee/optee/build/t234/export-ta_arm64/lib/libutils.a(trace.o)
 .rodata.str1.1.lib/libutils/ext/snprintk.c
                0x000000000000ffef       0x38 /home/ssysarch/Desktop/nick/jetpack_5/Jetson_Linux_R35.4.1_aarch64/Linux_for_Tegra/sources/tegra/optee-src/nv-optee/optee/build/t234/export-ta_arm64/lib/libutils.a(snprintk.o)
 .rodata.str1.1.lib/libutee/trace_ext.c
                0x0000000000010027       0x38 /home/ssysarch/Desktop/nick/jetpack_5/Jetson_Linux_R35.4.1_aarch64/Linux_for_Tegra/sources/tegra/optee-src/nv-optee/optee/build/t234/export-ta_arm64/lib/libutee.a(trace_ext.o)
                                          0x2 (size before relaxing)
 .rodata.str1.1.lib/libutee/tee_api.c
                0x0000000000010027       0x11 /home/ssysarch/Desktop/nick/jetpack_5/Jetson_Linux_R35.4.1_aarch64/Linux_for_Tegra/sources/tegra/optee-src/nv-optee/optee/build/t234/export-ta_arm64/lib/libutee.a(tee_api.o)
 .rodata.str1.1.lib/libutee/tee_api_panic.c
                0x0000000000010038       0x6b /home/ssysarch/Desktop/nick/jetpack_5/Jetson_Linux_R35.4.1_aarch64/Linux_for_Tegra/sources/tegra/optee-src/nv-optee/optee/build/t234/export-ta_arm64/lib/libutee.a(tee_api_panic.o)
 .rodata.lib/libutee/tee_api_panic.c
                0x00000000000100a3        0xa /home/ssysarch/Desktop/nick/jetpack_5/Jetson_Linux_R35.4.1_aarch64/Linux_for_Tegra/sources/tegra/optee-src/nv-optee/optee/build/t234/export-ta_arm64/lib/libutee.a(tee_api_panic.o)
 .rodata.str1.1.lib/libutee/tee_system_pta.c
                0x00000000000100ad       0x55 /home/ssysarch/Desktop/nick/jetpack_5/Jetson_Linux_R35.4.1_aarch64/Linux_for_Tegra/sources/tegra/optee-src/nv-optee/optee/build/t234/export-ta_arm64/lib/libutee.a(tee_system_pta.o)
 .rodata.str1.1.lib/libutee/user_ta_entry.c
                0x0000000000010102       0x4f /home/ssysarch/Desktop/nick/jetpack_5/Jetson_Linux_R35.4.1_aarch64/Linux_for_Tegra/sources/tegra/optee-src/nv-optee/optee/build/t234/export-ta_arm64/lib/libutee.a(user_ta_entry.o)
 .rodata.lib/libutee/user_ta_entry.c
                0x0000000000010151       0x16 /home/ssysarch/Desktop/nick/jetpack_5/Jetson_Linux_R35.4.1_aarch64/Linux_for_Tegra/sources/tegra/optee-src/nv-optee/optee/build/t234/export-ta_arm64/lib/libutee.a(user_ta_entry.o)
 .rodata.str1.1.lib/libutee/abort.c
                0x0000000000010167        0x7 /home/ssysarch/Desktop/nick/jetpack_5/Jetson_Linux_R35.4.1_aarch64/Linux_for_Tegra/sources/tegra/optee-src/nv-optee/optee/build/t234/export-ta_arm64/lib/libutee.a(abort.o)
 .rodata.str1.1.lib/libutee/tee_api_arith_mpi.c
                0x000000000001016e       0xc9 /home/ssysarch/Desktop/nick/jetpack_5/Jetson_Linux_R35.4.1_aarch64/Linux_for_Tegra/sources/tegra/optee-src/nv-optee/optee/build/t234/export-ta_arm64/lib/libutee.a(tee_api_arith_mpi.o)
 .rodata.lib/libutee/tee_api_arith_mpi.c
                0x0000000000010237      0x14e /home/ssysarch/Desktop/nick/jetpack_5/Jetson_Linux_R35.4.1_aarch64/Linux_for_Tegra/sources/tegra/optee-src/nv-optee/optee/build/t234/export-ta_arm64/lib/libutee.a(tee_api_arith_mpi.o)
 .rodata.str1.1.lib/libutee/tee_api_property.c
                0x0000000000010385       0x83 /home/ssysarch/Desktop/nick/jetpack_5/Jetson_Linux_R35.4.1_aarch64/Linux_for_Tegra/sources/tegra/optee-src/nv-optee/optee/build/t234/export-ta_arm64/lib/libutee.a(tee_api_property.o)
                                         0x88 (size before relaxing)
 .rodata.str1.1.lib/libutee/tcb.c
                0x0000000000010408       0x8d /home/ssysarch/Desktop/nick/jetpack_5/Jetson_Linux_R35.4.1_aarch64/Linux_for_Tegra/sources/tegra/optee-src/nv-optee/optee/build/t234/export-ta_arm64/lib/libutee.a(tcb.o)
 .rodata.lib/libutee/tcb.c
                0x0000000000010495       0x20 /home/ssysarch/Desktop/nick/jetpack_5/Jetson_Linux_R35.4.1_aarch64/Linux_for_Tegra/sources/tegra/optee-src/nv-optee/optee/build/t234/export-ta_arm64/lib/libutee.a(tcb.o)
 .rodata.str1.1.lib/libutee/assert.c
                0x00000000000104b5       0x27 /home/ssysarch/Desktop/nick/jetpack_5/Jetson_Linux_R35.4.1_aarch64/Linux_for_Tegra/sources/tegra/optee-src/nv-optee/optee/build/t234/export-ta_arm64/lib/libutee.a(assert.o)
 .rodata.str1.1.lib/libmbedtls/mbedtls/library/bignum.c
                0x00000000000104dc      0x456 /home/ssysarch/Desktop/nick/jetpack_5/Jetson_Linux_R35.4.1_aarch64/Linux_for_Tegra/sources/tegra/optee-src/nv-optee/optee/build/t234/export-ta_arm64/lib/libmbedtls.a(bignum.o)
                                        0x45d (size before relaxing)
 .rodata.str1.1.lib/libutils/isoc/bget_malloc.c
                0x0000000000010932      0x2f1 /home/ssysarch/Desktop/nick/jetpack_5/Jetson_Linux_R35.4.1_aarch64/Linux_for_Tegra/sources/tegra/optee-src/nv-optee/optee/build/t234/export-ta_arm64/lib/libutils.a(bget_malloc.o)
                                        0x2fa (size before relaxing)
 .rodata.lib/libutils/isoc/bget_malloc.c
                0x0000000000010c23       0x58 /home/ssysarch/Desktop/nick/jetpack_5/Jetson_Linux_R35.4.1_aarch64/Linux_for_Tegra/sources/tegra/optee-src/nv-optee/optee/build/t234/export-ta_arm64/lib/libutils.a(bget_malloc.o)
 .rodata.str1.1.lib/libutils/ext/mempool.c
                0x0000000000010c7b       0x89 /home/ssysarch/Desktop/nick/jetpack_5/Jetson_Linux_R35.4.1_aarch64/Linux_for_Tegra/sources/tegra/optee-src/nv-optee/optee/build/t234/export-ta_arm64/lib/libutils.a(mempool.o)
 .rodata.lib/libutils/ext/mempool.c
                0x0000000000010d04       0x2c /home/ssysarch/Desktop/nick/jetpack_5/Jetson_Linux_R35.4.1_aarch64/Linux_for_Tegra/sources/tegra/optee-src/nv-optee/optee/build/t234/export-ta_arm64/lib/libutils.a(mempool.o)

.gnu.version_d  0x0000000000010d30        0x0
 .gnu.version_d
                0x0000000000010d30        0x0 /home/ssysarch/Desktop/nick/jetpack_5/Jetson_Linux_R35.4.1_aarch64/Linux_for_Tegra/sources/tegra/optee-src/nv-optee/optee/build/t234/ta/rpc_test/ta_entry.o

.gnu.version    0x0000000000010d30        0x0
 .gnu.version   0x0000000000010d30        0x0 /home/ssysarch/Desktop/nick/jetpack_5/Jetson_Linux_R35.4.1_aarch64/Linux_for_Tegra/sources/tegra/optee-src/nv-optee/optee/build/t234/ta/rpc_test/ta_entry.o

.gnu.version_r  0x0000000000010d30        0x0
 .gnu.version_r
                0x0000000000010d30        0x0 /home/ssysarch/Desktop/nick/jetpack_5/Jetson_Linux_R35.4.1_aarch64/Linux_for_Tegra/sources/tegra/optee-src/nv-optee/optee/build/t234/ta/rpc_test/ta_entry.o

.gnu.hash       0x0000000000010d30       0x30
 .gnu.hash      0x0000000000010d30       0x30 /home/ssysarch/Desktop/nick/jetpack_5/Jetson_Linux_R35.4.1_aarch64/Linux_for_Tegra/sources/tegra/optee-src/nv-optee/optee/build/t234/ta/rpc_test/ta_entry.o

.ARM.extab
 *(SORT_BY_ALIGNMENT(.ARM.extab*) SORT_BY_ALIGNMENT(.gnu.linkonce.armextab.*))
                [!provide]                        PROVIDE (__exidx_start = .)

.ARM.exidx
 *(SORT_BY_ALIGNMENT(.ARM.exidx*) SORT_BY_ALIGNMENT(.gnu.linkonce.armexidx.*))
                [!provide]                        PROVIDE (__exidx_end = .)

.ctors
 *(SORT_BY_ALIGNMENT(.ctors))

.dtors
 *(SORT_BY_ALIGNMENT(.dtors))

.dynsym         0x0000000000010d60       0x90
 *(SORT_BY_ALIGNMENT(.dynsym))
 .dynsym        0x0000000000010d60       0x90 /home/ssysarch/Desktop/nick/jetpack_5/Jetson_Linux_R35.4.1_aarch64/Linux_for_Tegra/sources/tegra/optee-src/nv-optee/optee/build/t234/ta/rpc_test/ta_entry.o

.dynstr         0x0000000000010df0       0x2e
 *(SORT_BY_ALIGNMENT(.dynstr))
 .dynstr        0x0000000000010df0       0x2e /home/ssysarch/Desktop/nick/jetpack_5/Jetson_Linux_R35.4.1_aarch64/Linux_for_Tegra/sources/tegra/optee-src/nv-optee/optee/build/t234/ta/rpc_test/ta_entry.o

.hash           0x0000000000010e20       0x2c
 *(SORT_BY_ALIGNMENT(.hash))
 .hash          0x0000000000010e20       0x2c /home/ssysarch/Desktop/nick/jetpack_5/Jetson_Linux_R35.4.1_aarch64/Linux_for_Tegra/sources/tegra/optee-src/nv-optee/optee/build/t234/ta/rpc_test/ta_entry.o

.rela.dyn       0x0000000000010e50      0x2e8
 .rela.data.rel.ro
                0x0000000000010e50        0x0 /home/ssysarch/Desktop/nick/jetpack_5/Jetson_Linux_R35.4.1_aarch64/Linux_for_Tegra/sources/tegra/optee-src/nv-optee/optee/build/t234/ta/rpc_test/ta_entry.o
 .rela.ifunc    0x0000000000010e50        0x0 /home/ssysarch/Desktop/nick/jetpack_5/Jetson_Linux_R35.4.1_aarch64/Linux_for_Tegra/sources/tegra/optee-src/nv-optee/optee/build/t234/ta/rpc_test/ta_entry.o
 .rela.data.rel.ro.local
                0x0000000000010e50      0x270 /home/ssysarch/Desktop/nick/jetpack_5/Jetson_Linux_R35.4.1_aarch64/Linux_for_Tegra/sources/tegra/optee-src/nv-optee/optee/build/t234/ta/rpc_test/ta_entry.o
 .rela.data.rel.local
                0x00000000000110c0       0x60 /home/ssysarch/Desktop/nick/jetpack_5/Jetson_Linux_R35.4.1_aarch64/Linux_for_Tegra/sources/tegra/optee-src/nv-optee/optee/build/t234/ta/rpc_test/ta_entry.o
 .rela.data.rel
                0x0000000000011120       0x18 /home/ssysarch/Desktop/nick/jetpack_5/Jetson_Linux_R35.4.1_aarch64/Linux_for_Tegra/sources/tegra/optee-src/nv-optee/optee/build/t234/ta/rpc_test/ta_entry.o
                0x0000000000012000                . = ALIGN (0x1000)

.dynamic        0x0000000000012000      0x110
 *(SORT_BY_ALIGNMENT(.dynamic))
 .dynamic       0x0000000000012000      0x110 /home/ssysarch/Desktop/nick/jetpack_5/Jetson_Linux_R35.4.1_aarch64/Linux_for_Tegra/sources/tegra/optee-src/nv-optee/optee/build/t234/ta/rpc_test/ta_entry.o
                0x0000000000012000                _DYNAMIC

.tdata
 *(SORT_BY_ALIGNMENT(.tdata) SORT_BY_ALIGNMENT(.tdata.*) SORT_BY_ALIGNMENT(.gnu.linkonce.td.*))

.tbss
 *(SORT_BY_ALIGNMENT(.tbss) SORT_BY_ALIGNMENT(.tbss.*) SORT_BY_ALIGNMENT(.gnu.linkonce.tb.*))
 *(SORT_BY_ALIGNMENT(.tcommon))

.got            0x0000000000012110       0xc0
 *(SORT_BY_ALIGNMENT(.got.plt))
 .got.plt       0x0000000000012110       0x18 /home/ssysarch/Desktop/nick/jetpack_5/Jetson_Linux_R35.4.1_aarch64/Linux_for_Tegra/sources/tegra/optee-src/nv-optee/optee/build/t234/ta/rpc_test/ta_entry.o
 *(SORT_BY_ALIGNMENT(.got))
 .got           0x0000000000012128       0xa8 /home/ssysarch/Desktop/nick/jetpack_5/Jetson_Linux_R35.4.1_aarch64/Linux_for_Tegra/sources/tegra/optee-src/nv-optee/optee/build/t234/ta/rpc_test/ta_entry.o
                0x0000000000012128                _GLOBAL_OFFSET_TABLE_

.rel.text
 *(SORT_BY_ALIGNMENT(.rel.text))
 *(SORT_BY_ALIGNMENT(.rel.gnu.linkonce.t*))

.rela.text
 *(SORT_BY_ALIGNMENT(.rela.text))
 *(SORT_BY_ALIGNMENT(.rela.gnu.linkonce.t*))

.rel.data
 *(SORT_BY_ALIGNMENT(.rel.data))
 *(SORT_BY_ALIGNMENT(.rel.gnu.linkonce.d*))

.rela.data
 *(SORT_BY_ALIGNMENT(.rela.data))
 *(SORT_BY_ALIGNMENT(.rela.gnu.linkonce.d*))

.rel.tdata
 *(SORT_BY_ALIGNMENT(.rel.tdata) SORT_BY_ALIGNMENT(.rel.tdata.*) SORT_BY_ALIGNMENT(.rel.gnu.linkonce.td.*))

.rela.tdata
 *(SORT_BY_ALIGNMENT(.rela.tdata) SORT_BY_ALIGNMENT(.rela.tdata.*) SORT_BY_ALIGNMENT(.rela.gnu.linkonce.td.*))

.rel.tbss
 *(SORT_BY_ALIGNMENT(.rel.tbss) SORT_BY_ALIGNMENT(.rel.tbss.*) SORT_BY_ALIGNMENT(.rel.gnu.linkonce.tb.*))

.rela.tbss
 *(SORT_BY_ALIGNMENT(.rela.tbss) SORT_BY_ALIGNMENT(.rela.tbss.*) SORT_BY_ALIGNMENT(.rela.gnu.linkonce.tb.*))

.rel.rodata
 *(SORT_BY_ALIGNMENT(.rel.rodata))
 *(SORT_BY_ALIGNMENT(.rel.gnu.linkonce.r*))

.rela.rodata
 *(SORT_BY_ALIGNMENT(.rela.rodata))
 *(SORT_BY_ALIGNMENT(.rela.gnu.linkonce.r*))

.rel.dyn
 *(SORT_BY_ALIGNMENT(.rel.dyn))

.rel.got
 *(SORT_BY_ALIGNMENT(.rel.got))

.rela.got       0x00000000000121d0      0x1e0
 *(SORT_BY_ALIGNMENT(.rela.got))
 .rela.got      0x00000000000121d0      0x1e0 /home/ssysarch/Desktop/nick/jetpack_5/Jetson_Linux_R35.4.1_aarch64/Linux_for_Tegra/sources/tegra/optee-src/nv-optee/optee/build/t234/ta/rpc_test/ta_entry.o

.rel.ctors
 *(SORT_BY_ALIGNMENT(.rel.ctors))

.rela.ctors
 *(SORT_BY_ALIGNMENT(.rela.ctors))

.rel.dtors
 *(SORT_BY_ALIGNMENT(.rel.dtors))

.rela.dtors
 *(SORT_BY_ALIGNMENT(.rela.dtors))

.rel.init
 *(SORT_BY_ALIGNMENT(.rel.init))

.rela.init
 *(SORT_BY_ALIGNMENT(.rela.init))

.rel.fini
 *(SORT_BY_ALIGNMENT(.rel.fini))

.rela.fini
 *(SORT_BY_ALIGNMENT(.rela.fini))

.rel.bss
 *(SORT_BY_ALIGNMENT(.rel.bss))

.rela.bss       0x00000000000123b0        0x0
 *(SORT_BY_ALIGNMENT(.rela.bss))
 .rela.bss      0x00000000000123b0        0x0 /home/ssysarch/Desktop/nick/jetpack_5/Jetson_Linux_R35.4.1_aarch64/Linux_for_Tegra/sources/tegra/optee-src/nv-optee/optee/build/t234/ta/rpc_test/ta_entry.o

.rel.plt
 *(SORT_BY_ALIGNMENT(.rel.plt))

.rela.plt       0x00000000000123b0        0x0
 *(SORT_BY_ALIGNMENT(.rela.plt))
 .rela.plt      0x00000000000123b0        0x0 /home/ssysarch/Desktop/nick/jetpack_5/Jetson_Linux_R35.4.1_aarch64/Linux_for_Tegra/sources/tegra/optee-src/nv-optee/optee/build/t234/ta/rpc_test/ta_entry.o

.data           0x00000000000123b0      0x1fc
 *(SORT_BY_ALIGNMENT(.data) SORT_BY_ALIGNMENT(.data.*) SORT_BY_ALIGNMENT(.gnu.linkonce.d.*))
 .data.rel.ro.local
                0x00000000000123b0       0xd8 /home/ssysarch/Desktop/nick/jetpack_5/Jetson_Linux_R35.4.1_aarch64/Linux_for_Tegra/sources/tegra/optee-src/nv-optee/optee/build/t234/ta/rpc_test/user_ta_header.o
                0x00000000000123b0                ta_props
 .data          0x0000000000012488        0x8 /home/ssysarch/Desktop/nick/jetpack_5/Jetson_Linux_R35.4.1_aarch64/Linux_for_Tegra/sources/tegra/optee-src/nv-optee/optee/build/t234/export-ta_arm64/lib/libutils.a(stack_check.o)
                0x0000000000012488                __stack_chk_guard
 .data.rel.local
                0x0000000000012490       0x20 /home/ssysarch/Desktop/nick/jetpack_5/Jetson_Linux_R35.4.1_aarch64/Linux_for_Tegra/sources/tegra/optee-src/nv-optee/optee/build/t234/export-ta_arm64/lib/libutee.a(user_ta_entry.o)
 .data.rel.ro.local
                0x00000000000124b0       0x60 /home/ssysarch/Desktop/nick/jetpack_5/Jetson_Linux_R35.4.1_aarch64/Linux_for_Tegra/sources/tegra/optee-src/nv-optee/optee/build/t234/export-ta_arm64/lib/libutee.a(tee_api_property.o)
                0x00000000000124b0                tee_props
 .data.rel      0x0000000000012510        0x8 /home/ssysarch/Desktop/nick/jetpack_5/Jetson_Linux_R35.4.1_aarch64/Linux_for_Tegra/sources/tegra/optee-src/nv-optee/optee/build/t234/export-ta_arm64/lib/libmbedtls.a(platform_util.o)
 .data.rel.local
                0x0000000000012518       0x80 /home/ssysarch/Desktop/nick/jetpack_5/Jetson_Linux_R35.4.1_aarch64/Linux_for_Tegra/sources/tegra/optee-src/nv-optee/optee/build/t234/export-ta_arm64/lib/libutils.a(bget_malloc.o)
 .data          0x0000000000012598       0x10 /home/ssysarch/Desktop/nick/jetpack_5/Jetson_Linux_R35.4.1_aarch64/Linux_for_Tegra/sources/tegra/optee-src/nv-optee/optee/build/t234/ta/rpc_test/ta_rpc.o
 .data          0x00000000000125a8        0x4 /home/ssysarch/Desktop/nick/jetpack_5/Jetson_Linux_R35.4.1_aarch64/Linux_for_Tegra/sources/tegra/optee-src/nv-optee/optee/build/t234/ta/rpc_test/user_ta_header.o
                0x00000000000125a8                trace_level
 .data          0x00000000000125ac        0x0 /home/ssysarch/Desktop/nick/jetpack_5/Jetson_Linux_R35.4.1_aarch64/Linux_for_Tegra/sources/tegra/optee-src/nv-optee/optee/build/t234/ta/rpc_test/ta_entry.o
 .data.rel.ro   0x00000000000125ac        0x0 /home/ssysarch/Desktop/nick/jetpack_5/Jetson_Linux_R35.4.1_aarch64/Linux_for_Tegra/sources/tegra/optee-src/nv-optee/optee/build/t234/ta/rpc_test/ta_entry.o
 .data          0x00000000000125ac        0x0 /home/ssysarch/Desktop/nick/jetpack_5/Jetson_Linux_R35.4.1_aarch64/Linux_for_Tegra/sources/tegra/optee-src/nv-optee/optee/build/t234/export-ta_arm64/lib/libutils.a(memcpy.o)
 .data          0x00000000000125ac        0x0 /home/ssysarch/Desktop/nick/jetpack_5/Jetson_Linux_R35.4.1_aarch64/Linux_for_Tegra/sources/tegra/optee-src/nv-optee/optee/build/t234/export-ta_arm64/lib/libutils.a(memset.o)
 .data          0x00000000000125ac        0x0 /home/ssysarch/Desktop/nick/jetpack_5/Jetson_Linux_R35.4.1_aarch64/Linux_for_Tegra/sources/tegra/optee-src/nv-optee/optee/build/t234/export-ta_arm64/lib/libutils.a(trace.o)
 .data          0x00000000000125ac        0x0 /home/ssysarch/Desktop/nick/jetpack_5/Jetson_Linux_R35.4.1_aarch64/Linux_for_Tegra/sources/tegra/optee-src/nv-optee/optee/build/t234/export-ta_arm64/lib/libutils.a(snprintk.o)
 .data          0x00000000000125ac        0x0 /home/ssysarch/Desktop/nick/jetpack_5/Jetson_Linux_R35.4.1_aarch64/Linux_for_Tegra/sources/tegra/optee-src/nv-optee/optee/build/t234/export-ta_arm64/lib/libutils.a(memchr.o)
 .data          0x00000000000125ac        0x0 /home/ssysarch/Desktop/nick/jetpack_5/Jetson_Linux_R35.4.1_aarch64/Linux_for_Tegra/sources/tegra/optee-src/nv-optee/optee/build/t234/export-ta_arm64/lib/libutils.a(strlen.o)
 .data          0x00000000000125ac        0x0 /home/ssysarch/Desktop/nick/jetpack_5/Jetson_Linux_R35.4.1_aarch64/Linux_for_Tegra/sources/tegra/optee-src/nv-optee/optee/build/t234/export-ta_arm64/lib/libutee.a(trace_ext.o)
 .data          0x00000000000125ac        0x0 /home/ssysarch/Desktop/nick/jetpack_5/Jetson_Linux_R35.4.1_aarch64/Linux_for_Tegra/sources/tegra/optee-src/nv-optee/optee/build/t234/export-ta_arm64/lib/libutee.a(tee_api.o)
 .data          0x00000000000125ac        0x0 /home/ssysarch/Desktop/nick/jetpack_5/Jetson_Linux_R35.4.1_aarch64/Linux_for_Tegra/sources/tegra/optee-src/nv-optee/optee/build/t234/export-ta_arm64/lib/libutee.a(tee_api_panic.o)
 .data          0x00000000000125ac        0x0 /home/ssysarch/Desktop/nick/jetpack_5/Jetson_Linux_R35.4.1_aarch64/Linux_for_Tegra/sources/tegra/optee-src/nv-optee/optee/build/t234/export-ta_arm64/lib/libutee.a(tee_system_pta.o)
 .data          0x00000000000125ac        0x0 /home/ssysarch/Desktop/nick/jetpack_5/Jetson_Linux_R35.4.1_aarch64/Linux_for_Tegra/sources/tegra/optee-src/nv-optee/optee/build/t234/export-ta_arm64/lib/libutee.a(user_ta_entry.o)
 .data          0x00000000000125ac        0x0 /home/ssysarch/Desktop/nick/jetpack_5/Jetson_Linux_R35.4.1_aarch64/Linux_for_Tegra/sources/tegra/optee-src/nv-optee/optee/build/t234/export-ta_arm64/lib/libutee.a(utee_syscalls_a64.o)
 .data          0x00000000000125ac        0x0 /home/ssysarch/Desktop/nick/jetpack_5/Jetson_Linux_R35.4.1_aarch64/Linux_for_Tegra/sources/tegra/optee-src/nv-optee/optee/build/t234/export-ta_arm64/lib/libutee.a(abort.o)
 .data          0x00000000000125ac        0x0 /home/ssysarch/Desktop/nick/jetpack_5/Jetson_Linux_R35.4.1_aarch64/Linux_for_Tegra/sources/tegra/optee-src/nv-optee/optee/build/t234/export-ta_arm64/lib/libutee.a(tee_api_arith_mpi.o)
 .data          0x00000000000125ac        0x0 /home/ssysarch/Desktop/nick/jetpack_5/Jetson_Linux_R35.4.1_aarch64/Linux_for_Tegra/sources/tegra/optee-src/nv-optee/optee/build/t234/export-ta_arm64/lib/libutee.a(tee_api_property.o)
 .data          0x00000000000125ac        0x0 /home/ssysarch/Desktop/nick/jetpack_5/Jetson_Linux_R35.4.1_aarch64/Linux_for_Tegra/sources/tegra/optee-src/nv-optee/optee/build/t234/export-ta_arm64/lib/libutee.a(tcb.o)
 .data          0x00000000000125ac        0x0 /home/ssysarch/Desktop/nick/jetpack_5/Jetson_Linux_R35.4.1_aarch64/Linux_for_Tegra/sources/tegra/optee-src/nv-optee/optee/build/t234/export-ta_arm64/lib/libutee.a(assert.o)
 .data          0x00000000000125ac        0x0 /home/ssysarch/Desktop/nick/jetpack_5/Jetson_Linux_R35.4.1_aarch64/Linux_for_Tegra/sources/tegra/optee-src/nv-optee/optee/build/t234/export-ta_arm64/lib/libutee.a(base64.o)
 .data          0x00000000000125ac        0x0 /home/ssysarch/Desktop/nick/jetpack_5/Jetson_Linux_R35.4.1_aarch64/Linux_for_Tegra/sources/tegra/optee-src/nv-optee/optee/build/t234/export-ta_arm64/lib/libmbedtls.a(bignum.o)
 .data          0x00000000000125ac        0x0 /home/ssysarch/Desktop/nick/jetpack_5/Jetson_Linux_R35.4.1_aarch64/Linux_for_Tegra/sources/tegra/optee-src/nv-optee/optee/build/t234/export-ta_arm64/lib/libmbedtls.a(constant_time.o)
 .data          0x00000000000125ac        0x0 /home/ssysarch/Desktop/nick/jetpack_5/Jetson_Linux_R35.4.1_aarch64/Linux_for_Tegra/sources/tegra/optee-src/nv-optee/optee/build/t234/export-ta_arm64/lib/libmbedtls.a(platform_util.o)
 .data          0x00000000000125ac        0x0 /home/ssysarch/Desktop/nick/jetpack_5/Jetson_Linux_R35.4.1_aarch64/Linux_for_Tegra/sources/tegra/optee-src/nv-optee/optee/build/t234/export-ta_arm64/lib/libutils.a(bget_malloc.o)
 .data          0x00000000000125ac        0x0 /home/ssysarch/Desktop/nick/jetpack_5/Jetson_Linux_R35.4.1_aarch64/Linux_for_Tegra/sources/tegra/optee-src/nv-optee/optee/build/t234/export-ta_arm64/lib/libutils.a(snprintf.o)
 .data          0x00000000000125ac        0x0 /home/ssysarch/Desktop/nick/jetpack_5/Jetson_Linux_R35.4.1_aarch64/Linux_for_Tegra/sources/tegra/optee-src/nv-optee/optee/build/t234/export-ta_arm64/lib/libutils.a(memmove.o)
 .data          0x00000000000125ac        0x0 /home/ssysarch/Desktop/nick/jetpack_5/Jetson_Linux_R35.4.1_aarch64/Linux_for_Tegra/sources/tegra/optee-src/nv-optee/optee/build/t234/export-ta_arm64/lib/libutils.a(strcmp.o)
 .data          0x00000000000125ac        0x0 /home/ssysarch/Desktop/nick/jetpack_5/Jetson_Linux_R35.4.1_aarch64/Linux_for_Tegra/sources/tegra/optee-src/nv-optee/optee/build/t234/export-ta_arm64/lib/libutils.a(strlcpy.o)
 .data          0x00000000000125ac        0x0 /home/ssysarch/Desktop/nick/jetpack_5/Jetson_Linux_R35.4.1_aarch64/Linux_for_Tegra/sources/tegra/optee-src/nv-optee/optee/build/t234/export-ta_arm64/lib/libutils.a(mempool.o)
 .data          0x00000000000125ac        0x0 /home/ssysarch/Desktop/nick/jetpack_5/Jetson_Linux_R35.4.1_aarch64/Linux_for_Tegra/sources/tegra/optee-src/nv-optee/optee/build/t234/export-ta_arm64/lib/libutils.a(consttime_memcmp.o)

.bss            0x00000000000125b0     0xb8a0
 *(SORT_BY_ALIGNMENT(.bss) SORT_BY_ALIGNMENT(.bss.*) SORT_BY_ALIGNMENT(.gnu.linkonce.b.*) SORT_BY_ALIGNMENT(COMMON))
 .bss           0x00000000000125b0       0x10 /home/ssysarch/Desktop/nick/jetpack_5/Jetson_Linux_R35.4.1_aarch64/Linux_for_Tegra/sources/tegra/optee-src/nv-optee/optee/build/t234/export-ta_arm64/lib/libutee.a(tee_api.o)
 .bss           0x00000000000125c0        0x8 /home/ssysarch/Desktop/nick/jetpack_5/Jetson_Linux_R35.4.1_aarch64/Linux_for_Tegra/sources/tegra/optee-src/nv-optee/optee/build/t234/export-ta_arm64/lib/libutee.a(tee_system_pta.o)
 .bss           0x00000000000125c8        0x9 /home/ssysarch/Desktop/nick/jetpack_5/Jetson_Linux_R35.4.1_aarch64/Linux_for_Tegra/sources/tegra/optee-src/nv-optee/optee/build/t234/export-ta_arm64/lib/libutee.a(user_ta_entry.o)
 *fill*         0x00000000000125d1        0x7 
 COMMON         0x00000000000125d8       0x60 /home/ssysarch/Desktop/nick/jetpack_5/Jetson_Linux_R35.4.1_aarch64/Linux_for_Tegra/sources/tegra/optee-src/nv-optee/optee/build/t234/export-ta_arm64/lib/libutee.a(user_ta_entry.o)
                0x00000000000125d8                ta_param_types
                0x00000000000125e0                __ta_no_share_malloc_ctx
                0x00000000000125e8                ta_params
                0x0000000000012628                __elf_phdr_info
 .bss           0x0000000000012638     0x3800 /home/ssysarch/Desktop/nick/jetpack_5/Jetson_Linux_R35.4.1_aarch64/Linux_for_Tegra/sources/tegra/optee-src/nv-optee/optee/build/t234/export-ta_arm64/lib/libutee.a(tee_api_arith_mpi.o)
 .bss           0x0000000000015e38       0x10 /home/ssysarch/Desktop/nick/jetpack_5/Jetson_Linux_R35.4.1_aarch64/Linux_for_Tegra/sources/tegra/optee-src/nv-optee/optee/build/t234/export-ta_arm64/lib/libutee.a(tcb.o)
 COMMON         0x0000000000015e48        0x8 /home/ssysarch/Desktop/nick/jetpack_5/Jetson_Linux_R35.4.1_aarch64/Linux_for_Tegra/sources/tegra/optee-src/nv-optee/optee/build/t234/export-ta_arm64/lib/libmbedtls.a(bignum.o)
                0x0000000000015e48                mbedtls_mpi_mempool
 .bss           0x0000000000015e50        0x0 /home/ssysarch/Desktop/nick/jetpack_5/Jetson_Linux_R35.4.1_aarch64/Linux_for_Tegra/sources/tegra/optee-src/nv-optee/optee/build/t234/ta/rpc_test/ta_entry.o
 .bss           0x0000000000015e50        0x0 /home/ssysarch/Desktop/nick/jetpack_5/Jetson_Linux_R35.4.1_aarch64/Linux_for_Tegra/sources/tegra/optee-src/nv-optee/optee/build/t234/ta/rpc_test/ta_rpc.o
 .bss           0x0000000000015e50        0x0 /home/ssysarch/Desktop/nick/jetpack_5/Jetson_Linux_R35.4.1_aarch64/Linux_for_Tegra/sources/tegra/optee-src/nv-optee/optee/build/t234/ta/rpc_test/user_ta_header.o
 COMMON         0x0000000000015e50     0x8000 /home/ssysarch/Desktop/nick/jetpack_5/Jetson_Linux_R35.4.1_aarch64/Linux_for_Tegra/sources/tegra/optee-src/nv-optee/optee/build/t234/ta/rpc_test/user_ta_header.o
                0x0000000000015e50                ta_heap
                0x000000000001de50                __ta_no_share_heap
 .bss           0x000000000001de50        0x0 /home/ssysarch/Desktop/nick/jetpack_5/Jetson_Linux_R35.4.1_aarch64/Linux_for_Tegra/sources/tegra/optee-src/nv-optee/optee/build/t234/export-ta_arm64/lib/libutils.a(stack_check.o)
 .bss           0x000000000001de50        0x0 /home/ssysarch/Desktop/nick/jetpack_5/Jetson_Linux_R35.4.1_aarch64/Linux_for_Tegra/sources/tegra/optee-src/nv-optee/optee/build/t234/export-ta_arm64/lib/libutils.a(memcpy.o)
 .bss           0x000000000001de50        0x0 /home/ssysarch/Desktop/nick/jetpack_5/Jetson_Linux_R35.4.1_aarch64/Linux_for_Tegra/sources/tegra/optee-src/nv-optee/optee/build/t234/export-ta_arm64/lib/libutils.a(memset.o)
 .bss           0x000000000001de50        0x0 /home/ssysarch/Desktop/nick/jetpack_5/Jetson_Linux_R35.4.1_aarch64/Linux_for_Tegra/sources/tegra/optee-src/nv-optee/optee/build/t234/export-ta_arm64/lib/libutils.a(trace.o)
 .bss           0x000000000001de50        0x0 /home/ssysarch/Desktop/nick/jetpack_5/Jetson_Linux_R35.4.1_aarch64/Linux_for_Tegra/sources/tegra/optee-src/nv-optee/optee/build/t234/export-ta_arm64/lib/libutils.a(snprintk.o)
 .bss           0x000000000001de50        0x0 /home/ssysarch/Desktop/nick/jetpack_5/Jetson_Linux_R35.4.1_aarch64/Linux_for_Tegra/sources/tegra/optee-src/nv-optee/optee/build/t234/export-ta_arm64/lib/libutils.a(memchr.o)
 .bss           0x000000000001de50        0x0 /home/ssysarch/Desktop/nick/jetpack_5/Jetson_Linux_R35.4.1_aarch64/Linux_for_Tegra/sources/tegra/optee-src/nv-optee/optee/build/t234/export-ta_arm64/lib/libutils.a(strlen.o)
 .bss           0x000000000001de50        0x0 /home/ssysarch/Desktop/nick/jetpack_5/Jetson_Linux_R35.4.1_aarch64/Linux_for_Tegra/sources/tegra/optee-src/nv-optee/optee/build/t234/export-ta_arm64/lib/libutee.a(trace_ext.o)
 .bss           0x000000000001de50        0x0 /home/ssysarch/Desktop/nick/jetpack_5/Jetson_Linux_R35.4.1_aarch64/Linux_for_Tegra/sources/tegra/optee-src/nv-optee/optee/build/t234/export-ta_arm64/lib/libutee.a(tee_api_panic.o)
 .bss           0x000000000001de50        0x0 /home/ssysarch/Desktop/nick/jetpack_5/Jetson_Linux_R35.4.1_aarch64/Linux_for_Tegra/sources/tegra/optee-src/nv-optee/optee/build/t234/export-ta_arm64/lib/libutee.a(utee_syscalls_a64.o)
 .bss           0x000000000001de50        0x0 /home/ssysarch/Desktop/nick/jetpack_5/Jetson_Linux_R35.4.1_aarch64/Linux_for_Tegra/sources/tegra/optee-src/nv-optee/optee/build/t234/export-ta_arm64/lib/libutee.a(abort.o)
 .bss           0x000000000001de50        0x0 /home/ssysarch/Desktop/nick/jetpack_5/Jetson_Linux_R35.4.1_aarch64/Linux_for_Tegra/sources/tegra/optee-src/nv-optee/optee/build/t234/export-ta_arm64/lib/libutee.a(tee_api_property.o)
 .bss           0x000000000001de50        0x0 /home/ssysarch/Desktop/nick/jetpack_5/Jetson_Linux_R35.4.1_aarch64/Linux_for_Tegra/sources/tegra/optee-src/nv-optee/optee/build/t234/export-ta_arm64/lib/libutee.a(assert.o)
 .bss           0x000000000001de50        0x0 /home/ssysarch/Desktop/nick/jetpack_5/Jetson_Linux_R35.4.1_aarch64/Linux_for_Tegra/sources/tegra/optee-src/nv-optee/optee/build/t234/export-ta_arm64/lib/libutee.a(base64.o)
 .bss           0x000000000001de50        0x0 /home/ssysarch/Desktop/nick/jetpack_5/Jetson_Linux_R35.4.1_aarch64/Linux_for_Tegra/sources/tegra/optee-src/nv-optee/optee/build/t234/export-ta_arm64/lib/libmbedtls.a(bignum.o)
 .bss           0x000000000001de50        0x0 /home/ssysarch/Desktop/nick/jetpack_5/Jetson_Linux_R35.4.1_aarch64/Linux_for_Tegra/sources/tegra/optee-src/nv-optee/optee/build/t234/export-ta_arm64/lib/libmbedtls.a(constant_time.o)
 .bss           0x000000000001de50        0x0 /home/ssysarch/Desktop/nick/jetpack_5/Jetson_Linux_R35.4.1_aarch64/Linux_for_Tegra/sources/tegra/optee-src/nv-optee/optee/build/t234/export-ta_arm64/lib/libmbedtls.a(platform_util.o)
 .bss           0x000000000001de50        0x0 /home/ssysarch/Desktop/nick/jetpack_5/Jetson_Linux_R35.4.1_aarch64/Linux_for_Tegra/sources/tegra/optee-src/nv-optee/optee/build/t234/export-ta_arm64/lib/libutils.a(bget_malloc.o)
 .bss           0x000000000001de50        0x0 /home/ssysarch/Desktop/nick/jetpack_5/Jetson_Linux_R35.4.1_aarch64/Linux_for_Tegra/sources/tegra/optee-src/nv-optee/optee/build/t234/export-ta_arm64/lib/libutils.a(snprintf.o)
 .bss           0x000000000001de50        0x0 /home/ssysarch/Desktop/nick/jetpack_5/Jetson_Linux_R35.4.1_aarch64/Linux_for_Tegra/sources/tegra/optee-src/nv-optee/optee/build/t234/export-ta_arm64/lib/libutils.a(memmove.o)
 .bss           0x000000000001de50        0x0 /home/ssysarch/Desktop/nick/jetpack_5/Jetson_Linux_R35.4.1_aarch64/Linux_for_Tegra/sources/tegra/optee-src/nv-optee/optee/build/t234/export-ta_arm64/lib/libutils.a(strcmp.o)
 .bss           0x000000000001de50        0x0 /home/ssysarch/Desktop/nick/jetpack_5/Jetson_Linux_R35.4.1_aarch64/Linux_for_Tegra/sources/tegra/optee-src/nv-optee/optee/build/t234/export-ta_arm64/lib/libutils.a(strlcpy.o)
 .bss           0x000000000001de50        0x0 /home/ssysarch/Desktop/nick/jetpack_5/Jetson_Linux_R35.4.1_aarch64/Linux_for_Tegra/sources/tegra/optee-src/nv-optee/optee/build/t234/export-ta_arm64/lib/libutils.a(mempool.o)
 .bss           0x000000000001de50        0x0 /home/ssysarch/Desktop/nick/jetpack_5/Jetson_Linux_R35.4.1_aarch64/Linux_for_Tegra/sources/tegra/optee-src/nv-optee/optee/build/t234/export-ta_arm64/lib/libutils.a(consttime_memcmp.o)
                0x000000000001de50                . = ALIGN (0x8)
                0x000000000001de50                __ftrace_buf_start = .
                0x000000000001de50                . = (. + DEFINED (_mcount)?0x800:0x0)
                0x000000000001de50                __ftrace_buf_end = .

.dynbss         0x000000000001de50        0x0
 .dynbss        0x000000000001de50        0x0 /home/ssysarch/Desktop/nick/jetpack_5/Jetson_Linux_R35.4.1_aarch64/Linux_for_Tegra/sources/tegra/optee-src/nv-optee/optee/build/t234/ta/rpc_test/ta_entry.o

/DISCARD/
 *(SORT_BY_ALIGNMENT(.interp))
LOAD /home/ssysarch/Desktop/nick/jetpack_5/Jetson_Linux_R35.4.1_aarch64/Linux_for_Tegra/sources/tegra/optee-src/nv-optee/optee/build/t234/ta/rpc_test/ta_entry.o
LOAD /home/ssysarch/Desktop/nick/jetpack_5/Jetson_Linux_R35.4.1_aarch64/Linux_for_Tegra/sources/tegra/optee-src/nv-optee/optee/build/t234/ta/rpc_test/ta_rpc.o
LOAD /home/ssysarch/Desktop/nick/jetpack_5/Jetson_Linux_R35.4.1_aarch64/Linux_for_Tegra/sources/tegra/optee-src/nv-optee/optee/build/t234/ta/rpc_test/user_ta_header.o
START GROUP
LOAD /home/ssysarch/Desktop/nick/jetpack_5/Jetson_Linux_R35.4.1_aarch64/Linux_for_Tegra/sources/tegra/optee-src/nv-optee/optee/build/t234/export-ta_arm64/lib/libutils.a
LOAD /home/ssysarch/Desktop/nick/jetpack_5/Jetson_Linux_R35.4.1_aarch64/Linux_for_Tegra/sources/tegra/optee-src/nv-optee/optee/build/t234/export-ta_arm64/lib/libutee.a
LOAD /home/ssysarch/Desktop/nick/jetpack_5/Jetson_Linux_R35.4.1_aarch64/Linux_for_Tegra/sources/tegra/optee-src/nv-optee/optee/build/t234/export-ta_arm64/lib/libmbedtls.a
LOAD /home/ssysarch/Desktop/nick/jetpack_5/Jetson_Linux_R35.4.1_aarch64/Linux_for_Tegra/sources/tegra/optee-src/nv-optee/optee/build/t234/export-ta_arm64/lib/libdl.a
END GROUP
LOAD /home/ssysarch/Desktop/nick/jetpack_5/aarch64--glibc--stable-final/bin/../lib/gcc/aarch64-buildroot-linux-gnu/9.3.0/libgcc.a
LOAD /home/ssysarch/Desktop/nick/jetpack_5/Jetson_Linux_R35.4.1_aarch64/Linux_for_Tegra/sources/tegra/optee-src/nv-optee/optee/build/t234/export-ta_arm64/lib/libutils.a
OUTPUT(/home/ssysarch/Desktop/nick/jetpack_5/Jetson_Linux_R35.4.1_aarch64/Linux_for_Tegra/sources/tegra/optee-src/nv-optee/optee/build/t234/ta/rpc_test/d17f73a0-36ef-11e1-984a-0002a5d5c51b.elf elf64-littleaarch64)

.debug_info     0x0000000000000000    0x1a9b1
 .debug_info    0x0000000000000000      0x2ff /home/ssysarch/Desktop/nick/jetpack_5/Jetson_Linux_R35.4.1_aarch64/Linux_for_Tegra/sources/tegra/optee-src/nv-optee/optee/build/t234/ta/rpc_test/ta_entry.o
 .debug_info    0x00000000000002ff      0x927 /home/ssysarch/Desktop/nick/jetpack_5/Jetson_Linux_R35.4.1_aarch64/Linux_for_Tegra/sources/tegra/optee-src/nv-optee/optee/build/t234/ta/rpc_test/ta_rpc.o
 .debug_info    0x0000000000000c26      0x5da /home/ssysarch/Desktop/nick/jetpack_5/Jetson_Linux_R35.4.1_aarch64/Linux_for_Tegra/sources/tegra/optee-src/nv-optee/optee/build/t234/ta/rpc_test/user_ta_header.o
 .debug_info    0x0000000000001200      0x14c /home/ssysarch/Desktop/nick/jetpack_5/Jetson_Linux_R35.4.1_aarch64/Linux_for_Tegra/sources/tegra/optee-src/nv-optee/optee/build/t234/export-ta_arm64/lib/libutils.a(stack_check.o)
 .debug_info    0x000000000000134c      0x13c /home/ssysarch/Desktop/nick/jetpack_5/Jetson_Linux_R35.4.1_aarch64/Linux_for_Tegra/sources/tegra/optee-src/nv-optee/optee/build/t234/export-ta_arm64/lib/libutils.a(memcpy.o)
 .debug_info    0x0000000000001488       0xd6 /home/ssysarch/Desktop/nick/jetpack_5/Jetson_Linux_R35.4.1_aarch64/Linux_for_Tegra/sources/tegra/optee-src/nv-optee/optee/build/t234/export-ta_arm64/lib/libutils.a(memset.o)
 .debug_info    0x000000000000155e      0xa04 /home/ssysarch/Desktop/nick/jetpack_5/Jetson_Linux_R35.4.1_aarch64/Linux_for_Tegra/sources/tegra/optee-src/nv-optee/optee/build/t234/export-ta_arm64/lib/libutils.a(trace.o)
 .debug_info    0x0000000000001f62      0x97c /home/ssysarch/Desktop/nick/jetpack_5/Jetson_Linux_R35.4.1_aarch64/Linux_for_Tegra/sources/tegra/optee-src/nv-optee/optee/build/t234/export-ta_arm64/lib/libutils.a(snprintk.o)
 .debug_info    0x00000000000028de      0x106 /home/ssysarch/Desktop/nick/jetpack_5/Jetson_Linux_R35.4.1_aarch64/Linux_for_Tegra/sources/tegra/optee-src/nv-optee/optee/build/t234/export-ta_arm64/lib/libutils.a(memchr.o)
 .debug_info    0x00000000000029e4       0xbe /home/ssysarch/Desktop/nick/jetpack_5/Jetson_Linux_R35.4.1_aarch64/Linux_for_Tegra/sources/tegra/optee-src/nv-optee/optee/build/t234/export-ta_arm64/lib/libutils.a(strlen.o)
 .debug_info    0x0000000000002aa2      0x3f6 /home/ssysarch/Desktop/nick/jetpack_5/Jetson_Linux_R35.4.1_aarch64/Linux_for_Tegra/sources/tegra/optee-src/nv-optee/optee/build/t234/export-ta_arm64/lib/libutee.a(trace_ext.o)
 .debug_info    0x0000000000002e98     0x27f8 /home/ssysarch/Desktop/nick/jetpack_5/Jetson_Linux_R35.4.1_aarch64/Linux_for_Tegra/sources/tegra/optee-src/nv-optee/optee/build/t234/export-ta_arm64/lib/libutee.a(tee_api.o)
 .debug_info    0x0000000000005690      0xc21 /home/ssysarch/Desktop/nick/jetpack_5/Jetson_Linux_R35.4.1_aarch64/Linux_for_Tegra/sources/tegra/optee-src/nv-optee/optee/build/t234/export-ta_arm64/lib/libutee.a(tee_api_panic.o)
 .debug_info    0x00000000000062b1      0x814 /home/ssysarch/Desktop/nick/jetpack_5/Jetson_Linux_R35.4.1_aarch64/Linux_for_Tegra/sources/tegra/optee-src/nv-optee/optee/build/t234/export-ta_arm64/lib/libutee.a(tee_system_pta.o)
 .debug_info    0x0000000000006ac5     0x1825 /home/ssysarch/Desktop/nick/jetpack_5/Jetson_Linux_R35.4.1_aarch64/Linux_for_Tegra/sources/tegra/optee-src/nv-optee/optee/build/t234/export-ta_arm64/lib/libutee.a(user_ta_entry.o)
 .debug_info    0x00000000000082ea       0x22 /home/ssysarch/Desktop/nick/jetpack_5/Jetson_Linux_R35.4.1_aarch64/Linux_for_Tegra/sources/tegra/optee-src/nv-optee/optee/build/t234/export-ta_arm64/lib/libutee.a(utee_syscalls_a64.o)
 .debug_info    0x000000000000830c      0x146 /home/ssysarch/Desktop/nick/jetpack_5/Jetson_Linux_R35.4.1_aarch64/Linux_for_Tegra/sources/tegra/optee-src/nv-optee/optee/build/t234/export-ta_arm64/lib/libutee.a(abort.o)
 .debug_info    0x0000000000008452     0x516a /home/ssysarch/Desktop/nick/jetpack_5/Jetson_Linux_R35.4.1_aarch64/Linux_for_Tegra/sources/tegra/optee-src/nv-optee/optee/build/t234/export-ta_arm64/lib/libutee.a(tee_api_arith_mpi.o)
 .debug_info    0x000000000000d5bc     0x1a1c /home/ssysarch/Desktop/nick/jetpack_5/Jetson_Linux_R35.4.1_aarch64/Linux_for_Tegra/sources/tegra/optee-src/nv-optee/optee/build/t234/export-ta_arm64/lib/libutee.a(tee_api_property.o)
 .debug_info    0x000000000000efd8      0x9f4 /home/ssysarch/Desktop/nick/jetpack_5/Jetson_Linux_R35.4.1_aarch64/Linux_for_Tegra/sources/tegra/optee-src/nv-optee/optee/build/t234/export-ta_arm64/lib/libutee.a(tcb.o)