Archive member included to satisfy reference by file (symbol)

/home/ssysarch/Desktop/nick/jetpack_5/Jetson_Linux_R35.4.1_aarch64/Linux_for_Tegra/sources/tegra/optee-src/nv-optee/optee/build/t234/export-ta_arm64/lib/libutils.a(stack_check.o)
                              /home/ssysarch/Desktop/nick/jetpack_5/Jetson_Linux_R35.4.1_aarch64/Linux_for_Tegra/sources/tegra/optee-src/nv-optee/optee/build/t234//early_ta/luks-srv/luks_srv_ta.o (__stack_chk_fail)
/home/ssysarch/Desktop/nick/jetpack_5/Jetson_Linux_R35.4.1_aarch64/Linux_for_Tegra/sources/tegra/optee-src/nv-optee/optee/build/t234/export-ta_arm64/lib/libutils.a(memcpy.o)
                              /home/ssysarch/Desktop/nick/jetpack_5/Jetson_Linux_R35.4.1_aarch64/Linux_for_Tegra/sources/tegra/optee-src/nv-optee/optee/build/t234//early_ta/luks-srv/luks_srv_ta.o (memcpy)
/home/ssysarch/Desktop/nick/jetpack_5/Jetson_Linux_R35.4.1_aarch64/Linux_for_Tegra/sources/tegra/optee-src/nv-optee/optee/build/t234/export-ta_arm64/lib/libutils.a(memset.o)
                              /home/ssysarch/Desktop/nick/jetpack_5/Jetson_Linux_R35.4.1_aarch64/Linux_for_Tegra/sources/tegra/optee-src/nv-optee/optee/build/t234//early_ta/luks-srv/luks_srv_ta.o (memset)
/home/ssysarch/Desktop/nick/jetpack_5/Jetson_Linux_R35.4.1_aarch64/Linux_for_Tegra/sources/tegra/optee-src/nv-optee/optee/build/t234/export-ta_arm64/lib/libutils.a(strlen.o)
                              /home/ssysarch/Desktop/nick/jetpack_5/Jetson_Linux_R35.4.1_aarch64/Linux_for_Tegra/sources/tegra/optee-src/nv-optee/optee/build/t234//early_ta/luks-srv/luks_srv_ta.o (strlen)
/home/ssysarch/Desktop/nick/jetpack_5/Jetson_Linux_R35.4.1_aarch64/Linux_for_Tegra/sources/tegra/optee-src/nv-optee/optee/build/t234/export-ta_arm64/lib/libutils.a(trace.o)
                              /home/ssysarch/Desktop/nick/jetpack_5/Jetson_Linux_R35.4.1_aarch64/Linux_for_Tegra/sources/tegra/optee-src/nv-optee/optee/build/t234/export-ta_arm64/lib/libutils.a(stack_check.o) (trace_printf)
/home/ssysarch/Desktop/nick/jetpack_5/Jetson_Linux_R35.4.1_aarch64/Linux_for_Tegra/sources/tegra/optee-src/nv-optee/optee/build/t234/export-ta_arm64/lib/libutils.a(snprintk.o)
                              /home/ssysarch/Desktop/nick/jetpack_5/Jetson_Linux_R35.4.1_aarch64/Linux_for_Tegra/sources/tegra/optee-src/nv-optee/optee/build/t234/export-ta_arm64/lib/libutils.a(trace.o) (vsnprintk)
/home/ssysarch/Desktop/nick/jetpack_5/Jetson_Linux_R35.4.1_aarch64/Linux_for_Tegra/sources/tegra/optee-src/nv-optee/optee/build/t234/export-ta_arm64/lib/libutils.a(memchr.o)
                              /home/ssysarch/Desktop/nick/jetpack_5/Jetson_Linux_R35.4.1_aarch64/Linux_for_Tegra/sources/tegra/optee-src/nv-optee/optee/build/t234/export-ta_arm64/lib/libutils.a(snprintk.o) (memchr)
/home/ssysarch/Desktop/nick/jetpack_5/Jetson_Linux_R35.4.1_aarch64/Linux_for_Tegra/sources/tegra/optee-src/nv-optee/optee/build/t234/export-ta_arm64/lib/libutee.a(trace_ext.o)
                              /home/ssysarch/Desktop/nick/jetpack_5/Jetson_Linux_R35.4.1_aarch64/Linux_for_Tegra/sources/tegra/optee-src/nv-optee/optee/build/t234/export-ta_arm64/lib/libutils.a(trace.o) (trace_ext_puts)
/home/ssysarch/Desktop/nick/jetpack_5/Jetson_Linux_R35.4.1_aarch64/Linux_for_Tegra/sources/tegra/optee-src/nv-optee/optee/build/t234/export-ta_arm64/lib/libutee.a(tee_api.o)
                              /home/ssysarch/Desktop/nick/jetpack_5/Jetson_Linux_R35.4.1_aarch64/Linux_for_Tegra/sources/tegra/optee-src/nv-optee/optee/build/t234//early_ta/luks-srv/luks_srv_ta.o (TEE_OpenTASession)
/home/ssysarch/Desktop/nick/jetpack_5/Jetson_Linux_R35.4.1_aarch64/Linux_for_Tegra/sources/tegra/optee-src/nv-optee/optee/build/t234/export-ta_arm64/lib/libutee.a(tee_api_panic.o)
                              /home/ssysarch/Desktop/nick/jetpack_5/Jetson_Linux_R35.4.1_aarch64/Linux_for_Tegra/sources/tegra/optee-src/nv-optee/optee/build/t234/export-ta_arm64/lib/libutee.a(tee_api.o) (TEE_Panic)
/home/ssysarch/Desktop/nick/jetpack_5/Jetson_Linux_R35.4.1_aarch64/Linux_for_Tegra/sources/tegra/optee-src/nv-optee/optee/build/t234/export-ta_arm64/lib/libutee.a(tee_system_pta.o)
                              /home/ssysarch/Desktop/nick/jetpack_5/Jetson_Linux_R35.4.1_aarch64/Linux_for_Tegra/sources/tegra/optee-src/nv-optee/optee/build/t234/export-ta_arm64/lib/libutee.a(tee_api.o) (tee_map_zi)
/home/ssysarch/Desktop/nick/jetpack_5/Jetson_Linux_R35.4.1_aarch64/Linux_for_Tegra/sources/tegra/optee-src/nv-optee/optee/build/t234/export-ta_arm64/lib/libutee.a(user_ta_entry.o)
                              /home/ssysarch/Desktop/nick/jetpack_5/Jetson_Linux_R35.4.1_aarch64/Linux_for_Tegra/sources/tegra/optee-src/nv-optee/optee/build/t234//early_ta/luks-srv/user_ta_header.o (__utee_entry)
/home/ssysarch/Desktop/nick/jetpack_5/Jetson_Linux_R35.4.1_aarch64/Linux_for_Tegra/sources/tegra/optee-src/nv-optee/optee/build/t234/export-ta_arm64/lib/libutee.a(utee_syscalls_a64.o)
[...]
Memory Configuration

Name             Origin             Length             Attributes
*default*        0x0000000000000000 0xffffffffffffffff

Linker script and memory map


.ta_head        0x0000000000000000       0x20
 *(SORT_BY_ALIGNMENT(.ta_head))
 .ta_head       0x0000000000000000       0x20 /home/ssysarch/Desktop/nick/jetpack_5/Jetson_Linux_R35.4.1_aarch64/Linux_for_Tegra/sources/tegra/optee-src/nv-optee/optee/build/t234//early_ta/luks-srv/user_ta_header.o
                0x0000000000000000                ta_head

.text           0x0000000000000020     0xcf60
                0x0000000000000020                __text_start = .
 *(SORT_BY_ALIGNMENT(.text) SORT_BY_ALIGNMENT(.text.*))
 .text          0x0000000000000020       0xec /home/ssysarch/Desktop/nick/jetpack_5/Jetson_Linux_R35.4.1_aarch64/Linux_for_Tegra/sources/tegra/optee-src/nv-optee/optee/build/t234/export-ta_arm64/lib/libutils.a(memcpy.o)
                0x0000000000000020                memcpy
 .text          0x000000000000010c      0x3e8 /home/ssysarch/Desktop/nick/jetpack_5/Jetson_Linux_R35.4.1_aarch64/Linux_for_Tegra/sources/tegra/optee-src/nv-optee/optee/build/t234//early_ta/luks-srv/luks_srv_ta.o
                0x0000000000000194                TA_CreateEntryPoint
                0x000000000000019c                TA_DestroyEntryPoint
                0x00000000000001a0                TA_OpenSessionEntryPoint
                0x00000000000001a8                TA_CloseSessionEntryPoint
                0x00000000000001ac                TA_InvokeCommandEntryPoint
 .text          0x00000000000004f4       0x1c /home/ssysarch/Desktop/nick/jetpack_5/Jetson_Linux_R35.4.1_aarch64/Linux_for_Tegra/sources/tegra/optee-src/nv-optee/optee/build/t234//early_ta/luks-srv/user_ta_header.o
                0x00000000000004f4                __ta_entry
                0x0000000000000508                tahead_get_trace_level
 .text          0x0000000000000510       0x30 /home/ssysarch/Desktop/nick/jetpack_5/Jetson_Linux_R35.4.1_aarch64/Linux_for_Tegra/sources/tegra/optee-src/nv-optee/optee/build/t234/export-ta_arm64/lib/libutils.a(stack_check.o)
                0x0000000000000510                __stack_chk_fail
 .text          0x0000000000000540       0x1c /home/ssysarch/Desktop/nick/jetpack_5/Jetson_Linux_R35.4.1_aarch64/Linux_for_Tegra/sources/tegra/optee-src/nv-optee/optee/build/t234/export-ta_arm64/lib/libutils.a(memset.o)
                0x0000000000000540                memset
 .text          0x000000000000055c       0x1c /home/ssysarch/Desktop/nick/jetpack_5/Jetson_Linux_R35.4.1_aarch64/Linux_for_Tegra/sources/tegra/optee-src/nv-optee/optee/build/t234/export-ta_arm64/lib/libutils.a(strlen.o)
                0x000000000000055c                strlen
 .text          0x0000000000000578      0x5cc /home/ssysarch/Desktop/nick/jetpack_5/Jetson_Linux_R35.4.1_aarch64/Linux_for_Tegra/sources/tegra/optee-src/nv-optee/optee/build/t234/export-ta_arm64/lib/libutils.a(trace.o)
                0x0000000000000684                trace_set_level
                0x00000000000006a0                trace_get_level
                0x00000000000006b0                trace_vprintf
                0x00000000000008cc                trace_printf
                0x00000000000009ac                dhex_dump
 .text          0x0000000000000b44      0xe10 /home/ssysarch/Desktop/nick/jetpack_5/Jetson_Linux_R35.4.1_aarch64/Linux_for_Tegra/sources/tegra/optee-src/nv-optee/optee/build/t234/export-ta_arm64/lib/libutils.a(snprintk.o)
                0x0000000000000b44                __vsnprintf
                0x0000000000000c04                vsnprintk
                0x0000000000000c5c                snprintk
                0x0000000000001908                __vsprintf
 .text          0x0000000000001954       0x2c /home/ssysarch/Desktop/nick/jetpack_5/Jetson_Linux_R35.4.1_aarch64/Linux_for_Tegra/sources/tegra/optee-src/nv-optee/optee/build/t234/export-ta_arm64/lib/libutils.a(memchr.o)
                0x0000000000001954                memchr
 .text          0x0000000000001980      0x1e0 /home/ssysarch/Desktop/nick/jetpack_5/Jetson_Linux_R35.4.1_aarch64/Linux_for_Tegra/sources/tegra/optee-src/nv-optee/optee/build/t234/export-ta_arm64/lib/libutee.a(trace_ext.o)
                0x0000000000001980                trace_ext_puts
                0x00000000000019a8                trace_ext_get_thread_id
                0x00000000000019b0                printf
                0x0000000000001ab0                puts
                0x0000000000001af0                putchar
 .text          0x0000000000001b60     0x10c0 /home/ssysarch/Desktop/nick/jetpack_5/Jetson_Linux_R35.4.1_aarch64/Linux_for_Tegra/sources/tegra/optee-src/nv-optee/optee/build/t234/export-ta_arm64/lib/libutee.a(tee_api.o)
                0x0000000000001f10                TEE_CloseTASession
                0x0000000000001f38                TEE_GetCancellationFlag
                0x0000000000001f98                TEE_UnmaskCancellation
                0x0000000000001ff8                TEE_MaskCancellation
                0x0000000000002058                TEE_CheckMemoryAccessRights
                0x000000000000227c                TEE_OpenTASession
                0x00000000000023d0                __GP11_TEE_OpenTASession
                0x0000000000002518                TEE_InvokeTACommand
                0x000000000000269c                __GP11_TEE_InvokeTACommand
                0x0000000000002814                __GP11_TEE_CheckMemoryAccessRights
                0x000000000000281c                TEE_SetInstanceData
                0x0000000000002828                TEE_GetInstanceData
                0x0000000000002834                TEE_MemMove
                0x0000000000002838                __GP11_TEE_MemMove
                0x0000000000002840                TEE_MemCompare
                0x0000000000002844                __GP11_TEE_MemCompare
                0x000000000000284c                TEE_MemFill
                0x0000000000002850                __GP11_TEE_MemFill
                0x0000000000002858                TEE_GetSystemTime
                0x0000000000002880                TEE_Wait
                0x00000000000028bc                TEE_GetTAPersistentTime
                0x0000000000002930                TEE_SetTAPersistentTime
                0x0000000000002974                TEE_GetREETime
                0x000000000000299c                TEE_Malloc
                0x0000000000002ac0                __GP11_TEE_Malloc
                0x0000000000002ac8                TEE_Free
                0x0000000000002b28                TEE_Realloc
                0x0000000000002c00                __GP11_TEE_Realloc
                0x0000000000002c08                TEE_CacheClean
                0x0000000000002c10                TEE_CacheFlush
                0x0000000000002c18                TEE_CacheInvalidate
 .text          0x0000000000002c20      0x2ec /home/ssysarch/Desktop/nick/jetpack_5/Jetson_Linux_R35.4.1_aarch64/Linux_for_Tegra/sources/tegra/optee-src/nv-optee/optee/build/t234/export-ta_arm64/lib/libutee.a(tee_api_panic.o)
                0x0000000000002c3c                TEE_Panic
                0x0000000000002c88                __utee_check_outbuf_annotation
                0x0000000000002cec                __utee_check_gp11_outbuf_annotation
                0x0000000000002d50                __utee_check_instring_annotation
                0x0000000000002d8c                __utee_check_outstring_annotation
                0x0000000000002df0                __utee_check_gp11_outstring_annotation
                0x0000000000002e54                __utee_check_out_annotation
                0x0000000000002e80                __utee_check_attr_in_annotation
                0x0000000000002eb0                __utee_check_gp11_attr_in_annotation
                0x0000000000002ee0                __utee_check_inout_annotation
 .text          0x0000000000002f0c      0x310 /home/ssysarch/Desktop/nick/jetpack_5/Jetson_Linux_R35.4.1_aarch64/Linux_for_Tegra/sources/tegra/optee-src/nv-optee/optee/build/t234/export-ta_arm64/lib/libutee.a(tee_system_pta.o)
                0x0000000000002f94                tee_map_zi
                0x0000000000003044                tee_unmap
                0x000000000000310c                tee_invoke_supp_plugin
 .text          0x000000000000321c      0x74c /home/ssysarch/Desktop/nick/jetpack_5/Jetson_Linux_R35.4.1_aarch64/Linux_for_Tegra/sources/tegra/optee-src/nv-optee/optee/build/t234/export-ta_arm64/lib/libutee.a(user_ta_entry.o)
                0x00000000000034e0                __utee_call_elf_init_fn
                0x0000000000003638                __utee_call_elf_fini_fn
                0x00000000000036e0                __utee_entry
 .text._utee_panic
                0x0000000000003968        0xc /home/ssysarch/Desktop/nick/jetpack_5/Jetson_Linux_R35.4.1_aarch64/Linux_for_Tegra/sources/tegra/optee-src/nv-optee/optee/build/t234/export-ta_arm64/lib/libutee.a(utee_syscalls_a64.o)
                0x0000000000003968                _utee_panic
 .text._utee_return
                0x0000000000003974        0xc /home/ssysarch/Desktop/nick/jetpack_5/Jetson_Linux_R35.4.1_aarch64/Linux_for_Tegra/sources/tegra/optee-src/nv-optee/optee/build/t234/export-ta_arm64/lib/libutee.a(utee_syscalls_a64.o)
                0x0000000000003974                _utee_return
 .text._utee_log
                0x0000000000003980        0xc /home/ssysarch/Desktop/nick/jetpack_5/Jetson_Linux_R35.4.1_aarch64/Linux_for_Tegra/sources/tegra/optee-src/nv-optee/optee/build/t234/export-ta_arm64/lib/libutee.a(utee_syscalls_a64.o)
                0x0000000000003980                _utee_log
 .text.__utee_panic
                0x000000000000398c        0xc /home/ssysarch/Desktop/nick/jetpack_5/Jetson_Linux_R35.4.1_aarch64/Linux_for_Tegra/sources/tegra/optee-src/nv-optee/optee/build/t234/export-ta_arm64/lib/libutee.a(utee_syscalls_a64.o)
                0x000000000000398c                __utee_panic
 .text._utee_get_property
                0x0000000000003998        0xc /home/ssysarch/Desktop/nick/jetpack_5/Jetson_Linux_R35.4.1_aarch64/Linux_for_Tegra/sources/tegra/optee-src/nv-optee/optee/build/t234/export-ta_arm64/lib/libutee.a(utee_syscalls_a64.o)
                0x0000000000003998                _utee_get_property
 .text._utee_get_property_name_to_index
                0x00000000000039a4        0xc /home/ssysarch/Desktop/nick/jetpack_5/Jetson_Linux_R35.4.1_aarch64/Linux_for_Tegra/sources/tegra/optee-src/nv-optee/optee/build/t234/export-ta_arm64/lib/libutee.a(utee_syscalls_a64.o)
                0x00000000000039a4                _utee_get_property_name_to_index
 .text._utee_open_ta_session
                0x00000000000039b0        0xc /home/ssysarch/Desktop/nick/jetpack_5/Jetson_Linux_R35.4.1_aarch64/Linux_for_Tegra/sources/tegra/optee-src/nv-optee/optee/build/t234/export-ta_arm64/lib/libutee.a(utee_syscalls_a64.o)
                0x00000000000039b0                _utee_open_ta_session
 .text._utee_close_ta_session
                0x00000000000039bc        0xc /home/ssysarch/Desktop/nick/jetpack_5/Jetson_Linux_R35.4.1_aarch64/Linux_for_Tegra/sources/tegra/optee-src/nv-optee/optee/build/t234/export-ta_arm64/lib/libutee.a(utee_syscalls_a64.o)
                0x00000000000039bc                _utee_close_ta_session
 .text._utee_invoke_ta_command
                0x00000000000039c8        0xc /home/ssysarch/Desktop/nick/jetpack_5/Jetson_Linux_R35.4.1_aarch64/Linux_for_Tegra/sources/tegra/optee-src/nv-optee/optee/build/t234/export-ta_arm64/lib/libutee.a(utee_syscalls_a64.o)
                0x00000000000039c8                _utee_invoke_ta_command
 .text._utee_get_cancellation_flag
                0x00000000000039d4        0xc /home/ssysarch/Desktop/nick/jetpack_5/Jetson_Linux_R35.4.1_aarch64/Linux_for_Tegra/sources/tegra/optee-src/nv-optee/optee/build/t234/export-ta_arm64/lib/libutee.a(utee_syscalls_a64.o)
                0x00000000000039d4                _utee_get_cancellation_flag
 .text._utee_check_access_rights
                0x00000000000039e0        0xc /home/ssysarch/Desktop/nick/jetpack_5/Jetson_Linux_R35.4.1_aarch64/Linux_for_Tegra/sources/tegra/optee-src/nv-optee/optee/build/t234/export-ta_arm64/lib/libutee.a(utee_syscalls_a64.o)
                0x00000000000039e0                _utee_check_access_rights
 .text._utee_unmask_cancellation
                0x00000000000039ec        0xc /home/ssysarch/Desktop/nick/jetpack_5/Jetson_Linux_R35.4.1_aarch64/Linux_for_Tegra/sources/tegra/optee-src/nv-optee/optee/build/t234/export-ta_arm64/lib/libutee.a(utee_syscalls_a64.o)
                0x00000000000039ec                _utee_unmask_cancellation
 .text._utee_mask_cancellation
                0x00000000000039f8        0xc /home/ssysarch/Desktop/nick/jetpack_5/Jetson_Linux_R35.4.1_aarch64/Linux_for_Tegra/sources/tegra/optee-src/nv-optee/optee/build/t234/export-ta_arm64/lib/libutee.a(utee_syscalls_a64.o)
                0x00000000000039f8                _utee_mask_cancellation
 .text._utee_wait
                0x0000000000003a04        0xc /home/ssysarch/Desktop/nick/jetpack_5/Jetson_Linux_R35.4.1_aarch64/Linux_for_Tegra/sources/tegra/optee-src/nv-optee/optee/build/t234/export-ta_arm64/lib/libutee.a(utee_syscalls_a64.o)
                0x0000000000003a04                _utee_wait
 .text._utee_get_time
                0x0000000000003a10        0xc /home/ssysarch/Desktop/nick/jetpack_5/Jetson_Linux_R35.4.1_aarch64/Linux_for_Tegra/sources/tegra/optee-src/nv-optee/optee/build/t234/export-ta_arm64/lib/libutee.a(utee_syscalls_a64.o)
                0x0000000000003a10                _utee_get_time
 .text._utee_set_ta_time
                0x0000000000003a1c        0xc /home/ssysarch/Desktop/nick/jetpack_5/Jetson_Linux_R35.4.1_aarch64/Linux_for_Tegra/sources/tegra/optee-src/nv-optee/optee/build/t234/export-ta_arm64/lib/libutee.a(utee_syscalls_a64.o)
                0x0000000000003a1c                _utee_set_ta_time
 .text._utee_cryp_state_alloc
                0x0000000000003a28        0xc /home/ssysarch/Desktop/nick/jetpack_5/Jetson_Linux_R35.4.1_aarch64/Linux_for_Tegra/sources/tegra/optee-src/nv-optee/optee/build/t234/export-ta_arm64/lib/libutee.a(utee_syscalls_a64.o)
                0x0000000000003a28                _utee_cryp_state_alloc
 .text._utee_cryp_state_copy
                0x0000000000003a34        0xc /home/ssysarch/Desktop/nick/jetpack_5/Jetson_Linux_R35.4.1_aarch64/Linux_for_Tegra/sources/tegra/optee-src/nv-optee/optee/build/t234/export-ta_arm64/lib/libutee.a(utee_syscalls_a64.o)
                0x0000000000003a34                _utee_cryp_state_copy
 .text._utee_cryp_state_free
                0x0000000000003a40        0xc /home/ssysarch/Desktop/nick/jetpack_5/Jetson_Linux_R35.4.1_aarch64/Linux_for_Tegra/sources/tegra/optee-src/nv-optee/optee/build/t234/export-ta_arm64/lib/libutee.a(utee_syscalls_a64.o)
                0x0000000000003a40                _utee_cryp_state_free
 .text._utee_hash_init
                0x0000000000003a4c        0xc /home/ssysarch/Desktop/nick/jetpack_5/Jetson_Linux_R35.4.1_aarch64/Linux_for_Tegra/sources/tegra/optee-src/nv-optee/optee/build/t234/export-ta_arm64/lib/libutee.a(utee_syscalls_a64.o)
                0x0000000000003a4c                _utee_hash_init
 .text._utee_hash_update
                0x0000000000003a58        0xc /home/ssysarch/Desktop/nick/jetpack_5/Jetson_Linux_R35.4.1_aarch64/Linux_for_Tegra/sources/tegra/optee-src/nv-optee/optee/build/t234/export-ta_arm64/lib/libutee.a(utee_syscalls_a64.o)
                0x0000000000003a58                _utee_hash_update
 .text._utee_hash_final
                0x0000000000003a64        0xc /home/ssysarch/Desktop/nick/jetpack_5/Jetson_Linux_R35.4.1_aarch64/Linux_for_Tegra/sources/tegra/optee-src/nv-optee/optee/build/t234/export-ta_arm64/lib/libutee.a(utee_syscalls_a64.o)
                0x0000000000003a64                _utee_hash_final
 .text._utee_cipher_init
                0x0000000000003a70        0xc /home/ssysarch/Desktop/nick/jetpack_5/Jetson_Linux_R35.4.1_aarch64/Linux_for_Tegra/sources/tegra/optee-src/nv-optee/optee/build/t234/export-ta_arm64/lib/libutee.a(utee_syscalls_a64.o)
                0x0000000000003a70                _utee_cipher_init
 .text._utee_cipher_update
                0x0000000000003a7c        0xc /home/ssysarch/Desktop/nick/jetpack_5/Jetson_Linux_R35.4.1_aarch64/Linux_for_Tegra/sources/tegra/optee-src/nv-optee/optee/build/t234/export-ta_arm64/lib/libutee.a(utee_syscalls_a64.o)
                0x0000000000003a7c                _utee_cipher_update
 .text._utee_cipher_final
                0x0000000000003a88        0xc /home/ssysarch/Desktop/nick/jetpack_5/Jetson_Linux_R35.4.1_aarch64/Linux_for_Tegra/sources/tegra/optee-src/nv-optee/optee/build/t234/export-ta_arm64/lib/libutee.a(utee_syscalls_a64.o)
                0x0000000000003a88                _utee_cipher_final
 .text._utee_cryp_obj_get_info
                0x0000000000003a94        0xc /home/ssysarch/Desktop/nick/jetpack_5/Jetson_Linux_R35.4.1_aarch64/Linux_for_Tegra/sources/tegra/optee-src/nv-optee/optee/build/t234/export-ta_arm64/lib/libutee.a(utee_syscalls_a64.o)
                0x0000000000003a94                _utee_cryp_obj_get_info
 .text._utee_cryp_obj_restrict_usage
                0x0000000000003aa0        0xc /home/ssysarch/Desktop/nick/jetpack_5/Jetson_Linux_R35.4.1_aarch64/Linux_for_Tegra/sources/tegra/optee-src/nv-optee/optee/build/t234/export-ta_arm64/lib/libutee.a(utee_syscalls_a64.o)
                0x0000000000003aa0                _utee_cryp_obj_restrict_usage
 .text._utee_cryp_obj_get_attr
                0x0000000000003aac        0xc /home/ssysarch/Desktop/nick/jetpack_5/Jetson_Linux_R35.4.1_aarch64/Linux_for_Tegra/sources/tegra/optee-src/nv-optee/optee/build/t234/export-ta_arm64/lib/libutee.a(utee_syscalls_a64.o)
                0x0000000000003aac                _utee_cryp_obj_get_attr
 .text._utee_cryp_obj_alloc
                0x0000000000003ab8        0xc /home/ssysarch/Desktop/nick/jetpack_5/Jetson_Linux_R35.4.1_aarch64/Linux_for_Tegra/sources/tegra/optee-src/nv-optee/optee/build/t234/export-ta_arm64/lib/libutee.a(utee_syscalls_a64.o)
                0x0000000000003ab8                _utee_cryp_obj_alloc
 .text._utee_cryp_obj_close
                0x0000000000003ac4        0xc /home/ssysarch/Desktop/nick/jetpack_5/Jetson_Linux_R35.4.1_aarch64/Linux_for_Tegra/sources/tegra/optee-src/nv-optee/optee/build/t234/export-ta_arm64/lib/libutee.a(utee_syscalls_a64.o)
                0x0000000000003ac4                _utee_cryp_obj_close
 .text._utee_cryp_obj_reset
                0x0000000000003ad0        0xc /home/ssysarch/Desktop/nick/jetpack_5/Jetson_Linux_R35.4.1_aarch64/Linux_for_Tegra/sources/tegra/optee-src/nv-optee/optee/build/t234/export-ta_arm64/lib/libutee.a(utee_syscalls_a64.o)
                0x0000000000003ad0                _utee_cryp_obj_reset
 .text._utee_cryp_obj_populate
                0x0000000000003adc        0xc /home/ssysarch/Desktop/nick/jetpack_5/Jetson_Linux_R35.4.1_aarch64/Linux_for_Tegra/sources/tegra/optee-src/nv-optee/optee/build/t234/export-ta_arm64/lib/libutee.a(utee_syscalls_a64.o)
                0x0000000000003adc                _utee_cryp_obj_populate
 .text._utee_cryp_obj_copy
                0x0000000000003ae8        0xc /home/ssysarch/Desktop/nick/jetpack_5/Jetson_Linux_R35.4.1_aarch64/Linux_for_Tegra/sources/tegra/optee-src/nv-optee/optee/build/t234/export-ta_arm64/lib/libutee.a(utee_syscalls_a64.o)
                0x0000000000003ae8                _utee_cryp_obj_copy
 .text._utee_cryp_derive_key
                0x0000000000003af4        0xc /home/ssysarch/Desktop/nick/jetpack_5/Jetson_Linux_R35.4.1_aarch64/Linux_for_Tegra/sources/tegra/optee-src/nv-optee/optee/build/t234/export-ta_arm64/lib/libutee.a(utee_syscalls_a64.o)
                0x0000000000003af4                _utee_cryp_derive_key
 .text._utee_cryp_random_number_generate
                0x0000000000003b00        0xc /home/ssysarch/Desktop/nick/jetpack_5/Jetson_Linux_R35.4.1_aarch64/Linux_for_Tegra/sources/tegra/optee-src/nv-optee/optee/build/t234/export-ta_arm64/lib/libutee.a(utee_syscalls_a64.o)
                0x0000000000003b00                _utee_cryp_random_number_generate
 .text._utee_authenc_init
                0x0000000000003b0c        0xc /home/ssysarch/Desktop/nick/jetpack_5/Jetson_Linux_R35.4.1_aarch64/Linux_for_Tegra/sources/tegra/optee-src/nv-optee/optee/build/t234/export-ta_arm64/lib/libutee.a(utee_syscalls_a64.o)
                0x0000000000003b0c                _utee_authenc_init
 .text._utee_authenc_update_aad
                0x0000000000003b18        0xc /home/ssysarch/Desktop/nick/jetpack_5/Jetson_Linux_R35.4.1_aarch64/Linux_for_Tegra/sources/tegra/optee-src/nv-optee/optee/build/t234/export-ta_arm64/lib/libutee.a(utee_syscalls_a64.o)
                0x0000000000003b18                _utee_authenc_update_aad
 .text._utee_authenc_update_payload
                0x0000000000003b24        0xc /home/ssysarch/Desktop/nick/jetpack_5/Jetson_Linux_R35.4.1_aarch64/Linux_for_Tegra/sources/tegra/optee-src/nv-optee/optee/build/t234/export-ta_arm64/lib/libutee.a(utee_syscalls_a64.o)
                0x0000000000003b24                _utee_authenc_update_payload
 .text._utee_authenc_enc_final
                0x0000000000003b30        0xc /home/ssysarch/Desktop/nick/jetpack_5/Jetson_Linux_R35.4.1_aarch64/Linux_for_Tegra/sources/tegra/optee-src/nv-optee/optee/build/t234/export-ta_arm64/lib/libutee.a(utee_syscalls_a64.o)
                0x0000000000003b30                _utee_authenc_enc_final
 .text._utee_authenc_dec_final
                0x0000000000003b3c        0xc /home/ssysarch/Desktop/nick/jetpack_5/Jetson_Linux_R35.4.1_aarch64/Linux_for_Tegra/sources/tegra/optee-src/nv-optee/optee/build/t234/export-ta_arm64/lib/libutee.a(utee_syscalls_a64.o)
                0x0000000000003b3c                _utee_authenc_dec_final
 .text._utee_asymm_operate
                0x0000000000003b48        0xc /home/ssysarch/Desktop/nick/jetpack_5/Jetson_Linux_R35.4.1_aarch64/Linux_for_Tegra/sources/tegra/optee-src/nv-optee/optee/build/t234/export-ta_arm64/lib/libutee.a(utee_syscalls_a64.o)
                0x0000000000003b48                _utee_asymm_operate
 .text._utee_asymm_verify
                0x0000000000003b54        0xc /home/ssysarch/Desktop/nick/jetpack_5/Jetson_Linux_R35.4.1_aarch64/Linux_for_Tegra/sources/tegra/optee-src/nv-optee/optee/build/t234/export-ta_arm64/lib/libutee.a(utee_syscalls_a64.o)
                0x0000000000003b54                _utee_asymm_verify
 .text._utee_storage_obj_open
                0x0000000000003b60        0xc /home/ssysarch/Desktop/nick/jetpack_5/Jetson_Linux_R35.4.1_aarch64/Linux_for_Tegra/sources/tegra/optee-src/nv-optee/optee/build/t234/export-ta_arm64/lib/libutee.a(utee_syscalls_a64.o)
                0x0000000000003b60                _utee_storage_obj_open
 .text._utee_storage_obj_create
                0x0000000000003b6c        0xc /home/ssysarch/Desktop/nick/jetpack_5/Jetson_Linux_R35.4.1_aarch64/Linux_for_Tegra/sources/tegra/optee-src/nv-optee/optee/build/t234/export-ta_arm64/lib/libutee.a(utee_syscalls_a64.o)
                0x0000000000003b6c                _utee_storage_obj_create
 .text._utee_storage_obj_del
                0x0000000000003b78        0xc /home/ssysarch/Desktop/nick/jetpack_5/Jetson_Linux_R35.4.1_aarch64/Linux_for_Tegra/sources/tegra/optee-src/nv-optee/optee/build/t234/export-ta_arm64/lib/libutee.a(utee_syscalls_a64.o)
                0x0000000000003b78                _utee_storage_obj_del
 .text._utee_storage_obj_rename
                0x0000000000003b84        0xc /home/ssysarch/Desktop/nick/jetpack_5/Jetson_Linux_R35.4.1_aarch64/Linux_for_Tegra/sources/tegra/optee-src/nv-optee/optee/build/t234/export-ta_arm64/lib/libutee.a(utee_syscalls_a64.o)
                0x0000000000003b84                _utee_storage_obj_rename
 .text._utee_storage_alloc_enum
                0x0000000000003b90        0xc /home/ssysarch/Desktop/nick/jetpack_5/Jetson_Linux_R35.4.1_aarch64/Linux_for_Tegra/sources/tegra/optee-src/nv-optee/optee/build/t234/export-ta_arm64/lib/libutee.a(utee_syscalls_a64.o)
                0x0000000000003b90                _utee_storage_alloc_enum
 .text._utee_storage_free_enum
                0x0000000000003b9c        0xc /home/ssysarch/Desktop/nick/jetpack_5/Jetson_Linux_R35.4.1_aarch64/Linux_for_Tegra/sources/tegra/optee-src/nv-optee/optee/build/t234/export-ta_arm64/lib/libutee.a(utee_syscalls_a64.o)
                0x0000000000003b9c                _utee_storage_free_enum
 .text._utee_storage_reset_enum
                0x0000000000003ba8        0xc /home/ssysarch/Desktop/nick/jetpack_5/Jetson_Linux_R35.4.1_aarch64/Linux_for_Tegra/sources/tegra/optee-src/nv-optee/optee/build/t234/export-ta_arm64/lib/libutee.a(utee_syscalls_a64.o)
                0x0000000000003ba8                _utee_storage_reset_enum
 .text._utee_storage_start_enum
                0x0000000000003bb4        0xc /home/ssysarch/Desktop/nick/jetpack_5/Jetson_Linux_R35.4.1_aarch64/Linux_for_Tegra/sources/tegra/optee-src/nv-optee/optee/build/t234/export-ta_arm64/lib/libutee.a(utee_syscalls_a64.o)
                0x0000000000003bb4                _utee_storage_start_enum
 .text._utee_storage_next_enum
                0x0000000000003bc0        0xc /home/ssysarch/Desktop/nick/jetpack_5/Jetson_Linux_R35.4.1_aarch64/Linux_for_Tegra/sources/tegra/optee-src/nv-optee/optee/build/t234/export-ta_arm64/lib/libutee.a(utee_syscalls_a64.o)
                0x0000000000003bc0                _utee_storage_next_enum
 .text._utee_storage_obj_read
                0x0000000000003bcc        0xc /home/ssysarch/Desktop/nick/jetpack_5/Jetson_Linux_R35.4.1_aarch64/Linux_for_Tegra/sources/tegra/optee-src/nv-optee/optee/build/t234/export-ta_arm64/lib/libutee.a(utee_syscalls_a64.o)
                0x0000000000003bcc                _utee_storage_obj_read
 .text._utee_storage_obj_write
                0x0000000000003bd8        0xc /home/ssysarch/Desktop/nick/jetpack_5/Jetson_Linux_R35.4.1_aarch64/Linux_for_Tegra/sources/tegra/optee-src/nv-optee/optee/build/t234/export-ta_arm64/lib/libutee.a(utee_syscalls_a64.o)
                0x0000000000003bd8                _utee_storage_obj_write
 .text._utee_storage_obj_trunc
                0x0000000000003be4        0xc /home/ssysarch/Desktop/nick/jetpack_5/Jetson_Linux_R35.4.1_aarch64/Linux_for_Tegra/sources/tegra/optee-src/nv-optee/optee/build/t234/export-ta_arm64/lib/libutee.a(utee_syscalls_a64.o)
                0x0000000000003be4                _utee_storage_obj_trunc
 .text._utee_storage_obj_seek
                0x0000000000003bf0        0xc /home/ssysarch/Desktop/nick/jetpack_5/Jetson_Linux_R35.4.1_aarch64/Linux_for_Tegra/sources/tegra/optee-src/nv-optee/optee/build/t234/export-ta_arm64/lib/libutee.a(utee_syscalls_a64.o)
                0x0000000000003bf0                _utee_storage_obj_seek
 .text._utee_cryp_obj_generate_key
                0x0000000000003bfc        0xc /home/ssysarch/Desktop/nick/jetpack_5/Jetson_Linux_R35.4.1_aarch64/Linux_for_Tegra/sources/tegra/optee-src/nv-optee/optee/build/t234/export-ta_arm64/lib/libutee.a(utee_syscalls_a64.o)
                0x0000000000003bfc                _utee_cryp_obj_generate_key
 .text._utee_cache_operation
                0x0000000000003c08        0xc /home/ssysarch/Desktop/nick/jetpack_5/Jetson_Linux_R35.4.1_aarch64/Linux_for_Tegra/sources/tegra/optee-src/nv-optee/optee/build/t234/export-ta_arm64/lib/libutee.a(utee_syscalls_a64.o)
                0x0000000000003c08                _utee_cache_operation
 .text.unlikely
                0x0000000000003c14       0x20 /home/ssysarch/Desktop/nick/jetpack_5/Jetson_Linux_R35.4.1_aarch64/Linux_for_Tegra/sources/tegra/optee-src/nv-optee/optee/build/t234/export-ta_arm64/lib/libutee.a(abort.o)
                0x0000000000003c14                abort
 .text          0x0000000000003c34     0x212c /home/ssysarch/Desktop/nick/jetpack_5/Jetson_Linux_R35.4.1_aarch64/Linux_for_Tegra/sources/tegra/optee-src/nv-optee/optee/build/t234/export-ta_arm64/lib/libutee.a(tee_api_arith_mpi.o)
                0x0000000000004498                _TEE_MathAPI_Init
                0x00000000000044e8                TEE_BigIntInit
                0x0000000000004548                __GP11_TEE_BigIntInit
                0x0000000000004550                TEE_BigIntConvertFromOctetString
                0x0000000000004618                __GP11_TEE_BigIntConvertFromOctetString
                0x0000000000004620                TEE_BigIntConvertToOctetString
                0x00000000000046e8                __GP11_TEE_BigIntConvertToOctetString
                0x0000000000004748                TEE_BigIntConvertFromS32
                0x00000000000047f8                TEE_BigIntConvertToS32
                0x00000000000048b4                TEE_BigIntCmp
                0x0000000000004948                TEE_BigIntCmpS32
                0x0000000000004b94                TEE_BigIntShiftRight
                0x0000000000004d34                __GP11_TEE_BigIntShiftRight
                0x0000000000004d3c                TEE_BigIntGetBit
                0x0000000000004dbc                TEE_BigIntGetBitCount
                0x0000000000004e30                TEE_BigIntSetBit
                0x0000000000004ee0                TEE_BigIntAssign
                0x0000000000004f30                TEE_BigIntAbs
                0x0000000000004f5c                TEE_BigIntAdd
                0x0000000000004f68                TEE_BigIntSub
                0x0000000000004f74                TEE_BigIntNeg
                0x0000000000005058                TEE_BigIntMul
                0x000000000000516c                TEE_BigIntSquare
                0x0000000000005174                TEE_BigIntDiv
                0x0000000000005328                TEE_BigIntMod
                0x0000000000005394                TEE_BigIntAddMod
                0x00000000000053a0                TEE_BigIntSubMod
                0x00000000000053ac                TEE_BigIntMulMod
                0x00000000000053b8                TEE_BigIntSquareMod
                0x00000000000053c4                TEE_BigIntInvMod
                0x0000000000005514                TEE_BigIntRelativePrime
                0x000000000000561c                TEE_BigIntExpMod
                0x00000000000057f0                TEE_BigIntComputeExtendedGcd
                0x0000000000005a58                TEE_BigIntIsProbablePrime
                0x0000000000005adc                TEE_BigIntInitFMM
                0x0000000000005ae0                __GP11_TEE_BigIntInitFMM
                0x0000000000005ae8                TEE_BigIntInitFMMContext
                0x0000000000005aec                __GP11_TEE_BigIntInitFMMContext
                0x0000000000005af4                TEE_BigIntInitFMMContext1
                0x0000000000005afc                TEE_BigIntFMMSizeInU32
                0x0000000000005b0c                __GP11_TEE_BigIntFMMSizeInU32
                0x0000000000005b24                TEE_BigIntFMMContextSizeInU32
                0x0000000000005b2c                __GP11_TEE_BigIntFMMContextSizeInU32
                0x0000000000005b44                TEE_BigIntConvertToFMM
                0x0000000000005b48                TEE_BigIntConvertFromFMM
                0x0000000000005c18                TEE_BigIntComputeFMM
 .text          0x0000000000005d60      0xf78 /home/ssysarch/Desktop/nick/jetpack_5/Jetson_Linux_R35.4.1_aarch64/Linux_for_Tegra/sources/tegra/optee-src/nv-optee/optee/build/t234/export-ta_arm64/lib/libutee.a(tee_api_property.o)
                0x00000000000060f0                TEE_GetPropertyAsString
                0x000000000000634c                __GP11_TEE_GetPropertyAsString
                0x00000000000063e4                TEE_GetPropertyAsBool
                0x00000000000064bc                TEE_GetPropertyAsU32
                0x00000000000065a4                TEE_GetPropertyAsU64
                0x000000000000668c                __GP11_TEE_GetPropertyAsBinaryBlock
                0x0000000000006778                TEE_GetPropertyAsBinaryBlock
                0x0000000000006810                TEE_GetPropertyAsUUID
                0x00000000000068f8                TEE_GetPropertyAsIdentity
                0x00000000000069e0                TEE_ResetPropertyEnumerator
                0x00000000000069ec                TEE_AllocatePropertyEnumerator
                0x0000000000006a34                TEE_FreePropertyEnumerator
                0x0000000000006a38                TEE_StartPropertyEnumerator
                0x0000000000006a48                __GP11_TEE_GetPropertyName
                0x0000000000006b70                TEE_GetPropertyName
                0x0000000000006bf8                TEE_GetNextProperty
 .text          0x0000000000006cd8      0x34c /home/ssysarch/Desktop/nick/jetpack_5/Jetson_Linux_R35.4.1_aarch64/Linux_for_Tegra/sources/tegra/optee-src/nv-optee/optee/build/t234/export-ta_arm64/lib/libutee.a(tcb.o)
                0x0000000000006cd8                __utee_tcb_init
                0x0000000000006f18                __tls_get_addr
                0x0000000000006f34                dl_iterate_phdr
 .text          0x0000000000007024       0x58 /home/ssysarch/Desktop/nick/jetpack_5/Jetson_Linux_R35.4.1_aarch64/Linux_for_Tegra/sources/tegra/optee-src/nv-optee/optee/build/t234/export-ta_arm64/lib/libutee.a(assert.o)
                0x0000000000007024                _assert_log
                0x0000000000007068                _assert_break
 .text          0x000000000000707c      0x258 /home/ssysarch/Desktop/nick/jetpack_5/Jetson_Linux_R35.4.1_aarch64/Linux_for_Tegra/sources/tegra/optee-src/nv-optee/optee/build/t234/export-ta_arm64/lib/libutee.a(base64.o)
                0x000000000000707c                _base64_enc_len
                0x0000000000007094                _base64_enc
                0x00000000000071b0                _base64_dec
 .text          0x00000000000072d4     0x4190 /home/ssysarch/Desktop/nick/jetpack_5/Jetson_Linux_R35.4.1_aarch64/Linux_for_Tegra/sources/tegra/optee-src/nv-optee/optee/build/t234/export-ta_arm64/lib/libmbedtls.a(bignum.o)
                0x0000000000007aa8                mbedtls_mpi_init
                0x0000000000007ab8                mbedtls_mpi_init_mempool
                0x0000000000007ae0                mbedtls_mpi_free
                0x0000000000007b4c                mbedtls_mpi_grow
                0x0000000000007ca0                mbedtls_mpi_shrink
                0x0000000000007dc0                mbedtls_mpi_copy
                0x0000000000007e8c                mbedtls_mpi_swap
                0x0000000000007f14                mbedtls_mpi_lset
                0x0000000000007f7c                mbedtls_mpi_get_bit
                0x0000000000007fa8                mbedtls_mpi_set_bit
                0x0000000000008034                mbedtls_mpi_lsb
                0x0000000000008088                mbedtls_mpi_bitlen
                0x00000000000080e4                mbedtls_mpi_size
                0x0000000000008100                mbedtls_mpi_read_binary_le
                0x0000000000008178                mbedtls_mpi_read_binary
                0x00000000000081fc                mbedtls_mpi_write_binary_le
                0x00000000000082b4                mbedtls_mpi_write_binary
                0x0000000000008378                mbedtls_mpi_shift_l
                0x0000000000008488                mbedtls_mpi_shift_r
                0x0000000000008548                mbedtls_mpi_cmp_abs
                0x00000000000085e4                mbedtls_mpi_cmp_mpi
                0x00000000000086b8                mbedtls_mpi_cmp_int
                0x000000000000872c                mbedtls_mpi_add_abs
                0x000000000000884c                mbedtls_mpi_sub_abs
                0x00000000000089a8                mbedtls_mpi_add_mpi
                0x0000000000008a30                mbedtls_mpi_sub_mpi
                0x0000000000008abc                mbedtls_mpi_add_int
                0x0000000000008b30                mbedtls_mpi_sub_int
                0x0000000000008ba4                mbedtls_mpi_mul_mpi
                0x0000000000008d50                mbedtls_mpi_mul_int
                0x0000000000008df8                mbedtls_mpi_read_string
                0x0000000000009004                mbedtls_mpi_div_mpi
                0x0000000000009538                mbedtls_mpi_div_int
                0x00000000000095ac                mbedtls_mpi_mod_mpi
                0x0000000000009660                mbedtls_mpi_mod_int
                0x00000000000096fc                mbedtls_mpi_write_string
                0x0000000000009a30                mbedtls_mpi_montg_init
                0x0000000000009a38                mbedtls_mpi_montmul
                0x0000000000009a40                mbedtls_mpi_montred
                0x0000000000009a44                mbedtls_mpi_exp_mod
                0x000000000000a110                mbedtls_mpi_gcd
                0x000000000000a2e8                mbedtls_mpi_fill_random
                0x000000000000a5f4                mbedtls_mpi_random
                0x000000000000a7ac                mbedtls_mpi_inv_mod
                0x000000000000ac04                mbedtls_mpi_is_prime_ext
                0x000000000000ace0                mbedtls_mpi_is_prime
                0x000000000000acf0                mbedtls_mpi_gen_prime
                0x000000000000b03c                mbedtls_mpi_self_test
 .text          0x000000000000b464      0x7c0 /home/ssysarch/Desktop/nick/jetpack_5/Jetson_Linux_R35.4.1_aarch64/Linux_for_Tegra/sources/tegra/optee-src/nv-optee/optee/build/t234/export-ta_arm64/lib/libmbedtls.a(constant_time.o)
                0x000000000000b484                mbedtls_ct_memcmp
                0x000000000000b4cc                mbedtls_ct_uint_mask
                0x000000000000b4dc                mbedtls_ct_mpi_uint_mask
                0x000000000000b4ec                mbedtls_ct_size_bool_eq
                0x000000000000b504                mbedtls_ct_mpi_uint_lt
                0x000000000000b520                mbedtls_ct_uint_if
                0x000000000000b550                mbedtls_ct_mpi_uint_cond_assign
                0x000000000000b58c                mbedtls_ct_base64_enc_char
                0x000000000000b63c                mbedtls_ct_base64_dec_value
                0x000000000000b6f8                mbedtls_mpi_safe_cond_assign
                0x000000000000b7b4                mbedtls_mpi_safe_cond_swap
                0x000000000000b8b0                mbedtls_mpi_lt_mpi_ct
                0x000000000000b9a8                mbedtls_ct_rsaes_pkcs1_v15_unpadding
 .text          0x000000000000bc24       0x20 /home/ssysarch/Desktop/nick/jetpack_5/Jetson_Linux_R35.4.1_aarch64/Linux_for_Tegra/sources/tegra/optee-src/nv-optee/optee/build/t234/export-ta_arm64/lib/libmbedtls.a(platform_util.o)
                0x000000000000bc24                mbedtls_platform_zeroize
 .text          0x000000000000bc44      0xf3c /home/ssysarch/Desktop/nick/jetpack_5/Jetson_Linux_R35.4.1_aarch64/Linux_for_Tegra/sources/tegra/optee-src/nv-optee/optee/build/t234/export-ta_arm64/lib/libutils.a(bget_malloc.o)
                0x000000000000bcb4                bget
                0x000000000000bf98                bgetz
                0x000000000000c020                brel
                0x000000000000c2e4                bgetr
                0x000000000000c3b4                bpool
                0x000000000000c484                bstats
                0x000000000000c518                malloc_reset_stats
                0x000000000000c530                raw_memalign
                0x000000000000c5b4                raw_malloc
                0x000000000000c5c4                raw_free
                0x000000000000c5d4                raw_calloc
                0x000000000000c644                raw_realloc
                0x000000000000c738                malloc
                0x000000000000c750                calloc
                0x000000000000c76c                realloc
                0x000000000000c784                memalign
                0x000000000000c7a0                aligned_alloc
                0x000000000000c7b8                free
                0x000000000000c7c8                free_wipe
                0x000000000000c7d8                raw_malloc_get_ctx_size
                0x000000000000c7e0                raw_malloc_init_ctx
                0x000000000000c80c                raw_malloc_add_pool
                0x000000000000c928                raw_malloc_buffer_overlaps_heap
                0x000000000000c9a8                raw_malloc_buffer_is_within_alloced
                0x000000000000caf8                raw_malloc_get_stats
                0x000000000000cb34                malloc_get_stats
                0x000000000000cb44                malloc_add_pool
                0x000000000000cb58                malloc_buffer_is_within_alloced
                0x000000000000cb6c                malloc_buffer_overlaps_heap
 .text          0x000000000000cb80      0x128 /home/ssysarch/Desktop/nick/jetpack_5/Jetson_Linux_R35.4.1_aarch64/Linux_for_Tegra/sources/tegra/optee-src/nv-optee/optee/build/t234/export-ta_arm64/lib/libutils.a(snprintf.o)
                0x000000000000cb80                snprintf
                0x000000000000cc50                vsnprintf
 .text          0x000000000000cca8       0x5c /home/ssysarch/Desktop/nick/jetpack_5/Jetson_Linux_R35.4.1_aarch64/Linux_for_Tegra/sources/tegra/optee-src/nv-optee/optee/build/t234/export-ta_arm64/lib/libutils.a(memmove.o)
                0x000000000000cca8                memmove
 .text          0x000000000000cd04       0x24 /home/ssysarch/Desktop/nick/jetpack_5/Jetson_Linux_R35.4.1_aarch64/Linux_for_Tegra/sources/tegra/optee-src/nv-optee/optee/build/t234/export-ta_arm64/lib/libutils.a(strcmp.o)
                0x000000000000cd04                strcmp
 .text          0x000000000000cd28       0x58 /home/ssysarch/Desktop/nick/jetpack_5/Jetson_Linux_R35.4.1_aarch64/Linux_for_Tegra/sources/tegra/optee-src/nv-optee/optee/build/t234/export-ta_arm64/lib/libutils.a(strlcpy.o)
                0x000000000000cd28                strlcpy
 .text          0x000000000000cd80      0x190 /home/ssysarch/Desktop/nick/jetpack_5/Jetson_Linux_R35.4.1_aarch64/Linux_for_Tegra/sources/tegra/optee-src/nv-optee/optee/build/t234/export-ta_arm64/lib/libutils.a(mempool.o)
                0x000000000000cd80                mempool_alloc_pool
                0x000000000000ce48                mempool_alloc
                0x000000000000ceac                mempool_calloc
                0x000000000000cefc                mempool_free
 .text          0x000000000000cf10       0x70 /home/ssysarch/Desktop/nick/jetpack_5/Jetson_Linux_R35.4.1_aarch64/Linux_for_Tegra/sources/tegra/optee-src/nv-optee/optee/build/t234/export-ta_arm64/lib/libutils.a(consttime_memcmp.o)
                0x000000000000cf10                consttime_memcmp
 .text          0x000000000000cf80        0x0 /home/ssysarch/Desktop/nick/jetpack_5/Jetson_Linux_R35.4.1_aarch64/Linux_for_Tegra/sources/tegra/optee-src/nv-optee/optee/build/t234/export-ta_arm64/lib/libutee.a(utee_syscalls_a64.o)
 .text          0x000000000000cf80        0x0 /home/ssysarch/Desktop/nick/jetpack_5/Jetson_Linux_R35.4.1_aarch64/Linux_for_Tegra/sources/tegra/optee-src/nv-optee/optee/build/t234/export-ta_arm64/lib/libutee.a(abort.o)
 *(SORT_BY_ALIGNMENT(.stub))
 *(SORT_BY_ALIGNMENT(.glue_7))
 *(SORT_BY_ALIGNMENT(.glue_7t))
 *(SORT_BY_ALIGNMENT(.gnu.linkonce.t.*))
 *(SORT_BY_ALIGNMENT(.vfp11_veneer))
                0x000000000000cf80                __text_end = .

.note.gnu.property
 *(SORT_BY_ALIGNMENT(.note.gnu.property))

.plt            0x000000000000cf80        0x0
 *(SORT_BY_ALIGNMENT(.plt))
 .plt           0x000000000000cf80        0x0 /home/ssysarch/Desktop/nick/jetpack_5/Jetson_Linux_R35.4.1_aarch64/Linux_for_Tegra/sources/tegra/optee-src/nv-optee/optee/build/t234//early_ta/luks-srv/luks_srv_ta.o

.eh_frame_hdr
 *(SORT_BY_ALIGNMENT(.eh_frame_hdr))
 *(SORT_BY_ALIGNMENT(.eh_frame_entry) SORT_BY_ALIGNMENT(.eh_frame_entry.*))

.eh_frame       0x000000000000cf80     0x29a4
 *(SORT_BY_ALIGNMENT(.eh_frame))
 .eh_frame      0x000000000000cf80       0xd8 /home/ssysarch/Desktop/nick/jetpack_5/Jetson_Linux_R35.4.1_aarch64/Linux_for_Tegra/sources/tegra/optee-src/nv-optee/optee/build/t234//early_ta/luks-srv/luks_srv_ta.o
 .eh_frame      0x000000000000d058       0x30 /home/ssysarch/Desktop/nick/jetpack_5/Jetson_Linux_R35.4.1_aarch64/Linux_for_Tegra/sources/tegra/optee-src/nv-optee/optee/build/t234//early_ta/luks-srv/user_ta_header.o
                                         0x40 (size before relaxing)
 .eh_frame      0x000000000000d088       0x18 /home/ssysarch/Desktop/nick/jetpack_5/Jetson_Linux_R35.4.1_aarch64/Linux_for_Tegra/sources/tegra/optee-src/nv-optee/optee/build/t234/export-ta_arm64/lib/libutils.a(stack_check.o)
                                         0x30 (size before relaxing)
 .eh_frame      0x000000000000d0a0       0x18 /home/ssysarch/Desktop/nick/jetpack_5/Jetson_Linux_R35.4.1_aarch64/Linux_for_Tegra/sources/tegra/optee-src/nv-optee/optee/build/t234/export-ta_arm64/lib/libutils.a(memcpy.o)
                                         0x28 (size before relaxing)
 .eh_frame      0x000000000000d0b8       0x18 /home/ssysarch/Desktop/nick/jetpack_5/Jetson_Linux_R35.4.1_aarch64/Linux_for_Tegra/sources/tegra/optee-src/nv-optee/optee/build/t234/export-ta_arm64/lib/libutils.a(memset.o)
                                         0x28 (size before relaxing)
 .eh_frame      0x000000000000d0d0       0x18 /home/ssysarch/Desktop/nick/jetpack_5/Jetson_Linux_R35.4.1_aarch64/Linux_for_Tegra/sources/tegra/optee-src/nv-optee/optee/build/t234/export-ta_arm64/lib/libutils.a(strlen.o)
                                         0x28 (size before relaxing)
 .eh_frame      0x000000000000d0e8      0x110 /home/ssysarch/Desktop/nick/jetpack_5/Jetson_Linux_R35.4.1_aarch64/Linux_for_Tegra/sources/tegra/optee-src/nv-optee/optee/build/t234/export-ta_arm64/lib/libutils.a(trace.o)
                                        0x120 (size before relaxing)
 .eh_frame      0x000000000000d1f8       0xf0 /home/ssysarch/Desktop/nick/jetpack_5/Jetson_Linux_R35.4.1_aarch64/Linux_for_Tegra/sources/tegra/optee-src/nv-optee/optee/build/t234/export-ta_arm64/lib/libutils.a(snprintk.o)
                                        0x100 (size before relaxing)
 .eh_frame      0x000000000000d2e8       0x18 /home/ssysarch/Desktop/nick/jetpack_5/Jetson_Linux_R35.4.1_aarch64/Linux_for_Tegra/sources/tegra/optee-src/nv-optee/optee/build/t234/export-ta_arm64/lib/libutils.a(memchr.o)
                                         0x28 (size before relaxing)
 .eh_frame      0x000000000000d300       0xa8 /home/ssysarch/Desktop/nick/jetpack_5/Jetson_Linux_R35.4.1_aarch64/Linux_for_Tegra/sources/tegra/optee-src/nv-optee/optee/build/t234/export-ta_arm64/lib/libutee.a(trace_ext.o)
                                         0xc0 (size before relaxing)
 .eh_frame      0x000000000000d3a8      0x588 /home/ssysarch/Desktop/nick/jetpack_5/Jetson_Linux_R35.4.1_aarch64/Linux_for_Tegra/sources/tegra/optee-src/nv-optee/optee/build/t234/export-ta_arm64/lib/libutee.a(tee_api.o)
                                        0x5a0 (size before relaxing)
 .eh_frame      0x000000000000d930      0x190 /home/ssysarch/Desktop/nick/jetpack_5/Jetson_Linux_R35.4.1_aarch64/Linux_for_Tegra/sources/tegra/optee-src/nv-optee/optee/build/t234/export-ta_arm64/lib/libutee.a(tee_api_panic.o)
                                        0x1a0 (size before relaxing)
 .eh_frame      0x000000000000dac0       0xc0 /home/ssysarch/Desktop/nick/jetpack_5/Jetson_Linux_R35.4.1_aarch64/Linux_for_Tegra/sources/tegra/optee-src/nv-optee/optee/build/t234/export-ta_arm64/lib/libutee.a(tee_system_pta.o)
                                         0xd0 (size before relaxing)
 .eh_frame      0x000000000000db80      0x150 /home/ssysarch/Desktop/nick/jetpack_5/Jetson_Linux_R35.4.1_aarch64/Linux_for_Tegra/sources/tegra/optee-src/nv-optee/optee/build/t234/export-ta_arm64/lib/libutee.a(user_ta_entry.o)
                                        0x168 (size before relaxing)
 .eh_frame      0x000000000000dcd0       0x18 /home/ssysarch/Desktop/nick/jetpack_5/Jetson_Linux_R35.4.1_aarch64/Linux_for_Tegra/sources/tegra/optee-src/nv-optee/optee/build/t234/export-ta_arm64/lib/libutee.a(abort.o)
                                         0x30 (size before relaxing)
 .eh_frame      0x000000000000dce8      0x7d0 /home/ssysarch/Desktop/nick/jetpack_5/Jetson_Linux_R35.4.1_aarch64/Linux_for_Tegra/sources/tegra/optee-src/nv-optee/optee/build/t234/export-ta_arm64/lib/libutee.a(tee_api_arith_mpi.o)
                                        0x7e0 (size before relaxing)
 .eh_frame      0x000000000000e4b8      0x2f8 /home/ssysarch/Desktop/nick/jetpack_5/Jetson_Linux_R35.4.1_aarch64/Linux_for_Tegra/sources/tegra/optee-src/nv-optee/optee/build/t234/export-ta_arm64/lib/libutee.a(tee_api_property.o)
                                        0x308 (size before relaxing)
 .eh_frame      0x000000000000e7b0       0x90 /home/ssysarch/Desktop/nick/jetpack_5/Jetson_Linux_R35.4.1_aarch64/Linux_for_Tegra/sources/tegra/optee-src/nv-optee/optee/build/t234/export-ta_arm64/lib/libutee.a(tcb.o)
                                         0xa8 (size before relaxing)
 .eh_frame      0x000000000000e840       0x38 /home/ssysarch/Desktop/nick/jetpack_5/Jetson_Linux_R35.4.1_aarch64/Linux_for_Tegra/sources/tegra/optee-src/nv-optee/optee/build/t234/export-ta_arm64/lib/libutee.a(assert.o)
                                         0x50 (size before relaxing)
 .eh_frame      0x000000000000e878       0x58 /home/ssysarch/Desktop/nick/jetpack_5/Jetson_Linux_R35.4.1_aarch64/Linux_for_Tegra/sources/tegra/optee-src/nv-optee/optee/build/t234/export-ta_arm64/lib/libutee.a(base64.o)
                                         0x70 (size before relaxing)
 .eh_frame      0x000000000000e8d0      0x988 /home/ssysarch/Desktop/nick/jetpack_5/Jetson_Linux_R35.4.1_aarch64/Linux_for_Tegra/sources/tegra/optee-src/nv-optee/optee/build/t234/export-ta_arm64/lib/libmbedtls.a(bignum.o)
                                        0x9a0 (size before relaxing)
 .eh_frame      0x000000000000f258      0x1e0 /home/ssysarch/Desktop/nick/jetpack_5/Jetson_Linux_R35.4.1_aarch64/Linux_for_Tegra/sources/tegra/optee-src/nv-optee/optee/build/t234/export-ta_arm64/lib/libmbedtls.a(constant_time.o)
                                        0x1f8 (size before relaxing)
 .eh_frame      0x000000000000f438       0x18 /home/ssysarch/Desktop/nick/jetpack_5/Jetson_Linux_R35.4.1_aarch64/Linux_for_Tegra/sources/tegra/optee-src/nv-optee/optee/build/t234/export-ta_arm64/lib/libmbedtls.a(platform_util.o)
                                         0x28 (size before relaxing)
 .eh_frame      0x000000000000f450      0x390 /home/ssysarch/Desktop/nick/jetpack_5/Jetson_Linux_R35.4.1_aarch64/Linux_for_Tegra/sources/tegra/optee-src/nv-optee/optee/build/t234/export-ta_arm64/lib/libutils.a(bget_malloc.o)
                                        0x3a8 (size before relaxing)
 .eh_frame      0x000000000000f7e0       0x58 /home/ssysarch/Desktop/nick/jetpack_5/Jetson_Linux_R35.4.1_aarch64/Linux_for_Tegra/sources/tegra/optee-src/nv-optee/optee/build/t234/export-ta_arm64/lib/libutils.a(snprintf.o)
                                         0x68 (size before relaxing)
 .eh_frame      0x000000000000f838       0x18 /home/ssysarch/Desktop/nick/jetpack_5/Jetson_Linux_R35.4.1_aarch64/Linux_for_Tegra/sources/tegra/optee-src/nv-optee/optee/build/t234/export-ta_arm64/lib/libutils.a(memmove.o)
                                         0x28 (size before relaxing)
 .eh_frame      0x000000000000f850       0x18 /home/ssysarch/Desktop/nick/jetpack_5/Jetson_Linux_R35.4.1_aarch64/Linux_for_Tegra/sources/tegra/optee-src/nv-optee/optee/build/t234/export-ta_arm64/lib/libutils.a(strcmp.o)
                                         0x28 (size before relaxing)
 .eh_frame      0x000000000000f868       0x18 /home/ssysarch/Desktop/nick/jetpack_5/Jetson_Linux_R35.4.1_aarch64/Linux_for_Tegra/sources/tegra/optee-src/nv-optee/optee/build/t234/export-ta_arm64/lib/libutils.a(strlcpy.o)
                                         0x28 (size before relaxing)
 .eh_frame      0x000000000000f880       0x88 /home/ssysarch/Desktop/nick/jetpack_5/Jetson_Linux_R35.4.1_aarch64/Linux_for_Tegra/sources/tegra/optee-src/nv-optee/optee/build/t234/export-ta_arm64/lib/libutils.a(mempool.o)
                                         0xa0 (size before relaxing)
 .eh_frame      0x000000000000f908       0x1c /home/ssysarch/Desktop/nick/jetpack_5/Jetson_Linux_R35.4.1_aarch64/Linux_for_Tegra/sources/tegra/optee-src/nv-optee/optee/build/t234/export-ta_arm64/lib/libutils.a(consttime_memcmp.o)
                                         0x30 (size before relaxing)
 *(SORT_BY_ALIGNMENT(.eh_frame.*))

.gcc_except_table
 *(SORT_BY_ALIGNMENT(.gcc_except_table) SORT_BY_ALIGNMENT(.gcc_except_table.*))

.rodata         0x000000000000f928     0x1343
 *(SORT_BY_ALIGNMENT(.gnu.linkonce.r.*))
 *(SORT_BY_ALIGNMENT(.rodata) SORT_BY_ALIGNMENT(.rodata.*))
 .rodata.user_ta_header.c
                0x000000000000f928       0x33 /home/ssysarch/Desktop/nick/jetpack_5/Jetson_Linux_R35.4.1_aarch64/Linux_for_Tegra/sources/tegra/optee-src/nv-optee/optee/build/t234//early_ta/luks-srv/user_ta_header.o
                0x000000000000f928                ta_num_props
                0x000000000000f948                __ta_no_share_heap_size
                0x000000000000f950                ta_heap_size
                0x000000000000f958                trace_ext_prefix
 *fill*         0x000000000000f95b        0x5 
 .rodata.lib/libutee/tee_api.c
                0x000000000000f960       0x20 /home/ssysarch/Desktop/nick/jetpack_5/Jetson_Linux_R35.4.1_aarch64/Linux_for_Tegra/sources/tegra/optee-src/nv-optee/optee/build/t234/export-ta_arm64/lib/libutee.a(tee_api.o)
 .rodata.luks_srv_ta.c
                0x000000000000f980       0x10 /home/ssysarch/Desktop/nick/jetpack_5/Jetson_Linux_R35.4.1_aarch64/Linux_for_Tegra/sources/tegra/optee-src/nv-optee/optee/build/t234//early_ta/luks-srv/luks_srv_ta.o
 .rodata.lib/libutils/ext/snprintk.c
                0x000000000000f990       0xac /home/ssysarch/Desktop/nick/jetpack_5/Jetson_Linux_R35.4.1_aarch64/Linux_for_Tegra/sources/tegra/optee-src/nv-optee/optee/build/t234/export-ta_arm64/lib/libutils.a(snprintk.o)
 .rodata.lib/libutee/tee_system_pta.c
                0x000000000000fa3c       0x31 /home/ssysarch/Desktop/nick/jetpack_5/Jetson_Linux_R35.4.1_aarch64/Linux_for_Tegra/sources/tegra/optee-src/nv-optee/optee/build/t234/export-ta_arm64/lib/libutee.a(tee_system_pta.o)
 *fill*         0x000000000000fa6d        0x3 
 .rodata.lib/libutee/tee_api_property.c
                0x000000000000fa70       0x20 /home/ssysarch/Desktop/nick/jetpack_5/Jetson_Linux_R35.4.1_aarch64/Linux_for_Tegra/sources/tegra/optee-src/nv-optee/optee/build/t234/export-ta_arm64/lib/libutee.a(tee_api_property.o)
 .rodata.lib/libutee/base64.c
                0x000000000000fa90       0x45 /home/ssysarch/Desktop/nick/jetpack_5/Jetson_Linux_R35.4.1_aarch64/Linux_for_Tegra/sources/tegra/optee-src/nv-optee/optee/build/t234/export-ta_arm64/lib/libutee.a(base64.o)
 *fill*         0x000000000000fad5        0x3 
 .rodata.lib/libmbedtls/mbedtls/library/bignum.c
                0x000000000000fad8      0x2c4 /home/ssysarch/Desktop/nick/jetpack_5/Jetson_Linux_R35.4.1_aarch64/Linux_for_Tegra/sources/tegra/optee-src/nv-optee/optee/build/t234/export-ta_arm64/lib/libmbedtls.a(bignum.o)
 .rodata.str1.1.luks_srv_ta.c
                0x000000000000fd9c       0x48 /home/ssysarch/Desktop/nick/jetpack_5/Jetson_Linux_R35.4.1_aarch64/Linux_for_Tegra/sources/tegra/optee-src/nv-optee/optee/build/t234//early_ta/luks-srv/luks_srv_ta.o
 .rodata.str1.1.user_ta_header.c
                0x000000000000fde4       0xe5 /home/ssysarch/Desktop/nick/jetpack_5/Jetson_Linux_R35.4.1_aarch64/Linux_for_Tegra/sources/tegra/optee-src/nv-optee/optee/build/t234//early_ta/luks-srv/user_ta_header.o
 .rodata.str1.1.lib/libutils/isoc/stack_check.c
                0x000000000000fec9       0x18 /home/ssysarch/Desktop/nick/jetpack_5/Jetson_Linux_R35.4.1_aarch64/Linux_for_Tegra/sources/tegra/optee-src/nv-optee/optee/build/t234/export-ta_arm64/lib/libutils.a(stack_check.o)
 .rodata.str1.1.lib/libutils/ext/trace.c
                0x000000000000fee1       0x3a /home/ssysarch/Desktop/nick/jetpack_5/Jetson_Linux_R35.4.1_aarch64/Linux_for_Tegra/sources/tegra/optee-src/nv-optee/optee/build/t234/export-ta_arm64/lib/libutils.a(trace.o)
                                         0x3d (size before relaxing)
 .rodata.lib/libutils/ext/trace.c
                0x000000000000ff1b        0xf /home/ssysarch/Desktop/nick/jetpack_5/Jetson_Linux_R35.4.1_aarch64/Linux_for_Tegra/sources/tegra/optee-src/nv-optee/optee/build/t234/export-ta_arm64/lib/libutils.a(trace.o)
 .rodata.str1.1.lib/libutils/ext/snprintk.c
                0x000000000000ff2a       0x38 /home/ssysarch/Desktop/nick/jetpack_5/Jetson_Linux_R35.4.1_aarch64/Linux_for_Tegra/sources/tegra/optee-src/nv-optee/optee/build/t234/export-ta_arm64/lib/libutils.a(snprintk.o)
 .rodata.str1.1.lib/libutee/trace_ext.c
                0x000000000000ff62       0x38 /home/ssysarch/Desktop/nick/jetpack_5/Jetson_Linux_R35.4.1_aarch64/Linux_for_Tegra/sources/tegra/optee-src/nv-optee/optee/build/t234/export-ta_arm64/lib/libutee.a(trace_ext.o)
                                          0x2 (size before relaxing)
 .rodata.str1.1.lib/libutee/tee_api.c
                0x000000000000ff62       0x11 /home/ssysarch/Desktop/nick/jetpack_5/Jetson_Linux_R35.4.1_aarch64/Linux_for_Tegra/sources/tegra/optee-src/nv-optee/optee/build/t234/export-ta_arm64/lib/libutee.a(tee_api.o)
 .rodata.str1.1.lib/libutee/tee_api_panic.c
                0x000000000000ff73       0x6b /home/ssysarch/Desktop/nick/jetpack_5/Jetson_Linux_R35.4.1_aarch64/Linux_for_Tegra/sources/tegra/optee-src/nv-optee/optee/build/t234/export-ta_arm64/lib/libutee.a(tee_api_panic.o)
 .rodata.lib/libutee/tee_api_panic.c
                0x000000000000ffde        0xa /home/ssysarch/Desktop/nick/jetpack_5/Jetson_Linux_R35.4.1_aarch64/Linux_for_Tegra/sources/tegra/optee-src/nv-optee/optee/build/t234/export-ta_arm64/lib/libutee.a(tee_api_panic.o)
 .rodata.str1.1.lib/libutee/tee_system_pta.c
                0x000000000000ffe8       0x55 /home/ssysarch/Desktop/nick/jetpack_5/Jetson_Linux_R35.4.1_aarch64/Linux_for_Tegra/sources/tegra/optee-src/nv-optee/optee/build/t234/export-ta_arm64/lib/libutee.a(tee_system_pta.o)
 .rodata.str1.1.lib/libutee/user_ta_entry.c
                0x000000000001003d       0x4f /home/ssysarch/Desktop/nick/jetpack_5/Jetson_Linux_R35.4.1_aarch64/Linux_for_Tegra/sources/tegra/optee-src/nv-optee/optee/build/t234/export-ta_arm64/lib/libutee.a(user_ta_entry.o)
 .rodata.lib/libutee/user_ta_entry.c
                0x000000000001008c       0x16 /home/ssysarch/Desktop/nick/jetpack_5/Jetson_Linux_R35.4.1_aarch64/Linux_for_Tegra/sources/tegra/optee-src/nv-optee/optee/build/t234/export-ta_arm64/lib/libutee.a(user_ta_entry.o)
 .rodata.str1.1.lib/libutee/abort.c
                0x00000000000100a2        0x7 /home/ssysarch/Desktop/nick/jetpack_5/Jetson_Linux_R35.4.1_aarch64/Linux_for_Tegra/sources/tegra/optee-src/nv-optee/optee/build/t234/export-ta_arm64/lib/libutee.a(abort.o)
 .rodata.str1.1.lib/libutee/tee_api_arith_mpi.c
                0x00000000000100a9       0xc9 /home/ssysarch/Desktop/nick/jetpack_5/Jetson_Linux_R35.4.1_aarch64/Linux_for_Tegra/sources/tegra/optee-src/nv-optee/optee/build/t234/export-ta_arm64/lib/libutee.a(tee_api_arith_mpi.o)
 .rodata.lib/libutee/tee_api_arith_mpi.c
                0x0000000000010172      0x14e /home/ssysarch/Desktop/nick/jetpack_5/Jetson_Linux_R35.4.1_aarch64/Linux_for_Tegra/sources/tegra/optee-src/nv-optee/optee/build/t234/export-ta_arm64/lib/libutee.a(tee_api_arith_mpi.o)
 .rodata.str1.1.lib/libutee/tee_api_property.c
                0x00000000000102c0       0x83 /home/ssysarch/Desktop/nick/jetpack_5/Jetson_Linux_R35.4.1_aarch64/Linux_for_Tegra/sources/tegra/optee-src/nv-optee/optee/build/t234/export-ta_arm64/lib/libutee.a(tee_api_property.o)
                                         0x88 (size before relaxing)
 .rodata.str1.1.lib/libutee/tcb.c
                0x0000000000010343       0x8d /home/ssysarch/Desktop/nick/jetpack_5/Jetson_Linux_R35.4.1_aarch64/Linux_for_Tegra/sources/tegra/optee-src/nv-optee/optee/build/t234/export-ta_arm64/lib/libutee.a(tcb.o)
 .rodata.lib/libutee/tcb.c
                0x00000000000103d0       0x20 /home/ssysarch/Desktop/nick/jetpack_5/Jetson_Linux_R35.4.1_aarch64/Linux_for_Tegra/sources/tegra/optee-src/nv-optee/optee/build/t234/export-ta_arm64/lib/libutee.a(tcb.o)
 .rodata.str1.1.lib/libutee/assert.c
                0x00000000000103f0       0x27 /home/ssysarch/Desktop/nick/jetpack_5/Jetson_Linux_R35.4.1_aarch64/Linux_for_Tegra/sources/tegra/optee-src/nv-optee/optee/build/t234/export-ta_arm64/lib/libutee.a(assert.o)
 .rodata.str1.1.lib/libmbedtls/mbedtls/library/bignum.c
                0x0000000000010417      0x456 /home/ssysarch/Desktop/nick/jetpack_5/Jetson_Linux_R35.4.1_aarch64/Linux_for_Tegra/sources/tegra/optee-src/nv-optee/optee/build/t234/export-ta_arm64/lib/libmbedtls.a(bignum.o)
                                        0x45d (size before relaxing)
 .rodata.str1.1.lib/libutils/isoc/bget_malloc.c
                0x000000000001086d      0x2f1 /home/ssysarch/Desktop/nick/jetpack_5/Jetson_Linux_R35.4.1_aarch64/Linux_for_Tegra/sources/tegra/optee-src/nv-optee/optee/build/t234/export-ta_arm64/lib/libutils.a(bget_malloc.o)
                                        0x2fa (size before relaxing)
 .rodata.lib/libutils/isoc/bget_malloc.c
                0x0000000000010b5e       0x58 /home/ssysarch/Desktop/nick/jetpack_5/Jetson_Linux_R35.4.1_aarch64/Linux_for_Tegra/sources/tegra/optee-src/nv-optee/optee/build/t234/export-ta_arm64/lib/libutils.a(bget_malloc.o)
 .rodata.str1.1.lib/libutils/ext/mempool.c
                0x0000000000010bb6       0x89 /home/ssysarch/Desktop/nick/jetpack_5/Jetson_Linux_R35.4.1_aarch64/Linux_for_Tegra/sources/tegra/optee-src/nv-optee/optee/build/t234/export-ta_arm64/lib/libutils.a(mempool.o)
 .rodata.lib/libutils/ext/mempool.c
                0x0000000000010c3f       0x2c /home/ssysarch/Desktop/nick/jetpack_5/Jetson_Linux_R35.4.1_aarch64/Linux_for_Tegra/sources/tegra/optee-src/nv-optee/optee/build/t234/export-ta_arm64/lib/libutils.a(mempool.o)

.gnu.version_d  0x0000000000010c70        0x0
 .gnu.version_d
                0x0000000000010c70        0x0 /home/ssysarch/Desktop/nick/jetpack_5/Jetson_Linux_R35.4.1_aarch64/Linux_for_Tegra/sources/tegra/optee-src/nv-optee/optee/build/t234//early_ta/luks-srv/luks_srv_ta.o

.gnu.version    0x0000000000010c6c        0x0
 .gnu.version   0x0000000000010c6c        0x0 /home/ssysarch/Desktop/nick/jetpack_5/Jetson_Linux_R35.4.1_aarch64/Linux_for_Tegra/sources/tegra/optee-src/nv-optee/optee/build/t234//early_ta/luks-srv/luks_srv_ta.o

.gnu.version_r  0x0000000000010c70        0x0
 .gnu.version_r
                0x0000000000010c70        0x0 /home/ssysarch/Desktop/nick/jetpack_5/Jetson_Linux_R35.4.1_aarch64/Linux_for_Tegra/sources/tegra/optee-src/nv-optee/optee/build/t234//early_ta/luks-srv/luks_srv_ta.o

.gnu.hash       0x0000000000010c70       0x30
 .gnu.hash      0x0000000000010c70       0x30 /home/ssysarch/Desktop/nick/jetpack_5/Jetson_Linux_R35.4.1_aarch64/Linux_for_Tegra/sources/tegra/optee-src/nv-optee/optee/build/t234//early_ta/luks-srv/luks_srv_ta.o

.ARM.extab
 *(SORT_BY_ALIGNMENT(.ARM.extab*) SORT_BY_ALIGNMENT(.gnu.linkonce.armextab.*))
                [!provide]                        PROVIDE (__exidx_start = .)

.ARM.exidx
 *(SORT_BY_ALIGNMENT(.ARM.exidx*) SORT_BY_ALIGNMENT(.gnu.linkonce.armexidx.*))
                [!provide]                        PROVIDE (__exidx_end = .)

.ctors
 *(SORT_BY_ALIGNMENT(.ctors))

.dtors
 *(SORT_BY_ALIGNMENT(.dtors))

.dynsym         0x0000000000010ca0       0x90
 *(SORT_BY_ALIGNMENT(.dynsym))
 .dynsym        0x0000000000010ca0       0x90 /home/ssysarch/Desktop/nick/jetpack_5/Jetson_Linux_R35.4.1_aarch64/Linux_for_Tegra/sources/tegra/optee-src/nv-optee/optee/build/t234//early_ta/luks-srv/luks_srv_ta.o

.dynstr         0x0000000000010d30       0x2e
 *(SORT_BY_ALIGNMENT(.dynstr))
 .dynstr        0x0000000000010d30       0x2e /home/ssysarch/Desktop/nick/jetpack_5/Jetson_Linux_R35.4.1_aarch64/Linux_for_Tegra/sources/tegra/optee-src/nv-optee/optee/build/t234//early_ta/luks-srv/luks_srv_ta.o

.hash           0x0000000000010d60       0x2c
 *(SORT_BY_ALIGNMENT(.hash))
 .hash          0x0000000000010d60       0x2c /home/ssysarch/Desktop/nick/jetpack_5/Jetson_Linux_R35.4.1_aarch64/Linux_for_Tegra/sources/tegra/optee-src/nv-optee/optee/build/t234//early_ta/luks-srv/luks_srv_ta.o

.rela.dyn       0x0000000000010d90      0x2e8
 .rela.data.rel.ro
                0x0000000000010d90        0x0 /home/ssysarch/Desktop/nick/jetpack_5/Jetson_Linux_R35.4.1_aarch64/Linux_for_Tegra/sources/tegra/optee-src/nv-optee/optee/build/t234//early_ta/luks-srv/luks_srv_ta.o
 .rela.ifunc    0x0000000000010d90        0x0 /home/ssysarch/Desktop/nick/jetpack_5/Jetson_Linux_R35.4.1_aarch64/Linux_for_Tegra/sources/tegra/optee-src/nv-optee/optee/build/t234//early_ta/luks-srv/luks_srv_ta.o
 .rela.data.rel.ro.local
                0x0000000000010d90      0x270 /home/ssysarch/Desktop/nick/jetpack_5/Jetson_Linux_R35.4.1_aarch64/Linux_for_Tegra/sources/tegra/optee-src/nv-optee/optee/build/t234//early_ta/luks-srv/luks_srv_ta.o
 .rela.data.rel.local
                0x0000000000011000       0x60 /home/ssysarch/Desktop/nick/jetpack_5/Jetson_Linux_R35.4.1_aarch64/Linux_for_Tegra/sources/tegra/optee-src/nv-optee/optee/build/t234//early_ta/luks-srv/luks_srv_ta.o
 .rela.data.rel
                0x0000000000011060       0x18 /home/ssysarch/Desktop/nick/jetpack_5/Jetson_Linux_R35.4.1_aarch64/Linux_for_Tegra/sources/tegra/optee-src/nv-optee/optee/build/t234//early_ta/luks-srv/luks_srv_ta.o
                0x0000000000012000                . = ALIGN (0x1000)

.dynamic        0x0000000000012000      0x110
 *(SORT_BY_ALIGNMENT(.dynamic))
 .dynamic       0x0000000000012000      0x110 /home/ssysarch/Desktop/nick/jetpack_5/Jetson_Linux_R35.4.1_aarch64/Linux_for_Tegra/sources/tegra/optee-src/nv-optee/optee/build/t234//early_ta/luks-srv/luks_srv_ta.o
                0x0000000000012000                _DYNAMIC

.tdata
 *(SORT_BY_ALIGNMENT(.tdata) SORT_BY_ALIGNMENT(.tdata.*) SORT_BY_ALIGNMENT(.gnu.linkonce.td.*))

.tbss
 *(SORT_BY_ALIGNMENT(.tbss) SORT_BY_ALIGNMENT(.tbss.*) SORT_BY_ALIGNMENT(.gnu.linkonce.tb.*))
 *(SORT_BY_ALIGNMENT(.tcommon))

.got            0x0000000000012110       0xc0
 *(SORT_BY_ALIGNMENT(.got.plt))
 .got.plt       0x0000000000012110       0x18 /home/ssysarch/Desktop/nick/jetpack_5/Jetson_Linux_R35.4.1_aarch64/Linux_for_Tegra/sources/tegra/optee-src/nv-optee/optee/build/t234//early_ta/luks-srv/luks_srv_ta.o
 *(SORT_BY_ALIGNMENT(.got))
 .got           0x0000000000012128       0xa8 /home/ssysarch/Desktop/nick/jetpack_5/Jetson_Linux_R35.4.1_aarch64/Linux_for_Tegra/sources/tegra/optee-src/nv-optee/optee/build/t234//early_ta/luks-srv/luks_srv_ta.o
                0x0000000000012128                _GLOBAL_OFFSET_TABLE_

.rel.text
 *(SORT_BY_ALIGNMENT(.rel.text))
 *(SORT_BY_ALIGNMENT(.rel.gnu.linkonce.t*))

.rela.text
 *(SORT_BY_ALIGNMENT(.rela.text))
 *(SORT_BY_ALIGNMENT(.rela.gnu.linkonce.t*))

.rel.data
 *(SORT_BY_ALIGNMENT(.rel.data))
 *(SORT_BY_ALIGNMENT(.rel.gnu.linkonce.d*))

.rela.data
 *(SORT_BY_ALIGNMENT(.rela.data))
 *(SORT_BY_ALIGNMENT(.rela.gnu.linkonce.d*))

.rel.tdata
 *(SORT_BY_ALIGNMENT(.rel.tdata) SORT_BY_ALIGNMENT(.rel.tdata.*) SORT_BY_ALIGNMENT(.rel.gnu.linkonce.td.*))

.rela.tdata
 *(SORT_BY_ALIGNMENT(.rela.tdata) SORT_BY_ALIGNMENT(.rela.tdata.*) SORT_BY_ALIGNMENT(.rela.gnu.linkonce.td.*))

.rel.tbss
 *(SORT_BY_ALIGNMENT(.rel.tbss) SORT_BY_ALIGNMENT(.rel.tbss.*) SORT_BY_ALIGNMENT(.rel.gnu.linkonce.tb.*))

.rela.tbss
 *(SORT_BY_ALIGNMENT(.rela.tbss) SORT_BY_ALIGNMENT(.rela.tbss.*) SORT_BY_ALIGNMENT(.rela.gnu.linkonce.tb.*))

.rel.rodata
 *(SORT_BY_ALIGNMENT(.rel.rodata))
 *(SORT_BY_ALIGNMENT(.rel.gnu.linkonce.r*))

.rela.rodata
 *(SORT_BY_ALIGNMENT(.rela.rodata))
 *(SORT_BY_ALIGNMENT(.rela.gnu.linkonce.r*))

.rel.dyn
 *(SORT_BY_ALIGNMENT(.rel.dyn))

.rel.got
 *(SORT_BY_ALIGNMENT(.rel.got))

.rela.got       0x00000000000121d0      0x1e0
 *(SORT_BY_ALIGNMENT(.rela.got))
 .rela.got      0x00000000000121d0      0x1e0 /home/ssysarch/Desktop/nick/jetpack_5/Jetson_Linux_R35.4.1_aarch64/Linux_for_Tegra/sources/tegra/optee-src/nv-optee/optee/build/t234//early_ta/luks-srv/luks_srv_ta.o

.rel.ctors
 *(SORT_BY_ALIGNMENT(.rel.ctors))

.rela.ctors
 *(SORT_BY_ALIGNMENT(.rela.ctors))

.rel.dtors
 *(SORT_BY_ALIGNMENT(.rel.dtors))

.rela.dtors
 *(SORT_BY_ALIGNMENT(.rela.dtors))

.rel.init
 *(SORT_BY_ALIGNMENT(.rel.init))

.rela.init
 *(SORT_BY_ALIGNMENT(.rela.init))

.rel.fini
 *(SORT_BY_ALIGNMENT(.rel.fini))

.rela.fini
 *(SORT_BY_ALIGNMENT(.rela.fini))

.rel.bss
 *(SORT_BY_ALIGNMENT(.rel.bss))

.rela.bss       0x00000000000123b0        0x0
 *(SORT_BY_ALIGNMENT(.rela.bss))
 .rela.bss      0x00000000000123b0        0x0 /home/ssysarch/Desktop/nick/jetpack_5/Jetson_Linux_R35.4.1_aarch64/Linux_for_Tegra/sources/tegra/optee-src/nv-optee/optee/build/t234//early_ta/luks-srv/luks_srv_ta.o

.rel.plt
 *(SORT_BY_ALIGNMENT(.rel.plt))

.rela.plt       0x00000000000123b0        0x0
 *(SORT_BY_ALIGNMENT(.rela.plt))
 .rela.plt      0x00000000000123b0        0x0 /home/ssysarch/Desktop/nick/jetpack_5/Jetson_Linux_R35.4.1_aarch64/Linux_for_Tegra/sources/tegra/optee-src/nv-optee/optee/build/t234//early_ta/luks-srv/luks_srv_ta.o

.data           0x00000000000123b0      0x1ec
 *(SORT_BY_ALIGNMENT(.data) SORT_BY_ALIGNMENT(.data.*) SORT_BY_ALIGNMENT(.gnu.linkonce.d.*))
 .data.rel.ro.local
                0x00000000000123b0       0xd8 /home/ssysarch/Desktop/nick/jetpack_5/Jetson_Linux_R35.4.1_aarch64/Linux_for_Tegra/sources/tegra/optee-src/nv-optee/optee/build/t234//early_ta/luks-srv/user_ta_header.o
                0x00000000000123b0                ta_props
 .data          0x0000000000012488        0x8 /home/ssysarch/Desktop/nick/jetpack_5/Jetson_Linux_R35.4.1_aarch64/Linux_for_Tegra/sources/tegra/optee-src/nv-optee/optee/build/t234/export-ta_arm64/lib/libutils.a(stack_check.o)
                0x0000000000012488                __stack_chk_guard
 .data.rel.local
                0x0000000000012490       0x20 /home/ssysarch/Desktop/nick/jetpack_5/Jetson_Linux_R35.4.1_aarch64/Linux_for_Tegra/sources/tegra/optee-src/nv-optee/optee/build/t234/export-ta_arm64/lib/libutee.a(user_ta_entry.o)
 .data.rel.ro.local
                0x00000000000124b0       0x60 /home/ssysarch/Desktop/nick/jetpack_5/Jetson_Linux_R35.4.1_aarch64/Linux_for_Tegra/sources/tegra/optee-src/nv-optee/optee/build/t234/export-ta_arm64/lib/libutee.a(tee_api_property.o)
                0x00000000000124b0                tee_props
 .data.rel      0x0000000000012510        0x8 /home/ssysarch/Desktop/nick/jetpack_5/Jetson_Linux_R35.4.1_aarch64/Linux_for_Tegra/sources/tegra/optee-src/nv-optee/optee/build/t234/export-ta_arm64/lib/libmbedtls.a(platform_util.o)
 .data.rel.local
                0x0000000000012518       0x80 /home/ssysarch/Desktop/nick/jetpack_5/Jetson_Linux_R35.4.1_aarch64/Linux_for_Tegra/sources/tegra/optee-src/nv-optee/optee/build/t234/export-ta_arm64/lib/libutils.a(bget_malloc.o)
 .data          0x0000000000012598        0x4 /home/ssysarch/Desktop/nick/jetpack_5/Jetson_Linux_R35.4.1_aarch64/Linux_for_Tegra/sources/tegra/optee-src/nv-optee/optee/build/t234//early_ta/luks-srv/user_ta_header.o
                0x0000000000012598                trace_level
 .data          0x000000000001259c        0x0 /home/ssysarch/Desktop/nick/jetpack_5/Jetson_Linux_R35.4.1_aarch64/Linux_for_Tegra/sources/tegra/optee-src/nv-optee/optee/build/t234//early_ta/luks-srv/luks_srv_ta.o
 .data.rel.ro   0x000000000001259c        0x0 /home/ssysarch/Desktop/nick/jetpack_5/Jetson_Linux_R35.4.1_aarch64/Linux_for_Tegra/sources/tegra/optee-src/nv-optee/optee/build/t234//early_ta/luks-srv/luks_srv_ta.o
 .data          0x000000000001259c        0x0 /home/ssysarch/Desktop/nick/jetpack_5/Jetson_Linux_R35.4.1_aarch64/Linux_for_Tegra/sources/tegra/optee-src/nv-optee/optee/build/t234/export-ta_arm64/lib/libutils.a(memcpy.o)
 .data          0x000000000001259c        0x0 /home/ssysarch/Desktop/nick/jetpack_5/Jetson_Linux_R35.4.1_aarch64/Linux_for_Tegra/sources/tegra/optee-src/nv-optee/optee/build/t234/export-ta_arm64/lib/libutils.a(memset.o)
 .data          0x000000000001259c        0x0 /home/ssysarch/Desktop/nick/jetpack_5/Jetson_Linux_R35.4.1_aarch64/Linux_for_Tegra/sources/tegra/optee-src/nv-optee/optee/build/t234/export-ta_arm64/lib/libutils.a(strlen.o)
 .data          0x000000000001259c        0x0 /home/ssysarch/Desktop/nick/jetpack_5/Jetson_Linux_R35.4.1_aarch64/Linux_for_Tegra/sources/tegra/optee-src/nv-optee/optee/build/t234/export-ta_arm64/lib/libutils.a(trace.o)
 .data          0x000000000001259c        0x0 /home/ssysarch/Desktop/nick/jetpack_5/Jetson_Linux_R35.4.1_aarch64/Linux_for_Tegra/sources/tegra/optee-src/nv-optee/optee/build/t234/export-ta_arm64/lib/libutils.a(snprintk.o)
 .data          0x000000000001259c        0x0 /home/ssysarch/Desktop/nick/jetpack_5/Jetson_Linux_R35.4.1_aarch64/Linux_for_Tegra/sources/tegra/optee-src/nv-optee/optee/build/t234/export-ta_arm64/lib/libutils.a(memchr.o)
 .data          0x000000000001259c        0x0 /home/ssysarch/Desktop/nick/jetpack_5/Jetson_Linux_R35.4.1_aarch64/Linux_for_Tegra/sources/tegra/optee-src/nv-optee/optee/build/t234/export-ta_arm64/lib/libutee.a(trace_ext.o)
 .data          0x000000000001259c        0x0 /home/ssysarch/Desktop/nick/jetpack_5/Jetson_Linux_R35.4.1_aarch64/Linux_for_Tegra/sources/tegra/optee-src/nv-optee/optee/build/t234/export-ta_arm64/lib/libutee.a(tee_api.o)
 .data          0x000000000001259c        0x0 /home/ssysarch/Desktop/nick/jetpack_5/Jetson_Linux_R35.4.1_aarch64/Linux_for_Tegra/sources/tegra/optee-src/nv-optee/optee/build/t234/export-ta_arm64/lib/libutee.a(tee_api_panic.o)
 .data          0x000000000001259c        0x0 /home/ssysarch/Desktop/nick/jetpack_5/Jetson_Linux_R35.4.1_aarch64/Linux_for_Tegra/sources/tegra/optee-src/nv-optee/optee/build/t234/export-ta_arm64/lib/libutee.a(tee_system_pta.o)
 .data          0x000000000001259c        0x0 /home/ssysarch/Desktop/nick/jetpack_5/Jetson_Linux_R35.4.1_aarch64/Linux_for_Tegra/sources/tegra/optee-src/nv-optee/optee/build/t234/export-ta_arm64/lib/libutee.a(user_ta_entry.o)
 .data          0x000000000001259c        0x0 /home/ssysarch/Desktop/nick/jetpack_5/Jetson_Linux_R35.4.1_aarch64/Linux_for_Tegra/sources/tegra/optee-src/nv-optee/optee/build/t234/export-ta_arm64/lib/libutee.a(utee_syscalls_a64.o)
 .data          0x000000000001259c        0x0 /home/ssysarch/Desktop/nick/jetpack_5/Jetson_Linux_R35.4.1_aarch64/Linux_for_Tegra/sources/tegra/optee-src/nv-optee/optee/build/t234/export-ta_arm64/lib/libutee.a(abort.o)
 .data          0x000000000001259c        0x0 /home/ssysarch/Desktop/nick/jetpack_5/Jetson_Linux_R35.4.1_aarch64/Linux_for_Tegra/sources/tegra/optee-src/nv-optee/optee/build/t234/export-ta_arm64/lib/libutee.a(tee_api_arith_mpi.o)
 .data          0x000000000001259c        0x0 /home/ssysarch/Desktop/nick/jetpack_5/Jetson_Linux_R35.4.1_aarch64/Linux_for_Tegra/sources/tegra/optee-src/nv-optee/optee/build/t234/export-ta_arm64/lib/libutee.a(tee_api_property.o)
 .data          0x000000000001259c        0x0 /home/ssysarch/Desktop/nick/jetpack_5/Jetson_Linux_R35.4.1_aarch64/Linux_for_Tegra/sources/tegra/optee-src/nv-optee/optee/build/t234/export-ta_arm64/lib/libutee.a(tcb.o)
 .data          0x000000000001259c        0x0 /home/ssysarch/Desktop/nick/jetpack_5/Jetson_Linux_R35.4.1_aarch64/Linux_for_Tegra/sources/tegra/optee-src/nv-optee/optee/build/t234/export-ta_arm64/lib/libutee.a(assert.o)
 .data          0x000000000001259c        0x0 /home/ssysarch/Desktop/nick/jetpack_5/Jetson_Linux_R35.4.1_aarch64/Linux_for_Tegra/sources/tegra/optee-src/nv-optee/optee/build/t234/export-ta_arm64/lib/libutee.a(base64.o)
 .data          0x000000000001259c        0x0 /home/ssysarch/Desktop/nick/jetpack_5/Jetson_Linux_R35.4.1_aarch64/Linux_for_Tegra/sources/tegra/optee-src/nv-optee/optee/build/t234/export-ta_arm64/lib/libmbedtls.a(bignum.o)
 .data          0x000000000001259c        0x0 /home/ssysarch/Desktop/nick/jetpack_5/Jetson_Linux_R35.4.1_aarch64/Linux_for_Tegra/sources/tegra/optee-src/nv-optee/optee/build/t234/export-ta_arm64/lib/libmbedtls.a(constant_time.o)
 .data          0x000000000001259c        0x0 /home/ssysarch/Desktop/nick/jetpack_5/Jetson_Linux_R35.4.1_aarch64/Linux_for_Tegra/sources/tegra/optee-src/nv-optee/optee/build/t234/export-ta_arm64/lib/libmbedtls.a(platform_util.o)
 .data          0x000000000001259c        0x0 /home/ssysarch/Desktop/nick/jetpack_5/Jetson_Linux_R35.4.1_aarch64/Linux_for_Tegra/sources/tegra/optee-src/nv-optee/optee/build/t234/export-ta_arm64/lib/libutils.a(bget_malloc.o)
 .data          0x000000000001259c        0x0 /home/ssysarch/Desktop/nick/jetpack_5/Jetson_Linux_R35.4.1_aarch64/Linux_for_Tegra/sources/tegra/optee-src/nv-optee/optee/build/t234/export-ta_arm64/lib/libutils.a(snprintf.o)
 .data          0x000000000001259c        0x0 /home/ssysarch/Desktop/nick/jetpack_5/Jetson_Linux_R35.4.1_aarch64/Linux_for_Tegra/sources/tegra/optee-src/nv-optee/optee/build/t234/export-ta_arm64/lib/libutils.a(memmove.o)
 .data          0x000000000001259c        0x0 /home/ssysarch/Desktop/nick/jetpack_5/Jetson_Linux_R35.4.1_aarch64/Linux_for_Tegra/sources/tegra/optee-src/nv-optee/optee/build/t234/export-ta_arm64/lib/libutils.a(strcmp.o)
 .data          0x000000000001259c        0x0 /home/ssysarch/Desktop/nick/jetpack_5/Jetson_Linux_R35.4.1_aarch64/Linux_for_Tegra/sources/tegra/optee-src/nv-optee/optee/build/t234/export-ta_arm64/lib/libutils.a(strlcpy.o)
 .data          0x000000000001259c        0x0 /home/ssysarch/Desktop/nick/jetpack_5/Jetson_Linux_R35.4.1_aarch64/Linux_for_Tegra/sources/tegra/optee-src/nv-optee/optee/build/t234/export-ta_arm64/lib/libutils.a(mempool.o)
 .data          0x000000000001259c        0x0 /home/ssysarch/Desktop/nick/jetpack_5/Jetson_Linux_R35.4.1_aarch64/Linux_for_Tegra/sources/tegra/optee-src/nv-optee/optee/build/t234/export-ta_arm64/lib/libutils.a(consttime_memcmp.o)

.bss            0x00000000000125a0     0x78b8
 *(SORT_BY_ALIGNMENT(.bss) SORT_BY_ALIGNMENT(.bss.*) SORT_BY_ALIGNMENT(.gnu.linkonce.b.*) SORT_BY_ALIGNMENT(COMMON))
 .bss           0x00000000000125a0       0x18 /home/ssysarch/Desktop/nick/jetpack_5/Jetson_Linux_R35.4.1_aarch64/Linux_for_Tegra/sources/tegra/optee-src/nv-optee/optee/build/t234//early_ta/luks-srv/luks_srv_ta.o
 .bss           0x00000000000125b8       0x10 /home/ssysarch/Desktop/nick/jetpack_5/Jetson_Linux_R35.4.1_aarch64/Linux_for_Tegra/sources/tegra/optee-src/nv-optee/optee/build/t234/export-ta_arm64/lib/libutee.a(tee_api.o)
 .bss           0x00000000000125c8        0x8 /home/ssysarch/Desktop/nick/jetpack_5/Jetson_Linux_R35.4.1_aarch64/Linux_for_Tegra/sources/tegra/optee-src/nv-optee/optee/build/t234/export-ta_arm64/lib/libutee.a(tee_system_pta.o)
 .bss           0x00000000000125d0        0x9 /home/ssysarch/Desktop/nick/jetpack_5/Jetson_Linux_R35.4.1_aarch64/Linux_for_Tegra/sources/tegra/optee-src/nv-optee/optee/build/t234/export-ta_arm64/lib/libutee.a(user_ta_entry.o)
 *fill*         0x00000000000125d9        0x7 
 COMMON         0x00000000000125e0       0x60 /home/ssysarch/Desktop/nick/jetpack_5/Jetson_Linux_R35.4.1_aarch64/Linux_for_Tegra/sources/tegra/optee-src/nv-optee/optee/build/t234/export-ta_arm64/lib/libutee.a(user_ta_entry.o)
                0x00000000000125e0                ta_param_types
                0x00000000000125e8                __ta_no_share_malloc_ctx
                0x00000000000125f0                ta_params
                0x0000000000012630                __elf_phdr_info
 .bss           0x0000000000012640     0x3800 /home/ssysarch/Desktop/nick/jetpack_5/Jetson_Linux_R35.4.1_aarch64/Linux_for_Tegra/sources/tegra/optee-src/nv-optee/optee/build/t234/export-ta_arm64/lib/libutee.a(tee_api_arith_mpi.o)
 .bss           0x0000000000015e40       0x10 /home/ssysarch/Desktop/nick/jetpack_5/Jetson_Linux_R35.4.1_aarch64/Linux_for_Tegra/sources/tegra/optee-src/nv-optee/optee/build/t234/export-ta_arm64/lib/libutee.a(tcb.o)
 COMMON         0x0000000000015e50        0x8 /home/ssysarch/Desktop/nick/jetpack_5/Jetson_Linux_R35.4.1_aarch64/Linux_for_Tegra/sources/tegra/optee-src/nv-optee/optee/build/t234/export-ta_arm64/lib/libmbedtls.a(bignum.o)
                0x0000000000015e50                mbedtls_mpi_mempool
 .bss           0x0000000000015e58        0x0 /home/ssysarch/Desktop/nick/jetpack_5/Jetson_Linux_R35.4.1_aarch64/Linux_for_Tegra/sources/tegra/optee-src/nv-optee/optee/build/t234//early_ta/luks-srv/user_ta_header.o
 COMMON         0x0000000000015e58     0x4000 /home/ssysarch/Desktop/nick/jetpack_5/Jetson_Linux_R35.4.1_aarch64/Linux_for_Tegra/sources/tegra/optee-src/nv-optee/optee/build/t234//early_ta/luks-srv/user_ta_header.o
                0x0000000000015e58                ta_heap
                0x0000000000019e58                __ta_no_share_heap
 .bss           0x0000000000019e58        0x0 /home/ssysarch/Desktop/nick/jetpack_5/Jetson_Linux_R35.4.1_aarch64/Linux_for_Tegra/sources/tegra/optee-src/nv-optee/optee/build/t234/export-ta_arm64/lib/libutils.a(stack_check.o)
 .bss           0x0000000000019e58        0x0 /home/ssysarch/Desktop/nick/jetpack_5/Jetson_Linux_R35.4.1_aarch64/Linux_for_Tegra/sources/tegra/optee-src/nv-optee/optee/build/t234/export-ta_arm64/lib/libutils.a(memcpy.o)
 .bss           0x0000000000019e58        0x0 /home/ssysarch/Desktop/nick/jetpack_5/Jetson_Linux_R35.4.1_aarch64/Linux_for_Tegra/sources/tegra/optee-src/nv-optee/optee/build/t234/export-ta_arm64/lib/libutils.a(memset.o)
 .bss           0x0000000000019e58        0x0 /home/ssysarch/Desktop/nick/jetpack_5/Jetson_Linux_R35.4.1_aarch64/Linux_for_Tegra/sources/tegra/optee-src/nv-optee/optee/build/t234/export-ta_arm64/lib/libutils.a(strlen.o)
 .bss           0x0000000000019e58        0x0 /home/ssysarch/Desktop/nick/jetpack_5/Jetson_Linux_R35.4.1_aarch64/Linux_for_Tegra/sources/tegra/optee-src/nv-optee/optee/build/t234/export-ta_arm64/lib/libutils.a(trace.o)
 .bss           0x0000000000019e58        0x0 /home/ssysarch/Desktop/nick/jetpack_5/Jetson_Linux_R35.4.1_aarch64/Linux_for_Tegra/sources/tegra/optee-src/nv-optee/optee/build/t234/export-ta_arm64/lib/libutils.a(snprintk.o)
 .bss           0x0000000000019e58        0x0 /home/ssysarch/Desktop/nick/jetpack_5/Jetson_Linux_R35.4.1_aarch64/Linux_for_Tegra/sources/tegra/optee-src/nv-optee/optee/build/t234/export-ta_arm64/lib/libutils.a(memchr.o)
 .bss           0x0000000000019e58        0x0 /home/ssysarch/Desktop/nick/jetpack_5/Jetson_Linux_R35.4.1_aarch64/Linux_for_Tegra/sources/tegra/optee-src/nv-optee/optee/build/t234/export-ta_arm64/lib/libutee.a(trace_ext.o)
 .bss           0x0000000000019e58        0x0 /home/ssysarch/Desktop/nick/jetpack_5/Jetson_Linux_R35.4.1_aarch64/Linux_for_Tegra/sources/tegra/optee-src/nv-optee/optee/build/t234/export-ta_arm64/lib/libutee.a(tee_api_panic.o)
 .bss           0x0000000000019e58        0x0 /home/ssysarch/Desktop/nick/jetpack_5/Jetson_Linux_R35.4.1_aarch64/Linux_for_Tegra/sources/tegra/optee-src/nv-optee/optee/build/t234/export-ta_arm64/lib/libutee.a(utee_syscalls_a64.o)
 .bss           0x0000000000019e58        0x0 /home/ssysarch/Desktop/nick/jetpack_5/Jetson_Linux_R35.4.1_aarch64/Linux_for_Tegra/sources/tegra/optee-src/nv-optee/optee/build/t234/export-ta_arm64/lib/libutee.a(abort.o)
 .bss           0x0000000000019e58        0x0 /home/ssysarch/Desktop/nick/jetpack_5/Jetson_Linux_R35.4.1_aarch64/Linux_for_Tegra/sources/tegra/optee-src/nv-optee/optee/build/t234/export-ta_arm64/lib/libutee.a(tee_api_property.o)
 .bss           0x0000000000019e58        0x0 /home/ssysarch/Desktop/nick/jetpack_5/Jetson_Linux_R35.4.1_aarch64/Linux_for_Tegra/sources/tegra/optee-src/nv-optee/optee/build/t234/export-ta_arm64/lib/libutee.a(assert.o)
 .bss           0x0000000000019e58        0x0 /home/ssysarch/Desktop/nick/jetpack_5/Jetson_Linux_R35.4.1_aarch64/Linux_for_Tegra/sources/tegra/optee-src/nv-optee/optee/build/t234/export-ta_arm64/lib/libutee.a(base64.o)
 .bss           0x0000000000019e58        0x0 /home/ssysarch/Desktop/nick/jetpack_5/Jetson_Linux_R35.4.1_aarch64/Linux_for_Tegra/sources/tegra/optee-src/nv-optee/optee/build/t234/export-ta_arm64/lib/libmbedtls.a(bignum.o)
 .bss           0x0000000000019e58        0x0 /home/ssysarch/Desktop/nick/jetpack_5/Jetson_Linux_R35.4.1_aarch64/Linux_for_Tegra/sources/tegra/optee-src/nv-optee/optee/build/t234/export-ta_arm64/lib/libmbedtls.a(constant_time.o)
 .bss           0x0000000000019e58        0x0 /home/ssysarch/Desktop/nick/jetpack_5/Jetson_Linux_R35.4.1_aarch64/Linux_for_Tegra/sources/tegra/optee-src/nv-optee/optee/build/t234/export-ta_arm64/lib/libmbedtls.a(platform_util.o)
 .bss           0x0000000000019e58        0x0 /home/ssysarch/Desktop/nick/jetpack_5/Jetson_Linux_R35.4.1_aarch64/Linux_for_Tegra/sources/tegra/optee-src/nv-optee/optee/build/t234/export-ta_arm64/lib/libutils.a(bget_malloc.o)
 .bss           0x0000000000019e58        0x0 /home/ssysarch/Desktop/nick/jetpack_5/Jetson_Linux_R35.4.1_aarch64/Linux_for_Tegra/sources/tegra/optee-src/nv-optee/optee/build/t234/export-ta_arm64/lib/libutils.a(snprintf.o)
 .bss           0x0000000000019e58        0x0 /home/ssysarch/Desktop/nick/jetpack_5/Jetson_Linux_R35.4.1_aarch64/Linux_for_Tegra/sources/tegra/optee-src/nv-optee/optee/build/t234/export-ta_arm64/lib/libutils.a(memmove.o)
 .bss           0x0000000000019e58        0x0 /home/ssysarch/Desktop/nick/jetpack_5/Jetson_Linux_R35.4.1_aarch64/Linux_for_Tegra/sources/tegra/optee-src/nv-optee/optee/build/t234/export-ta_arm64/lib/libutils.a(strcmp.o)
 .bss           0x0000000000019e58        0x0 /home/ssysarch/Desktop/nick/jetpack_5/Jetson_Linux_R35.4.1_aarch64/Linux_for_Tegra/sources/tegra/optee-src/nv-optee/optee/build/t234/export-ta_arm64/lib/libutils.a(strlcpy.o)
 .bss           0x0000000000019e58        0x0 /home/ssysarch/Desktop/nick/jetpack_5/Jetson_Linux_R35.4.1_aarch64/Linux_for_Tegra/sources/tegra/optee-src/nv-optee/optee/build/t234/export-ta_arm64/lib/libutils.a(mempool.o)
 .bss           0x0000000000019e58        0x0 /home/ssysarch/Desktop/nick/jetpack_5/Jetson_Linux_R35.4.1_aarch64/Linux_for_Tegra/sources/tegra/optee-src/nv-optee/optee/build/t234/export-ta_arm64/lib/libutils.a(consttime_memcmp.o)
                0x0000000000019e58                . = ALIGN (0x8)
                0x0000000000019e58                __ftrace_buf_start = .
                0x0000000000019e58                . = (. + DEFINED (_mcount)?0x800:0x0)
                0x0000000000019e58                __ftrace_buf_end = .

.dynbss         0x0000000000019e58        0x0
 .dynbss        0x0000000000019e58        0x0 /home/ssysarch/Desktop/nick/jetpack_5/Jetson_Linux_R35.4.1_aarch64/Linux_for_Tegra/sources/tegra/optee-src/nv-optee/optee/build/t234//early_ta/luks-srv/luks_srv_ta.o

/DISCARD/
 *(SORT_BY_ALIGNMENT(.interp))
LOAD /home/ssysarch/Desktop/nick/jetpack_5/Jetson_Linux_R35.4.1_aarch64/Linux_for_Tegra/sources/tegra/optee-src/nv-optee/optee/build/t234//early_ta/luks-srv/luks_srv_ta.o
LOAD /home/ssysarch/Desktop/nick/jetpack_5/Jetson_Linux_R35.4.1_aarch64/Linux_for_Tegra/sources/tegra/optee-src/nv-optee/optee/build/t234//early_ta/luks-srv/user_ta_header.o
START GROUP
LOAD /home/ssysarch/Desktop/nick/jetpack_5/Jetson_Linux_R35.4.1_aarch64/Linux_for_Tegra/sources/tegra/optee-src/nv-optee/optee/build/t234/export-ta_arm64/lib/libutils.a
LOAD /home/ssysarch/Desktop/nick/jetpack_5/Jetson_Linux_R35.4.1_aarch64/Linux_for_Tegra/sources/tegra/optee-src/nv-optee/optee/build/t234/export-ta_arm64/lib/libutee.a
LOAD /home/ssysarch/Desktop/nick/jetpack_5/Jetson_Linux_R35.4.1_aarch64/Linux_for_Tegra/sources/tegra/optee-src/nv-optee/optee/build/t234/export-ta_arm64/lib/libmbedtls.a
LOAD /home/ssysarch/Desktop/nick/jetpack_5/Jetson_Linux_R35.4.1_aarch64/Linux_for_Tegra/sources/tegra/optee-src/nv-optee/optee/build/t234/export-ta_arm64/lib/libdl.a
END GROUP
LOAD /home/ssysarch/Desktop/nick/jetpack_5/aarch64--glibc--stable-final/bin/../lib/gcc/aarch64-buildroot-linux-gnu/9.3.0/libgcc.a
LOAD /home/ssysarch/Desktop/nick/jetpack_5/Jetson_Linux_R35.4.1_aarch64/Linux_for_Tegra/sources/tegra/optee-src/nv-optee/optee/build/t234/export-ta_arm64/lib/libutils.a
OUTPUT(/home/ssysarch/Desktop/nick/jetpack_5/Jetson_Linux_R35.4.1_aarch64/Linux_for_Tegra/sources/tegra/optee-src/nv-optee/optee/build/t234//early_ta/luks-srv/b83d14a8-7128-49df-9624-35f14f65ca6c.elf elf64-littleaarch64)

.debug_info     0x0000000000000000    0x1a7ad
 .debug_info    0x0000000000000000      0xa22 /home/ssysarch/Desktop/nick/jetpack_5/Jetson_Linux_R35.4.1_aarch64/Linux_for_Tegra/sources/tegra/optee-src/nv-optee/optee/build/t234//early_ta/luks-srv/luks_srv_ta.o
 .debug_info    0x0000000000000a22      0x5da /home/ssysarch/Desktop/nick/jetpack_5/Jetson_Linux_R35.4.1_aarch64/Linux_for_Tegra/sources/tegra/optee-src/nv-optee/optee/build/t234//early_ta/luks-srv/user_ta_header.o
 .debug_info    0x0000000000000ffc      0x14c /home/ssysarch/Desktop/nick/jetpack_5/Jetson_Linux_R35.4.1_aarch64/Linux_for_Tegra/sources/tegra/optee-src/nv-optee/optee/build/t234/export-ta_arm64/lib/libutils.a(stack_check.o)
 .debug_info    0x0000000000001148      0x13c /home/ssysarch/Desktop/nick/jetpack_5/Jetson_Linux_R35.4.1_aarch64/Linux_for_Tegra/sources/tegra/optee-src/nv-optee/optee/build/t234/export-ta_arm64/lib/libutils.a(memcpy.o)
 .debug_info    0x0000000000001284       0xd6 /home/ssysarch/Desktop/nick/jetpack_5/Jetson_Linux_R35.4.1_aarch64/Linux_for_Tegra/sources/tegra/optee-src/nv-optee/optee/build/t234/export-ta_arm64/lib/libutils.a(memset.o)
 .debug_info    0x000000000000135a       0xbe /home/ssysarch/Desktop/nick/jetpack_5/Jetson_Linux_R35.4.1_aarch64/Linux_for_Tegra/sources/tegra/optee-src/nv-optee/optee/build/t234/export-ta_arm64/lib/libutils.a(strlen.o)
 .debug_info    0x0000000000001418      0xa04 /home/ssysarch/Desktop/nick/jetpack_5/Jetson_Linux_R35.4.1_aarch64/Linux_for_Tegra/sources/tegra/optee-src/nv-optee/optee/build/t234/export-ta_arm64/lib/libutils.a(trace.o)
 .debug_info    0x0000000000001e1c      0x97c /home/ssysarch/Desktop/nick/jetpack_5/Jetson_Linux_R35.4.1_aarch64/Linux_for_Tegra/sources/tegra/optee-src/nv-optee/optee/build/t234/export-ta_arm64/lib/libutils.a(snprintk.o)
 .debug_info    0x0000000000002798      0x106 /home/ssysarch/Desktop/nick/jetpack_5/Jetson_Linux_R35.4.1_aarch64/Linux_for_Tegra/sources/tegra/optee-src/nv-optee/optee/build/t234/export-ta_arm64/lib/libutils.a(memchr.o)
 .debug_info    0x000000000000289e      0x3f6 /home/ssysarch/Desktop/nick/jetpack_5/Jetson_Linux_R35.4.1_aarch64/Linux_for_Tegra/sources/tegra/optee-src/nv-optee/optee/build/t234/export-ta_arm64/lib/libutee.a(trace_ext.o)
 .debug_info    0x0000000000002c94     0x27f8 /home/ssysarch/Desktop/nick/jetpack_5/Jetson_Linux_R35.4.1_aarch64/Linux_for_Tegra/sources/tegra/optee-src/nv-optee/optee/build/t234/export-ta_arm64/lib/libutee.a(tee_api.o)
 .debug_info    0x000000000000548c      0xc21 /home/ssysarch/Desktop/nick/jetpack_5/Jetson_Linux_R35.4.1_aarch64/Linux_for_Tegra/sources/tegra/optee-src/nv-optee/optee/build/t234/export-ta_arm64/lib/libutee.a(tee_api_panic.o)
 .debug_info    0x00000000000060ad      0x814 /home/ssysarch/Desktop/nick/jetpack_5/Jetson_Linux_R35.4.1_aarch64/Linux_for_Tegra/sources/tegra/optee-src/nv-optee/optee/build/t234/export-ta_arm64/lib/libutee.a(tee_system_pta.o)
 .debug_info    0x00000000000068c1     0x1825 /home/ssysarch/Desktop/nick/jetpack_5/Jetson_Linux_R35.4.1_aarch64/Linux_for_Tegra/sources/tegra/optee-src/nv-optee/optee/build/t234/export-ta_arm64/lib/libutee.a(user_ta_entry.o)
 .debug_info    0x00000000000080e6       0x22 /home/ssysarch/Desktop/nick/jetpack_5/Jetson_Linux_R35.4.1_aarch64/Linux_for_Tegra/sources/tegra/optee-src/nv-optee/optee/build/t234/export-ta_arm64/lib/libutee.a(utee_syscalls_a64.o)
 .debug_info    0x0000000000008108      0x146 /home/ssysarch/Desktop/nick/jetpack_5/Jetson_Linux_R35.4.1_aarch64/Linux_for_Tegra/sources/tegra/optee-src/nv-optee/optee/build/t234/export-ta_arm64/lib/libutee.a(abort.o)
 .debug_info    0x000000000000824e     0x516a /home/ssysarch/Desktop/nick/jetpack_5/Jetson_Linux_R35.4.1_aarch64/Linux_for_Tegra/sources/tegra/optee-src/nv-optee/optee/build/t234/export-ta_arm64/lib/libutee.a(tee_api_arith_mpi.o)
 .debug_info    0x000000000000d3b8     0x1a1c /home/ssysarch/Desktop/nick/jetpack_5/Jetson_Linux_R35.4.1_aarch64/Linux_for_Tegra/sources/tegra/optee-src/nv-optee/optee/build/t234/export-ta_arm64/lib/libutee.a(tee_api_property.o)
 .debug_info    0x000000000000edd4      0x9f4 /home/ssysarch/Desktop/nick/jetpack_5/Jetson_Linux_R35.4.1_aarch64/Linux_for_Tegra/sources/tegra/optee-src/nv-optee/optee/build/t234/export-ta_arm64/lib/libutee.a(tcb.o)
 .debug_info    0x000000000000f7c8      0x1f6 /home/ssysarch/Desktop/nick/jetpack_5/Jetson_Linux_R35.4.1_aarch64/Linux_for_Tegra/sources/tegra/optee-src/nv-optee/optee/build/t234/export-ta_arm64/lib/libutee.a(assert.o)
 .debug_info    0x000000000000f9be      0x358 /home/ssysarch/Desktop/nick/jetpack_5/Jetson_Linux_R35.4.1_aarch64/Linux_for_Tegra/sources/tegra/optee-src/nv-optee/optee/build/t234/export-ta_arm64/lib/libutee.a(base64.o)
 .debug_info    0x000000000000fd16     0x601f /home/ssysarch/Desktop/nick/jetpack_5/Jetson_Linux_R35.4.1_aarch64/Linux_for_Tegra/sources/tegra/optee-src/nv-optee/optee/build/t234/export-ta_arm64/lib/libmbedtls.a(bignum.o)
 .debug_info    0x0000000000015d35     0x106a /home/ssysarch/Desktop/nick/jetpack_5/Jetson_Linux_R35.4.1_aarch64/Linux_for_Tegra/sources/tegra/optee-src/nv-optee/optee/build/t234/export-ta_arm64/lib/libmbedtls.a(constant_time.o)
 .debug_info    0x0000000000016d9f      0x15b /home/ssysarch/Desktop/nick/jetpack_5/Jetson_Linux_R35.4.1_aarch64/Linux_for_Tegra/sources/tegra/optee-src/nv-optee/optee/build/t234/export-ta_arm64/lib/libmbedtls.a(platform_util.o)
 .debug_info    0x0000000000016efa     0x2b02 /home/ssysarch/Desktop/nick/jetpack_5/Jetson_Linux_R35.4.1_aarch64/Linux_for_Tegra/sources/tegra/optee-src/nv-optee/optee/build/t234/export-ta_arm64/lib/libutils.a(bget_malloc.o)
 .debug_info    0x00000000000199fc      0x2b5 /home/ssysarch/Desktop/nick/jetpack_5/Jetson_Linux_R35.4.1_aarch64/Linux_for_Tegra/sources/tegra/optee-src/nv-optee/optee/build/t234/export-ta_arm64/lib/libutils.a(snprintf.o)